#
# There is insufficient memory for the Java Runtime Environment to continue.
# Native memory allocation (mmap) failed to map 209715200 bytes. Error detail: G1 virtual space
# Possible reasons:
#   The system is out of physical RAM or swap space
#   This process is running with CompressedOops enabled, and the Java Heap may be blocking the growth of the native heap
# Possible solutions:
#   Reduce memory load on the system
#   Increase physical memory or swap space
#   Check if swap backing store is full
#   Decrease Java heap size (-Xmx/-Xms)
#   Decrease number of Java threads
#   Decrease Java thread stack sizes (-Xss)
#   Set larger code cache with -XX:ReservedCodeCacheSize=
#   JVM is running with Zero Based Compressed Oops mode in which the Java heap is
#     placed in the first 32GB address space. The Java Heap base address is the
#     maximum limit for the native heap growth. Please use -XX:HeapBaseMinAddress
#     to set the Java Heap base and to place the Java Heap above 32GB virtual address.
# This output file may be truncated or incomplete.
#
#  Out of Memory Error (os_windows.cpp:3732), pid=14828, tid=2116
#
# JRE version: OpenJDK Runtime Environment Temurin-21.0.12.1+1 (21.0.12.1+1) (build 21.0.12.1+1-LTS)
# Java VM: OpenJDK 64-Bit Server VM Temurin-21.0.12.1+1 (21.0.12.1+1-LTS, mixed mode, sharing, tiered, compressed oops, compressed class ptrs, g1 gc, windows-amd64)
# No core dump will be written. Minidumps are not enabled by default on client versions of Windows
#

---------------  S U M M A R Y ------------

Command Line: --add-opens=java.base/java.lang=ALL-UNNAMED --add-opens=java.base/java.lang.invoke=ALL-UNNAMED --add-opens=java.base/java.util=ALL-UNNAMED --add-opens=java.prefs/java.util.prefs=ALL-UNNAMED --add-exports=jdk.compiler/com.sun.tools.javac.api=ALL-UNNAMED --add-exports=jdk.compiler/com.sun.tools.javac.util=ALL-UNNAMED --add-opens=java.base/java.util=ALL-UNNAMED --add-opens=java.prefs/java.util.prefs=ALL-UNNAMED --add-opens=java.base/java.nio.charset=ALL-UNNAMED --add-opens=java.base/java.net=ALL-UNNAMED --add-opens=java.base/java.util.concurrent.atomic=ALL-UNNAMED --add-opens=java.xml/javax.xml.namespace=ALL-UNNAMED -XX:MaxMetaspaceSize=4G -XX:ReservedCodeCacheSize=512m -XX:+HeapDumpOnOutOfMemoryError -Xmx8G -Dfile.encoding=UTF-8 -Duser.country=FR -Duser.language=fr -Duser.variant -javaagent:C:\Users\badya\.gradle\wrapper\dists\gradle-8.12-all\ejduaidbjup3bmmkhw3rie4zb\gradle-8.12\lib\agents\gradle-instrumentation-agent-8.12.jar org.gradle.launcher.daemon.bootstrap.GradleDaemon 8.12

Host: 11th Gen Intel(R) Core(TM) i7-1165G7 @ 2.80GHz, 8 cores, 7G,  Windows 11 , 64 bit Build 26100 (10.0.26100.9444)
Time: Mon Sep 21 07:36:14 2026 Afr. centrale Ouest elapsed time: 13167.835654 seconds (0d 3h 39m 27s)

---------------  T H R E A D  ---------------

Current thread (0x00000232665c2040):  VMThread "VM Thread"          [id=2116, stack(0x0000007e0af00000,0x0000007e0b000000) (1024K)]

Stack: [0x0000007e0af00000,0x0000007e0b000000]
Native frames: (J=compiled Java code, j=interpreted, Vv=VM code, C=native code)
V  [jvm.dll+0x6d83e9]
V  [jvm.dll+0x8b5736]
V  [jvm.dll+0x8b7cee]
V  [jvm.dll+0x8b83d3]
V  [jvm.dll+0x284596]
V  [jvm.dll+0x6d4d05]
V  [jvm.dll+0x6c898a]
V  [jvm.dll+0x35f2f8]
V  [jvm.dll+0x366f36]
V  [jvm.dll+0x3b804e]
V  [jvm.dll+0x3b82f8]
V  [jvm.dll+0x33320c]
V  [jvm.dll+0x33329a]
V  [jvm.dll+0x377382]
V  [jvm.dll+0x375b1a]
V  [jvm.dll+0x332951]
V  [jvm.dll+0x37517a]
V  [jvm.dll+0x8be0c0]
V  [jvm.dll+0x8bf434]
V  [jvm.dll+0x8bf960]
V  [jvm.dll+0x8bfc03]
V  [jvm.dll+0x8600cd]
V  [jvm.dll+0x6d6c1d]
C  [ucrtbase.dll+0x2cd30]
C  [KERNEL32.DLL+0x2cd87]
C  [ntdll.dll+0xacaec]

VM_Operation (0x0000007e0befdc50): G1CollectForAllocation, mode: safepoint, requested by thread 0x00000232acd0ff50


---------------  P R O C E S S  ---------------

Threads class SMR info:
_java_thread_list=0x00000232af7a8290, length=56, elements={
0x0000023234d81510, 0x00000232665e3520, 0x00000232665e4ca0, 0x00000232665ea940,
0x00000232665eb3a0, 0x00000232665ebe00, 0x00000232665ec860, 0x00000232665ed5f0,
0x00000232665f2800, 0x00000232ac1af6c0, 0x00000232ac1d8e80, 0x00000232acd0ff50,
0x00000232acc96430, 0x00000232ad5d0cd0, 0x00000232ad0e9030, 0x00000232ac4f2820,
0x00000232ad8227d0, 0x00000232ad822e60, 0x00000232ad823b80, 0x00000232ad824f30,
0x00000232ad822140, 0x00000232ad821ab0, 0x00000232ad824210, 0x00000232ad8234f0,
0x00000232afa5b7f0, 0x00000232afa5be80, 0x00000232afa5c510, 0x00000232afa59db0,
0x00000232afa5d230, 0x00000232afa5d8c0, 0x00000232afa5aad0, 0x00000232afa5e5e0,
0x00000232afa60020, 0x00000232afa5f990, 0x00000232aee660f0, 0x00000232aee67b30,
0x00000232aee69c00, 0x00000232aee66780, 0x00000232aee66e10, 0x00000232aee68850,
0x00000232aee6a290, 0x00000232aee681c0, 0x00000232aee6a920, 0x00000232aee68ee0,
0x00000232aee69570, 0x00000232aee674a0, 0x00000232aee6c360, 0x00000232aee6b640,
0x00000232aee6bcd0, 0x00000232aee6c9f0, 0x00000232aee6afb0, 0x00000232aee6d080,
0x00000232aee6d710, 0x00000232aed5d410, 0x00000232aed5b9d0, 0x00000232aed5c6f0
}

Java Threads: ( => current thread )
  0x0000023234d81510 JavaThread "main"                              [_thread_blocked, id=22116, stack(0x0000007e0a800000,0x0000007e0a900000) (1024K)]
  0x00000232665e3520 JavaThread "Reference Handler"          daemon [_thread_blocked, id=7068, stack(0x0000007e0b000000,0x0000007e0b100000) (1024K)]
  0x00000232665e4ca0 JavaThread "Finalizer"                  daemon [_thread_blocked, id=9568, stack(0x0000007e0b100000,0x0000007e0b200000) (1024K)]
  0x00000232665ea940 JavaThread "Signal Dispatcher"          daemon [_thread_blocked, id=3312, stack(0x0000007e0b200000,0x0000007e0b300000) (1024K)]
  0x00000232665eb3a0 JavaThread "Attach Listener"            daemon [_thread_blocked, id=19016, stack(0x0000007e0b300000,0x0000007e0b400000) (1024K)]
  0x00000232665ebe00 JavaThread "Service Thread"             daemon [_thread_blocked, id=15104, stack(0x0000007e0b400000,0x0000007e0b500000) (1024K)]
  0x00000232665ec860 JavaThread "Monitor Deflation Thread"   daemon [_thread_blocked, id=12036, stack(0x0000007e0b500000,0x0000007e0b600000) (1024K)]
  0x00000232665ed5f0 JavaThread "C2 CompilerThread0"         daemon [_thread_blocked, id=28912, stack(0x0000007e0b600000,0x0000007e0b700000) (1024K)]
  0x00000232665f2800 JavaThread "C1 CompilerThread0"         daemon [_thread_blocked, id=864, stack(0x0000007e0b700000,0x0000007e0b800000) (1024K)]
  0x00000232ac1af6c0 JavaThread "Common-Cleaner"             daemon [_thread_blocked, id=25864, stack(0x0000007e0b800000,0x0000007e0b900000) (1024K)]
  0x00000232ac1d8e80 JavaThread "Notification Thread"        daemon [_thread_blocked, id=12712, stack(0x0000007e0b900000,0x0000007e0ba00000) (1024K)]
  0x00000232acd0ff50 JavaThread "Daemon health stats"               [_thread_blocked, id=26872, stack(0x0000007e0be00000,0x0000007e0bf00000) (1024K)]
  0x00000232acc96430 JavaThread "Incoming local TCP Connector on port 51142"        [_thread_in_native, id=24360, stack(0x0000007e0bf00000,0x0000007e0c000000) (1024K)]
  0x00000232ad5d0cd0 JavaThread "Daemon periodic checks"            [_thread_blocked, id=17196, stack(0x0000007e0c000000,0x0000007e0c100000) (1024K)]
  0x00000232ad0e9030 JavaThread "Daemon"                            [_thread_blocked, id=24896, stack(0x0000007e0c100000,0x0000007e0c200000) (1024K)]
  0x00000232ac4f2820 JavaThread "Daemon worker"                     [_thread_blocked, id=11688, stack(0x0000007e0c400000,0x0000007e0c500000) (1024K)]
  0x00000232ad8227d0 JavaThread "Handler for socket connection from /127.0.0.1:51142 to /127.0.0.1:51148"        [_thread_in_native, id=14028, stack(0x0000007e0c200000,0x0000007e0c300000) (1024K)]
  0x00000232ad822e60 JavaThread "Cancel handler"                    [_thread_blocked, id=10096, stack(0x0000007e0c300000,0x0000007e0c400000) (1024K)]
  0x00000232ad823b80 JavaThread "Asynchronous log dispatcher for DefaultDaemonConnection: socket connection from /127.0.0.1:51142 to /127.0.0.1:51148"        [_thread_blocked, id=17800, stack(0x0000007e0c500000,0x0000007e0c600000) (1024K)]
  0x00000232ad824f30 JavaThread "Stdin handler"                     [_thread_blocked, id=14392, stack(0x0000007e0c600000,0x0000007e0c700000) (1024K)]
  0x00000232ad822140 JavaThread "Daemon client event forwarder"        [_thread_blocked, id=14176, stack(0x0000007e0c700000,0x0000007e0c800000) (1024K)]
  0x00000232ad821ab0 JavaThread "Cache worker for journal cache (C:\Users\badya\.gradle\caches\journal-1)"        [_thread_blocked, id=1980, stack(0x0000007e0cb00000,0x0000007e0cc00000) (1024K)]
  0x00000232ad824210 JavaThread "File lock request listener"        [_thread_in_native, id=18576, stack(0x0000007e0cc00000,0x0000007e0cd00000) (1024K)]
  0x00000232ad8234f0 JavaThread "Cache worker for file hash cache (C:\Users\badya\.gradle\caches\8.12\fileHashes)"        [_thread_blocked, id=15800, stack(0x0000007e0cd00000,0x0000007e0ce00000) (1024K)]
  0x00000232afa5b7f0 JavaThread "Cache worker for file hash cache (C:\test2-final-adas-dms\couche4_mobile\android\.gradle\8.12\fileHashes)"        [_thread_blocked, id=14680, stack(0x0000007e0a700000,0x0000007e0a800000) (1024K)]
  0x00000232afa5be80 JavaThread "Cache worker for Build Output Cleanup Cache (C:\test2-final-adas-dms\couche4_mobile\android\.gradle\buildOutputCleanup)"        [_thread_blocked, id=16400, stack(0x0000007e0cf00000,0x0000007e0d000000) (1024K)]
  0x00000232afa5c510 JavaThread "File watcher server"        daemon [_thread_in_native, id=24380, stack(0x0000007e0d000000,0x0000007e0d100000) (1024K)]
  0x00000232afa59db0 JavaThread "File watcher consumer"      daemon [_thread_blocked, id=28368, stack(0x0000007e0d100000,0x0000007e0d200000) (1024K)]
  0x00000232afa5d230 JavaThread "Cache worker for checksums cache (C:\test2-final-adas-dms\couche4_mobile\android\.gradle\8.12\checksums)"        [_thread_blocked, id=7596, stack(0x0000007e0d200000,0x0000007e0d300000) (1024K)]
  0x00000232afa5d8c0 JavaThread "Cache worker for file content cache (C:\Users\badya\.gradle\caches\8.12\fileContent)"        [_thread_blocked, id=29496, stack(0x0000007e0d300000,0x0000007e0d400000) (1024K)]
  0x00000232afa5aad0 JavaThread "Cache worker for cache directory md-rule (C:\Users\badya\.gradle\caches\8.12\md-rule)"        [_thread_blocked, id=11324, stack(0x0000007e0d400000,0x0000007e0d500000) (1024K)]
  0x00000232afa5e5e0 JavaThread "Cache worker for cache directory md-supplier (C:\Users\badya\.gradle\caches\8.12\md-supplier)"        [_thread_blocked, id=26180, stack(0x0000007e0d500000,0x0000007e0d600000) (1024K)]
  0x00000232afa60020 JavaThread "Cache worker for Build Output Cleanup Cache (C:\Flutter\flutter\packages\flutter_tools\gradle\.gradle\buildOutputCleanup)"        [_thread_blocked, id=18704, stack(0x0000007e0d600000,0x0000007e0d700000) (1024K)]
  0x00000232afa5f990 JavaThread "Unconstrained build operations"        [_thread_blocked, id=15772, stack(0x0000007e0d900000,0x0000007e0da00000) (1024K)]
  0x00000232aee660f0 JavaThread "Unconstrained build operations Thread 2"        [_thread_blocked, id=22168, stack(0x0000007e0da00000,0x0000007e0db00000) (1024K)]
  0x00000232aee67b30 JavaThread "Unconstrained build operations Thread 3"        [_thread_blocked, id=26732, stack(0x0000007e0db00000,0x0000007e0dc00000) (1024K)]
  0x00000232aee69c00 JavaThread "Unconstrained build operations Thread 4"        [_thread_blocked, id=10868, stack(0x0000007e0dc00000,0x0000007e0dd00000) (1024K)]
  0x00000232aee66780 JavaThread "Unconstrained build operations Thread 5"        [_thread_blocked, id=8608, stack(0x0000007e0dd00000,0x0000007e0de00000) (1024K)]
  0x00000232aee66e10 JavaThread "Unconstrained build operations Thread 6"        [_thread_blocked, id=25188, stack(0x0000007e0de00000,0x0000007e0df00000) (1024K)]
  0x00000232aee68850 JavaThread "Unconstrained build operations Thread 7"        [_thread_blocked, id=25812, stack(0x0000007e0df00000,0x0000007e0e000000) (1024K)]
  0x00000232aee6a290 JavaThread "Unconstrained build operations Thread 8"        [_thread_blocked, id=23876, stack(0x0000007e0e000000,0x0000007e0e100000) (1024K)]
  0x00000232aee681c0 JavaThread "Unconstrained build operations Thread 9"        [_thread_blocked, id=21812, stack(0x0000007e0e100000,0x0000007e0e200000) (1024K)]
  0x00000232aee6a920 JavaThread "Unconstrained build operations Thread 10"        [_thread_blocked, id=28120, stack(0x0000007e0e200000,0x0000007e0e300000) (1024K)]
  0x00000232aee68ee0 JavaThread "Unconstrained build operations Thread 11"        [_thread_blocked, id=23360, stack(0x0000007e0e300000,0x0000007e0e400000) (1024K)]
  0x00000232aee69570 JavaThread "Unconstrained build operations Thread 12"        [_thread_blocked, id=14864, stack(0x0000007e0e400000,0x0000007e0e500000) (1024K)]
  0x00000232aee674a0 JavaThread "Unconstrained build operations Thread 13"        [_thread_blocked, id=29660, stack(0x0000007e0e500000,0x0000007e0e600000) (1024K)]
  0x00000232aee6c360 JavaThread "Unconstrained build operations Thread 14"        [_thread_blocked, id=25800, stack(0x0000007e0e600000,0x0000007e0e700000) (1024K)]
  0x00000232aee6b640 JavaThread "Unconstrained build operations Thread 15"        [_thread_blocked, id=26136, stack(0x0000007e0e700000,0x0000007e0e800000) (1024K)]
  0x00000232aee6bcd0 JavaThread "Unconstrained build operations Thread 16"        [_thread_blocked, id=28072, stack(0x0000007e0e800000,0x0000007e0e900000) (1024K)]
  0x00000232aee6c9f0 JavaThread "Unconstrained build operations Thread 17"        [_thread_blocked, id=27212, stack(0x0000007e0e900000,0x0000007e0ea00000) (1024K)]
  0x00000232aee6afb0 JavaThread "Unconstrained build operations Thread 18"        [_thread_blocked, id=1484, stack(0x0000007e0ea00000,0x0000007e0eb00000) (1024K)]
  0x00000232aee6d080 JavaThread "Unconstrained build operations Thread 19"        [_thread_blocked, id=27148, stack(0x0000007e0eb00000,0x0000007e0ec00000) (1024K)]
  0x00000232aee6d710 JavaThread "Unconstrained build operations Thread 20"        [_thread_blocked, id=23632, stack(0x0000007e0ec00000,0x0000007e0ed00000) (1024K)]
  0x00000232aed5d410 JavaThread "Unconstrained build operations Thread 21"        [_thread_blocked, id=16308, stack(0x0000007e0ed00000,0x0000007e0ee00000) (1024K)]
  0x00000232aed5b9d0 JavaThread "Memory manager"                    [_thread_blocked, id=21272, stack(0x0000007e0d700000,0x0000007e0d800000) (1024K)]
  0x00000232aed5c6f0 JavaThread "build event listener"              [_thread_blocked, id=26808, stack(0x0000007e0ce00000,0x0000007e0cf00000) (1024K)]
Total: 56

Other Threads:
=>0x00000232665c2040 VMThread "VM Thread"                           [id=2116, stack(0x0000007e0af00000,0x0000007e0b000000) (1024K)]
  0x00000232665b1d90 WatcherThread "VM Periodic Task Thread"        [id=736, stack(0x0000007e0ae00000,0x0000007e0af00000) (1024K)]
  0x0000023234e2ba10 WorkerThread "GC Thread#0"                     [id=20852, stack(0x0000007e0a900000,0x0000007e0aa00000) (1024K)]
  0x00000232ac2b8550 WorkerThread "GC Thread#1"                     [id=16356, stack(0x0000007e0ba00000,0x0000007e0bb00000) (1024K)]
  0x00000232ac328950 WorkerThread "GC Thread#2"                     [id=22772, stack(0x0000007e0bb00000,0x0000007e0bc00000) (1024K)]
  0x00000232ac256d50 WorkerThread "GC Thread#3"                     [id=24316, stack(0x0000007e0bc00000,0x0000007e0bd00000) (1024K)]
  0x00000232acb76b00 WorkerThread "GC Thread#4"                     [id=28216, stack(0x0000007e0bd00000,0x0000007e0be00000) (1024K)]
  0x00000232ad0e9ab0 WorkerThread "GC Thread#5"                     [id=7744, stack(0x0000007e0c800000,0x0000007e0c900000) (1024K)]
  0x00000232ad838430 WorkerThread "GC Thread#6"                     [id=25300, stack(0x0000007e0c900000,0x0000007e0ca00000) (1024K)]
  0x00000232ad5bdd10 WorkerThread "GC Thread#7"                     [id=17024, stack(0x0000007e0ca00000,0x0000007e0cb00000) (1024K)]
  0x0000023234e3c990 ConcurrentGCThread "G1 Main Marker"            [id=23588, stack(0x0000007e0aa00000,0x0000007e0ab00000) (1024K)]
  0x0000023234e3d3b0 WorkerThread "G1 Conc#0"                       [id=2668, stack(0x0000007e0ab00000,0x0000007e0ac00000) (1024K)]
  0x00000232aefcf7e0 WorkerThread "G1 Conc#1"                       [id=21044, stack(0x0000007e0a600000,0x0000007e0a700000) (1024K)]
  0x00000232664808d0 ConcurrentGCThread "G1 Refine#0"               [id=21904, stack(0x0000007e0ac00000,0x0000007e0ad00000) (1024K)]
  0x0000023266481360 ConcurrentGCThread "G1 Service"                [id=27468, stack(0x0000007e0ad00000,0x0000007e0ae00000) (1024K)]
Total: 15

Threads with active compile tasks:
C1 CompilerThread0  13168071 8676       3       org.gradle.internal.jvm.Jvm::findToolsJar (177 bytes)
Total: 1

VM state: at safepoint (normal execution)

VM Mutex/Monitor currently owned by a thread:  ([mutex/lock_event])
[0x00007ffd2769f5b0] Threads_lock - owner thread: 0x00000232665c2040
[0x00007ffd2769f6b0] Heap_lock - owner thread: 0x00000232acd0ff50

Heap address: 0x0000000600000000, size: 8192 MB, Compressed Oops mode: Zero based, Oop shift amount: 3

CDS archive(s) mapped at: [0x0000023267000000-0x0000023267ba0000-0x0000023267ba0000), size 12189696, SharedBaseAddress: 0x0000023267000000, ArchiveRelocationMode: 1.
Compressed class space mapped at: 0x0000023268000000-0x00000232a8000000, reserved size: 1073741824
Narrow klass base: 0x0000023267000000, Narrow klass shift: 0, Narrow klass range: 0x100000000

GC Precious Log:
 CardTable entry size: 512
 Card Set container configuration: InlinePtr #cards 4 size 8 Array Of Cards #cards 32 size 80 Howl #buckets 8 coarsen threshold 7372 Howl Bitmap #cards 1024 size 144 coarsen threshold 921 Card regions per heap region 1 cards per card region 8192
 CPUs: 8 total, 8 available
 Memory: 7886M
 Large Page Support: Disabled
 NUMA Support: Disabled
 Compressed Oops: Enabled (Zero based)
 Heap Region Size: 4M
 Heap Min Capacity: 8M
 Heap Initial Capacity: 124M
 Heap Max Capacity: 8G
 Pre-touch: Disabled
 Parallel Workers: 8
 Concurrent Workers: 2
 Concurrent Refinement Workers: 8
 Periodic GC: Disabled

Heap:
 garbage-first heap   total 126976K, used 58060K [0x0000000600000000, 0x0000000800000000)
  region size 4096K, 1 young (4096K), 1 survivors (4096K)
 Metaspace       used 63357K, committed 67520K, reserved 1114112K
  class space    used 9070K, committed 10624K, reserved 1048576K

Heap Regions: E=young(eden), S=young(survivor), O=old, HS=humongous(starts), HC=humongous(continues), CS=collection set, F=free, TAMS=top-at-mark-start, PB=parsable bottom
|   0|0x0000000600000000, 0x0000000600400000, 0x0000000600400000|100%|HS|  |TAMS 0x0000000600400000| PB 0x0000000600000000| Complete 
|   1|0x0000000600400000, 0x0000000600800000, 0x0000000600800000|100%| O|  |TAMS 0x0000000600800000| PB 0x0000000600400000| Untracked 
|   2|0x0000000600800000, 0x0000000600c00000, 0x0000000600c00000|100%| O|  |TAMS 0x0000000600c00000| PB 0x0000000600800000| Untracked 
|   3|0x0000000600c00000, 0x0000000600c00000, 0x0000000601000000|  0%| F|  |TAMS 0x0000000600c00000| PB 0x0000000600c00000| Untracked 
|   4|0x0000000601000000, 0x0000000601400000, 0x0000000601400000|100%| O|  |TAMS 0x0000000601400000| PB 0x0000000601000000| Untracked 
|   5|0x0000000601400000, 0x0000000601800000, 0x0000000601800000|100%| O|  |TAMS 0x0000000601800000| PB 0x0000000601400000| Untracked 
|   6|0x0000000601800000, 0x0000000601c00000, 0x0000000601c00000|100%| O|  |TAMS 0x0000000601c00000| PB 0x0000000601800000| Untracked 
|   7|0x0000000601c00000, 0x0000000602000000, 0x0000000602000000|100%| O|  |TAMS 0x0000000602000000| PB 0x0000000601c00000| Untracked 
|   8|0x0000000602000000, 0x0000000602400000, 0x0000000602400000|100%| O|  |TAMS 0x0000000602400000| PB 0x0000000602000000| Untracked 
|   9|0x0000000602400000, 0x0000000602800000, 0x0000000602800000|100%|HS|  |TAMS 0x0000000602800000| PB 0x0000000602400000| Complete 
|  10|0x0000000602800000, 0x0000000602c00000, 0x0000000602c00000|100%| O|  |TAMS 0x0000000602c00000| PB 0x0000000602800000| Untracked 
|  11|0x0000000602c00000, 0x0000000602fc6ea8, 0x0000000603000000| 94%| O|  |TAMS 0x0000000602fc6ea8| PB 0x0000000602c00000| Untracked 
|  12|0x0000000603000000, 0x0000000603400000, 0x0000000603400000|100%|HS|  |TAMS 0x0000000603400000| PB 0x0000000603000000| Complete 
|  13|0x0000000603400000, 0x0000000603800000, 0x0000000603800000|100%| O|  |TAMS 0x0000000603800000| PB 0x0000000603400000| Untracked 
|  14|0x0000000603800000, 0x0000000603c00000, 0x0000000603c00000|100%| O|  |TAMS 0x0000000603c00000| PB 0x0000000603800000| Untracked 
|  15|0x0000000603c00000, 0x0000000603c00000, 0x0000000604000000|  0%| F|  |TAMS 0x0000000603c00000| PB 0x0000000603c00000| Untracked 
|  16|0x0000000604000000, 0x0000000604000000, 0x0000000604400000|  0%| F|  |TAMS 0x0000000604000000| PB 0x0000000604000000| Untracked 
|  17|0x0000000604400000, 0x0000000604400000, 0x0000000604800000|  0%| F|  |TAMS 0x0000000604400000| PB 0x0000000604400000| Untracked 
|  18|0x0000000604800000, 0x0000000604800000, 0x0000000604c00000|  0%| F|  |TAMS 0x0000000604800000| PB 0x0000000604800000| Untracked 
|  19|0x0000000604c00000, 0x0000000604c00000, 0x0000000605000000|  0%| F|  |TAMS 0x0000000604c00000| PB 0x0000000604c00000| Untracked 
|  20|0x0000000605000000, 0x0000000605000000, 0x0000000605400000|  0%| F|  |TAMS 0x0000000605000000| PB 0x0000000605000000| Untracked 
|  21|0x0000000605400000, 0x00000006054ec2a0, 0x0000000605800000| 23%| S|CS|TAMS 0x0000000605400000| PB 0x0000000605400000| Complete 
|  22|0x0000000605800000, 0x0000000605800000, 0x0000000605c00000|  0%| F|  |TAMS 0x0000000605800000| PB 0x0000000605800000| Untracked 
|  23|0x0000000605c00000, 0x0000000605c00000, 0x0000000606000000|  0%| F|  |TAMS 0x0000000605c00000| PB 0x0000000605c00000| Untracked 
|  24|0x0000000606000000, 0x0000000606000000, 0x0000000606400000|  0%| F|  |TAMS 0x0000000606000000| PB 0x0000000606000000| Untracked 
|  25|0x0000000606400000, 0x0000000606400000, 0x0000000606800000|  0%| F|  |TAMS 0x0000000606400000| PB 0x0000000606400000| Untracked 
|  26|0x0000000606800000, 0x0000000606800000, 0x0000000606c00000|  0%| F|  |TAMS 0x0000000606800000| PB 0x0000000606800000| Untracked 
|  27|0x0000000606c00000, 0x0000000606c00000, 0x0000000607000000|  0%| F|  |TAMS 0x0000000606c00000| PB 0x0000000606c00000| Untracked 
|  28|0x0000000607000000, 0x0000000607000000, 0x0000000607400000|  0%| F|  |TAMS 0x0000000607000000| PB 0x0000000607000000| Untracked 
|  29|0x0000000607400000, 0x0000000607400000, 0x0000000607800000|  0%| F|  |TAMS 0x0000000607400000| PB 0x0000000607400000| Untracked 
|  30|0x0000000607800000, 0x0000000607800000, 0x0000000607c00000|  0%| F|  |TAMS 0x0000000607800000| PB 0x0000000607800000| Untracked 

Card table byte_map: [0x000002325b320000,0x000002325c320000] _byte_map_base: 0x0000023258320000

Marking Bits: (CMBitMap*) 0x0000023234e2c030
 Bits: [0x000002325c320000, 0x0000023264320000)

Polling page: 0x0000023234a40000

Metaspace:

Usage:
  Non-class:     53.01 MB used.
      Class:      8.86 MB used.
       Both:     61.87 MB used.

Virtual space:
  Non-class space:       64.00 MB reserved,      55.56 MB ( 87%) committed,  1 nodes.
      Class space:        1.00 GB reserved,      10.38 MB (  1%) committed,  1 nodes.
             Both:        1.06 GB reserved,      65.94 MB (  6%) committed. 

Chunk freelists:
   Non-Class:  9.91 MB
       Class:  6.72 MB
        Both:  16.63 MB

MaxMetaspaceSize: 4.00 GB
CompressedClassSpaceSize: 1.00 GB
Initial GC threshold: 21.00 MB
Current GC threshold: 109.94 MB
CDS: on
 - commit_granule_bytes: 65536.
 - commit_granule_words: 8192.
 - virtual_space_node_default_size: 8388608.
 - enlarge_chunks_in_place: 1.
 - use_allocation_guard: 0.


Internal statistics:

num_allocs_failed_limit: 6.
num_arena_births: 3582.
num_arena_deaths: 2334.
num_vsnodes_births: 2.
num_vsnodes_deaths: 0.
num_space_committed: 1056.
num_space_uncommitted: 1.
num_chunks_returned_to_freelist: 2646.
num_chunks_taken_from_freelist: 6755.
num_chunk_merges: 991.
num_chunk_splits: 4311.
num_chunks_enlarged: 2601.
num_inconsistent_stats: 0.

CodeHeap 'non-profiled nmethods': size=259264Kb used=4500Kb max_used=4500Kb free=254763Kb
 bounds [0x0000023249970000, 0x0000023249de0000, 0x00000232596a0000]
CodeHeap 'profiled nmethods': size=259264Kb used=13246Kb max_used=13246Kb free=246017Kb
 bounds [0x00000232396a0000, 0x000002323a390000, 0x00000232493d0000]
CodeHeap 'non-nmethods': size=5760Kb used=2117Kb max_used=2157Kb free=3642Kb
 bounds [0x00000232493d0000, 0x0000023249640000, 0x0000023249970000]
CodeCache: size=524288Kb, used=19863Kb, max_used=19903Kb, free=504422Kb
 total_blobs=8114, nmethods=7322, adapters=696, full_count=0
Compilation: enabled, stopped_count=0, restarted_count=0

Compilation events (20 events):
Event: 13138.434 Thread 0x00000232665f2800 8661       1       org.gradle.launcher.daemon.server.Daemon::getDaemonContext (5 bytes)
Event: 13138.435 Thread 0x00000232665f2800 nmethod 8661 0x0000023249dd2590 code [0x0000023249dd2720, 0x0000023249dd27f0]
Event: 13138.435 Thread 0x00000232665f2800 8662       1       org.gradle.launcher.daemon.registry.DaemonDir::getRegistry (5 bytes)
Event: 13138.495 Thread 0x00000232665f2800 nmethod 8662 0x0000023249dd2890 code [0x0000023249dd2a20, 0x0000023249dd2af0]
Event: 13139.020 Thread 0x00000232665ed5f0 nmethod 8669 0x0000023249dd2b90 code [0x0000023249dd2da0, 0x0000023249dd3cb0]
Event: 13139.020 Thread 0x00000232665ed5f0 8668       4       java.lang.management.MemoryUsage::<init> (170 bytes)
Event: 13139.228 Thread 0x00000232665ed5f0 nmethod 8668 0x0000023249dd4390 code [0x0000023249dd4520, 0x0000023249dd4738]
Event: 13139.424 Thread 0x00000232665f2800 8670       3       java.util.LinkedHashSet::<init> (28 bytes)
Event: 13139.476 Thread 0x00000232665ed5f0 8671       4       org.gradle.launcher.daemon.registry.PersistentDaemonRegistry$1::isSatisfiedBy (9 bytes)
Event: 13139.477 Thread 0x00000232665ed5f0 nmethod 8671 0x0000023249dd4910 code [0x0000023249dd4aa0, 0x0000023249dd4b80]
Event: 13160.433 Thread 0x00000232665f2800 nmethod 8670 0x000002323a38d410 code [0x000002323a38d640, 0x000002323a38dae8]
Event: 13160.441 Thread 0x00000232665f2800 8672       3       org.gradle.internal.jvm.Jvm::current (44 bytes)
Event: 13160.561 Thread 0x00000232665ed5f0 8675       4       java.util.stream.ReferencePipeline$7$1::begin (13 bytes)
Event: 13161.146 Thread 0x00000232665f2800 nmethod 8672 0x000002323a38dc90 code [0x000002323a38df80, 0x000002323a38eec8]
Event: 13161.146 Thread 0x00000232665f2800 8674       3       java.lang.AbstractStringBuilder::appendNull (83 bytes)
Event: 13161.148 Thread 0x00000232665ed5f0 nmethod 8675 0x0000023249dd4c90 code [0x0000023249dd4e20, 0x0000023249dd4ff8]
Event: 13161.149 Thread 0x00000232665f2800 nmethod 8674 0x000002323a38f390 code [0x000002323a38f560, 0x000002323a38f8b8]
Event: 13161.149 Thread 0x00000232665f2800 8673       3       java.lang.Boolean::parseBoolean (7 bytes)
Event: 13161.150 Thread 0x00000232665f2800 nmethod 8673 0x000002323a38fa90 code [0x000002323a38fc40, 0x000002323a38fd70]
Event: 13162.837 Thread 0x00000232665f2800 8676       3       org.gradle.internal.jvm.Jvm::findToolsJar (177 bytes)

GC Heap History (20 events):
Event: 599.331 GC heap after
{Heap after GC invocations=30 (full 0):
 garbage-first heap   total 102400K, used 52801K [0x0000000600000000, 0x0000000800000000)
  region size 4096K, 1 young (4096K), 1 survivors (4096K)
 Metaspace       used 62555K, committed 64512K, reserved 1114112K
  class space    used 9182K, committed 10176K, reserved 1048576K
}
Event: 625.206 GC heap before
{Heap before GC invocations=31 (full 0):
 garbage-first heap   total 102400K, used 93761K [0x0000000600000000, 0x0000000800000000)
  region size 4096K, 10 young (40960K), 1 survivors (4096K)
 Metaspace       used 64755K, committed 66688K, reserved 1114112K
  class space    used 9498K, committed 10432K, reserved 1048576K
}
Event: 625.252 GC heap after
{Heap after GC invocations=32 (full 0):
 garbage-first heap   total 106496K, used 58466K [0x0000000600000000, 0x0000000800000000)
  region size 4096K, 2 young (8192K), 2 survivors (8192K)
 Metaspace       used 64755K, committed 66688K, reserved 1114112K
  class space    used 9498K, committed 10432K, reserved 1048576K
}
Event: 13062.646 GC heap before
{Heap before GC invocations=32 (full 0):
 garbage-first heap   total 106496K, used 91234K [0x0000000600000000, 0x0000000800000000)
  region size 4096K, 10 young (40960K), 2 survivors (8192K)
 Metaspace       used 65610K, committed 67584K, reserved 1114112K
  class space    used 9613K, committed 10624K, reserved 1048576K
}
Event: 13063.449 GC heap after
{Heap after GC invocations=33 (full 0):
 garbage-first heap   total 106496K, used 59978K [0x0000000600000000, 0x0000000800000000)
  region size 4096K, 2 young (8192K), 2 survivors (8192K)
 Metaspace       used 65610K, committed 67584K, reserved 1114112K
  class space    used 9613K, committed 10624K, reserved 1048576K
}
Event: 13074.703 GC heap before
{Heap before GC invocations=34 (full 0):
 garbage-first heap   total 110592K, used 64074K [0x0000000600000000, 0x0000000800000000)
  region size 4096K, 3 young (12288K), 2 survivors (8192K)
 Metaspace       used 63084K, committed 67520K, reserved 1114112K
  class space    used 9026K, committed 10624K, reserved 1048576K
}
Event: 13074.739 GC heap after
{Heap after GC invocations=35 (full 0):
 garbage-first heap   total 110592K, used 59677K [0x0000000600000000, 0x0000000800000000)
  region size 4096K, 1 young (4096K), 1 survivors (4096K)
 Metaspace       used 63084K, committed 67520K, reserved 1114112K
  class space    used 9026K, committed 10624K, reserved 1048576K
}
Event: 13113.761 GC heap before
{Heap before GC invocations=35 (full 0):
 garbage-first heap   total 110592K, used 96541K [0x0000000600000000, 0x0000000800000000)
  region size 4096K, 10 young (40960K), 1 survivors (4096K)
 Metaspace       used 63221K, committed 67520K, reserved 1114112K
  class space    used 9050K, committed 10624K, reserved 1048576K
}
Event: 13113.794 GC heap after
{Heap after GC invocations=36 (full 0):
 garbage-first heap   total 110592K, used 58252K [0x0000000600000000, 0x0000000800000000)
  region size 4096K, 1 young (4096K), 1 survivors (4096K)
 Metaspace       used 63221K, committed 67520K, reserved 1114112K
  class space    used 9050K, committed 10624K, reserved 1048576K
}
Event: 13139.884 GC heap before
{Heap before GC invocations=36 (full 0):
 garbage-first heap   total 110592K, used 99212K [0x0000000600000000, 0x0000000800000000)
  region size 4096K, 11 young (45056K), 1 survivors (4096K)
 Metaspace       used 63351K, committed 67520K, reserved 1114112K
  class space    used 9070K, committed 10624K, reserved 1048576K
}
Event: 13160.407 GC heap after
{Heap after GC invocations=37 (full 0):
 garbage-first heap   total 110592K, used 58170K [0x0000000600000000, 0x0000000800000000)
  region size 4096K, 1 young (4096K), 1 survivors (4096K)
 Metaspace       used 63351K, committed 67520K, reserved 1114112K
  class space    used 9070K, committed 10624K, reserved 1048576K
}
Event: 13160.685 GC heap before
{Heap before GC invocations=37 (full 0):
 garbage-first heap   total 110592K, used 62266K [0x0000000600000000, 0x0000000800000000)
  region size 4096K, 2 young (8192K), 1 survivors (4096K)
 Metaspace       used 63351K, committed 67520K, reserved 1114112K
  class space    used 9070K, committed 10624K, reserved 1048576K
}
Event: 13161.142 GC heap after
{Heap after GC invocations=38 (full 0):
 garbage-first heap   total 110592K, used 58099K [0x0000000600000000, 0x0000000800000000)
  region size 4096K, 1 young (4096K), 1 survivors (4096K)
 Metaspace       used 63351K, committed 67520K, reserved 1114112K
  class space    used 9070K, committed 10624K, reserved 1048576K
}
Event: 13161.244 GC heap before
{Heap before GC invocations=38 (full 0):
 garbage-first heap   total 110592K, used 62195K [0x0000000600000000, 0x0000000800000000)
  region size 4096K, 2 young (8192K), 1 survivors (4096K)
 Metaspace       used 63352K, committed 67520K, reserved 1114112K
  class space    used 9070K, committed 10624K, reserved 1048576K
}
Event: 13161.247 GC heap after
{Heap after GC invocations=39 (full 0):
 garbage-first heap   total 110592K, used 58079K [0x0000000600000000, 0x0000000800000000)
  region size 4096K, 1 young (4096K), 1 survivors (4096K)
 Metaspace       used 63352K, committed 67520K, reserved 1114112K
  class space    used 9070K, committed 10624K, reserved 1048576K
}
Event: 13162.428 GC heap before
{Heap before GC invocations=39 (full 0):
 garbage-first heap   total 110592K, used 62175K [0x0000000600000000, 0x0000000800000000)
  region size 4096K, 2 young (8192K), 1 survivors (4096K)
 Metaspace       used 63352K, committed 67520K, reserved 1114112K
  class space    used 9070K, committed 10624K, reserved 1048576K
}
Event: 13162.834 GC heap after
{Heap after GC invocations=40 (full 0):
 garbage-first heap   total 110592K, used 58109K [0x0000000600000000, 0x0000000800000000)
  region size 4096K, 1 young (4096K), 1 survivors (4096K)
 Metaspace       used 63352K, committed 67520K, reserved 1114112K
  class space    used 9070K, committed 10624K, reserved 1048576K
}
Event: 13163.395 GC heap before
{Heap before GC invocations=40 (full 0):
 garbage-first heap   total 110592K, used 62205K [0x0000000600000000, 0x0000000800000000)
  region size 4096K, 2 young (8192K), 1 survivors (4096K)
 Metaspace       used 63354K, committed 67520K, reserved 1114112K
  class space    used 9070K, committed 10624K, reserved 1048576K
}
Event: 13163.938 GC heap after
{Heap after GC invocations=41 (full 0):
 garbage-first heap   total 110592K, used 58132K [0x0000000600000000, 0x0000000800000000)
  region size 4096K, 1 young (4096K), 1 survivors (4096K)
 Metaspace       used 63354K, committed 67520K, reserved 1114112K
  class space    used 9070K, committed 10624K, reserved 1048576K
}
Event: 13164.768 GC heap before
{Heap before GC invocations=41 (full 0):
 garbage-first heap   total 110592K, used 74516K [0x0000000600000000, 0x0000000800000000)
  region size 4096K, 5 young (20480K), 1 survivors (4096K)
 Metaspace       used 63357K, committed 67520K, reserved 1114112K
  class space    used 9070K, committed 10624K, reserved 1048576K
}

Dll operation events (20 events):
Event: 2.994 Attempting to load shared library C:\Users\badya\.vscode\extensions\redhat.java-1.56.0-win32-x64\jre\21.0.12.1-win32-x86_64\bin\zip.dll
Event: 2.994 Loaded shared library C:\Users\badya\.vscode\extensions\redhat.java-1.56.0-win32-x64\jre\21.0.12.1-win32-x86_64\bin\zip.dll
Event: 8.400 Attempting to load shared library C:\Users\badya\.vscode\extensions\redhat.java-1.56.0-win32-x64\jre\21.0.12.1-win32-x86_64\bin\jimage.dll
Event: 8.400 Loaded shared library C:\Users\badya\.vscode\extensions\redhat.java-1.56.0-win32-x64\jre\21.0.12.1-win32-x86_64\bin\jimage.dll
Event: 22.285 Attempting to load shared library C:\Users\badya\.vscode\extensions\redhat.java-1.56.0-win32-x64\jre\21.0.12.1-win32-x86_64\bin\verify.dll
Event: 22.338 Loaded shared library C:\Users\badya\.vscode\extensions\redhat.java-1.56.0-win32-x64\jre\21.0.12.1-win32-x86_64\bin\verify.dll
Event: 28.053 Attempting to load shared library C:\Users\badya\.gradle\native\1def1411415f61bf3af743bc5b6707747c0891f09f0c88961ee8f79bc544acac\windows-amd64\native-platform.dll
Event: 28.068 Loaded shared library C:\Users\badya\.gradle\native\1def1411415f61bf3af743bc5b6707747c0891f09f0c88961ee8f79bc544acac\windows-amd64\native-platform.dll
Event: 28.226 Attempting to load shared library C:\Users\badya\.gradle\native\0.2.5\x86_64-windows-gnu\gradle-fileevents.dll
Event: 28.298 Loaded shared library C:\Users\badya\.gradle\native\0.2.5\x86_64-windows-gnu\gradle-fileevents.dll
Event: 54.240 Attempting to load shared library C:\Users\badya\.vscode\extensions\redhat.java-1.56.0-win32-x64\jre\21.0.12.1-win32-x86_64\bin\management.dll
Event: 54.242 Loaded shared library C:\Users\badya\.vscode\extensions\redhat.java-1.56.0-win32-x64\jre\21.0.12.1-win32-x86_64\bin\management.dll
Event: 54.411 Attempting to load shared library C:\Users\badya\.vscode\extensions\redhat.java-1.56.0-win32-x64\jre\21.0.12.1-win32-x86_64\bin\management_ext.dll
Event: 54.420 Loaded shared library C:\Users\badya\.vscode\extensions\redhat.java-1.56.0-win32-x64\jre\21.0.12.1-win32-x86_64\bin\management_ext.dll
Event: 67.109 Attempting to load shared library C:\Users\badya\.vscode\extensions\redhat.java-1.56.0-win32-x64\jre\21.0.12.1-win32-x86_64\bin\extnet.dll
Event: 67.117 Loaded shared library C:\Users\badya\.vscode\extensions\redhat.java-1.56.0-win32-x64\jre\21.0.12.1-win32-x86_64\bin\extnet.dll
Event: 73.439 Attempting to load shared library C:\Users\badya\.vscode\extensions\redhat.java-1.56.0-win32-x64\jre\21.0.12.1-win32-x86_64\bin\sunmscapi.dll
Event: 73.446 Loaded shared library C:\Users\badya\.vscode\extensions\redhat.java-1.56.0-win32-x64\jre\21.0.12.1-win32-x86_64\bin\sunmscapi.dll
Event: 120.939 Attempting to load shared library C:\Users\badya\AppData\Local\Temp\native-platform16905789448066138492dir\gradle-fileevents.dll
Event: 120.967 Loaded shared library C:\Users\badya\AppData\Local\Temp\native-platform16905789448066138492dir\gradle-fileevents.dll

Deoptimization events (20 events):
Event: 13076.370 Thread 0x00000232ac4f2820 Uncommon trap: trap_request=0xfffffff4 fr.pc=0x0000023249994a88 relative=0x0000000000000688
Event: 13076.370 Thread 0x00000232ac4f2820 Uncommon trap: reason=null_check action=make_not_entrant pc=0x0000023249994a88 method=java.lang.Class.reflectionData()Ljava/lang/Class$ReflectionData; @ 18 c2
Event: 13076.370 Thread 0x00000232ac4f2820 DEOPT PACKING pc=0x0000023249994a88 sp=0x0000007e0c4f56d0
Event: 13076.370 Thread 0x00000232ac4f2820 DEOPT UNPACKING pc=0x0000023249427ba2 sp=0x0000007e0c4f5618 mode 2
Event: 13084.042 Thread 0x00000232ac4f2820 Uncommon trap: trap_request=0xfffffff4 fr.pc=0x0000023249d1cc2c relative=0x000000000000108c
Event: 13084.042 Thread 0x00000232ac4f2820 Uncommon trap: reason=null_check action=make_not_entrant pc=0x0000023249d1cc2c method=java.lang.Class.reflectionData()Ljava/lang/Class$ReflectionData; @ 18 c2
Event: 13084.042 Thread 0x00000232ac4f2820 DEOPT PACKING pc=0x0000023249d1cc2c sp=0x0000007e0c4f6710
Event: 13084.042 Thread 0x00000232ac4f2820 DEOPT UNPACKING pc=0x0000023249427ba2 sp=0x0000007e0c4f6588 mode 2
Event: 13105.653 Thread 0x00000232ac4f2820 Uncommon trap: trap_request=0xfffffff4 fr.pc=0x0000023249c264d4 relative=0x0000000000001894
Event: 13105.653 Thread 0x00000232ac4f2820 Uncommon trap: reason=null_check action=make_not_entrant pc=0x0000023249c264d4 method=java.lang.Class.reflectionData()Ljava/lang/Class$ReflectionData; @ 18 c2
Event: 13105.653 Thread 0x00000232ac4f2820 DEOPT PACKING pc=0x0000023249c264d4 sp=0x0000007e0c4f5a90
Event: 13105.654 Thread 0x00000232ac4f2820 DEOPT UNPACKING pc=0x0000023249427ba2 sp=0x0000007e0c4f5840 mode 2
Event: 13106.072 Thread 0x00000232acd0ff50 Uncommon trap: trap_request=0xffffffd6 fr.pc=0x0000023249dc2e0c relative=0x00000000000005ac
Event: 13106.072 Thread 0x00000232acd0ff50 Uncommon trap: reason=array_check action=maybe_recompile pc=0x0000023249dc2e0c method=java.util.concurrent.ScheduledThreadPoolExecutor$DelayedWorkQueue.offer(Ljava/lang/Runnable;)Z @ 65 c2
Event: 13106.072 Thread 0x00000232acd0ff50 DEOPT PACKING pc=0x0000023249dc2e0c sp=0x0000007e0beff580
Event: 13106.072 Thread 0x00000232acd0ff50 DEOPT UNPACKING pc=0x0000023249427ba2 sp=0x0000007e0beff440 mode 2
Event: 13106.174 Thread 0x00000232acd0ff50 Uncommon trap: trap_request=0xffffffd6 fr.pc=0x0000023249dc2e0c relative=0x00000000000005ac
Event: 13106.174 Thread 0x00000232acd0ff50 Uncommon trap: reason=array_check action=maybe_recompile pc=0x0000023249dc2e0c method=java.util.concurrent.ScheduledThreadPoolExecutor$DelayedWorkQueue.offer(Ljava/lang/Runnable;)Z @ 65 c2
Event: 13106.174 Thread 0x00000232acd0ff50 DEOPT PACKING pc=0x0000023249dc2e0c sp=0x0000007e0beff580
Event: 13106.174 Thread 0x00000232acd0ff50 DEOPT UNPACKING pc=0x0000023249427ba2 sp=0x0000007e0beff440 mode 2

Classes loaded (20 events):
Event: 573.809 Loading class jdk/jfr/FlightRecorderListener done
Event: 573.809 Loading class jdk/management/jfr/FlightRecorderMXBeanImpl$MXBeanListener done
Event: 575.094 Loading class com/sun/jmx/mbeanserver/StandardMBeanSupport
Event: 575.095 Loading class com/sun/jmx/mbeanserver/StandardMBeanSupport done
Event: 575.097 Loading class com/sun/jmx/mbeanserver/StandardMBeanIntrospector
Event: 575.098 Loading class com/sun/jmx/mbeanserver/StandardMBeanIntrospector done
Event: 613.725 Loading class java/lang/ThreadDeath
Event: 613.748 Loading class java/lang/ThreadDeath done
Event: 613.749 Loading class sun/misc/SharedSecrets
Event: 613.749 Loading class sun/misc/SharedSecrets done
Event: 614.046 Loading class com/sun/beans/finder/MethodFinder
Event: 614.051 Loading class com/sun/beans/finder/AbstractFinder
Event: 614.053 Loading class com/sun/beans/finder/AbstractFinder done
Event: 614.053 Loading class com/sun/beans/finder/MethodFinder done
Event: 614.054 Loading class com/sun/beans/finder/MethodFinder$1
Event: 614.054 Loading class com/sun/beans/finder/MethodFinder$1 done
Event: 614.054 Loading class com/sun/beans/finder/FinderUtils
Event: 614.054 Loading class com/sun/beans/finder/FinderUtils done
Event: 626.369 Loading class java/nio/file/FileTreeWalker$1
Event: 626.370 Loading class java/nio/file/FileTreeWalker$1 done

Classes unloaded (20 events):
Event: 13066.226 Thread 0x00000232665c2040 Unloading class 0x00000232680b0c00 'java/lang/invoke/LambdaForm$MH+0x00000232680b0c00'
Event: 13066.226 Thread 0x00000232665c2040 Unloading class 0x00000232680b0800 'java/lang/invoke/LambdaForm$MH+0x00000232680b0800'
Event: 13066.227 Thread 0x00000232665c2040 Unloading class 0x0000023268099c00 'java/lang/invoke/LambdaForm$MH+0x0000023268099c00'
Event: 13066.227 Thread 0x00000232665c2040 Unloading class 0x0000023268099800 'java/lang/invoke/LambdaForm$MH+0x0000023268099800'
Event: 13066.227 Thread 0x00000232665c2040 Unloading class 0x0000023268099000 'java/lang/invoke/LambdaForm$MH+0x0000023268099000'
Event: 13066.227 Thread 0x00000232665c2040 Unloading class 0x0000023268098c00 'java/lang/invoke/LambdaForm$MH+0x0000023268098c00'
Event: 13066.229 Thread 0x00000232665c2040 Unloading class 0x0000023268098000 'java/lang/invoke/LambdaForm$MH+0x0000023268098000'
Event: 13066.229 Thread 0x00000232665c2040 Unloading class 0x0000023268084000 'java/lang/invoke/LambdaForm$DMH+0x0000023268084000'
Event: 13066.229 Thread 0x00000232665c2040 Unloading class 0x000002326802ec00 'java/lang/invoke/LambdaForm$MH+0x000002326802ec00'
Event: 13066.229 Thread 0x00000232665c2040 Unloading class 0x000002326802e800 'java/lang/invoke/LambdaForm$MH+0x000002326802e800'
Event: 13066.229 Thread 0x00000232665c2040 Unloading class 0x000002326802e000 'java/lang/invoke/LambdaForm$MH+0x000002326802e000'
Event: 13066.230 Thread 0x00000232665c2040 Unloading class 0x000002326802dc00 'java/lang/invoke/LambdaForm$MH+0x000002326802dc00'
Event: 13066.230 Thread 0x00000232665c2040 Unloading class 0x000002326802d800 'java/lang/invoke/LambdaForm$MH+0x000002326802d800'
Event: 13066.230 Thread 0x00000232665c2040 Unloading class 0x000002326802c000 'java/lang/invoke/LambdaForm$MH+0x000002326802c000'
Event: 13066.230 Thread 0x00000232665c2040 Unloading class 0x000002326801c800 'java/lang/invoke/LambdaForm$MH+0x000002326801c800'
Event: 13066.230 Thread 0x00000232665c2040 Unloading class 0x000002326801c400 'java/lang/invoke/LambdaForm$MH+0x000002326801c400'
Event: 13066.231 Thread 0x00000232665c2040 Unloading class 0x0000023268002400 'java/lang/invoke/LambdaForm$MH+0x0000023268002400'
Event: 13066.231 Thread 0x00000232665c2040 Unloading class 0x0000023268002000 'java/lang/invoke/LambdaForm$MH+0x0000023268002000'
Event: 13066.231 Thread 0x00000232665c2040 Unloading class 0x0000023268001c00 'java/lang/invoke/LambdaForm$MH+0x0000023268001c00'
Event: 13066.231 Thread 0x00000232665c2040 Unloading class 0x0000023268001400 'java/lang/invoke/LambdaForm$MH+0x0000023268001400'

Classes redefined (0 events):
No events

Internal exceptions (20 events):
Event: 614.354 Thread 0x00000232ac4f2820 Exception <a 'java/lang/ClassNotFoundException'{0x0000000604d15b98}: org/jetbrains/kotlin/gradle/targets/js/npm/DefaultNpmDependencyExtensionCustomizer> (0x0000000604d15b98) 
thrown [s\src\hotspot\share\classfile\systemDictionary.cpp, line 313]
Event: 614.569 Thread 0x00000232ac4f2820 Exception <a 'java/lang/ClassNotFoundException'{0x0000000604dbd808}: org/jetbrains/kotlin/gradle/targets/js/npm/NpmDependencyExtensionKt$defaultNpmDependencyDelegate$1BeanInfo> (0x0000000604dbd808) 
thrown [s\src\hotspot\share\classfile\systemDictionary.cpp, line 313]
Event: 614.598 Thread 0x00000232ac4f2820 Exception <a 'java/lang/ClassNotFoundException'{0x0000000604dcc688}: org/jetbrains/kotlin/gradle/targets/js/npm/NpmDependencyExtensionDelegateBeanInfo> (0x0000000604dcc688) 
thrown [s\src\hotspot\share\classfile\systemDictionary.cpp, line 313]
Event: 614.653 Thread 0x00000232ac4f2820 Exception <a 'java/lang/ClassNotFoundException'{0x0000000604ddb4d8}: org/jetbrains/kotlin/gradle/targets/js/npm/NpmDependencyExtensionDelegateCustomizer> (0x0000000604ddb4d8) 
thrown [s\src\hotspot\share\classfile\systemDictionary.cpp, line 313]
Event: 614.767 Thread 0x00000232ac4f2820 Exception <a 'java/lang/ClassNotFoundException'{0x0000000604e16f08}: org/jetbrains/kotlin/gradle/targets/js/npm/NpmDependencyExtensionKt$defaultNpmDependencyDelegate$1Customizer> (0x0000000604e16f08) 
thrown [s\src\hotspot\share\classfile\systemDictionary.cpp, line 313]
Event: 615.611 Thread 0x00000232ac4f2820 Exception <a 'java/lang/ClassNotFoundException'{0x0000000604e66790}: org/jetbrains/kotlin/gradle/targets/js/npm/DefaultDevNpmDependencyExtensionBeanInfo> (0x0000000604e66790) 
thrown [s\src\hotspot\share\classfile\systemDictionary.cpp, line 313]
Event: 615.773 Thread 0x00000232ac4f2820 Exception <a 'java/lang/ClassNotFoundException'{0x0000000604e755e8}: org/jetbrains/kotlin/gradle/targets/js/npm/DefaultDevNpmDependencyExtensionCustomizer> (0x0000000604e755e8) 
thrown [s\src\hotspot\share\classfile\systemDictionary.cpp, line 313]
Event: 616.218 Thread 0x00000232ac4f2820 Exception <a 'java/lang/ClassNotFoundException'{0x0000000604ecc5a8}: org/jetbrains/kotlin/gradle/targets/js/npm/DefaultPeerNpmDependencyExtensionBeanInfo> (0x0000000604ecc5a8) 
thrown [s\src\hotspot\share\classfile\systemDictionary.cpp, line 313]
Event: 616.224 Thread 0x00000232ac4f2820 Exception <a 'java/lang/ClassNotFoundException'{0x0000000604edb408}: org/jetbrains/kotlin/gradle/targets/js/npm/DefaultPeerNpmDependencyExtensionCustomizer> (0x0000000604edb408) 
thrown [s\src\hotspot\share\classfile\systemDictionary.cpp, line 313]
Event: 616.556 Thread 0x00000232ac4f2820 Exception <a 'java/lang/ClassNotFoundException'{0x0000000604f41c08}: org/jetbrains/kotlin/gradle/targets/js/npm/DefaultPeerNpmDependencyExtension$delegate$1BeanInfo> (0x0000000604f41c08) 
thrown [s\src\hotspot\share\classfile\systemDictionary.cpp, line 313]
Event: 616.561 Thread 0x00000232ac4f2820 Exception <a 'java/lang/ClassNotFoundException'{0x0000000604f50b58}: org/jetbrains/kotlin/gradle/targets/js/npm/DefaultPeerNpmDependencyExtension$delegate$1Customizer> (0x0000000604f50b58) 
thrown [s\src\hotspot\share\classfile\systemDictionary.cpp, line 313]
Event: 626.068 Thread 0x00000232ac4f2820 Exception <a 'java/lang/NoSuchMethodError'{0x00000006078c9de8}: 'int java.lang.invoke.DirectMethodHandle$Holder.invokeSpecialIFC(java.lang.Object, java.lang.Object, java.lang.Object, java.lang.Object, java.lang.Object)'> (0x00000006078c9de8) 
thrown [s\src\hotspot\share\interpreter\linkResolver.cpp, line 773]
Event: 13066.981 Thread 0x00000232ac4f2820 Implicit null exception at 0x0000023249c06075 to 0x0000023249c0cfe0
Event: 13066.993 Thread 0x00000232ac4f2820 Exception <a 'java/lang/NoSuchMethodError'{0x000000060780e698}: 'void java.lang.invoke.DirectMethodHandle$Holder.invokeInterface(java.lang.Object, java.lang.Object, java.lang.Object, java.lang.Object)'> (0x000000060780e698) 
thrown [s\src\hotspot\share\interpreter\linkResolver.cpp, line 773]
Event: 13067.935 Thread 0x00000232ac4f2820 Implicit null exception at 0x0000023249d20161 to 0x0000023249d202a8
Event: 13076.260 Thread 0x00000232ac4f2820 Implicit null exception at 0x0000023249b4d68c to 0x0000023249b4d8d4
Event: 13076.370 Thread 0x00000232ac4f2820 Implicit null exception at 0x00000232499945dc to 0x0000023249994a68
Event: 13084.042 Thread 0x00000232ac4f2820 Implicit null exception at 0x0000023249d1c264 to 0x0000023249d1cc08
Event: 13105.653 Thread 0x00000232ac4f2820 Implicit null exception at 0x0000023249c25580 to 0x0000023249c264b0
Event: 13161.288 Thread 0x00000232ac4f2820 Exception <a 'java/lang/NoClassDefFoundError'{0x000000060780fc40}: com/android/Version> (0x000000060780fc40) 
thrown [s\src\hotspot\share\classfile\systemDictionary.cpp, line 302]

ZGC Phase Switch (0 events):
No events

VM Operations (20 events):
Event: 13125.595 Executing safepoint VM operation: Cleanup done
Event: 13132.631 Executing safepoint VM operation: Cleanup
Event: 13133.474 Executing safepoint VM operation: Cleanup done
Event: 13135.489 Executing safepoint VM operation: Cleanup
Event: 13135.694 Executing safepoint VM operation: Cleanup done
Event: 13136.704 Executing safepoint VM operation: Cleanup
Event: 13137.273 Executing safepoint VM operation: Cleanup done
Event: 13138.286 Executing safepoint VM operation: Cleanup
Event: 13138.380 Executing safepoint VM operation: Cleanup done
Event: 13139.565 Executing safepoint VM operation: G1CollectForAllocation (G1 Evacuation Pause)
Event: 13160.413 Executing safepoint VM operation: G1CollectForAllocation (G1 Evacuation Pause) done
Event: 13160.562 Executing safepoint VM operation: G1CollectForAllocation (G1 Evacuation Pause)
Event: 13161.142 Executing safepoint VM operation: G1CollectForAllocation (G1 Evacuation Pause) done
Event: 13161.242 Executing safepoint VM operation: G1CollectForAllocation (G1 Evacuation Pause)
Event: 13161.247 Executing safepoint VM operation: G1CollectForAllocation (G1 Evacuation Pause) done
Event: 13161.314 Executing safepoint VM operation: G1CollectForAllocation (G1 Evacuation Pause)
Event: 13162.835 Executing safepoint VM operation: G1CollectForAllocation (G1 Evacuation Pause) done
Event: 13162.841 Executing safepoint VM operation: G1CollectForAllocation (G1 Evacuation Pause)
Event: 13163.938 Executing safepoint VM operation: G1CollectForAllocation (G1 Evacuation Pause) done
Event: 13164.009 Executing safepoint VM operation: G1CollectForAllocation (G1 Evacuation Pause)

Memory protections (0 events):
No events

Nmethod flushes (20 events):
Event: 599.741 Thread 0x00000232665c2040 flushing  nmethod 0x0000023239df4890
Event: 599.741 Thread 0x00000232665c2040 flushing  nmethod 0x0000023239e02c10
Event: 13066.743 Thread 0x00000232665c2040 flushing  nmethod 0x0000023239886a90
Event: 13066.743 Thread 0x00000232665c2040 flushing osr nmethod 0x000002323a2e7e90
Event: 13066.744 Thread 0x00000232665c2040 flushing  nmethod 0x0000023249c72990
Event: 13066.744 Thread 0x00000232665c2040 flushing  nmethod 0x0000023249d60b90
Event: 13066.745 Thread 0x00000232665c2040 flushing  nmethod 0x0000023239def810
Event: 13066.745 Thread 0x00000232665c2040 flushing  nmethod 0x0000023249d3af90
Event: 13066.745 Thread 0x00000232665c2040 flushing  nmethod 0x00000232399c3610
Event: 13066.746 Thread 0x00000232665c2040 flushing  nmethod 0x0000023239c8d090
Event: 13066.746 Thread 0x00000232665c2040 flushing  nmethod 0x000002323981c390
Event: 13066.746 Thread 0x00000232665c2040 flushing  nmethod 0x0000023249aeed10
Event: 13066.747 Thread 0x00000232665c2040 flushing  nmethod 0x0000023239da4390
Event: 13066.747 Thread 0x00000232665c2040 flushing  nmethod 0x0000023239e3ab90
Event: 13066.747 Thread 0x00000232665c2040 flushing  nmethod 0x0000023239b09290
Event: 13066.748 Thread 0x00000232665c2040 flushing  nmethod 0x0000023239d8ed10
Event: 13066.748 Thread 0x00000232665c2040 flushing  nmethod 0x0000023239e0fb90
Event: 13066.748 Thread 0x00000232665c2040 flushing  nmethod 0x0000023239e4ce90
Event: 13066.748 Thread 0x00000232665c2040 flushing  nmethod 0x000002323973f510
Event: 13066.748 Thread 0x00000232665c2040 flushing  nmethod 0x0000023239852a90

Events (20 events):
Event: 345.638 Thread 0x00000232ac4f2820 Thread added: 0x00000232aee681c0
Event: 345.645 Thread 0x00000232ac4f2820 Thread added: 0x00000232aee6a920
Event: 345.653 Thread 0x00000232ac4f2820 Thread added: 0x00000232aee68ee0
Event: 345.671 Thread 0x00000232ac4f2820 Thread added: 0x00000232aee69570
Event: 345.680 Thread 0x00000232ac4f2820 Thread added: 0x00000232aee674a0
Event: 345.740 Thread 0x00000232ac4f2820 Thread added: 0x00000232aee6c360
Event: 347.880 Thread 0x00000232ac4f2820 Thread added: 0x00000232aee6b640
Event: 347.885 Thread 0x00000232ac4f2820 Thread added: 0x00000232aee6bcd0
Event: 347.939 Thread 0x00000232ac4f2820 Thread added: 0x00000232aee6c9f0
Event: 348.003 Thread 0x00000232ac4f2820 Thread added: 0x00000232aee6afb0
Event: 348.158 Thread 0x00000232ac4f2820 Thread added: 0x00000232aee6d080
Event: 348.162 Thread 0x00000232ac4f2820 Thread added: 0x00000232aee6d710
Event: 348.169 Thread 0x00000232ac4f2820 Thread added: 0x00000232aed5d410
Event: 437.317 Thread 0x00000232ac4f2820 Thread added: 0x00000232aed5b9d0
Event: 465.884 Thread 0x00000232ad8248a0 Thread exited: 0x00000232ad8248a0
Event: 474.394 Thread 0x00000232ad824210 Thread added: 0x00000232aed5cd80
Event: 538.298 Thread 0x00000232aed5cd80 Thread exited: 0x00000232aed5cd80
Event: 576.610 Thread 0x00000232ac4f2820 Thread added: 0x00000232aed5c6f0
Event: 642.652 Thread 0x00000232ad824210 Thread added: 0x00000232aed60200
Event: 13110.891 Thread 0x00000232aed60200 Thread exited: 0x00000232aed60200


Dynamic libraries:
0x00007ff789510000 - 0x00007ff78951e000 	C:\Users\badya\.vscode\extensions\redhat.java-1.56.0-win32-x64\jre\21.0.12.1-win32-x86_64\bin\java.exe
0x00007ffdee340000 - 0x00007ffdee5a7000 	C:\WINDOWS\SYSTEM32\ntdll.dll
0x00007ffdecda0000 - 0x00007ffdece6b000 	C:\WINDOWS\System32\KERNEL32.DLL
0x00007ffdebb20000 - 0x00007ffdebf22000 	C:\WINDOWS\System32\KERNELBASE.dll
0x00007ffdeb740000 - 0x00007ffdeb88c000 	C:\WINDOWS\System32\ucrtbase.dll
0x00007ffdc1590000 - 0x00007ffdc15a8000 	C:\Users\badya\.vscode\extensions\redhat.java-1.56.0-win32-x64\jre\21.0.12.1-win32-x86_64\bin\jli.dll
0x00007ffdec0f0000 - 0x00007ffdec2bf000 	C:\WINDOWS\System32\USER32.dll
0x00007ffdeb8a0000 - 0x00007ffdeb8c7000 	C:\WINDOWS\System32\win32u.dll
0x00007ffded360000 - 0x00007ffded38b000 	C:\WINDOWS\System32\GDI32.dll
0x00007ffdebf30000 - 0x00007ffdec059000 	C:\WINDOWS\System32\gdi32full.dll
0x00007ffdeb690000 - 0x00007ffdeb733000 	C:\WINDOWS\System32\msvcp_win.dll
0x00007ffdc49f0000 - 0x00007ffdc4a0e000 	C:\Users\badya\.vscode\extensions\redhat.java-1.56.0-win32-x64\jre\21.0.12.1-win32-x86_64\bin\VCRUNTIME140.dll
0x00007ffdd11d0000 - 0x00007ffdd1460000 	C:\WINDOWS\WinSxS\amd64_microsoft.windows.common-controls_6595b64144ccf1df_6.0.26100.9278_none_3e0d1ba8e3303201\COMCTL32.dll
0x00007ffded3a0000 - 0x00007ffded449000 	C:\WINDOWS\System32\msvcrt.dll
0x00007ffdec0b0000 - 0x00007ffdec0e1000 	C:\WINDOWS\System32\IMM32.DLL
0x00007ffdd6850000 - 0x00007ffdd685c000 	C:\Users\badya\.vscode\extensions\redhat.java-1.56.0-win32-x64\jre\21.0.12.1-win32-x86_64\bin\vcruntime140_1.dll
0x00007ffd85180000 - 0x00007ffd8520d000 	C:\Users\badya\.vscode\extensions\redhat.java-1.56.0-win32-x64\jre\21.0.12.1-win32-x86_64\bin\msvcp140.dll
0x00007ffd269e0000 - 0x00007ffd27782000 	C:\Users\badya\.vscode\extensions\redhat.java-1.56.0-win32-x64\jre\21.0.12.1-win32-x86_64\bin\server\jvm.dll
0x00007ffdec2d0000 - 0x00007ffdec38c000 	C:\WINDOWS\System32\ADVAPI32.dll
0x00007ffded0e0000 - 0x00007ffded189000 	C:\WINDOWS\System32\sechost.dll
0x00007ffdec9a0000 - 0x00007ffdecab8000 	C:\WINDOWS\System32\RPCRT4.dll
0x00007ffdec580000 - 0x00007ffdec600000 	C:\WINDOWS\System32\WS2_32.dll
0x00007ffdeb3a0000 - 0x00007ffdeb3fe000 	C:\WINDOWS\SYSTEM32\POWRPROF.dll
0x00007ffdd1db0000 - 0x00007ffdd1de6000 	C:\WINDOWS\SYSTEM32\WINMM.dll
0x00007ffdd9690000 - 0x00007ffdd969b000 	C:\WINDOWS\SYSTEM32\VERSION.dll
0x00007ffdeb380000 - 0x00007ffdeb395000 	C:\WINDOWS\SYSTEM32\UMPDC.dll
0x00007ffdea210000 - 0x00007ffdea22b000 	C:\WINDOWS\SYSTEM32\kernel.appcore.dll
0x00007ffdd67e0000 - 0x00007ffdd67ea000 	C:\Users\badya\.vscode\extensions\redhat.java-1.56.0-win32-x64\jre\21.0.12.1-win32-x86_64\bin\jimage.dll
0x00007ffde8a30000 - 0x00007ffde8c7c000 	C:\WINDOWS\SYSTEM32\DBGHELP.DLL
0x00007ffdec610000 - 0x00007ffdec995000 	C:\WINDOWS\System32\combase.dll
0x00007ffded190000 - 0x00007ffded269000 	C:\WINDOWS\System32\OLEAUT32.dll
0x00007ffdd2e80000 - 0x00007ffdd2ebb000 	C:\WINDOWS\SYSTEM32\dbgcore.DLL
0x00007ffdeba60000 - 0x00007ffdebb0c000 	C:\WINDOWS\System32\bcryptPrimitives.dll
0x00007ffdc8ed0000 - 0x00007ffdc8edf000 	C:\Users\badya\.vscode\extensions\redhat.java-1.56.0-win32-x64\jre\21.0.12.1-win32-x86_64\bin\instrument.dll
0x00007ffdc1570000 - 0x00007ffdc1590000 	C:\Users\badya\.vscode\extensions\redhat.java-1.56.0-win32-x64\jre\21.0.12.1-win32-x86_64\bin\java.dll
0x00007ffdedab0000 - 0x00007ffdee248000 	C:\WINDOWS\System32\SHELL32.dll
0x00007ffde8f70000 - 0x00007ffde981e000 	C:\WINDOWS\SYSTEM32\windows.storage.dll
0x00007ffdece70000 - 0x00007ffdecf6b000 	C:\WINDOWS\System32\SHCORE.dll
0x00007ffded900000 - 0x00007ffded966000 	C:\WINDOWS\System32\shlwapi.dll
0x00007ffdeb460000 - 0x00007ffdeb489000 	C:\WINDOWS\SYSTEM32\profapi.dll
0x00007ffdc0f80000 - 0x00007ffdc0f98000 	C:\Users\badya\.vscode\extensions\redhat.java-1.56.0-win32-x64\jre\21.0.12.1-win32-x86_64\bin\zip.dll
0x00007ffdd4ab0000 - 0x00007ffdd4ac0000 	C:\Users\badya\.vscode\extensions\redhat.java-1.56.0-win32-x64\jre\21.0.12.1-win32-x86_64\bin\net.dll
0x00007ffddbbf0000 - 0x00007ffddbd1a000 	C:\WINDOWS\SYSTEM32\WINHTTP.dll
0x00007ffdea7d0000 - 0x00007ffdea83c000 	C:\WINDOWS\system32\mswsock.dll
0x00007ffdbcf80000 - 0x00007ffdbcf96000 	C:\Users\badya\.vscode\extensions\redhat.java-1.56.0-win32-x64\jre\21.0.12.1-win32-x86_64\bin\nio.dll
0x00007ffdd3590000 - 0x00007ffdd35a0000 	C:\Users\badya\.vscode\extensions\redhat.java-1.56.0-win32-x64\jre\21.0.12.1-win32-x86_64\bin\verify.dll
0x00007ffdb3bd0000 - 0x00007ffdb3bf7000 	C:\Users\badya\.gradle\native\1def1411415f61bf3af743bc5b6707747c0891f09f0c88961ee8f79bc544acac\windows-amd64\native-platform.dll
0x00000000529b0000 - 0x0000000052a23000 	C:\Users\badya\.gradle\native\0.2.5\x86_64-windows-gnu\gradle-fileevents.dll
0x00007ffdd1970000 - 0x00007ffdd197a000 	C:\Users\badya\.vscode\extensions\redhat.java-1.56.0-win32-x64\jre\21.0.12.1-win32-x86_64\bin\management.dll
0x00007ffdd18b0000 - 0x00007ffdd18bc000 	C:\Users\badya\.vscode\extensions\redhat.java-1.56.0-win32-x64\jre\21.0.12.1-win32-x86_64\bin\management_ext.dll
0x00007ffded390000 - 0x00007ffded398000 	C:\WINDOWS\System32\PSAPI.DLL
0x00007ffdeaac0000 - 0x00007ffdeaadb000 	C:\WINDOWS\SYSTEM32\CRYPTSP.dll
0x00007ffdea170000 - 0x00007ffdea1a9000 	C:\WINDOWS\system32\rsaenh.dll
0x00007ffdea880000 - 0x00007ffdea8b4000 	C:\WINDOWS\SYSTEM32\USERENV.dll
0x00007ffdeb430000 - 0x00007ffdeb45a000 	C:\WINDOWS\SYSTEM32\bcrypt.dll
0x00007ffdeaae0000 - 0x00007ffdeaaec000 	C:\WINDOWS\SYSTEM32\CRYPTBASE.dll
0x00007ffde9be0000 - 0x00007ffde9c13000 	C:\WINDOWS\SYSTEM32\IPHLPAPI.DLL
0x00007ffdedaa0000 - 0x00007ffdedaaa000 	C:\WINDOWS\System32\NSI.dll
0x00007ffdcb340000 - 0x00007ffdcb349000 	C:\Users\badya\.vscode\extensions\redhat.java-1.56.0-win32-x64\jre\21.0.12.1-win32-x86_64\bin\extnet.dll
0x00007ffdc8dc0000 - 0x00007ffdc8dce000 	C:\Users\badya\.vscode\extensions\redhat.java-1.56.0-win32-x64\jre\21.0.12.1-win32-x86_64\bin\sunmscapi.dll
0x00007ffdeb8d0000 - 0x00007ffdeba4e000 	C:\WINDOWS\System32\CRYPT32.dll
0x00007ffdead00000 - 0x00007ffdead30000 	C:\WINDOWS\SYSTEM32\ncrypt.dll
0x00007ffdeacb0000 - 0x00007ffdeacef000 	C:\WINDOWS\SYSTEM32\NTASN1.dll
0x00007ffdd1e00000 - 0x00007ffdd1e08000 	C:\WINDOWS\system32\wshunix.dll
0x0000000052630000 - 0x00000000526a3000 	C:\Users\badya\AppData\Local\Temp\native-platform16905789448066138492dir\gradle-fileevents.dll

JVMTI agents:
C:\Users\badya\.gradle\wrapper\dists\gradle-8.12-all\ejduaidbjup3bmmkhw3rie4zb\gradle-8.12\lib\agents\gradle-instrumentation-agent-8.12.jar path:C:\Users\badya\.vscode\extensions\redhat.java-1.56.0-win32-x64\jre\21.0.12.1-win32-x86_64\bin\instrument.dll, loaded, initialized, instrumentlib options:none

dbghelp: loaded successfully - version: 4.0.5 - missing functions: none
symbol engine: initialized successfully - sym options: 0x614 - pdb path: .;C:\Users\badya\.vscode\extensions\redhat.java-1.56.0-win32-x64\jre\21.0.12.1-win32-x86_64\bin;C:\WINDOWS\SYSTEM32;C:\WINDOWS\WinSxS\amd64_microsoft.windows.common-controls_6595b64144ccf1df_6.0.26100.9278_none_3e0d1ba8e3303201;C:\Users\badya\.vscode\extensions\redhat.java-1.56.0-win32-x64\jre\21.0.12.1-win32-x86_64\bin\server;C:\Users\badya\.gradle\native\1def1411415f61bf3af743bc5b6707747c0891f09f0c88961ee8f79bc544acac\windows-amd64;C:\Users\badya\.gradle\native\0.2.5\x86_64-windows-gnu;C:\Users\badya\AppData\Local\Temp\native-platform16905789448066138492dir

VM Arguments:
jvm_args: --add-opens=java.base/java.lang=ALL-UNNAMED --add-opens=java.base/java.lang.invoke=ALL-UNNAMED --add-opens=java.base/java.util=ALL-UNNAMED --add-opens=java.prefs/java.util.prefs=ALL-UNNAMED --add-exports=jdk.compiler/com.sun.tools.javac.api=ALL-UNNAMED --add-exports=jdk.compiler/com.sun.tools.javac.util=ALL-UNNAMED --add-opens=java.base/java.util=ALL-UNNAMED --add-opens=java.prefs/java.util.prefs=ALL-UNNAMED --add-opens=java.base/java.nio.charset=ALL-UNNAMED --add-opens=java.base/java.net=ALL-UNNAMED --add-opens=java.base/java.util.concurrent.atomic=ALL-UNNAMED --add-opens=java.xml/javax.xml.namespace=ALL-UNNAMED -XX:MaxMetaspaceSize=4G -XX:ReservedCodeCacheSize=512m -XX:+HeapDumpOnOutOfMemoryError -Xmx8G -Dfile.encoding=UTF-8 -Duser.country=FR -Duser.language=fr -Duser.variant -javaagent:C:\Users\badya\.gradle\wrapper\dists\gradle-8.12-all\ejduaidbjup3bmmkhw3rie4zb\gradle-8.12\lib\agents\gradle-instrumentation-agent-8.12.jar 
java_command: org.gradle.launcher.daemon.bootstrap.GradleDaemon 8.12
java_class_path (initial): C:\Users\badya\.gradle\wrapper\dists\gradle-8.12-all\ejduaidbjup3bmmkhw3rie4zb\gradle-8.12\lib\gradle-daemon-main-8.12.jar
Launcher Type: SUN_STANDARD

[Global flags]
     intx CICompilerCount                          = 4                                         {product} {ergonomic}
     uint ConcGCThreads                            = 2                                         {product} {ergonomic}
     uint G1ConcRefinementThreads                  = 8                                         {product} {ergonomic}
   size_t G1HeapRegionSize                         = 4194304                                   {product} {ergonomic}
    uintx GCDrainStackTargetSize                   = 64                                        {product} {ergonomic}
     bool HeapDumpOnOutOfMemoryError               = true                                   {manageable} {command line}
   size_t InitialHeapSize                          = 130023424                                 {product} {ergonomic}
   size_t MarkStackSize                            = 4194304                                   {product} {ergonomic}
   size_t MaxHeapSize                              = 8589934592                                {product} {command line}
   size_t MaxMetaspaceSize                         = 4294967296                                {product} {command line}
   size_t MaxNewSize                               = 5150605312                                {product} {ergonomic}
   size_t MinHeapDeltaBytes                        = 4194304                                   {product} {ergonomic}
   size_t MinHeapSize                              = 8388608                                   {product} {ergonomic}
    uintx NonNMethodCodeHeapSize                   = 5839372                                {pd product} {ergonomic}
    uintx NonProfiledCodeHeapSize                  = 265515770                              {pd product} {ergonomic}
    uintx ProfiledCodeHeapSize                     = 265515770                              {pd product} {ergonomic}
    uintx ReservedCodeCacheSize                    = 536870912                              {pd product} {command line}
     bool SegmentedCodeCache                       = true                                      {product} {ergonomic}
   size_t SoftMaxHeapSize                          = 8589934592                             {manageable} {ergonomic}
     bool UseCompressedOops                        = true                           {product lp64_product} {ergonomic}
     bool UseG1GC                                  = true                                      {product} {ergonomic}
     bool UseLargePagesIndividualAllocation        = false                                  {pd product} {ergonomic}

Logging:
Log output configuration:
 #0: stdout all=warning uptime,level,tags foldmultilines=false
 #1: stderr all=off uptime,level,tags foldmultilines=false

Release file:
JAVA_VERSION="21.0.12.1" 
MODULES="java.base java.compiler java.datatransfer java.xml java.prefs java.desktop java.instrument java.logging java.management java.security.sasl java.naming java.rmi java.management.rmi java.net.http java.scripting java.security.jgss java.transaction.xa java.sql java.sql.rowset java.xml.crypto java.se java.smartcardio jdk.accessibility jdk.internal.jvmstat jdk.attach jdk.charsets jdk.internal.opt jdk.zipfs jdk.compiler jdk.crypto.ec jdk.crypto.cryptoki jdk.crypto.mscapi jdk.dynalink jdk.internal.ed jdk.editpad jdk.hotspot.agent jdk.httpserver jdk.internal.le jdk.internal.vm.ci jdk.internal.vm.compiler jdk.internal.vm.compiler.management jdk.jartool jdk.javadoc jdk.jcmd jdk.management jdk.management.agent jdk.jconsole jdk.jdeps jdk.jdwp.agent jdk.jdi jdk.jfr jdk.jshell jdk.jsobject jdk.jstatd jdk.localedata jdk.management.jfr jdk.naming.dns jdk.naming.rmi jdk.net jdk.nio.mapmode jdk.random jdk.sctp jdk.security.auth jdk.security.jgss jdk.unsupported jdk.unsupported.desktop jdk.xml.dom" 

Environment Variables:
JAVA_HOME=C:\Users\badya\.jdk\jdk-21.0.8
PATH=C:\Program Files\Python310\Scripts\;C:\Program Files\Python310\;C:\Program Files\Eclipse Adoptium\jdk-25.0.2.10-hotspot\bin;C:\Program Files\Eclipse Adoptium\jdk-8.0.472.8-hotspot\bin;C:\Program Files\Common Files\Oracle\Java\javapath;C:\Program Files\Eclipse Adoptium\jdk-17.0.13.11-hotspot\bin;C:\app\badya\product\21c\dbhomeXE\bin;C:\Windows\system32;C:\Windows;C:\Windows\System32\Wbem;C:\Windows\System32\WindowsPowerShell\v1.0\;C:\Windows\System32\OpenSSH\;C:\Program Files (x86)\NVIDIA Corporation\PhysX\Common;C:\Program Files\NVIDIA Corporation\NVIDIA NvDLISR;C:\WINDOWS\system32;C:\WINDOWS;C:\WINDOWS\System32\Wbem;C:\WINDOWS\System32\WindowsPowerShell\v1.0\;C:\WINDOWS\System32\OpenSSH\;C:\Program Files\Git\cmd;C:\Program Files\nodejs\;C:\ProgramData\chocolatey\bin;C:\Program Files\Docker\Docker\resources\bin;C:\Program Files\CMake\bin;C:\Program Files (x86)\Windows Kits\10\Windows Performance Toolkit\;C:\Program Files\Eclipse Adoptium\jdk-8.0.472.8-hotspot\bin;C:\Program Files\Common Files\Oracle\Java\javapath;C:\Program Files\Eclipse Adoptium\jdk-17.0.13.11-hotspot\bin;C:\app\badya\product\21c\dbhomeXE\bin;C:\Windows\system32;C:\Windows;C:\Windows\System32\Wbem;C:\Windows\System32\WindowsPowerShell\v1.0\;C:\Windows\System32\OpenSSH\;C:\Program Files (x86)\NVIDIA Corporation\PhysX\Common;C:\Program Files\NVIDIA Corporation\NVIDIA NvDLISR;C:\WINDOWS\system32;C:\WINDOWS;C:\WINDOWS\System32\Wbem;C:\WINDOWS\System32\WindowsPowerShell\v1.0\;C:\WINDOWS\System32\OpenSSH\;C:\Program Files\Git\cmd;C:\Program Files\nodejs\;C:\ProgramData\chocolatey\bin;C:\Program Files (x86)\Windows Kits\10\Windows Performance Toolkit\;C:\Program Files\Docker\Docker\resources\bin;C:\Program Files\Eclipse Adoptium\jdk-8.0.472.8-hotspot\bin;C:\Program Files\Common Files\Oracle\Java\javapath;C:\Program Files\Eclipse Adoptium\jdk-17.0.13.11-hotspot\bin;C:\app\badya\product\21c\dbhomeXE\bin;C:\Windows\system32;C:\Windows;C:\Windows\Syste;C:\Program Files\apache-maven-3.9.11\bin;C:\Flutter\flutter\bin;C:\Users\badya\AppData\Local\Programs\Antigravity\bin;C:\Users\badya\.local\bin;C:\Users\badya\AppData\Local\Programs\Microsoft VS Code\bin;C:\Users\badya\AppData\Local\Programs\MiKTeX\miktex\bin\x64\
USERNAME=badya
OS=Windows_NT
PROCESSOR_IDENTIFIER=Intel64 Family 6 Model 140 Stepping 1, GenuineIntel
TMP=C:\Users\badya\AppData\Local\Temp
TEMP=C:\Users\badya\AppData\Local\Temp




Periodic native trim disabled

---------------  S Y S T E M  ---------------

OS:
 Windows 11 , 64 bit Build 26100 (10.0.26100.9444)
OS uptime: 2 days 12:54 hours
Hyper-V role detected

CPU: total 8 (initial active 8) (4 cores per cpu, 2 threads per core) family 6 model 140 stepping 1 microcode 0xa6, cx8, cmov, fxsr, ht, mmx, 3dnowpref, sse, sse2, sse3, ssse3, sse4.1, sse4.2, popcnt, lzcnt, tsc, tscinvbit, avx, avx2, aes, erms, clmul, bmi1, bmi2, adx, avx512f, avx512dq, avx512cd, avx512bw, avx512vl, sha, fma, vzeroupper, avx512_vpopcntdq, avx512_vpclmulqdq, avx512_vaes, avx512_vnni, clflush, clflushopt, clwb, avx512_vbmi2, avx512_vbmi, hv, rdtscp, rdpid, fsrm, gfni, avx512_bitalg, f16c, cet_ibt, cet_ss, avx512_ifma
Processor Information for the first 8 processors :
  Max Mhz: 2803, Current Mhz: 2803, Mhz Limit: 2803

Memory: 4k page, system-wide physical 7886M (323M free)
TotalPageFile size 32462M (AvailPageFile size 12M)
current process WorkingSet (physical memory assigned to process): 69M, peak: 195M
current process commit charge ("private bytes"): 355M, peak: 555M

vm_info: OpenJDK 64-Bit Server VM (21.0.12.1+1-LTS) for windows-amd64 JRE (21.0.12.1+1-LTS), built on 2026-08-18T00:00:00Z by "admin" with MS VC++ 17.12 (VS2022)

END.
