#
# There is insufficient memory for the Java Runtime Environment to continue.
# Native memory allocation (mmap) failed to map 16777216 bytes. Error detail: G1 virtual space
# Possible reasons:
#   The system is out of physical RAM or swap space
#   This process is running with CompressedOops enabled, and the Java Heap may be blocking the growth of the native heap
# Possible solutions:
#   Reduce memory load on the system
#   Increase physical memory or swap space
#   Check if swap backing store is full
#   Decrease Java heap size (-Xmx/-Xms)
#   Decrease number of Java threads
#   Decrease Java thread stack sizes (-Xss)
#   Set larger code cache with -XX:ReservedCodeCacheSize=
#   JVM is running with Zero Based Compressed Oops mode in which the Java heap is
#     placed in the first 32GB address space. The Java Heap base address is the
#     maximum limit for the native heap growth. Please use -XX:HeapBaseMinAddress
#     to set the Java Heap base and to place the Java Heap above 32GB virtual address.
# This output file may be truncated or incomplete.
#
#  Out of Memory Error (os_windows.cpp:3732), pid=26444, tid=28000
#
# JRE version: OpenJDK Runtime Environment Temurin-21.0.12.1+1 (21.0.12.1+1) (build 21.0.12.1+1-LTS)
# Java VM: OpenJDK 64-Bit Server VM Temurin-21.0.12.1+1 (21.0.12.1+1-LTS, mixed mode, sharing, tiered, compressed oops, compressed class ptrs, g1 gc, windows-amd64)
# No core dump will be written. Minidumps are not enabled by default on client versions of Windows
#

---------------  S U M M A R Y ------------

Command Line: --add-opens=java.base/java.lang=ALL-UNNAMED --add-opens=java.base/java.lang.invoke=ALL-UNNAMED --add-opens=java.base/java.util=ALL-UNNAMED --add-opens=java.prefs/java.util.prefs=ALL-UNNAMED --add-exports=jdk.compiler/com.sun.tools.javac.api=ALL-UNNAMED --add-exports=jdk.compiler/com.sun.tools.javac.util=ALL-UNNAMED --add-opens=java.base/java.util=ALL-UNNAMED --add-opens=java.prefs/java.util.prefs=ALL-UNNAMED --add-opens=java.base/java.nio.charset=ALL-UNNAMED --add-opens=java.base/java.net=ALL-UNNAMED --add-opens=java.base/java.util.concurrent.atomic=ALL-UNNAMED --add-opens=java.xml/javax.xml.namespace=ALL-UNNAMED -XX:MaxMetaspaceSize=4G -XX:ReservedCodeCacheSize=512m -XX:+HeapDumpOnOutOfMemoryError -Xmx8G -Dfile.encoding=UTF-8 -Duser.country=FR -Duser.language=fr -Duser.variant -javaagent:C:\Users\badya\.gradle\wrapper\dists\gradle-8.12-all\ejduaidbjup3bmmkhw3rie4zb\gradle-8.12\lib\agents\gradle-instrumentation-agent-8.12.jar org.gradle.launcher.daemon.bootstrap.GradleDaemon 8.12

Host: 11th Gen Intel(R) Core(TM) i7-1165G7 @ 2.80GHz, 8 cores, 7G,  Windows 11 , 64 bit Build 26100 (10.0.26100.9444)
Time: Mon Sep 21 07:36:11 2026 Afr. centrale Ouest elapsed time: 13186.455801 seconds (0d 3h 39m 46s)

---------------  T H R E A D  ---------------

Current thread (0x00000169cc513a60):  VMThread "VM Thread"          [id=28000, stack(0x0000002e19a00000,0x0000002e19b00000) (1024K)]

Stack: [0x0000002e19a00000,0x0000002e19b00000]
Native frames: (J=compiled Java code, j=interpreted, Vv=VM code, C=native code)
V  [jvm.dll+0x6d83e9]
V  [jvm.dll+0x8b5736]
V  [jvm.dll+0x8b7cee]
V  [jvm.dll+0x8b83d3]
V  [jvm.dll+0x284596]
V  [jvm.dll+0x6d4d05]
V  [jvm.dll+0x6c898a]
V  [jvm.dll+0x35f2f8]
V  [jvm.dll+0x366f36]
V  [jvm.dll+0x3b804e]
V  [jvm.dll+0x3b82f8]
V  [jvm.dll+0x33320c]
V  [jvm.dll+0x33329a]
V  [jvm.dll+0x377382]
V  [jvm.dll+0x375b1a]
V  [jvm.dll+0x332951]
V  [jvm.dll+0x37517a]
V  [jvm.dll+0x8be0c0]
V  [jvm.dll+0x8bf434]
V  [jvm.dll+0x8bf960]
V  [jvm.dll+0x8bfc03]
V  [jvm.dll+0x8600cd]
V  [jvm.dll+0x6d6c1d]
C  [ucrtbase.dll+0x2cd30]
C  [KERNEL32.DLL+0x2cd87]
C  [ntdll.dll+0xacaec]

VM_Operation (0x0000002e192fe860): G1CollectForAllocation, mode: safepoint, requested by thread 0x0000016a14ea9920


---------------  P R O C E S S  ---------------

Threads class SMR info:
_java_thread_list=0x0000016a18e93a00, length=56, elements={
0x000001699ec328c0, 0x00000169cc5357e0, 0x00000169cc536f60, 0x00000169cc53aaf0,
0x00000169cc53db70, 0x00000169cc53e5d0, 0x00000169cc53f030, 0x00000169cc53fdc0,
0x00000169cc545f10, 0x0000016a141b3700, 0x0000016a142807e0, 0x0000016a14ea9920,
0x0000016a1555b780, 0x0000016a1576c770, 0x0000016a15448be0, 0x0000016a15537ff0,
0x0000016a155372d0, 0x0000016a15535890, 0x0000016a15538680, 0x0000016a15535f20,
0x0000016a155365b0, 0x0000016a15536c40, 0x0000016a15537960, 0x0000016a15538d10,
0x0000016a17895fb0, 0x0000016a17892b30, 0x0000016a17894c00, 0x0000016a17895290,
0x0000016a17896cd0, 0x0000016a17896640, 0x0000016a17894570, 0x0000016a17899ac0,
0x0000016a17898710, 0x0000016a17899430, 0x0000016a18991720, 0x0000016a18991db0,
0x0000016a18992440, 0x0000016a18990a00, 0x0000016a189937f0, 0x0000016a18992ad0,
0x0000016a18993160, 0x0000016a18990370, 0x0000016a18993e80, 0x0000016a18994510,
0x0000016a18991090, 0x0000016a18994ba0, 0x0000016a18997990, 0x0000016a18995230,
0x0000016a189965e0, 0x0000016a18996c70, 0x0000016a18997300, 0x0000016a18995f50,
0x0000016a189958c0, 0x0000016a16354330, 0x0000016a16356400, 0x0000016a16352f80
}

Java Threads: ( => current thread )
  0x000001699ec328c0 JavaThread "main"                              [_thread_blocked, id=26116, stack(0x0000002e19300000,0x0000002e19400000) (1024K)]
  0x00000169cc5357e0 JavaThread "Reference Handler"          daemon [_thread_blocked, id=28524, stack(0x0000002e19b00000,0x0000002e19c00000) (1024K)]
  0x00000169cc536f60 JavaThread "Finalizer"                  daemon [_thread_blocked, id=28576, stack(0x0000002e19c00000,0x0000002e19d00000) (1024K)]
  0x00000169cc53aaf0 JavaThread "Signal Dispatcher"          daemon [_thread_blocked, id=25472, stack(0x0000002e19d00000,0x0000002e19e00000) (1024K)]
  0x00000169cc53db70 JavaThread "Attach Listener"            daemon [_thread_blocked, id=6496, stack(0x0000002e19e00000,0x0000002e19f00000) (1024K)]
  0x00000169cc53e5d0 JavaThread "Service Thread"             daemon [_thread_blocked, id=1192, stack(0x0000002e19f00000,0x0000002e1a000000) (1024K)]
  0x00000169cc53f030 JavaThread "Monitor Deflation Thread"   daemon [_thread_blocked, id=29412, stack(0x0000002e1a000000,0x0000002e1a100000) (1024K)]
  0x00000169cc53fdc0 JavaThread "C2 CompilerThread0"         daemon [_thread_blocked, id=14204, stack(0x0000002e1a100000,0x0000002e1a200000) (1024K)]
  0x00000169cc545f10 JavaThread "C1 CompilerThread0"         daemon [_thread_blocked, id=21468, stack(0x0000002e1a200000,0x0000002e1a300000) (1024K)]
  0x0000016a141b3700 JavaThread "Common-Cleaner"             daemon [_thread_blocked, id=27176, stack(0x0000002e1a300000,0x0000002e1a400000) (1024K)]
  0x0000016a142807e0 JavaThread "Notification Thread"        daemon [_thread_blocked, id=20784, stack(0x0000002e1a400000,0x0000002e1a500000) (1024K)]
  0x0000016a14ea9920 JavaThread "Daemon health stats"               [_thread_blocked, id=26516, stack(0x0000002e19200000,0x0000002e19300000) (1024K)]
  0x0000016a1555b780 JavaThread "Incoming local TCP Connector on port 51140"        [_thread_in_native, id=7880, stack(0x0000002e1aa00000,0x0000002e1ab00000) (1024K)]
  0x0000016a1576c770 JavaThread "Daemon periodic checks"            [_thread_blocked, id=20716, stack(0x0000002e1ab00000,0x0000002e1ac00000) (1024K)]
  0x0000016a15448be0 JavaThread "Daemon worker"                     [_thread_blocked, id=18216, stack(0x0000002e1af00000,0x0000002e1b000000) (1024K)]
  0x0000016a15537ff0 JavaThread "Daemon Thread 2"                   [_thread_blocked, id=7460, stack(0x0000002e1ae00000,0x0000002e1af00000) (1024K)]
  0x0000016a155372d0 JavaThread "Handler for socket connection from /127.0.0.1:51140 to /127.0.0.1:51147"        [_thread_in_native, id=8832, stack(0x0000002e1b000000,0x0000002e1b100000) (1024K)]
  0x0000016a15535890 JavaThread "Cancel handler"                    [_thread_blocked, id=14560, stack(0x0000002e1b100000,0x0000002e1b200000) (1024K)]
  0x0000016a15538680 JavaThread "Asynchronous log dispatcher for DefaultDaemonConnection: socket connection from /127.0.0.1:51140 to /127.0.0.1:51147"        [_thread_blocked, id=13320, stack(0x0000002e1b200000,0x0000002e1b300000) (1024K)]
  0x0000016a15535f20 JavaThread "Stdin handler"                     [_thread_blocked, id=28364, stack(0x0000002e1b300000,0x0000002e1b400000) (1024K)]
  0x0000016a155365b0 JavaThread "Daemon client event forwarder"        [_thread_blocked, id=27664, stack(0x0000002e1b400000,0x0000002e1b500000) (1024K)]
  0x0000016a15536c40 JavaThread "Cache worker for journal cache (C:\Users\badya\.gradle\caches\journal-1)"        [_thread_blocked, id=19700, stack(0x0000002e1b700000,0x0000002e1b800000) (1024K)]
  0x0000016a15537960 JavaThread "File lock request listener"        [_thread_in_native, id=9564, stack(0x0000002e1b800000,0x0000002e1b900000) (1024K)]
  0x0000016a15538d10 JavaThread "Cache worker for file hash cache (C:\Users\badya\.gradle\caches\8.12\fileHashes)"        [_thread_blocked, id=21032, stack(0x0000002e1b900000,0x0000002e1ba00000) (1024K)]
  0x0000016a17895fb0 JavaThread "Cache worker for file hash cache (C:\test2-final-adas-dms\couche4_mobile\android\.gradle\8.12\fileHashes)"        [_thread_blocked, id=18056, stack(0x0000002e1a900000,0x0000002e1aa00000) (1024K)]
  0x0000016a17892b30 JavaThread "Cache worker for Build Output Cleanup Cache (C:\test2-final-adas-dms\couche4_mobile\android\.gradle\buildOutputCleanup)"        [_thread_blocked, id=5904, stack(0x0000002e1ac00000,0x0000002e1ad00000) (1024K)]
  0x0000016a17894c00 JavaThread "File watcher server"        daemon [_thread_in_native, id=6444, stack(0x0000002e1bb00000,0x0000002e1bc00000) (1024K)]
  0x0000016a17895290 JavaThread "File watcher consumer"      daemon [_thread_blocked, id=6164, stack(0x0000002e1bc00000,0x0000002e1bd00000) (1024K)]
  0x0000016a17896cd0 JavaThread "Cache worker for checksums cache (C:\test2-final-adas-dms\couche4_mobile\android\.gradle\8.12\checksums)"        [_thread_blocked, id=16480, stack(0x0000002e1bd00000,0x0000002e1be00000) (1024K)]
  0x0000016a17896640 JavaThread "Cache worker for file content cache (C:\Users\badya\.gradle\caches\8.12\fileContent)"        [_thread_blocked, id=22600, stack(0x0000002e1be00000,0x0000002e1bf00000) (1024K)]
  0x0000016a17894570 JavaThread "Cache worker for cache directory md-rule (C:\Users\badya\.gradle\caches\8.12\md-rule)"        [_thread_blocked, id=21224, stack(0x0000002e1bf00000,0x0000002e1c000000) (1024K)]
  0x0000016a17899ac0 JavaThread "Cache worker for cache directory md-supplier (C:\Users\badya\.gradle\caches\8.12\md-supplier)"        [_thread_blocked, id=19552, stack(0x0000002e1c000000,0x0000002e1c100000) (1024K)]
  0x0000016a17898710 JavaThread "Cache worker for Build Output Cleanup Cache (C:\Flutter\flutter\packages\flutter_tools\gradle\.gradle\buildOutputCleanup)"        [_thread_blocked, id=25336, stack(0x0000002e1c100000,0x0000002e1c200000) (1024K)]
  0x0000016a17899430 JavaThread "Unconstrained build operations"        [_thread_blocked, id=19760, stack(0x0000002e1c400000,0x0000002e1c500000) (1024K)]
  0x0000016a18991720 JavaThread "Unconstrained build operations Thread 2"        [_thread_blocked, id=25220, stack(0x0000002e1c500000,0x0000002e1c600000) (1024K)]
  0x0000016a18991db0 JavaThread "Unconstrained build operations Thread 3"        [_thread_blocked, id=10912, stack(0x0000002e1c600000,0x0000002e1c700000) (1024K)]
  0x0000016a18992440 JavaThread "Unconstrained build operations Thread 4"        [_thread_blocked, id=9596, stack(0x0000002e1c700000,0x0000002e1c800000) (1024K)]
  0x0000016a18990a00 JavaThread "Unconstrained build operations Thread 5"        [_thread_blocked, id=26496, stack(0x0000002e1c800000,0x0000002e1c900000) (1024K)]
  0x0000016a189937f0 JavaThread "Unconstrained build operations Thread 6"        [_thread_blocked, id=19352, stack(0x0000002e1c900000,0x0000002e1ca00000) (1024K)]
  0x0000016a18992ad0 JavaThread "Unconstrained build operations Thread 7"        [_thread_blocked, id=20016, stack(0x0000002e1ca00000,0x0000002e1cb00000) (1024K)]
  0x0000016a18993160 JavaThread "Unconstrained build operations Thread 8"        [_thread_blocked, id=4588, stack(0x0000002e1cb00000,0x0000002e1cc00000) (1024K)]
  0x0000016a18990370 JavaThread "Unconstrained build operations Thread 9"        [_thread_blocked, id=20052, stack(0x0000002e1cc00000,0x0000002e1cd00000) (1024K)]
  0x0000016a18993e80 JavaThread "Unconstrained build operations Thread 10"        [_thread_blocked, id=28428, stack(0x0000002e1cd00000,0x0000002e1ce00000) (1024K)]
  0x0000016a18994510 JavaThread "Unconstrained build operations Thread 11"        [_thread_blocked, id=28148, stack(0x0000002e1ce00000,0x0000002e1cf00000) (1024K)]
  0x0000016a18991090 JavaThread "Unconstrained build operations Thread 12"        [_thread_blocked, id=22588, stack(0x0000002e1cf00000,0x0000002e1d000000) (1024K)]
  0x0000016a18994ba0 JavaThread "Unconstrained build operations Thread 13"        [_thread_blocked, id=23772, stack(0x0000002e1d000000,0x0000002e1d100000) (1024K)]
  0x0000016a18997990 JavaThread "Unconstrained build operations Thread 14"        [_thread_blocked, id=16372, stack(0x0000002e1d100000,0x0000002e1d200000) (1024K)]
  0x0000016a18995230 JavaThread "Unconstrained build operations Thread 15"        [_thread_blocked, id=17268, stack(0x0000002e1d200000,0x0000002e1d300000) (1024K)]
  0x0000016a189965e0 JavaThread "Unconstrained build operations Thread 16"        [_thread_blocked, id=18088, stack(0x0000002e1d300000,0x0000002e1d400000) (1024K)]
  0x0000016a18996c70 JavaThread "Unconstrained build operations Thread 17"        [_thread_blocked, id=8696, stack(0x0000002e1d400000,0x0000002e1d500000) (1024K)]
  0x0000016a18997300 JavaThread "Unconstrained build operations Thread 18"        [_thread_blocked, id=15492, stack(0x0000002e1d500000,0x0000002e1d600000) (1024K)]
  0x0000016a18995f50 JavaThread "Unconstrained build operations Thread 19"        [_thread_blocked, id=3712, stack(0x0000002e1d600000,0x0000002e1d700000) (1024K)]
  0x0000016a189958c0 JavaThread "Unconstrained build operations Thread 20"        [_thread_blocked, id=3336, stack(0x0000002e1d700000,0x0000002e1d800000) (1024K)]
  0x0000016a16354330 JavaThread "Unconstrained build operations Thread 21"        [_thread_blocked, id=8944, stack(0x0000002e1d800000,0x0000002e1d900000) (1024K)]
  0x0000016a16356400 JavaThread "Memory manager"                    [_thread_blocked, id=23436, stack(0x0000002e1c300000,0x0000002e1c400000) (1024K)]
  0x0000016a16352f80 JavaThread "build event listener"              [_thread_blocked, id=6224, stack(0x0000002e1c200000,0x0000002e1c300000) (1024K)]
Total: 56

Other Threads:
=>0x00000169cc513a60 VMThread "VM Thread"                           [id=28000, stack(0x0000002e19a00000,0x0000002e19b00000) (1024K)]
  0x00000169cc501f30 WatcherThread "VM Periodic Task Thread"        [id=4576, stack(0x0000002e19900000,0x0000002e19a00000) (1024K)]
  0x000001699ecdce10 WorkerThread "GC Thread#0"                     [id=15728, stack(0x0000002e19400000,0x0000002e19500000) (1024K)]
  0x0000016a142bbd50 WorkerThread "GC Thread#1"                     [id=11496, stack(0x0000002e1a500000,0x0000002e1a600000) (1024K)]
  0x0000016a1403e330 WorkerThread "GC Thread#2"                     [id=332, stack(0x0000002e1a600000,0x0000002e1a700000) (1024K)]
  0x0000016a14cb1f80 WorkerThread "GC Thread#3"                     [id=6812, stack(0x0000002e1a700000,0x0000002e1a800000) (1024K)]
  0x0000016a1442fbf0 WorkerThread "GC Thread#4"                     [id=27592, stack(0x0000002e1a800000,0x0000002e1a900000) (1024K)]
  0x0000016a15552380 WorkerThread "GC Thread#5"                     [id=20256, stack(0x0000002e1ad00000,0x0000002e1ae00000) (1024K)]
  0x0000016a15552730 WorkerThread "GC Thread#6"                     [id=9496, stack(0x0000002e1b500000,0x0000002e1b600000) (1024K)]
  0x0000016a15553640 WorkerThread "GC Thread#7"                     [id=21852, stack(0x0000002e1b600000,0x0000002e1b700000) (1024K)]
  0x000001699ecedd10 ConcurrentGCThread "G1 Main Marker"            [id=26332, stack(0x0000002e19500000,0x0000002e19600000) (1024K)]
  0x000001699ecee730 WorkerThread "G1 Conc#0"                       [id=14004, stack(0x0000002e19600000,0x0000002e19700000) (1024K)]
  0x0000016a16ce4600 WorkerThread "G1 Conc#1"                       [id=21992, stack(0x0000002e19100000,0x0000002e19200000) (1024K)]
  0x00000169cc3d2780 ConcurrentGCThread "G1 Refine#0"               [id=23536, stack(0x0000002e19700000,0x0000002e19800000) (1024K)]
  0x00000169cc3d3210 ConcurrentGCThread "G1 Service"                [id=2568, stack(0x0000002e19800000,0x0000002e19900000) (1024K)]
Total: 15

Threads with active compile tasks:
Total: 0

VM state: at safepoint (normal execution)

VM Mutex/Monitor currently owned by a thread:  ([mutex/lock_event])
[0x00007ffd2769f5b0] Threads_lock - owner thread: 0x00000169cc513a60
[0x00007ffd2769f6b0] Heap_lock - owner thread: 0x0000016a14ea9920

Heap address: 0x0000000600000000, size: 8192 MB, Compressed Oops mode: Zero based, Oop shift amount: 3

CDS archive(s) mapped at: [0x00000169cf000000-0x00000169cfba0000-0x00000169cfba0000), size 12189696, SharedBaseAddress: 0x00000169cf000000, ArchiveRelocationMode: 1.
Compressed class space mapped at: 0x00000169d0000000-0x0000016a10000000, reserved size: 1073741824
Narrow klass base: 0x00000169cf000000, Narrow klass shift: 0, Narrow klass range: 0x100000000

GC Precious Log:
 CardTable entry size: 512
 Card Set container configuration: InlinePtr #cards 4 size 8 Array Of Cards #cards 32 size 80 Howl #buckets 8 coarsen threshold 7372 Howl Bitmap #cards 1024 size 144 coarsen threshold 921 Card regions per heap region 1 cards per card region 8192
 CPUs: 8 total, 8 available
 Memory: 7886M
 Large Page Support: Disabled
 NUMA Support: Disabled
 Compressed Oops: Enabled (Zero based)
 Heap Region Size: 4M
 Heap Min Capacity: 8M
 Heap Initial Capacity: 124M
 Heap Max Capacity: 8G
 Pre-touch: Disabled
 Parallel Workers: 8
 Concurrent Workers: 2
 Concurrent Refinement Workers: 8
 Periodic GC: Disabled

Heap:
 garbage-first heap   total 114688K, used 60015K [0x0000000600000000, 0x0000000800000000)
  region size 4096K, 1 young (4096K), 1 survivors (4096K)
 Metaspace       used 66855K, committed 68800K, reserved 1114112K
  class space    used 9782K, committed 10752K, reserved 1048576K

Heap Regions: E=young(eden), S=young(survivor), O=old, HS=humongous(starts), HC=humongous(continues), CS=collection set, F=free, TAMS=top-at-mark-start, PB=parsable bottom
|   0|0x0000000600000000, 0x0000000600400000, 0x0000000600400000|100%|HS|  |TAMS 0x0000000600400000| PB 0x0000000600000000| Complete 
|   1|0x0000000600400000, 0x0000000600800000, 0x0000000600800000|100%| O|  |TAMS 0x0000000600800000| PB 0x0000000600400000| Untracked 
|   2|0x0000000600800000, 0x0000000600c00000, 0x0000000600c00000|100%| O|  |TAMS 0x0000000600c00000| PB 0x0000000600800000| Untracked 
|   3|0x0000000600c00000, 0x0000000601000000, 0x0000000601000000|100%| O|  |TAMS 0x0000000601000000| PB 0x0000000600c00000| Untracked 
|   4|0x0000000601000000, 0x0000000601400000, 0x0000000601400000|100%| O|  |TAMS 0x0000000601400000| PB 0x0000000601000000| Untracked 
|   5|0x0000000601400000, 0x0000000601800000, 0x0000000601800000|100%| O|  |TAMS 0x0000000601800000| PB 0x0000000601400000| Untracked 
|   6|0x0000000601800000, 0x0000000601c00000, 0x0000000601c00000|100%| O|  |TAMS 0x0000000601c00000| PB 0x0000000601800000| Untracked 
|   7|0x0000000601c00000, 0x0000000601c00000, 0x0000000602000000|  0%| F|  |TAMS 0x0000000601c00000| PB 0x0000000601c00000| Untracked 
|   8|0x0000000602000000, 0x0000000602400000, 0x0000000602400000|100%| O|  |TAMS 0x0000000602400000| PB 0x0000000602000000| Untracked 
|   9|0x0000000602400000, 0x0000000602800000, 0x0000000602800000|100%| O|  |TAMS 0x0000000602800000| PB 0x0000000602400000| Untracked 
|  10|0x0000000602800000, 0x0000000602c00000, 0x0000000602c00000|100%|HS|  |TAMS 0x0000000602c00000| PB 0x0000000602800000| Complete 
|  11|0x0000000602c00000, 0x0000000603000000, 0x0000000603000000|100%|HS|  |TAMS 0x0000000603000000| PB 0x0000000602c00000| Complete 
|  12|0x0000000603000000, 0x0000000603000000, 0x0000000603400000|  0%| F|  |TAMS 0x0000000603000000| PB 0x0000000603000000| Untracked 
|  13|0x0000000603400000, 0x0000000603800000, 0x0000000603800000|100%| O|  |TAMS 0x0000000603800000| PB 0x0000000603400000| Untracked 
|  14|0x0000000603800000, 0x0000000603c00000, 0x0000000603c00000|100%| O|  |TAMS 0x0000000603c00000| PB 0x0000000603800000| Untracked 
|  15|0x0000000603c00000, 0x0000000603c00000, 0x0000000604000000|  0%| F|  |TAMS 0x0000000603c00000| PB 0x0000000603c00000| Untracked 
|  16|0x0000000604000000, 0x00000006041c43b8, 0x0000000604400000| 44%| O|  |TAMS 0x00000006041c43b8| PB 0x0000000604000000| Untracked 
|  17|0x0000000604400000, 0x0000000604400000, 0x0000000604800000|  0%| F|  |TAMS 0x0000000604400000| PB 0x0000000604400000| Untracked 
|  18|0x0000000604800000, 0x0000000604800000, 0x0000000604c00000|  0%| F|  |TAMS 0x0000000604800000| PB 0x0000000604800000| Untracked 
|  19|0x0000000604c00000, 0x0000000604c00000, 0x0000000605000000|  0%| F|  |TAMS 0x0000000604c00000| PB 0x0000000604c00000| Untracked 
|  20|0x0000000605000000, 0x0000000605000000, 0x0000000605400000|  0%| F|  |TAMS 0x0000000605000000| PB 0x0000000605000000| Untracked 
|  21|0x0000000605400000, 0x0000000605400000, 0x0000000605800000|  0%| F|  |TAMS 0x0000000605400000| PB 0x0000000605400000| Untracked 
|  22|0x0000000605800000, 0x0000000605800000, 0x0000000605c00000|  0%| F|  |TAMS 0x0000000605800000| PB 0x0000000605800000| Untracked 
|  23|0x0000000605c00000, 0x0000000605c00000, 0x0000000606000000|  0%| F|  |TAMS 0x0000000605c00000| PB 0x0000000605c00000| Untracked 
|  24|0x0000000606000000, 0x0000000606000000, 0x0000000606400000|  0%| F|  |TAMS 0x0000000606000000| PB 0x0000000606000000| Untracked 
|  25|0x0000000606400000, 0x00000006064d7aa0, 0x0000000606800000| 21%| S|CS|TAMS 0x0000000606400000| PB 0x0000000606400000| Complete 
|  30|0x0000000607800000, 0x0000000607800000, 0x0000000607c00000|  0%| F|  |TAMS 0x0000000607800000| PB 0x0000000607800000| Untracked 
|2047|0x00000007ffc00000, 0x0000000800000000, 0x0000000800000000|100%| O|  |TAMS 0x0000000800000000| PB 0x00000007ffc00000| Untracked 

Card table byte_map: [0x00000169c3380000,0x00000169c4380000] _byte_map_base: 0x00000169c0380000

Marking Bits: (CMBitMap*) 0x000001699ecdd430
 Bits: [0x00000169c4380000, 0x00000169cc380000)

Polling page: 0x000001699c9e0000

Metaspace:

Usage:
  Non-class:     55.74 MB used.
      Class:      9.55 MB used.
       Both:     65.29 MB used.

Virtual space:
  Non-class space:       64.00 MB reserved,      56.69 MB ( 89%) committed,  1 nodes.
      Class space:        1.00 GB reserved,      10.50 MB (  1%) committed,  1 nodes.
             Both:        1.06 GB reserved,      67.19 MB (  6%) committed. 

Chunk freelists:
   Non-Class:  6.70 MB
       Class:  5.48 MB
        Both:  12.18 MB

MaxMetaspaceSize: 4.00 GB
CompressedClassSpaceSize: 1.00 GB
Initial GC threshold: 21.00 MB
Current GC threshold: 109.94 MB
CDS: on
 - commit_granule_bytes: 65536.
 - commit_granule_words: 8192.
 - virtual_space_node_default_size: 8388608.
 - enlarge_chunks_in_place: 1.
 - use_allocation_guard: 0.


Internal statistics:

num_allocs_failed_limit: 9.
num_arena_births: 3590.
num_arena_deaths: 0.
num_vsnodes_births: 2.
num_vsnodes_deaths: 0.
num_space_committed: 1075.
num_space_uncommitted: 0.
num_chunks_returned_to_freelist: 9.
num_chunks_taken_from_freelist: 6818.
num_chunk_merges: 6.
num_chunk_splits: 4375.
num_chunks_enlarged: 2663.
num_inconsistent_stats: 0.

CodeHeap 'non-profiled nmethods': size=259264Kb used=4747Kb max_used=4747Kb free=254516Kb
 bounds [0x00000169b2100000, 0x00000169b25b0000, 0x00000169c1e30000]
CodeHeap 'profiled nmethods': size=259264Kb used=13693Kb max_used=14509Kb free=245570Kb
 bounds [0x00000169a1e30000, 0x00000169a2c60000, 0x00000169b1b60000]
CodeHeap 'non-nmethods': size=5760Kb used=2118Kb max_used=2168Kb free=3641Kb
 bounds [0x00000169b1b60000, 0x00000169b1dd0000, 0x00000169b2100000]
CodeCache: size=524288Kb, used=20558Kb, max_used=21424Kb, free=503727Kb
 total_blobs=8349, nmethods=7557, adapters=696, full_count=0
Compilation: enabled, stopped_count=0, restarted_count=0

Compilation events (20 events):
Event: 13160.855 Thread 0x00000169cc545f10 8822       3       org.gradle.launcher.daemon.server.health.gc.GarbageCollectionStats::calculateAverageUsage (53 bytes)
Event: 13160.862 Thread 0x00000169cc53fdc0 8823       4       java.util.regex.Pattern$Node::study (21 bytes)
Event: 13160.985 Thread 0x00000169cc53fdc0 nmethod 8823 0x00000169b25a1a90 code [0x00000169b25a1c40, 0x00000169b25a1d98]
Event: 13160.998 Thread 0x00000169cc53fdc0 8825       4       java.util.stream.ReferencePipeline$7::opWrapSink (10 bytes)
Event: 13160.999 Thread 0x00000169cc53fdc0 nmethod 8825 0x00000169b25a1f10 code [0x00000169b25a20a0, 0x00000169b25a22d0]
Event: 13162.844 Thread 0x00000169cc53fdc0 8826       4       java.util.stream.FindOps$FindSink::accept (18 bytes)
Event: 13162.901 Thread 0x00000169cc53fdc0 nmethod 8826 0x00000169b25a2410 code [0x00000169b25a25a0, 0x00000169b25a2728]
Event: 13163.035 Thread 0x00000169cc545f10 nmethod 8822 0x00000169a1fe0090 code [0x00000169a1fe02a0, 0x00000169a1fe08f8]
Event: 13163.035 Thread 0x00000169cc545f10 8824       3       org.gradle.cache.internal.filelock.DefaultLockOptions::<init> (15 bytes)
Event: 13163.194 Thread 0x00000169cc53fdc0 8827       4       jdk.management.jfr.internal.FlightRecorderMXBeanProvider$SingleMBeanComponent::mbeanInterfaceNames (11 bytes)
Event: 13163.221 Thread 0x00000169cc545f10 nmethod 8824 0x00000169a26aa090 code [0x00000169a26aa240, 0x00000169a26aa418]
Event: 13163.518 Thread 0x00000169cc53fdc0 nmethod 8827 0x00000169b25a2810 code [0x00000169b25a29a0, 0x00000169b25a2ae0]
Event: 13163.628 Thread 0x00000169cc53fdc0 8828       4       java.lang.management.MemoryUsage::<init> (170 bytes)
Event: 13163.687 Thread 0x00000169cc53fdc0 nmethod 8828 0x00000169b25a2c10 code [0x00000169b25a2da0, 0x00000169b25a2fb8]
Event: 13164.179 Thread 0x00000169cc545f10 8829       3       java.util.regex.Pattern$SliceNode::study (37 bytes)
Event: 13181.893 Thread 0x00000169cc545f10 nmethod 8829 0x00000169a26a9b10 code [0x00000169a26a9cc0, 0x00000169a26a9ec0]
Event: 13181.894 Thread 0x00000169cc545f10 8830       3       org.gradle.cache.internal.filelock.DefaultLockOptions::mode (10 bytes)
Event: 13181.898 Thread 0x00000169cc545f10 nmethod 8830 0x00000169a2163c10 code [0x00000169a2163dc0, 0x00000169a2164028]
Event: 13181.898 Thread 0x00000169cc545f10 8831       3       java.util.LinkedList::<init> (11 bytes)
Event: 13181.899 Thread 0x00000169cc545f10 nmethod 8831 0x00000169a22ea690 code [0x00000169a22ea860, 0x00000169a22eac28]

GC Heap History (20 events):
Event: 408.834 GC heap after
{Heap after GC invocations=17 (full 0):
 garbage-first heap   total 102400K, used 41969K [0x0000000600000000, 0x0000000800000000)
  region size 4096K, 2 young (8192K), 2 survivors (8192K)
 Metaspace       used 49394K, committed 51072K, reserved 1114112K
  class space    used 7235K, committed 8064K, reserved 1048576K
}
Event: 452.504 GC heap before
{Heap before GC invocations=17 (full 0):
 garbage-first heap   total 102400K, used 87025K [0x0000000600000000, 0x0000000800000000)
  region size 4096K, 13 young (53248K), 2 survivors (8192K)
 Metaspace       used 53179K, committed 55040K, reserved 1114112K
  class space    used 7887K, committed 8768K, reserved 1048576K
}
Event: 452.589 GC heap after
{Heap after GC invocations=18 (full 0):
 garbage-first heap   total 102400K, used 45139K [0x0000000600000000, 0x0000000800000000)
  region size 4096K, 2 young (8192K), 2 survivors (8192K)
 Metaspace       used 53179K, committed 55040K, reserved 1114112K
  class space    used 7887K, committed 8768K, reserved 1048576K
}
Event: 491.559 GC heap before
{Heap before GC invocations=18 (full 0):
 garbage-first heap   total 102400K, used 90195K [0x0000000600000000, 0x0000000800000000)
  region size 4096K, 12 young (49152K), 2 survivors (8192K)
 Metaspace       used 57333K, committed 59200K, reserved 1114112K
  class space    used 8446K, committed 9344K, reserved 1048576K
}
Event: 491.602 GC heap after
{Heap after GC invocations=19 (full 0):
 garbage-first heap   total 106496K, used 51151K [0x0000000600000000, 0x0000000800000000)
  region size 4096K, 1 young (4096K), 1 survivors (4096K)
 Metaspace       used 57333K, committed 59200K, reserved 1114112K
  class space    used 8446K, committed 9344K, reserved 1048576K
}
Event: 496.762 GC heap before
{Heap before GC invocations=19 (full 0):
 garbage-first heap   total 106496K, used 55247K [0x0000000600000000, 0x0000000800000000)
  region size 4096K, 3 young (12288K), 1 survivors (4096K)
 Metaspace       used 58242K, committed 60096K, reserved 1114112K
  class space    used 8560K, committed 9472K, reserved 1048576K
}
Event: 496.804 GC heap after
{Heap after GC invocations=20 (full 0):
 garbage-first heap   total 106496K, used 51369K [0x0000000600000000, 0x0000000800000000)
  region size 4096K, 1 young (4096K), 1 survivors (4096K)
 Metaspace       used 58242K, committed 60096K, reserved 1114112K
  class space    used 8560K, committed 9472K, reserved 1048576K
}
Event: 573.557 GC heap before
{Heap before GC invocations=21 (full 0):
 garbage-first heap   total 106496K, used 88233K [0x0000000600000000, 0x0000000800000000)
  region size 4096K, 10 young (40960K), 1 survivors (4096K)
 Metaspace       used 61311K, committed 63168K, reserved 1114112K
  class space    used 9005K, committed 9920K, reserved 1048576K
}
Event: 573.628 GC heap after
{Heap after GC invocations=22 (full 0):
 garbage-first heap   total 106496K, used 53263K [0x0000000600000000, 0x0000000800000000)
  region size 4096K, 1 young (4096K), 1 survivors (4096K)
 Metaspace       used 61311K, committed 63168K, reserved 1114112K
  class space    used 9005K, committed 9920K, reserved 1048576K
}
Event: 599.097 GC heap before
{Heap before GC invocations=22 (full 0):
 garbage-first heap   total 106496K, used 98319K [0x0000000600000000, 0x0000000800000000)
  region size 4096K, 11 young (45056K), 1 survivors (4096K)
 Metaspace       used 63880K, committed 65792K, reserved 1114112K
  class space    used 9360K, committed 10304K, reserved 1048576K
}
Event: 599.140 GC heap after
{Heap after GC invocations=23 (full 0):
 garbage-first heap   total 110592K, used 57828K [0x0000000600000000, 0x0000000800000000)
  region size 4096K, 2 young (8192K), 2 survivors (8192K)
 Metaspace       used 63880K, committed 65792K, reserved 1114112K
  class space    used 9360K, committed 10304K, reserved 1048576K
}
Event: 686.932 GC heap before
{Heap before GC invocations=23 (full 0):
 garbage-first heap   total 110592K, used 94692K [0x0000000600000000, 0x0000000800000000)
  region size 4096K, 12 young (49152K), 2 survivors (8192K)
 Metaspace       used 65551K, committed 67520K, reserved 1114112K
  class space    used 9597K, committed 10560K, reserved 1048576K
}
Event: 687.151 GC heap after
{Heap after GC invocations=24 (full 0):
 garbage-first heap   total 114688K, used 60070K [0x0000000600000000, 0x0000000800000000)
  region size 4096K, 2 young (8192K), 2 survivors (8192K)
 Metaspace       used 65551K, committed 67520K, reserved 1114112K
  class space    used 9597K, committed 10560K, reserved 1048576K
}
Event: 13128.567 GC heap before
{Heap before GC invocations=25 (full 0):
 garbage-first heap   total 114688K, used 101030K [0x0000000600000000, 0x0000000800000000)
  region size 4096K, 12 young (49152K), 2 survivors (8192K)
 Metaspace       used 66807K, committed 68800K, reserved 1114112K
  class space    used 9776K, committed 10752K, reserved 1048576K
}
Event: 13129.181 GC heap after
{Heap after GC invocations=26 (full 0):
 garbage-first heap   total 114688K, used 60859K [0x0000000600000000, 0x0000000800000000)
  region size 4096K, 2 young (8192K), 2 survivors (8192K)
 Metaspace       used 66807K, committed 68800K, reserved 1114112K
  class space    used 9776K, committed 10752K, reserved 1048576K
}
Event: 13135.534 GC heap before
{Heap before GC invocations=26 (full 0):
 garbage-first heap   total 114688K, used 64955K [0x0000000600000000, 0x0000000800000000)
  region size 4096K, 3 young (12288K), 2 survivors (8192K)
 Metaspace       used 66817K, committed 68800K, reserved 1114112K
  class space    used 9777K, committed 10752K, reserved 1048576K
}
Event: 13135.865 GC heap after
{Heap after GC invocations=27 (full 0):
 garbage-first heap   total 114688K, used 60262K [0x0000000600000000, 0x0000000800000000)
  region size 4096K, 1 young (4096K), 1 survivors (4096K)
 Metaspace       used 66817K, committed 68800K, reserved 1114112K
  class space    used 9777K, committed 10752K, reserved 1048576K
}
Event: 13164.721 GC heap before
{Heap before GC invocations=27 (full 0):
 garbage-first heap   total 114688K, used 101222K [0x0000000600000000, 0x0000000800000000)
  region size 4096K, 11 young (45056K), 1 survivors (4096K)
 Metaspace       used 66854K, committed 68800K, reserved 1114112K
  class space    used 9782K, committed 10752K, reserved 1048576K
}
Event: 13181.891 GC heap after
{Heap after GC invocations=28 (full 0):
 garbage-first heap   total 114688K, used 60067K [0x0000000600000000, 0x0000000800000000)
  region size 4096K, 1 young (4096K), 1 survivors (4096K)
 Metaspace       used 66854K, committed 68800K, reserved 1114112K
  class space    used 9782K, committed 10752K, reserved 1048576K
}
Event: 13182.312 GC heap before
{Heap before GC invocations=28 (full 0):
 garbage-first heap   total 114688K, used 64163K [0x0000000600000000, 0x0000000800000000)
  region size 4096K, 2 young (8192K), 1 survivors (4096K)
 Metaspace       used 66855K, committed 68800K, reserved 1114112K
  class space    used 9782K, committed 10752K, reserved 1048576K
}

Dll operation events (20 events):
Event: 1.834 Attempting to load shared library C:\Users\badya\.vscode\extensions\redhat.java-1.56.0-win32-x64\jre\21.0.12.1-win32-x86_64\bin\zip.dll
Event: 1.834 Loaded shared library C:\Users\badya\.vscode\extensions\redhat.java-1.56.0-win32-x64\jre\21.0.12.1-win32-x86_64\bin\zip.dll
Event: 7.942 Attempting to load shared library C:\Users\badya\.vscode\extensions\redhat.java-1.56.0-win32-x64\jre\21.0.12.1-win32-x86_64\bin\jimage.dll
Event: 7.942 Loaded shared library C:\Users\badya\.vscode\extensions\redhat.java-1.56.0-win32-x64\jre\21.0.12.1-win32-x86_64\bin\jimage.dll
Event: 13.454 Attempting to load shared library C:\Users\badya\.vscode\extensions\redhat.java-1.56.0-win32-x64\jre\21.0.12.1-win32-x86_64\bin\verify.dll
Event: 13.479 Loaded shared library C:\Users\badya\.vscode\extensions\redhat.java-1.56.0-win32-x64\jre\21.0.12.1-win32-x86_64\bin\verify.dll
Event: 16.747 Attempting to load shared library C:\Users\badya\.gradle\native\1def1411415f61bf3af743bc5b6707747c0891f09f0c88961ee8f79bc544acac\windows-amd64\native-platform.dll
Event: 16.777 Loaded shared library C:\Users\badya\.gradle\native\1def1411415f61bf3af743bc5b6707747c0891f09f0c88961ee8f79bc544acac\windows-amd64\native-platform.dll
Event: 16.997 Attempting to load shared library C:\Users\badya\.gradle\native\0.2.5\x86_64-windows-gnu\gradle-fileevents.dll
Event: 17.043 Loaded shared library C:\Users\badya\.gradle\native\0.2.5\x86_64-windows-gnu\gradle-fileevents.dll
Event: 68.948 Attempting to load shared library C:\Users\badya\.vscode\extensions\redhat.java-1.56.0-win32-x64\jre\21.0.12.1-win32-x86_64\bin\management.dll
Event: 68.953 Loaded shared library C:\Users\badya\.vscode\extensions\redhat.java-1.56.0-win32-x64\jre\21.0.12.1-win32-x86_64\bin\management.dll
Event: 69.014 Attempting to load shared library C:\Users\badya\.vscode\extensions\redhat.java-1.56.0-win32-x64\jre\21.0.12.1-win32-x86_64\bin\management_ext.dll
Event: 69.020 Loaded shared library C:\Users\badya\.vscode\extensions\redhat.java-1.56.0-win32-x64\jre\21.0.12.1-win32-x86_64\bin\management_ext.dll
Event: 87.905 Attempting to load shared library C:\Users\badya\.vscode\extensions\redhat.java-1.56.0-win32-x64\jre\21.0.12.1-win32-x86_64\bin\extnet.dll
Event: 88.147 Loaded shared library C:\Users\badya\.vscode\extensions\redhat.java-1.56.0-win32-x64\jre\21.0.12.1-win32-x86_64\bin\extnet.dll
Event: 94.116 Attempting to load shared library C:\Users\badya\.vscode\extensions\redhat.java-1.56.0-win32-x64\jre\21.0.12.1-win32-x86_64\bin\sunmscapi.dll
Event: 94.166 Loaded shared library C:\Users\badya\.vscode\extensions\redhat.java-1.56.0-win32-x64\jre\21.0.12.1-win32-x86_64\bin\sunmscapi.dll
Event: 142.746 Attempting to load shared library C:\Users\badya\AppData\Local\Temp\native-platform14190460414309026346dir\gradle-fileevents.dll
Event: 142.965 Loaded shared library C:\Users\badya\AppData\Local\Temp\native-platform14190460414309026346dir\gradle-fileevents.dll

Deoptimization events (20 events):
Event: 7523.851 Thread 0x0000016a14ea9920 Uncommon trap: trap_request=0xffffffd6 fr.pc=0x00000169b244c6e8 relative=0x0000000000000908
Event: 7523.851 Thread 0x0000016a14ea9920 Uncommon trap: reason=array_check action=maybe_recompile pc=0x00000169b244c6e8 method=java.util.ComparableTimSort.reverseRange([Ljava/lang/Object;II)V @ 27 c2
Event: 7523.851 Thread 0x0000016a14ea9920 DEOPT PACKING pc=0x00000169b244c6e8 sp=0x0000002e192fe310
Event: 7523.851 Thread 0x0000016a14ea9920 DEOPT UNPACKING pc=0x00000169b1bb7ba2 sp=0x0000002e192fe2d0 mode 2
Event: 13144.360 Thread 0x0000016a14ea9920 Uncommon trap: trap_request=0xffffffd6 fr.pc=0x00000169b239308c relative=0x00000000000005ac
Event: 13144.360 Thread 0x0000016a14ea9920 Uncommon trap: reason=array_check action=maybe_recompile pc=0x00000169b239308c method=java.util.concurrent.ScheduledThreadPoolExecutor$DelayedWorkQueue.offer(Ljava/lang/Runnable;)Z @ 65 c2
Event: 13144.360 Thread 0x0000016a14ea9920 DEOPT PACKING pc=0x00000169b239308c sp=0x0000002e192fee80
Event: 13144.372 Thread 0x0000016a14ea9920 DEOPT UNPACKING pc=0x00000169b1bb7ba2 sp=0x0000002e192fee10 mode 2
Event: 13144.386 Thread 0x0000016a14ea9920 Uncommon trap: trap_request=0xffffffd6 fr.pc=0x00000169b239308c relative=0x00000000000005ac
Event: 13144.386 Thread 0x0000016a14ea9920 Uncommon trap: reason=array_check action=maybe_recompile pc=0x00000169b239308c method=java.util.concurrent.ScheduledThreadPoolExecutor$DelayedWorkQueue.offer(Ljava/lang/Runnable;)Z @ 65 c2
Event: 13144.386 Thread 0x0000016a14ea9920 DEOPT PACKING pc=0x00000169b239308c sp=0x0000002e192fee80
Event: 13144.386 Thread 0x0000016a14ea9920 DEOPT UNPACKING pc=0x00000169b1bb7ba2 sp=0x0000002e192fee10 mode 2
Event: 13144.386 Thread 0x0000016a14ea9920 Uncommon trap: trap_request=0xffffffd6 fr.pc=0x00000169b239308c relative=0x00000000000005ac
Event: 13144.386 Thread 0x0000016a14ea9920 Uncommon trap: reason=array_check action=maybe_recompile pc=0x00000169b239308c method=java.util.concurrent.ScheduledThreadPoolExecutor$DelayedWorkQueue.offer(Ljava/lang/Runnable;)Z @ 65 c2
Event: 13144.386 Thread 0x0000016a14ea9920 DEOPT PACKING pc=0x00000169b239308c sp=0x0000002e192fee80
Event: 13144.387 Thread 0x0000016a14ea9920 DEOPT UNPACKING pc=0x00000169b1bb7ba2 sp=0x0000002e192fee10 mode 2
Event: 13144.387 Thread 0x0000016a14ea9920 Uncommon trap: trap_request=0xffffffd6 fr.pc=0x00000169b239308c relative=0x00000000000005ac
Event: 13144.387 Thread 0x0000016a14ea9920 Uncommon trap: reason=array_check action=maybe_recompile pc=0x00000169b239308c method=java.util.concurrent.ScheduledThreadPoolExecutor$DelayedWorkQueue.offer(Ljava/lang/Runnable;)Z @ 65 c2
Event: 13144.387 Thread 0x0000016a14ea9920 DEOPT PACKING pc=0x00000169b239308c sp=0x0000002e192fee80
Event: 13144.387 Thread 0x0000016a14ea9920 DEOPT UNPACKING pc=0x00000169b1bb7ba2 sp=0x0000002e192fee10 mode 2

Classes loaded (20 events):
Event: 704.429 Loading class java/util/stream/ReduceOps$CountingSink done
Event: 704.429 Loading class java/util/stream/ReduceOps$CountingSink$OfRef done
Event: 718.339 Loading class java/util/concurrent/ConcurrentSkipListMap$KeySet
Event: 718.342 Loading class java/util/concurrent/ConcurrentSkipListMap$KeySet done
Event: 718.342 Loading class java/util/concurrent/ConcurrentSkipListMap$KeyIterator
Event: 718.343 Loading class java/util/concurrent/ConcurrentSkipListMap$KeyIterator done
Event: 718.344 Loading class java/net/InetAddress$NameServiceAddresses
Event: 718.346 Loading class java/net/InetAddress$Addresses
Event: 718.346 Loading class java/net/InetAddress$Addresses done
Event: 718.347 Loading class java/net/InetAddress$NameServiceAddresses done
Event: 718.348 Loading class java/net/spi/InetAddressResolverProvider
Event: 718.349 Loading class java/net/spi/InetAddressResolverProvider done
Event: 718.487 Loading class sun/net/InetAddressCachePolicy
Event: 718.494 Loading class sun/net/InetAddressCachePolicy done
Event: 718.495 Loading class sun/net/InetAddressCachePolicy$1
Event: 718.517 Loading class sun/net/InetAddressCachePolicy$1 done
Event: 718.534 Loading class java/net/InetAddress$CachedLookup
Event: 718.534 Loading class java/net/InetAddress$CachedLookup done
Event: 718.537 Loading class java/net/InetAddress$CachedLocalHost
Event: 718.538 Loading class java/net/InetAddress$CachedLocalHost done

Classes unloaded (0 events):
No events

Classes redefined (0 events):
No events

Internal exceptions (20 events):
Event: 530.421 Thread 0x0000016a15448be0 Implicit null exception at 0x00000169b244a0dd to 0x00000169b244a61c
Event: 592.883 Thread 0x0000016a15448be0 Exception <a 'java/lang/NoSuchMethodError'{0x00000006047906b0}: static Lorg/jetbrains/kotlin/gradle/plugin/internal/DefaultIdeaSyncDetector$createIdeaPropertiesEvaluator$1;.<clinit>()V> (0x00000006047906b0) 
thrown [s\src\hotspot\share\prims\jni.cpp, line 1111]
Event: 598.515 Thread 0x0000016a15448be0 Exception <a 'java/lang/ClassNotFoundException'{0x0000000603e5f980}: sun/misc/SharedSecrets> (0x0000000603e5f980) 
thrown [s\src\hotspot\share\classfile\systemDictionary.cpp, line 313]
Event: 598.515 Thread 0x0000016a15448be0 Exception <a 'java/lang/ClassNotFoundException'{0x0000000603e61a30}: groovy/lang/Closure$1BeanInfo> (0x0000000603e61a30) 
thrown [s\src\hotspot\share\classfile\systemDictionary.cpp, line 313]
Event: 598.520 Thread 0x0000016a15448be0 Exception <a 'java/lang/ClassNotFoundException'{0x0000000603e7ed70}: groovy/lang/ClosureBeanInfo> (0x0000000603e7ed70) 
thrown [s\src\hotspot\share\classfile\systemDictionary.cpp, line 313]
Event: 598.550 Thread 0x0000016a15448be0 Exception <a 'java/lang/ClassNotFoundException'{0x0000000603e9bb18}: groovy/lang/ClosureCustomizer> (0x0000000603e9bb18) 
thrown [s\src\hotspot\share\classfile\systemDictionary.cpp, line 313]
Event: 598.626 Thread 0x0000016a15448be0 Exception <a 'java/lang/ClassNotFoundException'{0x0000000603ee15f0}: groovy/lang/Closure$1Customizer> (0x0000000603ee15f0) 
thrown [s\src\hotspot\share\classfile\systemDictionary.cpp, line 313]
Event: 598.986 Thread 0x0000016a15448be0 Exception <a 'java/lang/ClassNotFoundException'{0x0000000603f666a8}: org/jetbrains/kotlin/gradle/targets/js/npm/DefaultNpmDependencyExtensionBeanInfo> (0x0000000603f666a8) 
thrown [s\src\hotspot\share\classfile\systemDictionary.cpp, line 313]
Event: 598.989 Thread 0x0000016a15448be0 Exception <a 'java/lang/ClassNotFoundException'{0x0000000603f754e8}: org/jetbrains/kotlin/gradle/targets/js/npm/DefaultNpmDependencyExtensionCustomizer> (0x0000000603f754e8) 
thrown [s\src\hotspot\share\classfile\systemDictionary.cpp, line 313]
Event: 599.145 Thread 0x0000016a15448be0 Exception <a 'java/lang/ClassNotFoundException'{0x000000060781d390}: org/jetbrains/kotlin/gradle/targets/js/npm/NpmDependencyExtensionKt$defaultNpmDependencyDelegate$1BeanInfo> (0x000000060781d390) 
thrown [s\src\hotspot\share\classfile\systemDictionary.cpp, line 313]
Event: 599.147 Thread 0x0000016a15448be0 Exception <a 'java/lang/ClassNotFoundException'{0x000000060782c210}: org/jetbrains/kotlin/gradle/targets/js/npm/NpmDependencyExtensionDelegateBeanInfo> (0x000000060782c210) 
thrown [s\src\hotspot\share\classfile\systemDictionary.cpp, line 313]
Event: 599.149 Thread 0x0000016a15448be0 Exception <a 'java/lang/ClassNotFoundException'{0x000000060783b060}: org/jetbrains/kotlin/gradle/targets/js/npm/NpmDependencyExtensionDelegateCustomizer> (0x000000060783b060) 
thrown [s\src\hotspot\share\classfile\systemDictionary.cpp, line 313]
Event: 599.165 Thread 0x0000016a15448be0 Exception <a 'java/lang/ClassNotFoundException'{0x0000000607876a90}: org/jetbrains/kotlin/gradle/targets/js/npm/NpmDependencyExtensionKt$defaultNpmDependencyDelegate$1Customizer> (0x0000000607876a90) 
thrown [s\src\hotspot\share\classfile\systemDictionary.cpp, line 313]
Event: 599.351 Thread 0x0000016a15448be0 Exception <a 'java/lang/ClassNotFoundException'{0x00000006078c8940}: org/jetbrains/kotlin/gradle/targets/js/npm/DefaultDevNpmDependencyExtensionBeanInfo> (0x00000006078c8940) 
thrown [s\src\hotspot\share\classfile\systemDictionary.cpp, line 313]
Event: 599.556 Thread 0x0000016a15448be0 Exception <a 'java/lang/ClassNotFoundException'{0x00000006078d7798}: org/jetbrains/kotlin/gradle/targets/js/npm/DefaultDevNpmDependencyExtensionCustomizer> (0x00000006078d7798) 
thrown [s\src\hotspot\share\classfile\systemDictionary.cpp, line 313]
Event: 600.029 Thread 0x0000016a15448be0 Exception <a 'java/lang/ClassNotFoundException'{0x000000060792e728}: org/jetbrains/kotlin/gradle/targets/js/npm/DefaultPeerNpmDependencyExtensionBeanInfo> (0x000000060792e728) 
thrown [s\src\hotspot\share\classfile\systemDictionary.cpp, line 313]
Event: 600.095 Thread 0x0000016a15448be0 Exception <a 'java/lang/ClassNotFoundException'{0x000000060793d588}: org/jetbrains/kotlin/gradle/targets/js/npm/DefaultPeerNpmDependencyExtensionCustomizer> (0x000000060793d588) 
thrown [s\src\hotspot\share\classfile\systemDictionary.cpp, line 313]
Event: 600.119 Thread 0x0000016a15448be0 Exception <a 'java/lang/ClassNotFoundException'{0x00000006079a1630}: org/jetbrains/kotlin/gradle/targets/js/npm/DefaultPeerNpmDependencyExtension$delegate$1BeanInfo> (0x00000006079a1630) 
thrown [s\src\hotspot\share\classfile\systemDictionary.cpp, line 313]
Event: 600.122 Thread 0x0000016a15448be0 Exception <a 'java/lang/ClassNotFoundException'{0x00000006079b0580}: org/jetbrains/kotlin/gradle/targets/js/npm/DefaultPeerNpmDependencyExtension$delegate$1Customizer> (0x00000006079b0580) 
thrown [s\src\hotspot\share\classfile\systemDictionary.cpp, line 313]
Event: 608.453 Thread 0x0000016a15448be0 Exception <a 'java/lang/NoSuchMethodError'{0x00000006056ffd88}: 'int java.lang.invoke.DirectMethodHandle$Holder.invokeSpecialIFC(java.lang.Object, java.lang.Object, java.lang.Object, java.lang.Object, java.lang.Object)'> (0x00000006056ffd88) 
thrown [s\src\hotspot\share\interpreter\linkResolver.cpp, line 773]

ZGC Phase Switch (0 events):
No events

VM Operations (20 events):
Event: 13135.866 Executing safepoint VM operation: G1CollectForAllocation (G1 Evacuation Pause) done
Event: 13136.871 Executing safepoint VM operation: Cleanup
Event: 13136.935 Executing safepoint VM operation: Cleanup done
Event: 13137.938 Executing safepoint VM operation: Cleanup
Event: 13138.935 Executing safepoint VM operation: Cleanup done
Event: 13145.007 Executing safepoint VM operation: Cleanup
Event: 13145.208 Executing safepoint VM operation: Cleanup done
Event: 13147.208 Executing safepoint VM operation: Cleanup
Event: 13147.303 Executing safepoint VM operation: Cleanup done
Event: 13148.313 Executing safepoint VM operation: Cleanup
Event: 13148.420 Executing safepoint VM operation: Cleanup done
Event: 13159.521 Executing safepoint VM operation: Cleanup
Event: 13160.043 Executing safepoint VM operation: Cleanup done
Event: 13161.056 Executing safepoint VM operation: Cleanup
Event: 13162.844 Executing safepoint VM operation: Cleanup done
Event: 13163.851 Executing safepoint VM operation: Cleanup
Event: 13164.120 Executing safepoint VM operation: Cleanup done
Event: 13164.495 Executing safepoint VM operation: G1CollectForAllocation (G1 Evacuation Pause)
Event: 13181.892 Executing safepoint VM operation: G1CollectForAllocation (G1 Evacuation Pause) done
Event: 13182.199 Executing safepoint VM operation: G1CollectForAllocation (G1 Evacuation Pause)

Memory protections (0 events):
No events

Nmethod flushes (20 events):
Event: 688.384 Thread 0x00000169cc513a60 flushing  nmethod 0x00000169a24e9710
Event: 688.384 Thread 0x00000169cc513a60 flushing  nmethod 0x00000169a24e9f10
Event: 688.384 Thread 0x00000169cc513a60 flushing  nmethod 0x00000169a24eb490
Event: 688.384 Thread 0x00000169cc513a60 flushing  nmethod 0x00000169a24ec190
Event: 688.384 Thread 0x00000169cc513a60 flushing  nmethod 0x00000169a24ee790
Event: 688.384 Thread 0x00000169cc513a60 flushing  nmethod 0x00000169a24f0610
Event: 688.384 Thread 0x00000169cc513a60 flushing  nmethod 0x00000169a2511110
Event: 688.384 Thread 0x00000169cc513a60 flushing  nmethod 0x00000169a2511790
Event: 688.385 Thread 0x00000169cc513a60 flushing  nmethod 0x00000169a2513090
Event: 688.385 Thread 0x00000169cc513a60 flushing  nmethod 0x00000169a2592210
Event: 688.385 Thread 0x00000169cc513a60 flushing  nmethod 0x00000169a25e1f90
Event: 688.385 Thread 0x00000169cc513a60 flushing  nmethod 0x00000169a2682490
Event: 688.385 Thread 0x00000169cc513a60 flushing  nmethod 0x00000169a2700e90
Event: 688.385 Thread 0x00000169cc513a60 flushing  nmethod 0x00000169a2719590
Event: 688.385 Thread 0x00000169cc513a60 flushing  nmethod 0x00000169a277ed10
Event: 688.385 Thread 0x00000169cc513a60 flushing  nmethod 0x00000169a282f910
Event: 688.385 Thread 0x00000169cc513a60 flushing  nmethod 0x00000169a282fc10
Event: 688.385 Thread 0x00000169cc513a60 flushing  nmethod 0x00000169a282ff10
Event: 688.385 Thread 0x00000169cc513a60 flushing  nmethod 0x00000169a2865410
Event: 688.386 Thread 0x00000169cc513a60 flushing  nmethod 0x00000169a295b890

Events (20 events):
Event: 361.974 Thread 0x0000016a15448be0 Thread added: 0x0000016a18992ad0
Event: 374.958 Thread 0x0000016a15448be0 Thread added: 0x0000016a18993160
Event: 374.966 Thread 0x0000016a15448be0 Thread added: 0x0000016a18990370
Event: 374.971 Thread 0x0000016a15448be0 Thread added: 0x0000016a18993e80
Event: 374.976 Thread 0x0000016a15448be0 Thread added: 0x0000016a18994510
Event: 375.023 Thread 0x0000016a15448be0 Thread added: 0x0000016a18991090
Event: 375.028 Thread 0x0000016a15448be0 Thread added: 0x0000016a18994ba0
Event: 375.115 Thread 0x0000016a15448be0 Thread added: 0x0000016a18997990
Event: 378.031 Thread 0x0000016a15448be0 Thread added: 0x0000016a18995230
Event: 378.547 Thread 0x0000016a15448be0 Thread added: 0x0000016a189965e0
Event: 378.887 Thread 0x0000016a15448be0 Thread added: 0x0000016a18996c70
Event: 378.889 Thread 0x0000016a15448be0 Thread added: 0x0000016a18997300
Event: 378.892 Thread 0x0000016a15448be0 Thread added: 0x0000016a18995f50
Event: 378.894 Thread 0x0000016a15448be0 Thread added: 0x0000016a189958c0
Event: 378.902 Thread 0x0000016a15448be0 Thread added: 0x0000016a16354330
Event: 426.389 Thread 0x0000016a15448be0 Thread added: 0x0000016a16356400
Event: 506.914 Thread 0x0000016a17895920 Thread exited: 0x0000016a17895920
Event: 507.577 Thread 0x0000016a15448be0 Thread added: 0x0000016a16352f80
Event: 632.024 Thread 0x0000016a15537960 Thread added: 0x0000016a16356a90
Event: 13114.468 Thread 0x0000016a16356a90 Thread exited: 0x0000016a16356a90


Dynamic libraries:
0x00007ff789510000 - 0x00007ff78951e000 	C:\Users\badya\.vscode\extensions\redhat.java-1.56.0-win32-x64\jre\21.0.12.1-win32-x86_64\bin\java.exe
0x00007ffdee340000 - 0x00007ffdee5a7000 	C:\WINDOWS\SYSTEM32\ntdll.dll
0x00007ffdecda0000 - 0x00007ffdece6b000 	C:\WINDOWS\System32\KERNEL32.DLL
0x00007ffdebb20000 - 0x00007ffdebf22000 	C:\WINDOWS\System32\KERNELBASE.dll
0x00007ffdeb740000 - 0x00007ffdeb88c000 	C:\WINDOWS\System32\ucrtbase.dll
0x00007ffdc1590000 - 0x00007ffdc15a8000 	C:\Users\badya\.vscode\extensions\redhat.java-1.56.0-win32-x64\jre\21.0.12.1-win32-x86_64\bin\jli.dll
0x00007ffdec0f0000 - 0x00007ffdec2bf000 	C:\WINDOWS\System32\USER32.dll
0x00007ffdeb8a0000 - 0x00007ffdeb8c7000 	C:\WINDOWS\System32\win32u.dll
0x00007ffded360000 - 0x00007ffded38b000 	C:\WINDOWS\System32\GDI32.dll
0x00007ffdebf30000 - 0x00007ffdec059000 	C:\WINDOWS\System32\gdi32full.dll
0x00007ffdeb690000 - 0x00007ffdeb733000 	C:\WINDOWS\System32\msvcp_win.dll
0x00007ffdc49f0000 - 0x00007ffdc4a0e000 	C:\Users\badya\.vscode\extensions\redhat.java-1.56.0-win32-x64\jre\21.0.12.1-win32-x86_64\bin\VCRUNTIME140.dll
0x00007ffdd11d0000 - 0x00007ffdd1460000 	C:\WINDOWS\WinSxS\amd64_microsoft.windows.common-controls_6595b64144ccf1df_6.0.26100.9278_none_3e0d1ba8e3303201\COMCTL32.dll
0x00007ffded3a0000 - 0x00007ffded449000 	C:\WINDOWS\System32\msvcrt.dll
0x00007ffdec0b0000 - 0x00007ffdec0e1000 	C:\WINDOWS\System32\IMM32.DLL
0x00007ffdd6850000 - 0x00007ffdd685c000 	C:\Users\badya\.vscode\extensions\redhat.java-1.56.0-win32-x64\jre\21.0.12.1-win32-x86_64\bin\vcruntime140_1.dll
0x00007ffd85180000 - 0x00007ffd8520d000 	C:\Users\badya\.vscode\extensions\redhat.java-1.56.0-win32-x64\jre\21.0.12.1-win32-x86_64\bin\msvcp140.dll
0x00007ffd269e0000 - 0x00007ffd27782000 	C:\Users\badya\.vscode\extensions\redhat.java-1.56.0-win32-x64\jre\21.0.12.1-win32-x86_64\bin\server\jvm.dll
0x00007ffdec2d0000 - 0x00007ffdec38c000 	C:\WINDOWS\System32\ADVAPI32.dll
0x00007ffded0e0000 - 0x00007ffded189000 	C:\WINDOWS\System32\sechost.dll
0x00007ffdec9a0000 - 0x00007ffdecab8000 	C:\WINDOWS\System32\RPCRT4.dll
0x00007ffdec580000 - 0x00007ffdec600000 	C:\WINDOWS\System32\WS2_32.dll
0x00007ffdeb3a0000 - 0x00007ffdeb3fe000 	C:\WINDOWS\SYSTEM32\POWRPROF.dll
0x00007ffdd1db0000 - 0x00007ffdd1de6000 	C:\WINDOWS\SYSTEM32\WINMM.dll
0x00007ffdd9690000 - 0x00007ffdd969b000 	C:\WINDOWS\SYSTEM32\VERSION.dll
0x00007ffdeb380000 - 0x00007ffdeb395000 	C:\WINDOWS\SYSTEM32\UMPDC.dll
0x00007ffdea210000 - 0x00007ffdea22b000 	C:\WINDOWS\SYSTEM32\kernel.appcore.dll
0x00007ffdd67e0000 - 0x00007ffdd67ea000 	C:\Users\badya\.vscode\extensions\redhat.java-1.56.0-win32-x64\jre\21.0.12.1-win32-x86_64\bin\jimage.dll
0x00007ffde8a30000 - 0x00007ffde8c7c000 	C:\WINDOWS\SYSTEM32\DBGHELP.DLL
0x00007ffdec610000 - 0x00007ffdec995000 	C:\WINDOWS\System32\combase.dll
0x00007ffded190000 - 0x00007ffded269000 	C:\WINDOWS\System32\OLEAUT32.dll
0x00007ffdd2e80000 - 0x00007ffdd2ebb000 	C:\WINDOWS\SYSTEM32\dbgcore.DLL
0x00007ffdeba60000 - 0x00007ffdebb0c000 	C:\WINDOWS\System32\bcryptPrimitives.dll
0x00007ffdc8ed0000 - 0x00007ffdc8edf000 	C:\Users\badya\.vscode\extensions\redhat.java-1.56.0-win32-x64\jre\21.0.12.1-win32-x86_64\bin\instrument.dll
0x00007ffdc1570000 - 0x00007ffdc1590000 	C:\Users\badya\.vscode\extensions\redhat.java-1.56.0-win32-x64\jre\21.0.12.1-win32-x86_64\bin\java.dll
0x00007ffdedab0000 - 0x00007ffdee248000 	C:\WINDOWS\System32\SHELL32.dll
0x00007ffde8f70000 - 0x00007ffde981e000 	C:\WINDOWS\SYSTEM32\windows.storage.dll
0x00007ffdece70000 - 0x00007ffdecf6b000 	C:\WINDOWS\System32\SHCORE.dll
0x00007ffded900000 - 0x00007ffded966000 	C:\WINDOWS\System32\shlwapi.dll
0x00007ffdeb460000 - 0x00007ffdeb489000 	C:\WINDOWS\SYSTEM32\profapi.dll
0x00007ffdc0f80000 - 0x00007ffdc0f98000 	C:\Users\badya\.vscode\extensions\redhat.java-1.56.0-win32-x64\jre\21.0.12.1-win32-x86_64\bin\zip.dll
0x00007ffdd4ab0000 - 0x00007ffdd4ac0000 	C:\Users\badya\.vscode\extensions\redhat.java-1.56.0-win32-x64\jre\21.0.12.1-win32-x86_64\bin\net.dll
0x00007ffddbbf0000 - 0x00007ffddbd1a000 	C:\WINDOWS\SYSTEM32\WINHTTP.dll
0x00007ffdea7d0000 - 0x00007ffdea83c000 	C:\WINDOWS\system32\mswsock.dll
0x00007ffdbcf80000 - 0x00007ffdbcf96000 	C:\Users\badya\.vscode\extensions\redhat.java-1.56.0-win32-x64\jre\21.0.12.1-win32-x86_64\bin\nio.dll
0x00007ffdd3590000 - 0x00007ffdd35a0000 	C:\Users\badya\.vscode\extensions\redhat.java-1.56.0-win32-x64\jre\21.0.12.1-win32-x86_64\bin\verify.dll
0x00007ffdb3bd0000 - 0x00007ffdb3bf7000 	C:\Users\badya\.gradle\native\1def1411415f61bf3af743bc5b6707747c0891f09f0c88961ee8f79bc544acac\windows-amd64\native-platform.dll
0x00000000529b0000 - 0x0000000052a23000 	C:\Users\badya\.gradle\native\0.2.5\x86_64-windows-gnu\gradle-fileevents.dll
0x00007ffdd1970000 - 0x00007ffdd197a000 	C:\Users\badya\.vscode\extensions\redhat.java-1.56.0-win32-x64\jre\21.0.12.1-win32-x86_64\bin\management.dll
0x00007ffdd18b0000 - 0x00007ffdd18bc000 	C:\Users\badya\.vscode\extensions\redhat.java-1.56.0-win32-x64\jre\21.0.12.1-win32-x86_64\bin\management_ext.dll
0x00007ffded390000 - 0x00007ffded398000 	C:\WINDOWS\System32\PSAPI.DLL
0x00007ffdeaac0000 - 0x00007ffdeaadb000 	C:\WINDOWS\SYSTEM32\CRYPTSP.dll
0x00007ffdea170000 - 0x00007ffdea1a9000 	C:\WINDOWS\system32\rsaenh.dll
0x00007ffdea880000 - 0x00007ffdea8b4000 	C:\WINDOWS\SYSTEM32\USERENV.dll
0x00007ffdeb430000 - 0x00007ffdeb45a000 	C:\WINDOWS\SYSTEM32\bcrypt.dll
0x00007ffdeaae0000 - 0x00007ffdeaaec000 	C:\WINDOWS\SYSTEM32\CRYPTBASE.dll
0x00007ffde9be0000 - 0x00007ffde9c13000 	C:\WINDOWS\SYSTEM32\IPHLPAPI.DLL
0x00007ffdedaa0000 - 0x00007ffdedaaa000 	C:\WINDOWS\System32\NSI.dll
0x00007ffdcb340000 - 0x00007ffdcb349000 	C:\Users\badya\.vscode\extensions\redhat.java-1.56.0-win32-x64\jre\21.0.12.1-win32-x86_64\bin\extnet.dll
0x00007ffdc8dc0000 - 0x00007ffdc8dce000 	C:\Users\badya\.vscode\extensions\redhat.java-1.56.0-win32-x64\jre\21.0.12.1-win32-x86_64\bin\sunmscapi.dll
0x00007ffdeb8d0000 - 0x00007ffdeba4e000 	C:\WINDOWS\System32\CRYPT32.dll
0x00007ffdead00000 - 0x00007ffdead30000 	C:\WINDOWS\SYSTEM32\ncrypt.dll
0x00007ffdeacb0000 - 0x00007ffdeacef000 	C:\WINDOWS\SYSTEM32\NTASN1.dll
0x00007ffdd1e00000 - 0x00007ffdd1e08000 	C:\WINDOWS\system32\wshunix.dll
0x0000000052430000 - 0x00000000524a3000 	C:\Users\badya\AppData\Local\Temp\native-platform14190460414309026346dir\gradle-fileevents.dll
0x00007ffdbdc60000 - 0x00007ffdbdc78000 	C:\WINDOWS\system32\napinsp.dll
0x00007ffde9c80000 - 0x00007ffde9dd8000 	C:\WINDOWS\SYSTEM32\DNSAPI.dll
0x00007ffdea5d0000 - 0x00007ffdea5dd000 	C:\WINDOWS\SYSTEM32\DSPARSE.dll
0x00007ffdbc8d0000 - 0x00007ffdbc8e3000 	C:\WINDOWS\System32\winrnr.dll
0x00007ffdb3610000 - 0x00007ffdb3637000 	C:\WINDOWS\system32\nlansp_c.dll
0x00007ffdb35f0000 - 0x00007ffdb3606000 	C:\WINDOWS\system32\wshbth.dll
0x00007ffddbdf0000 - 0x00007ffddbdfb000 	C:\Windows\System32\rasadhlp.dll
0x00007ffde2a80000 - 0x00007ffde2b06000 	C:\WINDOWS\System32\fwpuclnt.dll

JVMTI agents:
C:\Users\badya\.gradle\wrapper\dists\gradle-8.12-all\ejduaidbjup3bmmkhw3rie4zb\gradle-8.12\lib\agents\gradle-instrumentation-agent-8.12.jar path:C:\Users\badya\.vscode\extensions\redhat.java-1.56.0-win32-x64\jre\21.0.12.1-win32-x86_64\bin\instrument.dll, loaded, initialized, instrumentlib options:none

dbghelp: loaded successfully - version: 4.0.5 - missing functions: none
symbol engine: initialized successfully - sym options: 0x614 - pdb path: .;C:\Users\badya\.vscode\extensions\redhat.java-1.56.0-win32-x64\jre\21.0.12.1-win32-x86_64\bin;C:\WINDOWS\SYSTEM32;C:\WINDOWS\WinSxS\amd64_microsoft.windows.common-controls_6595b64144ccf1df_6.0.26100.9278_none_3e0d1ba8e3303201;C:\Users\badya\.vscode\extensions\redhat.java-1.56.0-win32-x64\jre\21.0.12.1-win32-x86_64\bin\server;C:\Users\badya\.gradle\native\1def1411415f61bf3af743bc5b6707747c0891f09f0c88961ee8f79bc544acac\windows-amd64;C:\Users\badya\.gradle\native\0.2.5\x86_64-windows-gnu;C:\Users\badya\AppData\Local\Temp\native-platform14190460414309026346dir

VM Arguments:
jvm_args: --add-opens=java.base/java.lang=ALL-UNNAMED --add-opens=java.base/java.lang.invoke=ALL-UNNAMED --add-opens=java.base/java.util=ALL-UNNAMED --add-opens=java.prefs/java.util.prefs=ALL-UNNAMED --add-exports=jdk.compiler/com.sun.tools.javac.api=ALL-UNNAMED --add-exports=jdk.compiler/com.sun.tools.javac.util=ALL-UNNAMED --add-opens=java.base/java.util=ALL-UNNAMED --add-opens=java.prefs/java.util.prefs=ALL-UNNAMED --add-opens=java.base/java.nio.charset=ALL-UNNAMED --add-opens=java.base/java.net=ALL-UNNAMED --add-opens=java.base/java.util.concurrent.atomic=ALL-UNNAMED --add-opens=java.xml/javax.xml.namespace=ALL-UNNAMED -XX:MaxMetaspaceSize=4G -XX:ReservedCodeCacheSize=512m -XX:+HeapDumpOnOutOfMemoryError -Xmx8G -Dfile.encoding=UTF-8 -Duser.country=FR -Duser.language=fr -Duser.variant -javaagent:C:\Users\badya\.gradle\wrapper\dists\gradle-8.12-all\ejduaidbjup3bmmkhw3rie4zb\gradle-8.12\lib\agents\gradle-instrumentation-agent-8.12.jar 
java_command: org.gradle.launcher.daemon.bootstrap.GradleDaemon 8.12
java_class_path (initial): C:\Users\badya\.gradle\wrapper\dists\gradle-8.12-all\ejduaidbjup3bmmkhw3rie4zb\gradle-8.12\lib\gradle-daemon-main-8.12.jar
Launcher Type: SUN_STANDARD

[Global flags]
     intx CICompilerCount                          = 4                                         {product} {ergonomic}
     uint ConcGCThreads                            = 2                                         {product} {ergonomic}
     uint G1ConcRefinementThreads                  = 8                                         {product} {ergonomic}
   size_t G1HeapRegionSize                         = 4194304                                   {product} {ergonomic}
    uintx GCDrainStackTargetSize                   = 64                                        {product} {ergonomic}
     bool HeapDumpOnOutOfMemoryError               = true                                   {manageable} {command line}
   size_t InitialHeapSize                          = 130023424                                 {product} {ergonomic}
   size_t MarkStackSize                            = 4194304                                   {product} {ergonomic}
   size_t MaxHeapSize                              = 8589934592                                {product} {command line}
   size_t MaxMetaspaceSize                         = 4294967296                                {product} {command line}
   size_t MaxNewSize                               = 5150605312                                {product} {ergonomic}
   size_t MinHeapDeltaBytes                        = 4194304                                   {product} {ergonomic}
   size_t MinHeapSize                              = 8388608                                   {product} {ergonomic}
    uintx NonNMethodCodeHeapSize                   = 5839372                                {pd product} {ergonomic}
    uintx NonProfiledCodeHeapSize                  = 265515770                              {pd product} {ergonomic}
    uintx ProfiledCodeHeapSize                     = 265515770                              {pd product} {ergonomic}
    uintx ReservedCodeCacheSize                    = 536870912                              {pd product} {command line}
     bool SegmentedCodeCache                       = true                                      {product} {ergonomic}
   size_t SoftMaxHeapSize                          = 8589934592                             {manageable} {ergonomic}
     bool UseCompressedOops                        = true                           {product lp64_product} {ergonomic}
     bool UseG1GC                                  = true                                      {product} {ergonomic}
     bool UseLargePagesIndividualAllocation        = false                                  {pd product} {ergonomic}

Logging:
Log output configuration:
 #0: stdout all=warning uptime,level,tags foldmultilines=false
 #1: stderr all=off uptime,level,tags foldmultilines=false

Release file:
JAVA_VERSION="21.0.12.1" 
MODULES="java.base java.compiler java.datatransfer java.xml java.prefs java.desktop java.instrument java.logging java.management java.security.sasl java.naming java.rmi java.management.rmi java.net.http java.scripting java.security.jgss java.transaction.xa java.sql java.sql.rowset java.xml.crypto java.se java.smartcardio jdk.accessibility jdk.internal.jvmstat jdk.attach jdk.charsets jdk.internal.opt jdk.zipfs jdk.compiler jdk.crypto.ec jdk.crypto.cryptoki jdk.crypto.mscapi jdk.dynalink jdk.internal.ed jdk.editpad jdk.hotspot.agent jdk.httpserver jdk.internal.le jdk.internal.vm.ci jdk.internal.vm.compiler jdk.internal.vm.compiler.management jdk.jartool jdk.javadoc jdk.jcmd jdk.management jdk.management.agent jdk.jconsole jdk.jdeps jdk.jdwp.agent jdk.jdi jdk.jfr jdk.jshell jdk.jsobject jdk.jstatd jdk.localedata jdk.management.jfr jdk.naming.dns jdk.naming.rmi jdk.net jdk.nio.mapmode jdk.random jdk.sctp jdk.security.auth jdk.security.jgss jdk.unsupported jdk.unsupported.desktop jdk.xml.dom" 

Environment Variables:
JAVA_HOME=C:\Users\badya\.jdk\jdk-21.0.8
PATH=C:\Program Files\Python310\Scripts\;C:\Program Files\Python310\;C:\Program Files\Eclipse Adoptium\jdk-25.0.2.10-hotspot\bin;C:\Program Files\Eclipse Adoptium\jdk-8.0.472.8-hotspot\bin;C:\Program Files\Common Files\Oracle\Java\javapath;C:\Program Files\Eclipse Adoptium\jdk-17.0.13.11-hotspot\bin;C:\app\badya\product\21c\dbhomeXE\bin;C:\Windows\system32;C:\Windows;C:\Windows\System32\Wbem;C:\Windows\System32\WindowsPowerShell\v1.0\;C:\Windows\System32\OpenSSH\;C:\Program Files (x86)\NVIDIA Corporation\PhysX\Common;C:\Program Files\NVIDIA Corporation\NVIDIA NvDLISR;C:\WINDOWS\system32;C:\WINDOWS;C:\WINDOWS\System32\Wbem;C:\WINDOWS\System32\WindowsPowerShell\v1.0\;C:\WINDOWS\System32\OpenSSH\;C:\Program Files\Git\cmd;C:\Program Files\nodejs\;C:\ProgramData\chocolatey\bin;C:\Program Files\Docker\Docker\resources\bin;C:\Program Files\CMake\bin;C:\Program Files (x86)\Windows Kits\10\Windows Performance Toolkit\;C:\Program Files\Eclipse Adoptium\jdk-8.0.472.8-hotspot\bin;C:\Program Files\Common Files\Oracle\Java\javapath;C:\Program Files\Eclipse Adoptium\jdk-17.0.13.11-hotspot\bin;C:\app\badya\product\21c\dbhomeXE\bin;C:\Windows\system32;C:\Windows;C:\Windows\System32\Wbem;C:\Windows\System32\WindowsPowerShell\v1.0\;C:\Windows\System32\OpenSSH\;C:\Program Files (x86)\NVIDIA Corporation\PhysX\Common;C:\Program Files\NVIDIA Corporation\NVIDIA NvDLISR;C:\WINDOWS\system32;C:\WINDOWS;C:\WINDOWS\System32\Wbem;C:\WINDOWS\System32\WindowsPowerShell\v1.0\;C:\WINDOWS\System32\OpenSSH\;C:\Program Files\Git\cmd;C:\Program Files\nodejs\;C:\ProgramData\chocolatey\bin;C:\Program Files (x86)\Windows Kits\10\Windows Performance Toolkit\;C:\Program Files\Docker\Docker\resources\bin;C:\Program Files\Eclipse Adoptium\jdk-8.0.472.8-hotspot\bin;C:\Program Files\Common Files\Oracle\Java\javapath;C:\Program Files\Eclipse Adoptium\jdk-17.0.13.11-hotspot\bin;C:\app\badya\product\21c\dbhomeXE\bin;C:\Windows\system32;C:\Windows;C:\Windows\Syste;C:\Program Files\apache-maven-3.9.11\bin;C:\Flutter\flutter\bin;C:\Users\badya\AppData\Local\Programs\Antigravity\bin;C:\Users\badya\.local\bin;C:\Users\badya\AppData\Local\Programs\Microsoft VS Code\bin;C:\Users\badya\AppData\Local\Programs\MiKTeX\miktex\bin\x64\
USERNAME=badya
OS=Windows_NT
PROCESSOR_IDENTIFIER=Intel64 Family 6 Model 140 Stepping 1, GenuineIntel
TMP=C:\Users\badya\AppData\Local\Temp
TEMP=C:\Users\badya\AppData\Local\Temp




Periodic native trim disabled

---------------  S Y S T E M  ---------------

OS:
 Windows 11 , 64 bit Build 26100 (10.0.26100.9444)
OS uptime: 2 days 12:54 hours
Hyper-V role detected

CPU: total 8 (initial active 8) (4 cores per cpu, 2 threads per core) family 6 model 140 stepping 1 microcode 0xa6, cx8, cmov, fxsr, ht, mmx, 3dnowpref, sse, sse2, sse3, ssse3, sse4.1, sse4.2, popcnt, lzcnt, tsc, tscinvbit, avx, avx2, aes, erms, clmul, bmi1, bmi2, adx, avx512f, avx512dq, avx512cd, avx512bw, avx512vl, sha, fma, vzeroupper, avx512_vpopcntdq, avx512_vpclmulqdq, avx512_vaes, avx512_vnni, clflush, clflushopt, clwb, avx512_vbmi2, avx512_vbmi, hv, rdtscp, rdpid, fsrm, gfni, avx512_bitalg, f16c, cet_ibt, cet_ss, avx512_ifma
Processor Information for the first 8 processors :
  Max Mhz: 2803, Current Mhz: 2803, Mhz Limit: 2803

Memory: 4k page, system-wide physical 7886M (266M free)
TotalPageFile size 32462M (AvailPageFile size 18M)
current process WorkingSet (physical memory assigned to process): 42M, peak: 198M
current process commit charge ("private bytes"): 345M, peak: 365M

vm_info: OpenJDK 64-Bit Server VM (21.0.12.1+1-LTS) for windows-amd64 JRE (21.0.12.1+1-LTS), built on 2026-08-18T00:00:00Z by "admin" with MS VC++ 17.12 (VS2022)

END.
