#
# There is insufficient memory for the Java Runtime Environment to continue.
# Native memory allocation (mmap) failed to map 65536 bytes. Error detail: Failed to commit metaspace.
# Possible reasons:
#   The system is out of physical RAM or swap space
#   This process is running with CompressedOops enabled, and the Java Heap may be blocking the growth of the native heap
# Possible solutions:
#   Reduce memory load on the system
#   Increase physical memory or swap space
#   Check if swap backing store is full
#   Decrease Java heap size (-Xmx/-Xms)
#   Decrease number of Java threads
#   Decrease Java thread stack sizes (-Xss)
#   Set larger code cache with -XX:ReservedCodeCacheSize=
#   JVM is running with Zero Based Compressed Oops mode in which the Java heap is
#     placed in the first 32GB address space. The Java Heap base address is the
#     maximum limit for the native heap growth. Please use -XX:HeapBaseMinAddress
#     to set the Java Heap base and to place the Java Heap above 32GB virtual address.
# This output file may be truncated or incomplete.
#
#  Out of Memory Error (virtualSpaceNode.cpp:113), pid=7136, tid=27000
#
# JRE version: OpenJDK Runtime Environment Temurin-21.0.12.1+1 (21.0.12.1+1) (build 21.0.12.1+1-LTS)
# Java VM: OpenJDK 64-Bit Server VM Temurin-21.0.12.1+1 (21.0.12.1+1-LTS, mixed mode, sharing, tiered, compressed oops, compressed class ptrs, g1 gc, windows-amd64)
# No core dump will be written. Minidumps are not enabled by default on client versions of Windows
#

---------------  S U M M A R Y ------------

Command Line: --add-opens=java.base/java.lang=ALL-UNNAMED --add-opens=java.base/java.lang.invoke=ALL-UNNAMED --add-opens=java.base/java.util=ALL-UNNAMED --add-opens=java.prefs/java.util.prefs=ALL-UNNAMED --add-exports=jdk.compiler/com.sun.tools.javac.api=ALL-UNNAMED --add-exports=jdk.compiler/com.sun.tools.javac.util=ALL-UNNAMED --add-opens=java.base/java.util=ALL-UNNAMED --add-opens=java.prefs/java.util.prefs=ALL-UNNAMED --add-opens=java.base/java.nio.charset=ALL-UNNAMED --add-opens=java.base/java.net=ALL-UNNAMED --add-opens=java.base/java.util.concurrent.atomic=ALL-UNNAMED --add-opens=java.xml/javax.xml.namespace=ALL-UNNAMED -XX:MaxMetaspaceSize=4G -XX:ReservedCodeCacheSize=512m -XX:+HeapDumpOnOutOfMemoryError -Xmx8G -Dfile.encoding=UTF-8 -Duser.country=FR -Duser.language=fr -Duser.variant -javaagent:C:\Users\badya\.gradle\wrapper\dists\gradle-8.12-all\ejduaidbjup3bmmkhw3rie4zb\gradle-8.12\lib\agents\gradle-instrumentation-agent-8.12.jar org.gradle.launcher.daemon.bootstrap.GradleDaemon 8.12

Host: 11th Gen Intel(R) Core(TM) i7-1165G7 @ 2.80GHz, 8 cores, 7G,  Windows 11 , 64 bit Build 26100 (10.0.26100.9444)
Time: Mon Sep 21 02:04:29 2026 Afr. centrale Ouest elapsed time: 404.562027 seconds (0d 0h 6m 44s)

---------------  T H R E A D  ---------------

Current thread (0x0000022a7dca1700):  JavaThread "C1 CompilerThread0" daemon [_thread_in_vm, id=27000, stack(0x0000009c7a800000,0x0000009c7a900000) (1024K)]


Current CompileTask:
C1:404563 14965       3       org.gradle.api.internal.artifacts.DefaultImmutableModuleIdentifierFactory::moduleWithVersion (74 bytes)

Stack: [0x0000009c7a800000,0x0000009c7a900000]
Native frames: (J=compiled Java code, j=interpreted, Vv=VM code, C=native code)
V  [jvm.dll+0x6d83e9]
V  [jvm.dll+0x8b5736]
V  [jvm.dll+0x8b7cee]
V  [jvm.dll+0x8b83d3]
V  [jvm.dll+0x284596]
V  [jvm.dll+0x8b147e]
V  [jvm.dll+0x679ad4]
V  [jvm.dll+0x1e849b]
V  [jvm.dll+0x1e825e]
V  [jvm.dll+0x67c3d2]
V  [jvm.dll+0x67c202]
V  [jvm.dll+0x67a4ae]
V  [jvm.dll+0x68b8ba]
V  [jvm.dll+0x684a32]
V  [jvm.dll+0x1f6540]
V  [jvm.dll+0x1f6728]
V  [jvm.dll+0x156cde]
V  [jvm.dll+0x156fe4]
V  [jvm.dll+0x1563fc]
V  [jvm.dll+0x15818d]
V  [jvm.dll+0x25baad]
V  [jvm.dll+0x25a03a]
V  [jvm.dll+0x3f8aae]
V  [jvm.dll+0x8600cd]
V  [jvm.dll+0x6d6c1d]
C  [ucrtbase.dll+0x2cd30]
C  [KERNEL32.DLL+0x2cd87]
C  [ntdll.dll+0xacaec]


---------------  P R O C E S S  ---------------

Threads class SMR info:
_java_thread_list=0x0000022a5182bdf0, length=62, elements={
0x0000022a55a91900, 0x0000022a7b394c80, 0x0000022a7b396250, 0x0000022a7b39b610,
0x0000022a7b39e080, 0x0000022a7b39eae0, 0x0000022a7b39f540, 0x0000022a7b3a02d0,
0x0000022a7dca1700, 0x0000022a7dedbe10, 0x0000022a7def9c50, 0x0000022a7f53f850,
0x0000022a7e097410, 0x0000022a7efee2a0, 0x0000022a7efecef0, 0x0000022a7efedc10,
0x0000022a7f73a2f0, 0x0000022a7f73a980, 0x0000022a7f739c60, 0x0000022a7f73b6a0,
0x0000022a7f7388b0, 0x0000022a7f73c3c0, 0x0000022a7f738f40, 0x0000022a7f73e490,
0x0000022a7f73de00, 0x0000022a4fe1be30, 0x0000022a51be5270, 0x0000022a4fe16f70,
0x0000022a4fe189b0, 0x0000022a4fe196d0, 0x0000022a4fe17c90, 0x0000022a4fe18320,
0x0000022a4fe19d60, 0x0000022a4fe1a3f0, 0x0000022a4fe1aa80, 0x0000022a4fe17600,
0x0000022a4fe1cb50, 0x0000022a4fe1b7a0, 0x0000022a4fe1d870, 0x0000022a4fe1df00,
0x0000022a4fe1b110, 0x0000022a4f8ac7d0, 0x0000022a4f8ace60, 0x0000022a4f8aa700,
0x0000022a4f8ad4f0, 0x0000022a4f8adb80, 0x0000022a4f8ae210, 0x0000022a4f8aad90,
0x0000022a4f8ae8a0, 0x0000022a4f8ab420, 0x0000022a4f8af5c0, 0x0000022a4f8afc50,
0x0000022a4f8b02e0, 0x0000022a4f8b1000, 0x0000022a4f8b0970, 0x0000022a4f8b1690,
0x0000022a4f8aef30, 0x0000022a51be03b0, 0x0000022a51be10d0, 0x0000022a51bdf690,
0x0000022a51be1df0, 0x0000022a51be2480
}

Java Threads: ( => current thread )
  0x0000022a55a91900 JavaThread "main"                              [_thread_blocked, id=23888, stack(0x0000009c79800000,0x0000009c79900000) (1024K)]
  0x0000022a7b394c80 JavaThread "Reference Handler"          daemon [_thread_blocked, id=21932, stack(0x0000009c7a100000,0x0000009c7a200000) (1024K)]
  0x0000022a7b396250 JavaThread "Finalizer"                  daemon [_thread_blocked, id=24696, stack(0x0000009c7a200000,0x0000009c7a300000) (1024K)]
  0x0000022a7b39b610 JavaThread "Signal Dispatcher"          daemon [_thread_blocked, id=10396, stack(0x0000009c7a300000,0x0000009c7a400000) (1024K)]
  0x0000022a7b39e080 JavaThread "Attach Listener"            daemon [_thread_blocked, id=20560, stack(0x0000009c7a400000,0x0000009c7a500000) (1024K)]
  0x0000022a7b39eae0 JavaThread "Service Thread"             daemon [_thread_blocked, id=25296, stack(0x0000009c7a500000,0x0000009c7a600000) (1024K)]
  0x0000022a7b39f540 JavaThread "Monitor Deflation Thread"   daemon [_thread_blocked, id=23452, stack(0x0000009c7a600000,0x0000009c7a700000) (1024K)]
  0x0000022a7b3a02d0 JavaThread "C2 CompilerThread0"         daemon [_thread_blocked, id=13288, stack(0x0000009c7a700000,0x0000009c7a800000) (1024K)]
=>0x0000022a7dca1700 JavaThread "C1 CompilerThread0"         daemon [_thread_in_vm, id=27000, stack(0x0000009c7a800000,0x0000009c7a900000) (1024K)]
  0x0000022a7dedbe10 JavaThread "Common-Cleaner"             daemon [_thread_blocked, id=22688, stack(0x0000009c7a900000,0x0000009c7aa00000) (1024K)]
  0x0000022a7def9c50 JavaThread "Notification Thread"        daemon [_thread_blocked, id=9428, stack(0x0000009c7aa00000,0x0000009c7ab00000) (1024K)]
  0x0000022a7f53f850 JavaThread "Daemon health stats"               [_thread_blocked, id=24580, stack(0x0000009c7af00000,0x0000009c7b000000) (1024K)]
  0x0000022a7e097410 JavaThread "Incoming local TCP Connector on port 50124"        [_thread_in_native, id=2616, stack(0x0000009c7b000000,0x0000009c7b100000) (1024K)]
  0x0000022a7efee2a0 JavaThread "Daemon periodic checks"            [_thread_blocked, id=11536, stack(0x0000009c7b100000,0x0000009c7b200000) (1024K)]
  0x0000022a7efecef0 JavaThread "Daemon"                            [_thread_blocked, id=28412, stack(0x0000009c7b200000,0x0000009c7b300000) (1024K)]
  0x0000022a7efedc10 JavaThread "Daemon worker"                     [_thread_blocked, id=28044, stack(0x0000009c7b500000,0x0000009c7b600000) (1024K)]
  0x0000022a7f73a2f0 JavaThread "Cache worker for journal cache (C:\Users\badya\.gradle\caches\journal-1)"        [_thread_blocked, id=29072, stack(0x0000009c7bc00000,0x0000009c7bd00000) (1024K)]
  0x0000022a7f73a980 JavaThread "File lock request listener"        [_thread_in_native, id=26212, stack(0x0000009c7bd00000,0x0000009c7be00000) (1024K)]
  0x0000022a7f739c60 JavaThread "Cache worker for file hash cache (C:\Users\badya\.gradle\caches\8.12\fileHashes)"        [_thread_blocked, id=21304, stack(0x0000009c7be00000,0x0000009c7bf00000) (1024K)]
  0x0000022a7f73b6a0 JavaThread "File lock release action executor"        [_thread_blocked, id=1332, stack(0x0000009c7bf00000,0x0000009c7c000000) (1024K)]
  0x0000022a7f7388b0 JavaThread "File watcher server"        daemon [_thread_in_native, id=18436, stack(0x0000009c7c300000,0x0000009c7c400000) (1024K)]
  0x0000022a7f73c3c0 JavaThread "File watcher consumer"      daemon [_thread_blocked, id=22796, stack(0x0000009c7c400000,0x0000009c7c500000) (1024K)]
  0x0000022a7f738f40 JavaThread "jar transforms"                    [_thread_blocked, id=28264, stack(0x0000009c7c500000,0x0000009c7c600000) (1024K)]
  0x0000022a7f73e490 JavaThread "jar transforms Thread 2"           [_thread_blocked, id=27116, stack(0x0000009c7c700000,0x0000009c7c800000) (1024K)]
  0x0000022a7f73de00 JavaThread "Cache worker for file content cache (C:\Users\badya\.gradle\caches\8.12\fileContent)"        [_thread_blocked, id=11556, stack(0x0000009c79900000,0x0000009c79a00000) (1024K)]
  0x0000022a4fe1be30 JavaThread "Memory manager"                    [_thread_blocked, id=22440, stack(0x0000009c7df00000,0x0000009c7e000000) (1024K)]
  0x0000022a51be5270 JavaThread "pool-3-thread-1"                   [_thread_blocked, id=28312, stack(0x0000009c02800000,0x0000009c02900000) (1024K)]
  0x0000022a4fe16f70 JavaThread "Handler for socket connection from /127.0.0.1:50124 to /127.0.0.1:51907"        [_thread_in_native, id=11612, stack(0x0000009c00100000,0x0000009c00200000) (1024K)]
  0x0000022a4fe189b0 JavaThread "Cancel handler"                    [_thread_blocked, id=27688, stack(0x0000009c00200000,0x0000009c00300000) (1024K)]
  0x0000022a4fe196d0 JavaThread "Asynchronous log dispatcher for DefaultDaemonConnection: socket connection from /127.0.0.1:50124 to /127.0.0.1:51907"        [_thread_blocked, id=7916, stack(0x0000009c00300000,0x0000009c00400000) (1024K)]
  0x0000022a4fe17c90 JavaThread "Stdin handler"                     [_thread_blocked, id=28240, stack(0x0000009c00400000,0x0000009c00500000) (1024K)]
  0x0000022a4fe18320 JavaThread "Daemon client event forwarder"        [_thread_blocked, id=21676, stack(0x0000009c00500000,0x0000009c00600000) (1024K)]
  0x0000022a4fe19d60 JavaThread "Cache worker for file hash cache (C:\test2-final-adas-dms\couche4_mobile\android\.gradle\8.12\fileHashes)"        [_thread_blocked, id=13580, stack(0x0000009c00600000,0x0000009c00700000) (1024K)]
  0x0000022a4fe1a3f0 JavaThread "Cache worker for Build Output Cleanup Cache (C:\test2-final-adas-dms\couche4_mobile\android\.gradle\buildOutputCleanup)"        [_thread_blocked, id=28792, stack(0x0000009c00700000,0x0000009c00800000) (1024K)]
  0x0000022a4fe1aa80 JavaThread "Cache worker for checksums cache (C:\test2-final-adas-dms\couche4_mobile\android\.gradle\8.12\checksums)"        [_thread_blocked, id=26808, stack(0x0000009c00800000,0x0000009c00900000) (1024K)]
  0x0000022a4fe17600 JavaThread "Cache worker for cache directory md-rule (C:\Users\badya\.gradle\caches\8.12\md-rule)"        [_thread_blocked, id=2916, stack(0x0000009c00900000,0x0000009c00a00000) (1024K)]
  0x0000022a4fe1cb50 JavaThread "Cache worker for cache directory md-supplier (C:\Users\badya\.gradle\caches\8.12\md-supplier)"        [_thread_blocked, id=25832, stack(0x0000009c00a00000,0x0000009c00b00000) (1024K)]
  0x0000022a4fe1b7a0 JavaThread "Cache worker for Build Output Cleanup Cache (C:\Flutter\flutter\packages\flutter_tools\gradle\.gradle\buildOutputCleanup)"        [_thread_blocked, id=19088, stack(0x0000009c00b00000,0x0000009c00c00000) (1024K)]
  0x0000022a4fe1d870 JavaThread "Unconstrained build operations"        [_thread_blocked, id=28576, stack(0x0000009c00c00000,0x0000009c00d00000) (1024K)]
  0x0000022a4fe1df00 JavaThread "Unconstrained build operations Thread 2"        [_thread_blocked, id=12712, stack(0x0000009c00d00000,0x0000009c00e00000) (1024K)]
  0x0000022a4fe1b110 JavaThread "Unconstrained build operations Thread 3"        [_thread_blocked, id=23536, stack(0x0000009c00e00000,0x0000009c00f00000) (1024K)]
  0x0000022a4f8ac7d0 JavaThread "Unconstrained build operations Thread 4"        [_thread_blocked, id=15524, stack(0x0000009c00f00000,0x0000009c01000000) (1024K)]
  0x0000022a4f8ace60 JavaThread "Unconstrained build operations Thread 5"        [_thread_blocked, id=14988, stack(0x0000009c01000000,0x0000009c01100000) (1024K)]
  0x0000022a4f8aa700 JavaThread "Unconstrained build operations Thread 6"        [_thread_blocked, id=27052, stack(0x0000009c01100000,0x0000009c01200000) (1024K)]
  0x0000022a4f8ad4f0 JavaThread "Unconstrained build operations Thread 7"        [_thread_blocked, id=24236, stack(0x0000009c01200000,0x0000009c01300000) (1024K)]
  0x0000022a4f8adb80 JavaThread "Unconstrained build operations Thread 8"        [_thread_blocked, id=24968, stack(0x0000009c01300000,0x0000009c01400000) (1024K)]
  0x0000022a4f8ae210 JavaThread "Unconstrained build operations Thread 9"        [_thread_blocked, id=26556, stack(0x0000009c01400000,0x0000009c01500000) (1024K)]
  0x0000022a4f8aad90 JavaThread "Unconstrained build operations Thread 10"        [_thread_blocked, id=24108, stack(0x0000009c01500000,0x0000009c01600000) (1024K)]
  0x0000022a4f8ae8a0 JavaThread "Unconstrained build operations Thread 11"        [_thread_blocked, id=15096, stack(0x0000009c01600000,0x0000009c01700000) (1024K)]
  0x0000022a4f8ab420 JavaThread "Unconstrained build operations Thread 12"        [_thread_blocked, id=28808, stack(0x0000009c01700000,0x0000009c01800000) (1024K)]
  0x0000022a4f8af5c0 JavaThread "Unconstrained build operations Thread 13"        [_thread_blocked, id=15424, stack(0x0000009c01800000,0x0000009c01900000) (1024K)]
  0x0000022a4f8afc50 JavaThread "Unconstrained build operations Thread 14"        [_thread_blocked, id=29352, stack(0x0000009c01900000,0x0000009c01a00000) (1024K)]
  0x0000022a4f8b02e0 JavaThread "build event listener"              [_thread_blocked, id=12344, stack(0x0000009c01a00000,0x0000009c01b00000) (1024K)]
  0x0000022a4f8b1000 JavaThread "included builds"                   [_thread_blocked, id=8832, stack(0x0000009c00000000,0x0000009c00100000) (1024K)]
  0x0000022a4f8b0970 JavaThread "Execution worker"                  [_thread_blocked, id=22500, stack(0x0000009c01b00000,0x0000009c01c00000) (1024K)]
  0x0000022a4f8b1690 JavaThread "Execution worker Thread 2"         [_thread_blocked, id=29460, stack(0x0000009c01c00000,0x0000009c01d00000) (1024K)]
  0x0000022a4f8aef30 JavaThread "Execution worker Thread 3"         [_thread_in_vm, id=27084, stack(0x0000009c01d00000,0x0000009c01e00000) (1024K)]
  0x0000022a51be03b0 JavaThread "Execution worker Thread 4"         [_thread_blocked, id=29092, stack(0x0000009c01e00000,0x0000009c01f00000) (1024K)]
  0x0000022a51be10d0 JavaThread "Execution worker Thread 5"         [_thread_blocked, id=19852, stack(0x0000009c01f00000,0x0000009c02000000) (1024K)]
  0x0000022a51bdf690 JavaThread "Execution worker Thread 6"         [_thread_blocked, id=21760, stack(0x0000009c02000000,0x0000009c02100000) (1024K)]
  0x0000022a51be1df0 JavaThread "Execution worker Thread 7"         [_thread_blocked, id=13856, stack(0x0000009c02100000,0x0000009c02200000) (1024K)]
  0x0000022a51be2480 JavaThread "Cache worker for execution history cache (C:\Flutter\flutter\packages\flutter_tools\gradle\.gradle\8.12\executionHistory)"        [_thread_blocked, id=23272, stack(0x0000009c02200000,0x0000009c02300000) (1024K)]
Total: 62

Other Threads:
  0x0000022a7b3731b0 VMThread "VM Thread"                           [id=27724, stack(0x0000009c7a000000,0x0000009c7a100000) (1024K)]
  0x0000022a7b3630b0 WatcherThread "VM Periodic Task Thread"        [id=28284, stack(0x0000009c79f00000,0x0000009c7a000000) (1024K)]
  0x0000022a55b3ce90 WorkerThread "GC Thread#0"                     [id=3504, stack(0x0000009c79a00000,0x0000009c79b00000) (1024K)]
  0x0000022a7df246c0 WorkerThread "GC Thread#1"                     [id=23728, stack(0x0000009c7ab00000,0x0000009c7ac00000) (1024K)]
  0x0000022a7dfc0800 WorkerThread "GC Thread#2"                     [id=21288, stack(0x0000009c7ac00000,0x0000009c7ad00000) (1024K)]
  0x0000022a7e82cb40 WorkerThread "GC Thread#3"                     [id=24608, stack(0x0000009c7ad00000,0x0000009c7ae00000) (1024K)]
  0x0000022a7df88220 WorkerThread "GC Thread#4"                     [id=27660, stack(0x0000009c7ae00000,0x0000009c7af00000) (1024K)]
  0x0000022a7f83dfd0 WorkerThread "GC Thread#5"                     [id=29504, stack(0x0000009c7b900000,0x0000009c7ba00000) (1024K)]
  0x0000022a7f83e380 WorkerThread "GC Thread#6"                     [id=19772, stack(0x0000009c7ba00000,0x0000009c7bb00000) (1024K)]
  0x0000022a7f83e730 WorkerThread "GC Thread#7"                     [id=26056, stack(0x0000009c7bb00000,0x0000009c7bc00000) (1024K)]
  0x0000022a55b4dd90 ConcurrentGCThread "G1 Main Marker"            [id=21152, stack(0x0000009c79b00000,0x0000009c79c00000) (1024K)]
  0x0000022a55b4e7b0 WorkerThread "G1 Conc#0"                       [id=888, stack(0x0000009c79c00000,0x0000009c79d00000) (1024K)]
  0x0000022a4f4d33e0 WorkerThread "G1 Conc#1"                       [id=9816, stack(0x0000009c7c000000,0x0000009c7c100000) (1024K)]
  0x0000022a7b233d40 ConcurrentGCThread "G1 Refine#0"               [id=22148, stack(0x0000009c79d00000,0x0000009c79e00000) (1024K)]
  0x0000022a7b2347d0 ConcurrentGCThread "G1 Service"                [id=17012, stack(0x0000009c79e00000,0x0000009c79f00000) (1024K)]
Total: 15

Threads with active compile tasks:
C1 CompilerThread0  404966 14965       3       org.gradle.api.internal.artifacts.DefaultImmutableModuleIdentifierFactory::moduleWithVersion (74 bytes)
Total: 1

VM state: not at safepoint (normal execution)

VM Mutex/Monitor currently owned by a thread:  ([mutex/lock_event])
[0x00007ffd2769d530] Metaspace_lock - owner thread: 0x0000022a7dca1700

Heap address: 0x0000000600000000, size: 8192 MB, Compressed Oops mode: Zero based, Oop shift amount: 3

CDS archive(s) mapped at: [0x0000022a08000000-0x0000022a08ba0000-0x0000022a08ba0000), size 12189696, SharedBaseAddress: 0x0000022a08000000, ArchiveRelocationMode: 1.
Compressed class space mapped at: 0x0000022a09000000-0x0000022a49000000, reserved size: 1073741824
Narrow klass base: 0x0000022a08000000, Narrow klass shift: 0, Narrow klass range: 0x100000000

GC Precious Log:
 CardTable entry size: 512
 Card Set container configuration: InlinePtr #cards 4 size 8 Array Of Cards #cards 32 size 80 Howl #buckets 8 coarsen threshold 7372 Howl Bitmap #cards 1024 size 144 coarsen threshold 921 Card regions per heap region 1 cards per card region 8192
 CPUs: 8 total, 8 available
 Memory: 7886M
 Large Page Support: Disabled
 NUMA Support: Disabled
 Compressed Oops: Enabled (Zero based)
 Heap Region Size: 4M
 Heap Min Capacity: 8M
 Heap Initial Capacity: 124M
 Heap Max Capacity: 8G
 Pre-touch: Disabled
 Parallel Workers: 8
 Concurrent Workers: 2
 Concurrent Refinement Workers: 8
 Periodic GC: Disabled

Heap:
 garbage-first heap   total 233472K, used 142146K [0x0000000600000000, 0x0000000800000000)
  region size 4096K, 3 young (12288K), 1 survivors (4096K)
 Metaspace       used 113844K, committed 116224K, reserved 1179648K
  class space    used 15769K, committed 16960K, reserved 1048576K

Heap Regions: E=young(eden), S=young(survivor), O=old, HS=humongous(starts), HC=humongous(continues), CS=collection set, F=free, TAMS=top-at-mark-start, PB=parsable bottom
|   0|0x0000000600000000, 0x0000000600400000, 0x0000000600400000|100%|HS|  |TAMS 0x0000000600000000| PB 0x0000000600000000| Complete 
|   1|0x0000000600400000, 0x0000000600800000, 0x0000000600800000|100%| O|  |TAMS 0x0000000600400000| PB 0x0000000600400000| Untracked 
|   2|0x0000000600800000, 0x0000000600c00000, 0x0000000600c00000|100%| O|  |TAMS 0x0000000600800000| PB 0x0000000600800000| Untracked 
|   3|0x0000000600c00000, 0x0000000601000000, 0x0000000601000000|100%| O|  |TAMS 0x0000000600c00000| PB 0x0000000600c00000| Untracked 
|   4|0x0000000601000000, 0x0000000601400000, 0x0000000601400000|100%| O|  |TAMS 0x0000000601000000| PB 0x0000000601000000| Untracked 
|   5|0x0000000601400000, 0x0000000601800000, 0x0000000601800000|100%| O|  |TAMS 0x0000000601400000| PB 0x0000000601400000| Untracked 
|   6|0x0000000601800000, 0x0000000601c00000, 0x0000000601c00000|100%| O|  |TAMS 0x0000000601800000| PB 0x0000000601800000| Untracked 
|   7|0x0000000601c00000, 0x0000000602000000, 0x0000000602000000|100%|HS|  |TAMS 0x0000000601c00000| PB 0x0000000601c00000| Complete 
|   8|0x0000000602000000, 0x0000000602400000, 0x0000000602400000|100%|HS|  |TAMS 0x0000000602000000| PB 0x0000000602000000| Complete 
|   9|0x0000000602400000, 0x0000000602800000, 0x0000000602800000|100%| O|  |TAMS 0x0000000602400000| PB 0x0000000602400000| Untracked 
|  10|0x0000000602800000, 0x0000000602c00000, 0x0000000602c00000|100%| O|  |TAMS 0x0000000602800000| PB 0x0000000602800000| Untracked 
|  11|0x0000000602c00000, 0x0000000603000000, 0x0000000603000000|100%| O|  |TAMS 0x0000000602c00000| PB 0x0000000602c00000| Untracked 
|  12|0x0000000603000000, 0x0000000603400000, 0x0000000603400000|100%| O|  |TAMS 0x0000000603000000| PB 0x0000000603000000| Untracked 
|  13|0x0000000603400000, 0x0000000603800000, 0x0000000603800000|100%| O|  |TAMS 0x0000000603400000| PB 0x0000000603400000| Untracked 
|  14|0x0000000603800000, 0x0000000603c00000, 0x0000000603c00000|100%| O|  |TAMS 0x0000000603800000| PB 0x0000000603800000| Untracked 
|  15|0x0000000603c00000, 0x0000000604000000, 0x0000000604000000|100%| O|  |TAMS 0x0000000603c00000| PB 0x0000000603c00000| Untracked 
|  16|0x0000000604000000, 0x0000000604400000, 0x0000000604400000|100%| O|  |TAMS 0x0000000604000000| PB 0x0000000604000000| Untracked 
|  17|0x0000000604400000, 0x0000000604800000, 0x0000000604800000|100%| O|  |TAMS 0x0000000604400000| PB 0x0000000604400000| Untracked 
|  18|0x0000000604800000, 0x0000000604c00000, 0x0000000604c00000|100%| O|  |TAMS 0x0000000604800000| PB 0x0000000604800000| Untracked 
|  19|0x0000000604c00000, 0x0000000605000000, 0x0000000605000000|100%| O|  |TAMS 0x0000000604c00000| PB 0x0000000604c00000| Untracked 
|  20|0x0000000605000000, 0x0000000605400000, 0x0000000605400000|100%| O|  |TAMS 0x0000000605000000| PB 0x0000000605000000| Untracked 
|  21|0x0000000605400000, 0x0000000605800000, 0x0000000605800000|100%| O|  |TAMS 0x0000000605400000| PB 0x0000000605400000| Untracked 
|  22|0x0000000605800000, 0x0000000605c00000, 0x0000000605c00000|100%| O|  |TAMS 0x0000000605800000| PB 0x0000000605800000| Untracked 
|  23|0x0000000605c00000, 0x0000000606000000, 0x0000000606000000|100%| O|  |TAMS 0x0000000605c00000| PB 0x0000000605c00000| Untracked 
|  24|0x0000000606000000, 0x0000000606400000, 0x0000000606400000|100%| O|  |TAMS 0x0000000606000000| PB 0x0000000606000000| Untracked 
|  25|0x0000000606400000, 0x0000000606800000, 0x0000000606800000|100%| O|  |TAMS 0x0000000606400000| PB 0x0000000606400000| Untracked 
|  26|0x0000000606800000, 0x0000000606c00000, 0x0000000606c00000|100%| O|  |TAMS 0x0000000606800000| PB 0x0000000606800000| Untracked 
|  27|0x0000000606c00000, 0x0000000607000000, 0x0000000607000000|100%| O|  |TAMS 0x0000000606c00000| PB 0x0000000606c00000| Untracked 
|  28|0x0000000607000000, 0x0000000607367530, 0x0000000607400000| 85%| O|  |TAMS 0x0000000607000000| PB 0x0000000607000000| Untracked 
|  29|0x0000000607400000, 0x0000000607400000, 0x0000000607800000|  0%| F|  |TAMS 0x0000000607400000| PB 0x0000000607400000| Untracked 
|  30|0x0000000607800000, 0x0000000607c00000, 0x0000000607c00000|100%| O|  |TAMS 0x0000000607800000| PB 0x0000000607800000| Untracked 
|  31|0x0000000607c00000, 0x0000000608000000, 0x0000000608000000|100%| O|  |TAMS 0x0000000607c00000| PB 0x0000000607c00000| Untracked 
|  32|0x0000000608000000, 0x0000000608000000, 0x0000000608400000|  0%| F|  |TAMS 0x0000000608000000| PB 0x0000000608000000| Untracked 
|  33|0x0000000608400000, 0x0000000608400000, 0x0000000608800000|  0%| F|  |TAMS 0x0000000608400000| PB 0x0000000608400000| Untracked 
|  34|0x0000000608800000, 0x0000000608b695f8, 0x0000000608c00000| 85%| S|CS|TAMS 0x0000000608800000| PB 0x0000000608800000| Complete 
|  35|0x0000000608c00000, 0x0000000608c00000, 0x0000000609000000|  0%| F|  |TAMS 0x0000000608c00000| PB 0x0000000608c00000| Untracked 
|  36|0x0000000609000000, 0x0000000609000000, 0x0000000609400000|  0%| F|  |TAMS 0x0000000609000000| PB 0x0000000609000000| Untracked 
|  37|0x0000000609400000, 0x0000000609400000, 0x0000000609800000|  0%| F|  |TAMS 0x0000000609400000| PB 0x0000000609400000| Untracked 
|  38|0x0000000609800000, 0x0000000609800000, 0x0000000609c00000|  0%| F|  |TAMS 0x0000000609800000| PB 0x0000000609800000| Untracked 
|  39|0x0000000609c00000, 0x0000000609c00000, 0x000000060a000000|  0%| F|  |TAMS 0x0000000609c00000| PB 0x0000000609c00000| Untracked 
|  40|0x000000060a000000, 0x000000060a000000, 0x000000060a400000|  0%| F|  |TAMS 0x000000060a000000| PB 0x000000060a000000| Untracked 
|  41|0x000000060a400000, 0x000000060a400000, 0x000000060a800000|  0%| F|  |TAMS 0x000000060a400000| PB 0x000000060a400000| Untracked 
|  42|0x000000060a800000, 0x000000060a800000, 0x000000060ac00000|  0%| F|  |TAMS 0x000000060a800000| PB 0x000000060a800000| Untracked 
|  43|0x000000060ac00000, 0x000000060ac00000, 0x000000060b000000|  0%| F|  |TAMS 0x000000060ac00000| PB 0x000000060ac00000| Untracked 
|  44|0x000000060b000000, 0x000000060b000000, 0x000000060b400000|  0%| F|  |TAMS 0x000000060b000000| PB 0x000000060b000000| Untracked 
|  45|0x000000060b400000, 0x000000060b400000, 0x000000060b800000|  0%| F|  |TAMS 0x000000060b400000| PB 0x000000060b400000| Untracked 
|  46|0x000000060b800000, 0x000000060b800000, 0x000000060bc00000|  0%| F|  |TAMS 0x000000060b800000| PB 0x000000060b800000| Untracked 
|  47|0x000000060bc00000, 0x000000060bc00000, 0x000000060c000000|  0%| F|  |TAMS 0x000000060bc00000| PB 0x000000060bc00000| Untracked 
|  48|0x000000060c000000, 0x000000060c000000, 0x000000060c400000|  0%| F|  |TAMS 0x000000060c000000| PB 0x000000060c000000| Untracked 
|  49|0x000000060c400000, 0x000000060c400000, 0x000000060c800000|  0%| F|  |TAMS 0x000000060c400000| PB 0x000000060c400000| Untracked 
|  50|0x000000060c800000, 0x000000060c800000, 0x000000060cc00000|  0%| F|  |TAMS 0x000000060c800000| PB 0x000000060c800000| Untracked 
|  51|0x000000060cc00000, 0x000000060cc00000, 0x000000060d000000|  0%| F|  |TAMS 0x000000060cc00000| PB 0x000000060cc00000| Untracked 
|  52|0x000000060d000000, 0x000000060d000000, 0x000000060d400000|  0%| F|  |TAMS 0x000000060d000000| PB 0x000000060d000000| Untracked 
|2044|0x00000007ff000000, 0x00000007ff391e30, 0x00000007ff400000| 89%| E|  |TAMS 0x00000007ff000000| PB 0x00000007ff000000| Complete 
|2045|0x00000007ff400000, 0x00000007ff800000, 0x00000007ff800000|100%| O|  |TAMS 0x00000007ff400000| PB 0x00000007ff400000| Untracked 
|2046|0x00000007ff800000, 0x00000007ffc00000, 0x00000007ffc00000|100%| E|CS|TAMS 0x00000007ff800000| PB 0x00000007ff800000| Complete 
|2047|0x00000007ffc00000, 0x0000000800000000, 0x0000000800000000|100%| O|  |TAMS 0x00000007ffc00000| PB 0x00000007ffc00000| Untracked 

Card table byte_map: [0x0000022a7a1e0000,0x0000022a7b1e0000] _byte_map_base: 0x0000022a771e0000

Marking Bits: (CMBitMap*) 0x0000022a55b3d4b0
 Bits: [0x0000022a00000000, 0x0000022a08000000)

Polling page: 0x0000022a53aa0000

Metaspace:

Usage:
  Non-class:     95.78 MB used.
      Class:     15.40 MB used.
       Both:    111.18 MB used.

Virtual space:
  Non-class space:      128.00 MB reserved,      96.94 MB ( 76%) committed,  2 nodes.
      Class space:        1.00 GB reserved,      16.56 MB (  2%) committed,  1 nodes.
             Both:        1.12 GB reserved,     113.50 MB ( 10%) committed. 

Chunk freelists:
   Non-Class:  14.86 MB
       Class:  15.48 MB
        Both:  30.34 MB

MaxMetaspaceSize: 4.00 GB
CompressedClassSpaceSize: 1.00 GB
Initial GC threshold: 21.00 MB
Current GC threshold: 182.94 MB
CDS: on
 - commit_granule_bytes: 65536.
 - commit_granule_words: 8192.
 - virtual_space_node_default_size: 8388608.
 - enlarge_chunks_in_place: 1.
 - use_allocation_guard: 0.


Internal statistics:

num_allocs_failed_limit: 12.
num_arena_births: 4274.
num_arena_deaths: 0.
num_vsnodes_births: 3.
num_vsnodes_deaths: 0.
num_space_committed: 1814.
num_space_uncommitted: 0.
num_chunks_returned_to_freelist: 12.
num_chunks_taken_from_freelist: 9488.
num_chunk_merges: 12.
num_chunk_splits: 6327.
num_chunks_enlarged: 4090.
num_inconsistent_stats: 0.

CodeHeap 'non-profiled nmethods': size=259264Kb used=7986Kb max_used=7986Kb free=251277Kb
 bounds [0x0000022a68f60000, 0x0000022a69730000, 0x0000022a78c90000]
CodeHeap 'profiled nmethods': size=259264Kb used=24430Kb max_used=24430Kb free=234833Kb
 bounds [0x0000022a58c90000, 0x0000022a5a470000, 0x0000022a689c0000]
CodeHeap 'non-nmethods': size=5760Kb used=3009Kb max_used=3071Kb free=2750Kb
 bounds [0x0000022a689c0000, 0x0000022a68ce0000, 0x0000022a68f60000]
CodeCache: size=524288Kb, used=35425Kb, max_used=35487Kb, free=488860Kb
 total_blobs=13635, nmethods=12620, adapters=918, full_count=0
Compilation: enabled, stopped_count=0, restarted_count=0

Compilation events (20 events):
Event: 403.776 Thread 0x0000022a7b3a02d0 nmethod 14955 0x0000022a6972a490 code [0x0000022a6972a620, 0x0000022a6972a6f0]
Event: 404.161 Thread 0x0000022a7dca1700 14956       1       org.gradle.internal.action.DefaultConfigurableRules::getConfigurableRules (5 bytes)
Event: 404.162 Thread 0x0000022a7dca1700 nmethod 14956 0x0000022a6972a790 code [0x0000022a6972a920, 0x0000022a6972a9f0]
Event: 404.162 Thread 0x0000022a7dca1700 14957       1       org.gradle.internal.action.DefaultConfigurableRule::getRuleClass (5 bytes)
Event: 404.163 Thread 0x0000022a7dca1700 nmethod 14957 0x0000022a6972aa90 code [0x0000022a6972ac20, 0x0000022a6972acf0]
Event: 404.163 Thread 0x0000022a7dca1700 14958       1       org.gradle.internal.action.DefaultConfigurableRule::getRuleParams (5 bytes)
Event: 404.163 Thread 0x0000022a7dca1700 nmethod 14958 0x0000022a6972ad90 code [0x0000022a6972af20, 0x0000022a6972aff0]
Event: 404.182 Thread 0x0000022a7dca1700 14959       1       org.gradle.internal.component.model.DefaultCompatibilityCheckResult::getConsumerValue (5 bytes)
Event: 404.182 Thread 0x0000022a7dca1700 nmethod 14959 0x0000022a6972b090 code [0x0000022a6972b220, 0x0000022a6972b2f0]
Event: 404.183 Thread 0x0000022a7dca1700 14960       1       org.gradle.api.attributes.Usage$Impl::getName (5 bytes)
Event: 404.183 Thread 0x0000022a7dca1700 nmethod 14960 0x0000022a6972b390 code [0x0000022a6972b520, 0x0000022a6972b5f0]
Event: 404.232 Thread 0x0000022a7dca1700 14961       1       org.gradle.api.attributes.plugin.GradlePluginApiVersion$Impl::getName (5 bytes)
Event: 404.233 Thread 0x0000022a7dca1700 nmethod 14961 0x0000022a6972b690 code [0x0000022a6972b820, 0x0000022a6972b8f0]
Event: 404.235 Thread 0x0000022a7dca1700 14962       1       org.gradle.api.internal.attributes.matching.DefaultAttributeMatcher$CachedQuery::access$300 (5 bytes)
Event: 404.236 Thread 0x0000022a7dca1700 nmethod 14962 0x0000022a6972b990 code [0x0000022a6972bb20, 0x0000022a6972bbd0]
Event: 404.236 Thread 0x0000022a7dca1700 14963       1       org.gradle.api.internal.attributes.matching.DefaultAttributeMatcher$CachedQuery::access$400 (5 bytes)
Event: 404.238 Thread 0x0000022a7dca1700 nmethod 14963 0x0000022a6972bc90 code [0x0000022a6972be20, 0x0000022a6972bed0]
Event: 404.256 Thread 0x0000022a7dca1700 14964       3       com.esotericsoftware.kryo.io.Input::readInt_slow (201 bytes)
Event: 404.258 Thread 0x0000022a7dca1700 nmethod 14964 0x0000022a5a46db90 code [0x0000022a5a46dda0, 0x0000022a5a46e2c8]
Event: 404.537 Thread 0x0000022a7dca1700 14965       3       org.gradle.api.internal.artifacts.DefaultImmutableModuleIdentifierFactory::moduleWithVersion (74 bytes)

GC Heap History (20 events):
Event: 218.196 GC heap before
{Heap before GC invocations=39 (full 0):
 garbage-first heap   total 180224K, used 161838K [0x0000000600000000, 0x0000000800000000)
  region size 4096K, 15 young (61440K), 1 survivors (4096K)
 Metaspace       used 93305K, committed 95488K, reserved 1179648K
  class space    used 13149K, committed 14208K, reserved 1048576K
}
Event: 218.227 GC heap after
{Heap after GC invocations=40 (full 0):
 garbage-first heap   total 180224K, used 108279K [0x0000000600000000, 0x0000000800000000)
  region size 4096K, 2 young (8192K), 2 survivors (8192K)
 Metaspace       used 93305K, committed 95488K, reserved 1179648K
  class space    used 13149K, committed 14208K, reserved 1048576K
}
Event: 227.429 GC heap before
{Heap before GC invocations=40 (full 0):
 garbage-first heap   total 180224K, used 161527K [0x0000000600000000, 0x0000000800000000)
  region size 4096K, 15 young (61440K), 2 survivors (8192K)
 Metaspace       used 97261K, committed 99520K, reserved 1179648K
  class space    used 13790K, committed 14912K, reserved 1048576K
}
Event: 227.452 GC heap after
{Heap after GC invocations=41 (full 0):
 garbage-first heap   total 180224K, used 108833K [0x0000000600000000, 0x0000000800000000)
  region size 4096K, 1 young (4096K), 1 survivors (4096K)
 Metaspace       used 97261K, committed 99520K, reserved 1179648K
  class space    used 13790K, committed 14912K, reserved 1048576K
}
Event: 237.930 GC heap before
{Heap before GC invocations=42 (full 0):
 garbage-first heap   total 192512K, used 162081K [0x0000000600000000, 0x0000000800000000)
  region size 4096K, 14 young (57344K), 1 survivors (4096K)
 Metaspace       used 100875K, committed 103104K, reserved 1179648K
  class space    used 14350K, committed 15424K, reserved 1048576K
}
Event: 237.941 GC heap after
{Heap after GC invocations=43 (full 0):
 garbage-first heap   total 192512K, used 110357K [0x0000000600000000, 0x0000000800000000)
  region size 4096K, 1 young (4096K), 1 survivors (4096K)
 Metaspace       used 100875K, committed 103104K, reserved 1179648K
  class space    used 14350K, committed 15424K, reserved 1048576K
}
Event: 249.266 GC heap before
{Heap before GC invocations=43 (full 0):
 garbage-first heap   total 192512K, used 175893K [0x0000000600000000, 0x0000000800000000)
  region size 4096K, 17 young (69632K), 1 survivors (4096K)
 Metaspace       used 104343K, committed 106624K, reserved 1179648K
  class space    used 14818K, committed 15936K, reserved 1048576K
}
Event: 249.370 GC heap after
{Heap after GC invocations=44 (full 0):
 garbage-first heap   total 192512K, used 114580K [0x0000000600000000, 0x0000000800000000)
  region size 4096K, 3 young (12288K), 3 survivors (12288K)
 Metaspace       used 104343K, committed 106624K, reserved 1179648K
  class space    used 14818K, committed 15936K, reserved 1048576K
}
Event: 256.505 GC heap before
{Heap before GC invocations=44 (full 0):
 garbage-first heap   total 192512K, used 167828K [0x0000000600000000, 0x0000000800000000)
  region size 4096K, 17 young (69632K), 3 survivors (12288K)
 Metaspace       used 104430K, committed 106688K, reserved 1179648K
  class space    used 14818K, committed 15936K, reserved 1048576K
}
Event: 256.551 GC heap after
{Heap after GC invocations=45 (full 0):
 garbage-first heap   total 192512K, used 118495K [0x0000000600000000, 0x0000000800000000)
  region size 4096K, 3 young (12288K), 3 survivors (12288K)
 Metaspace       used 104430K, committed 106688K, reserved 1179648K
  class space    used 14818K, committed 15936K, reserved 1048576K
}
Event: 266.558 GC heap before
{Heap before GC invocations=46 (full 0):
 garbage-first heap   total 204800K, used 171743K [0x0000000600000000, 0x0000000800000000)
  region size 4096K, 16 young (65536K), 3 survivors (12288K)
 Metaspace       used 104497K, committed 106816K, reserved 1179648K
  class space    used 14837K, committed 16000K, reserved 1048576K
}
Event: 266.599 GC heap after
{Heap after GC invocations=47 (full 0):
 garbage-first heap   total 204800K, used 117799K [0x0000000600000000, 0x0000000800000000)
  region size 4096K, 1 young (4096K), 1 survivors (4096K)
 Metaspace       used 104497K, committed 106816K, reserved 1179648K
  class space    used 14837K, committed 16000K, reserved 1048576K
}
Event: 286.232 GC heap before
{Heap before GC invocations=47 (full 0):
 garbage-first heap   total 204800K, used 179239K [0x0000000600000000, 0x0000000800000000)
  region size 4096K, 17 young (69632K), 1 survivors (4096K)
 Metaspace       used 105792K, committed 108096K, reserved 1179648K
  class space    used 15073K, committed 16192K, reserved 1048576K
}
Event: 286.298 GC heap after
{Heap after GC invocations=48 (full 0):
 garbage-first heap   total 204800K, used 128710K [0x0000000600000000, 0x0000000800000000)
  region size 4096K, 3 young (12288K), 3 survivors (12288K)
 Metaspace       used 105792K, committed 108096K, reserved 1179648K
  class space    used 15073K, committed 16192K, reserved 1048576K
}
Event: 318.508 GC heap before
{Heap before GC invocations=48 (full 0):
 garbage-first heap   total 204800K, used 177862K [0x0000000600000000, 0x0000000800000000)
  region size 4096K, 16 young (65536K), 3 survivors (12288K)
 Metaspace       used 110005K, committed 112384K, reserved 1179648K
  class space    used 15427K, committed 16576K, reserved 1048576K
}
Event: 319.407 GC heap after
{Heap after GC invocations=49 (full 0):
 garbage-first heap   total 204800K, used 135185K [0x0000000600000000, 0x0000000800000000)
  region size 4096K, 2 young (8192K), 2 survivors (8192K)
 Metaspace       used 110005K, committed 112384K, reserved 1179648K
  class space    used 15427K, committed 16576K, reserved 1048576K
}
Event: 320.438 GC heap before
{Heap before GC invocations=50 (full 0):
 garbage-first heap   total 233472K, used 139281K [0x0000000600000000, 0x0000000800000000)
  region size 4096K, 3 young (12288K), 2 survivors (8192K)
 Metaspace       used 110212K, committed 112576K, reserved 1179648K
  class space    used 15451K, committed 16640K, reserved 1048576K
}
Event: 320.451 GC heap after
{Heap after GC invocations=51 (full 0):
 garbage-first heap   total 233472K, used 135901K [0x0000000600000000, 0x0000000800000000)
  region size 4096K, 1 young (4096K), 1 survivors (4096K)
 Metaspace       used 110212K, committed 112576K, reserved 1179648K
  class space    used 15451K, committed 16640K, reserved 1048576K
}
Event: 364.431 GC heap before
{Heap before GC invocations=51 (full 0):
 garbage-first heap   total 233472K, used 205533K [0x0000000600000000, 0x0000000800000000)
  region size 4096K, 19 young (77824K), 1 survivors (4096K)
 Metaspace       used 113780K, committed 116160K, reserved 1179648K
  class space    used 15769K, committed 16960K, reserved 1048576K
}
Event: 364.506 GC heap after
{Heap after GC invocations=52 (full 0):
 garbage-first heap   total 233472K, used 138050K [0x0000000600000000, 0x0000000800000000)
  region size 4096K, 1 young (4096K), 1 survivors (4096K)
 Metaspace       used 113780K, committed 116160K, reserved 1179648K
  class space    used 15769K, committed 16960K, reserved 1048576K
}

Dll operation events (20 events):
Event: 3.480 Attempting to load shared library C:\Users\badya\.vscode\extensions\redhat.java-1.56.0-win32-x64\jre\21.0.12.1-win32-x86_64\bin\zip.dll
Event: 3.480 Loaded shared library C:\Users\badya\.vscode\extensions\redhat.java-1.56.0-win32-x64\jre\21.0.12.1-win32-x86_64\bin\zip.dll
Event: 8.914 Attempting to load shared library C:\Users\badya\.vscode\extensions\redhat.java-1.56.0-win32-x64\jre\21.0.12.1-win32-x86_64\bin\jimage.dll
Event: 8.914 Loaded shared library C:\Users\badya\.vscode\extensions\redhat.java-1.56.0-win32-x64\jre\21.0.12.1-win32-x86_64\bin\jimage.dll
Event: 9.650 Attempting to load shared library C:\Users\badya\.vscode\extensions\redhat.java-1.56.0-win32-x64\jre\21.0.12.1-win32-x86_64\bin\verify.dll
Event: 9.719 Loaded shared library C:\Users\badya\.vscode\extensions\redhat.java-1.56.0-win32-x64\jre\21.0.12.1-win32-x86_64\bin\verify.dll
Event: 14.946 Attempting to load shared library C:\Users\badya\.gradle\native\1def1411415f61bf3af743bc5b6707747c0891f09f0c88961ee8f79bc544acac\windows-amd64\native-platform.dll
Event: 14.948 Loaded shared library C:\Users\badya\.gradle\native\1def1411415f61bf3af743bc5b6707747c0891f09f0c88961ee8f79bc544acac\windows-amd64\native-platform.dll
Event: 15.013 Attempting to load shared library C:\Users\badya\.gradle\native\0.2.5\x86_64-windows-gnu\gradle-fileevents.dll
Event: 15.014 Loaded shared library C:\Users\badya\.gradle\native\0.2.5\x86_64-windows-gnu\gradle-fileevents.dll
Event: 28.266 Attempting to load shared library C:\Users\badya\.vscode\extensions\redhat.java-1.56.0-win32-x64\jre\21.0.12.1-win32-x86_64\bin\management.dll
Event: 28.267 Loaded shared library C:\Users\badya\.vscode\extensions\redhat.java-1.56.0-win32-x64\jre\21.0.12.1-win32-x86_64\bin\management.dll
Event: 28.274 Attempting to load shared library C:\Users\badya\.vscode\extensions\redhat.java-1.56.0-win32-x64\jre\21.0.12.1-win32-x86_64\bin\management_ext.dll
Event: 28.276 Loaded shared library C:\Users\badya\.vscode\extensions\redhat.java-1.56.0-win32-x64\jre\21.0.12.1-win32-x86_64\bin\management_ext.dll
Event: 28.876 Attempting to load shared library C:\Users\badya\.vscode\extensions\redhat.java-1.56.0-win32-x64\jre\21.0.12.1-win32-x86_64\bin\extnet.dll
Event: 28.877 Loaded shared library C:\Users\badya\.vscode\extensions\redhat.java-1.56.0-win32-x64\jre\21.0.12.1-win32-x86_64\bin\extnet.dll
Event: 29.237 Attempting to load shared library C:\Users\badya\.vscode\extensions\redhat.java-1.56.0-win32-x64\jre\21.0.12.1-win32-x86_64\bin\sunmscapi.dll
Event: 29.242 Loaded shared library C:\Users\badya\.vscode\extensions\redhat.java-1.56.0-win32-x64\jre\21.0.12.1-win32-x86_64\bin\sunmscapi.dll
Event: 35.297 Attempting to load shared library C:\Users\badya\AppData\Local\Temp\native-platform15565725425861836363dir\gradle-fileevents.dll
Event: 35.345 Loaded shared library C:\Users\badya\AppData\Local\Temp\native-platform15565725425861836363dir\gradle-fileevents.dll

Deoptimization events (20 events):
Event: 349.828 Thread 0x0000022a7efedc10 DEOPT PACKING pc=0x0000022a597069db sp=0x0000009c7b5f90d0
Event: 349.828 Thread 0x0000022a7efedc10 DEOPT UNPACKING pc=0x0000022a68a186e2 sp=0x0000009c7b5f8578 mode 0
Event: 350.021 Thread 0x0000022a7efedc10 Uncommon trap: trap_request=0xffffff45 fr.pc=0x0000022a693dc0a4 relative=0x0000000000000104
Event: 350.021 Thread 0x0000022a7efedc10 Uncommon trap: reason=unstable_if action=reinterpret pc=0x0000022a693dc0a4 method=java.lang.ThreadLocal$ThreadLocalMap.getEntryAfterMiss(Ljava/lang/ThreadLocal;ILjava/lang/ThreadLocal$ThreadLocalMap$Entry;)Ljava/lang/ThreadLocal$ThreadLocalMap$Entry; @ 30
Event: 350.021 Thread 0x0000022a7efedc10 DEOPT PACKING pc=0x0000022a693dc0a4 sp=0x0000009c7b5f9d00
Event: 350.021 Thread 0x0000022a7efedc10 DEOPT UNPACKING pc=0x0000022a68a17ba2 sp=0x0000009c7b5f9c80 mode 2
Event: 350.901 Thread 0x0000022a7efedc10 Uncommon trap: trap_request=0xffffffde fr.pc=0x0000022a6941d564 relative=0x0000000000000a64
Event: 350.901 Thread 0x0000022a7efedc10 Uncommon trap: reason=class_check action=maybe_recompile pc=0x0000022a6941d564 method=org.gradle.internal.file.FileHierarchySet$Node.contains(Ljava/lang/String;I)Z @ 55 c2
Event: 350.901 Thread 0x0000022a7efedc10 DEOPT PACKING pc=0x0000022a6941d564 sp=0x0000009c7b5f8b00
Event: 350.901 Thread 0x0000022a7efedc10 DEOPT UNPACKING pc=0x0000022a68a17ba2 sp=0x0000009c7b5f8ad0 mode 2
Event: 353.832 Thread 0x0000022a7efedc10 Uncommon trap: trap_request=0xffffff45 fr.pc=0x0000022a691939a0 relative=0x0000000000000180
Event: 353.832 Thread 0x0000022a7efedc10 Uncommon trap: reason=unstable_if action=reinterpret pc=0x0000022a691939a0 method=java.util.concurrent.locks.ReentrantLock$Sync.tryLock()Z @ 34 c2
Event: 353.832 Thread 0x0000022a7efedc10 DEOPT PACKING pc=0x0000022a691939a0 sp=0x0000009c7b5f5450
Event: 353.832 Thread 0x0000022a7efedc10 DEOPT UNPACKING pc=0x0000022a68a17ba2 sp=0x0000009c7b5f53f0 mode 2
Event: 359.141 Thread 0x0000022a7efedc10 DEOPT PACKING pc=0x0000022a590dc906 sp=0x0000009c7b5f4920
Event: 359.141 Thread 0x0000022a7efedc10 DEOPT UNPACKING pc=0x0000022a68a186e2 sp=0x0000009c7b5f3e08 mode 0
Event: 365.297 Thread 0x0000022a7efedc10 Uncommon trap: trap_request=0xffffffde fr.pc=0x0000022a696b25e0 relative=0x0000000000000700
Event: 365.297 Thread 0x0000022a7efedc10 Uncommon trap: reason=class_check action=maybe_recompile pc=0x0000022a696b25e0 method=kotlin.text.StringsKt__StringsKt.indexOf(Ljava/lang/CharSequence;Ljava/lang/String;IZ)I @ 18 c2
Event: 365.297 Thread 0x0000022a7efedc10 DEOPT PACKING pc=0x0000022a696b25e0 sp=0x0000009c7b5f7290
Event: 365.297 Thread 0x0000022a7efedc10 DEOPT UNPACKING pc=0x0000022a68a17ba2 sp=0x0000009c7b5f7220 mode 2

Classes loaded (20 events):
Event: 234.770 Loading class java/net/Proxy
Event: 234.771 Loading class java/net/Proxy done
Event: 234.771 Loading class java/net/Proxy$Type
Event: 234.771 Loading class java/net/Proxy$Type done
Event: 235.103 Loading class java/io/FileReader
Event: 235.103 Loading class java/io/FileReader done
Event: 294.467 Loading class sun/nio/ch/ChannelOutputStream
Event: 294.471 Loading class sun/nio/ch/ChannelOutputStream done
Event: 296.445 Loading class java/time/Instant$1
Event: 296.446 Loading class java/time/Instant$1 done
Event: 296.610 Loading class sun/reflect/misc/MethodUtil
Event: 296.668 Loading class sun/reflect/misc/MethodUtil done
Event: 296.687 Loading class sun/reflect/misc/MethodUtil$1
Event: 296.697 Loading class sun/reflect/misc/MethodUtil$1 done
Event: 314.160 Loading class java/util/concurrent/ConcurrentHashMap$EntrySpliterator
Event: 314.162 Loading class java/util/concurrent/ConcurrentHashMap$EntrySpliterator done
Event: 320.219 Loading class java/util/concurrent/CompletableFuture$AsyncRun
Event: 320.223 Loading class java/util/concurrent/CompletableFuture$AsyncRun done
Event: 346.491 Loading class jdk/internal/math/FormattedFPDecimal
Event: 346.582 Loading class jdk/internal/math/FormattedFPDecimal done

Classes unloaded (0 events):
No events

Classes redefined (0 events):
No events

Internal exceptions (20 events):
Event: 314.016 Thread 0x0000022a51be3830 Exception <a 'sun/nio/fs/WindowsException'{0x00000006097cd3f8}> (0x00000006097cd3f8) 
thrown [s\src\hotspot\share\prims\jni.cpp, line 520]
Event: 314.030 Thread 0x0000022a7efedc10 Exception <a 'java/lang/NoSuchMethodError'{0x00000006097c55f8}: 'void java.lang.invoke.DirectMethodHandle$Holder.invokeInterface(java.lang.Object, java.lang.Object, java.lang.Object, int)'> (0x00000006097c55f8) 
thrown [s\src\hotspot\share\interpreter\linkResolver.cpp, line 773]
Event: 314.049 Thread 0x0000022a7efedc10 Exception <a 'java/lang/IncompatibleClassChangeError'{0x00000006097c9170}: Found class java.lang.Object, but interface was expected> (0x00000006097c9170) 
thrown [s\src\hotspot\share\interpreter\linkResolver.cpp, line 840]
Event: 314.093 Thread 0x0000022a7efedc10 Exception <a 'java/lang/NoSuchMethodError'{0x00000006097dc4f0}: 'void java.lang.invoke.DelegatingMethodHandle$Holder.reinvoke_L(java.lang.Object, java.lang.Object, java.lang.Object, int)'> (0x00000006097dc4f0) 
thrown [s\src\hotspot\share\interpreter\linkResolver.cpp, line 773]
Event: 314.281 Thread 0x0000022a7efedc10 Implicit null exception at 0x0000022a696370f3 to 0x0000022a696373e3
Event: 314.439 Thread 0x0000022a7efedc10 Implicit null exception at 0x0000022a6944620d to 0x0000022a69446455
Event: 315.856 Thread 0x0000022a7efedc10 Exception <a 'java/lang/IncompatibleClassChangeError'{0x0000000608d4aa08}: Found class java.lang.Object, but interface was expected> (0x0000000608d4aa08) 
thrown [s\src\hotspot\share\interpreter\linkResolver.cpp, line 840]
Event: 316.893 Thread 0x0000022a7efedc10 Implicit null exception at 0x0000022a6946f43d to 0x0000022a6946f49c
Event: 316.908 Thread 0x0000022a7efedc10 Exception <a 'java/lang/IncompatibleClassChangeError'{0x0000000608d814b0}: Found class java.lang.Object, but interface was expected> (0x0000000608d814b0) 
thrown [s\src\hotspot\share\interpreter\linkResolver.cpp, line 840]
Event: 317.692 Thread 0x0000022a7efedc10 Implicit null exception at 0x0000022a6960d988 to 0x0000022a69610e18
Event: 317.745 Thread 0x0000022a7efedc10 Implicit null exception at 0x0000022a6946cea9 to 0x0000022a6946d558
Event: 320.390 Thread 0x0000022a4fe19040 Exception <a 'sun/nio/fs/WindowsException'{0x00000007ffb29130}> (0x00000007ffb29130) 
thrown [s\src\hotspot\share\prims\jni.cpp, line 520]
Event: 350.107 Thread 0x0000022a7efedc10 Exception <a 'sun/nio/fs/WindowsException'{0x000000060b7fac08}> (0x000000060b7fac08) 
thrown [s\src\hotspot\share\prims\jni.cpp, line 520]
Event: 350.111 Thread 0x0000022a7efedc10 Exception <a 'sun/nio/fs/WindowsException'{0x000000060b7fc0e8}> (0x000000060b7fc0e8) 
thrown [s\src\hotspot\share\prims\jni.cpp, line 520]
Event: 350.112 Thread 0x0000022a7efedc10 Exception <a 'sun/nio/fs/WindowsException'{0x000000060b7fd5b8}> (0x000000060b7fd5b8) 
thrown [s\src\hotspot\share\prims\jni.cpp, line 520]
Event: 350.113 Thread 0x0000022a7efedc10 Exception <a 'sun/nio/fs/WindowsException'{0x000000060b7fe680}> (0x000000060b7fe680) 
thrown [s\src\hotspot\share\prims\jni.cpp, line 520]
Event: 351.124 Thread 0x0000022a7efedc10 Exception <a 'sun/nio/fs/WindowsException'{0x000000060b13fa58}> (0x000000060b13fa58) 
thrown [s\src\hotspot\share\prims\jni.cpp, line 520]
Event: 351.125 Thread 0x0000022a7efedc10 Exception <a 'sun/nio/fs/WindowsException'{0x000000060b141748}> (0x000000060b141748) 
thrown [s\src\hotspot\share\prims\jni.cpp, line 520]
Event: 351.126 Thread 0x0000022a7efedc10 Exception <a 'sun/nio/fs/WindowsException'{0x000000060b143428}> (0x000000060b143428) 
thrown [s\src\hotspot\share\prims\jni.cpp, line 520]
Event: 351.155 Thread 0x0000022a7efedc10 Exception <a 'sun/nio/fs/WindowsException'{0x000000060b144fe0}> (0x000000060b144fe0) 
thrown [s\src\hotspot\share\prims\jni.cpp, line 520]

ZGC Phase Switch (0 events):
No events

VM Operations (20 events):
Event: 364.431 Executing safepoint VM operation: G1CollectForAllocation (G1 Evacuation Pause)
Event: 364.506 Executing safepoint VM operation: G1CollectForAllocation (G1 Evacuation Pause) done
Event: 365.512 Executing safepoint VM operation: Cleanup
Event: 365.578 Executing safepoint VM operation: Cleanup done
Event: 366.586 Executing safepoint VM operation: Cleanup
Event: 366.586 Executing safepoint VM operation: Cleanup done
Event: 397.921 Executing safepoint VM operation: Cleanup
Event: 397.923 Executing safepoint VM operation: Cleanup done
Event: 398.928 Executing safepoint VM operation: Cleanup
Event: 398.943 Executing safepoint VM operation: Cleanup done
Event: 399.945 Executing safepoint VM operation: Cleanup
Event: 399.962 Executing safepoint VM operation: Cleanup done
Event: 400.973 Executing safepoint VM operation: Cleanup
Event: 401.099 Executing safepoint VM operation: Cleanup done
Event: 402.105 Executing safepoint VM operation: Cleanup
Event: 402.106 Executing safepoint VM operation: Cleanup done
Event: 403.117 Executing safepoint VM operation: Cleanup
Event: 403.118 Executing safepoint VM operation: Cleanup done
Event: 404.127 Executing safepoint VM operation: Cleanup
Event: 404.142 Executing safepoint VM operation: Cleanup done

Memory protections (0 events):
No events

Nmethod flushes (20 events):
Event: 320.032 Thread 0x0000022a7b3731b0 flushing  nmethod 0x0000022a58cc0310
Event: 320.032 Thread 0x0000022a7b3731b0 flushing  nmethod 0x0000022a58cc1390
Event: 320.032 Thread 0x0000022a7b3731b0 flushing  nmethod 0x0000022a58dfcc90
Event: 320.032 Thread 0x0000022a7b3731b0 flushing  nmethod 0x0000022a58e27190
Event: 320.032 Thread 0x0000022a7b3731b0 flushing  nmethod 0x0000022a58e6cd90
Event: 320.032 Thread 0x0000022a7b3731b0 flushing  nmethod 0x0000022a58e70990
Event: 320.032 Thread 0x0000022a7b3731b0 flushing  nmethod 0x0000022a58f88d90
Event: 320.032 Thread 0x0000022a7b3731b0 flushing  nmethod 0x0000022a5904ba10
Event: 320.032 Thread 0x0000022a7b3731b0 flushing  nmethod 0x0000022a59279f90
Event: 320.032 Thread 0x0000022a7b3731b0 flushing  nmethod 0x0000022a593ed090
Event: 320.032 Thread 0x0000022a7b3731b0 flushing  nmethod 0x0000022a5953c210
Event: 320.032 Thread 0x0000022a7b3731b0 flushing  nmethod 0x0000022a59610110
Event: 320.032 Thread 0x0000022a7b3731b0 flushing  nmethod 0x0000022a59613310
Event: 320.032 Thread 0x0000022a7b3731b0 flushing  nmethod 0x0000022a59616b90
Event: 320.032 Thread 0x0000022a7b3731b0 flushing  nmethod 0x0000022a59664490
Event: 320.032 Thread 0x0000022a7b3731b0 flushing  nmethod 0x0000022a59665e90
Event: 320.032 Thread 0x0000022a7b3731b0 flushing  nmethod 0x0000022a597ed410
Event: 320.032 Thread 0x0000022a7b3731b0 flushing  nmethod 0x0000022a5a000810
Event: 320.032 Thread 0x0000022a7b3731b0 flushing  nmethod 0x0000022a5a001290
Event: 320.032 Thread 0x0000022a7b3731b0 flushing  nmethod 0x0000022a5a001d90

Events (20 events):
Event: 353.725 Thread 0x0000022a7efedc10 Thread added: 0x0000022a4f8ad4f0
Event: 354.052 Thread 0x0000022a7efedc10 Thread added: 0x0000022a4f8adb80
Event: 354.053 Thread 0x0000022a7efedc10 Thread added: 0x0000022a4f8ae210
Event: 354.054 Thread 0x0000022a7efedc10 Thread added: 0x0000022a4f8aad90
Event: 354.055 Thread 0x0000022a7efedc10 Thread added: 0x0000022a4f8ae8a0
Event: 354.056 Thread 0x0000022a7efedc10 Thread added: 0x0000022a4f8ab420
Event: 354.057 Thread 0x0000022a7efedc10 Thread added: 0x0000022a4f8af5c0
Event: 354.058 Thread 0x0000022a7efedc10 Thread added: 0x0000022a4f8afc50
Event: 356.235 Thread 0x0000022a51be5900 Thread exited: 0x0000022a51be5900
Event: 357.910 Thread 0x0000022a7efedc10 Thread added: 0x0000022a4f8b02e0
Event: 381.955 Thread 0x0000022a4fe19040 Thread exited: 0x0000022a4fe19040
Event: 401.044 Thread 0x0000022a7efedc10 Thread added: 0x0000022a4f8b1000
Event: 401.225 Thread 0x0000022a4f8b1000 Thread added: 0x0000022a4f8b0970
Event: 401.228 Thread 0x0000022a4f8b1000 Thread added: 0x0000022a4f8b1690
Event: 401.229 Thread 0x0000022a4f8b1000 Thread added: 0x0000022a4f8aef30
Event: 401.230 Thread 0x0000022a4f8b1000 Thread added: 0x0000022a51be03b0
Event: 401.231 Thread 0x0000022a4f8b1000 Thread added: 0x0000022a51be10d0
Event: 401.232 Thread 0x0000022a4f8b1000 Thread added: 0x0000022a51bdf690
Event: 401.233 Thread 0x0000022a4f8b1000 Thread added: 0x0000022a51be1df0
Event: 401.563 Thread 0x0000022a4f8aef30 Thread added: 0x0000022a51be2480


Dynamic libraries:
0x00007ff789510000 - 0x00007ff78951e000 	C:\Users\badya\.vscode\extensions\redhat.java-1.56.0-win32-x64\jre\21.0.12.1-win32-x86_64\bin\java.exe
0x00007ffdee340000 - 0x00007ffdee5a7000 	C:\WINDOWS\SYSTEM32\ntdll.dll
0x00007ffdecda0000 - 0x00007ffdece6b000 	C:\WINDOWS\System32\KERNEL32.DLL
0x00007ffdebb20000 - 0x00007ffdebf22000 	C:\WINDOWS\System32\KERNELBASE.dll
0x00007ffdeb740000 - 0x00007ffdeb88c000 	C:\WINDOWS\System32\ucrtbase.dll
0x00007ffdc1590000 - 0x00007ffdc15a8000 	C:\Users\badya\.vscode\extensions\redhat.java-1.56.0-win32-x64\jre\21.0.12.1-win32-x86_64\bin\jli.dll
0x00007ffdec0f0000 - 0x00007ffdec2bf000 	C:\WINDOWS\System32\USER32.dll
0x00007ffdeb8a0000 - 0x00007ffdeb8c7000 	C:\WINDOWS\System32\win32u.dll
0x00007ffded360000 - 0x00007ffded38b000 	C:\WINDOWS\System32\GDI32.dll
0x00007ffdebf30000 - 0x00007ffdec059000 	C:\WINDOWS\System32\gdi32full.dll
0x00007ffdeb690000 - 0x00007ffdeb733000 	C:\WINDOWS\System32\msvcp_win.dll
0x00007ffdc49f0000 - 0x00007ffdc4a0e000 	C:\Users\badya\.vscode\extensions\redhat.java-1.56.0-win32-x64\jre\21.0.12.1-win32-x86_64\bin\VCRUNTIME140.dll
0x00007ffdd11d0000 - 0x00007ffdd1460000 	C:\WINDOWS\WinSxS\amd64_microsoft.windows.common-controls_6595b64144ccf1df_6.0.26100.9278_none_3e0d1ba8e3303201\COMCTL32.dll
0x00007ffded3a0000 - 0x00007ffded449000 	C:\WINDOWS\System32\msvcrt.dll
0x00007ffdec0b0000 - 0x00007ffdec0e1000 	C:\WINDOWS\System32\IMM32.DLL
0x00007ffdd6850000 - 0x00007ffdd685c000 	C:\Users\badya\.vscode\extensions\redhat.java-1.56.0-win32-x64\jre\21.0.12.1-win32-x86_64\bin\vcruntime140_1.dll
0x00007ffd85180000 - 0x00007ffd8520d000 	C:\Users\badya\.vscode\extensions\redhat.java-1.56.0-win32-x64\jre\21.0.12.1-win32-x86_64\bin\msvcp140.dll
0x00007ffd269e0000 - 0x00007ffd27782000 	C:\Users\badya\.vscode\extensions\redhat.java-1.56.0-win32-x64\jre\21.0.12.1-win32-x86_64\bin\server\jvm.dll
0x00007ffdec2d0000 - 0x00007ffdec38c000 	C:\WINDOWS\System32\ADVAPI32.dll
0x00007ffded0e0000 - 0x00007ffded189000 	C:\WINDOWS\System32\sechost.dll
0x00007ffdec9a0000 - 0x00007ffdecab8000 	C:\WINDOWS\System32\RPCRT4.dll
0x00007ffdec580000 - 0x00007ffdec600000 	C:\WINDOWS\System32\WS2_32.dll
0x00007ffdeb3a0000 - 0x00007ffdeb3fe000 	C:\WINDOWS\SYSTEM32\POWRPROF.dll
0x00007ffdd1db0000 - 0x00007ffdd1de6000 	C:\WINDOWS\SYSTEM32\WINMM.dll
0x00007ffdd9690000 - 0x00007ffdd969b000 	C:\WINDOWS\SYSTEM32\VERSION.dll
0x00007ffdeb380000 - 0x00007ffdeb395000 	C:\WINDOWS\SYSTEM32\UMPDC.dll
0x00007ffdea210000 - 0x00007ffdea22b000 	C:\WINDOWS\SYSTEM32\kernel.appcore.dll
0x00007ffdd67e0000 - 0x00007ffdd67ea000 	C:\Users\badya\.vscode\extensions\redhat.java-1.56.0-win32-x64\jre\21.0.12.1-win32-x86_64\bin\jimage.dll
0x00007ffde8a30000 - 0x00007ffde8c7c000 	C:\WINDOWS\SYSTEM32\DBGHELP.DLL
0x00007ffdec610000 - 0x00007ffdec995000 	C:\WINDOWS\System32\combase.dll
0x00007ffded190000 - 0x00007ffded269000 	C:\WINDOWS\System32\OLEAUT32.dll
0x00007ffdd2e80000 - 0x00007ffdd2ebb000 	C:\WINDOWS\SYSTEM32\dbgcore.DLL
0x00007ffdeba60000 - 0x00007ffdebb0c000 	C:\WINDOWS\System32\bcryptPrimitives.dll
0x00007ffdc8ed0000 - 0x00007ffdc8edf000 	C:\Users\badya\.vscode\extensions\redhat.java-1.56.0-win32-x64\jre\21.0.12.1-win32-x86_64\bin\instrument.dll
0x00007ffdc1570000 - 0x00007ffdc1590000 	C:\Users\badya\.vscode\extensions\redhat.java-1.56.0-win32-x64\jre\21.0.12.1-win32-x86_64\bin\java.dll
0x00007ffdedab0000 - 0x00007ffdee248000 	C:\WINDOWS\System32\SHELL32.dll
0x00007ffde8f70000 - 0x00007ffde981e000 	C:\WINDOWS\SYSTEM32\windows.storage.dll
0x00007ffdece70000 - 0x00007ffdecf6b000 	C:\WINDOWS\System32\SHCORE.dll
0x00007ffded900000 - 0x00007ffded966000 	C:\WINDOWS\System32\shlwapi.dll
0x00007ffdeb460000 - 0x00007ffdeb489000 	C:\WINDOWS\SYSTEM32\profapi.dll
0x00007ffdc0f80000 - 0x00007ffdc0f98000 	C:\Users\badya\.vscode\extensions\redhat.java-1.56.0-win32-x64\jre\21.0.12.1-win32-x86_64\bin\zip.dll
0x00007ffdd4ab0000 - 0x00007ffdd4ac0000 	C:\Users\badya\.vscode\extensions\redhat.java-1.56.0-win32-x64\jre\21.0.12.1-win32-x86_64\bin\net.dll
0x00007ffddbbf0000 - 0x00007ffddbd1a000 	C:\WINDOWS\SYSTEM32\WINHTTP.dll
0x00007ffdea7d0000 - 0x00007ffdea83c000 	C:\WINDOWS\system32\mswsock.dll
0x00007ffdbcf80000 - 0x00007ffdbcf96000 	C:\Users\badya\.vscode\extensions\redhat.java-1.56.0-win32-x64\jre\21.0.12.1-win32-x86_64\bin\nio.dll
0x00007ffdd3590000 - 0x00007ffdd35a0000 	C:\Users\badya\.vscode\extensions\redhat.java-1.56.0-win32-x64\jre\21.0.12.1-win32-x86_64\bin\verify.dll
0x00007ffdb3bd0000 - 0x00007ffdb3bf7000 	C:\Users\badya\.gradle\native\1def1411415f61bf3af743bc5b6707747c0891f09f0c88961ee8f79bc544acac\windows-amd64\native-platform.dll
0x00000000529b0000 - 0x0000000052a23000 	C:\Users\badya\.gradle\native\0.2.5\x86_64-windows-gnu\gradle-fileevents.dll
0x00007ffdd1970000 - 0x00007ffdd197a000 	C:\Users\badya\.vscode\extensions\redhat.java-1.56.0-win32-x64\jre\21.0.12.1-win32-x86_64\bin\management.dll
0x00007ffdd18b0000 - 0x00007ffdd18bc000 	C:\Users\badya\.vscode\extensions\redhat.java-1.56.0-win32-x64\jre\21.0.12.1-win32-x86_64\bin\management_ext.dll
0x00007ffded390000 - 0x00007ffded398000 	C:\WINDOWS\System32\PSAPI.DLL
0x00007ffdeaac0000 - 0x00007ffdeaadb000 	C:\WINDOWS\SYSTEM32\CRYPTSP.dll
0x00007ffdea170000 - 0x00007ffdea1a9000 	C:\WINDOWS\system32\rsaenh.dll
0x00007ffdea880000 - 0x00007ffdea8b4000 	C:\WINDOWS\SYSTEM32\USERENV.dll
0x00007ffdeb430000 - 0x00007ffdeb45a000 	C:\WINDOWS\SYSTEM32\bcrypt.dll
0x00007ffdeaae0000 - 0x00007ffdeaaec000 	C:\WINDOWS\SYSTEM32\CRYPTBASE.dll
0x00007ffde9be0000 - 0x00007ffde9c13000 	C:\WINDOWS\SYSTEM32\IPHLPAPI.DLL
0x00007ffdedaa0000 - 0x00007ffdedaaa000 	C:\WINDOWS\System32\NSI.dll
0x00007ffdcb340000 - 0x00007ffdcb349000 	C:\Users\badya\.vscode\extensions\redhat.java-1.56.0-win32-x64\jre\21.0.12.1-win32-x86_64\bin\extnet.dll
0x00007ffdc8dc0000 - 0x00007ffdc8dce000 	C:\Users\badya\.vscode\extensions\redhat.java-1.56.0-win32-x64\jre\21.0.12.1-win32-x86_64\bin\sunmscapi.dll
0x00007ffdeb8d0000 - 0x00007ffdeba4e000 	C:\WINDOWS\System32\CRYPT32.dll
0x00007ffdead00000 - 0x00007ffdead30000 	C:\WINDOWS\SYSTEM32\ncrypt.dll
0x00007ffdeacb0000 - 0x00007ffdeacef000 	C:\WINDOWS\SYSTEM32\NTASN1.dll
0x00007ffdd1e00000 - 0x00007ffdd1e08000 	C:\WINDOWS\system32\wshunix.dll
0x0000000052730000 - 0x00000000527a3000 	C:\Users\badya\AppData\Local\Temp\native-platform15565725425861836363dir\gradle-fileevents.dll
0x00007ffdbdc60000 - 0x00007ffdbdc78000 	C:\WINDOWS\system32\napinsp.dll
0x00007ffde9c80000 - 0x00007ffde9dd8000 	C:\WINDOWS\SYSTEM32\DNSAPI.dll
0x00007ffdea5d0000 - 0x00007ffdea5dd000 	C:\WINDOWS\SYSTEM32\DSPARSE.dll
0x00007ffdbc8d0000 - 0x00007ffdbc8e3000 	C:\WINDOWS\System32\winrnr.dll
0x00007ffdb3610000 - 0x00007ffdb3637000 	C:\WINDOWS\system32\nlansp_c.dll
0x00007ffdb35f0000 - 0x00007ffdb3606000 	C:\WINDOWS\system32\wshbth.dll
0x00007ffddbdf0000 - 0x00007ffddbdfb000 	C:\Windows\System32\rasadhlp.dll
0x00007ffde2a80000 - 0x00007ffde2b06000 	C:\WINDOWS\System32\fwpuclnt.dll

JVMTI agents:
C:\Users\badya\.gradle\wrapper\dists\gradle-8.12-all\ejduaidbjup3bmmkhw3rie4zb\gradle-8.12\lib\agents\gradle-instrumentation-agent-8.12.jar path:C:\Users\badya\.vscode\extensions\redhat.java-1.56.0-win32-x64\jre\21.0.12.1-win32-x86_64\bin\instrument.dll, loaded, initialized, instrumentlib options:none

dbghelp: loaded successfully - version: 4.0.5 - missing functions: none
symbol engine: initialized successfully - sym options: 0x614 - pdb path: .;C:\Users\badya\.vscode\extensions\redhat.java-1.56.0-win32-x64\jre\21.0.12.1-win32-x86_64\bin;C:\WINDOWS\SYSTEM32;C:\WINDOWS\WinSxS\amd64_microsoft.windows.common-controls_6595b64144ccf1df_6.0.26100.9278_none_3e0d1ba8e3303201;C:\Users\badya\.vscode\extensions\redhat.java-1.56.0-win32-x64\jre\21.0.12.1-win32-x86_64\bin\server;C:\Users\badya\.gradle\native\1def1411415f61bf3af743bc5b6707747c0891f09f0c88961ee8f79bc544acac\windows-amd64;C:\Users\badya\.gradle\native\0.2.5\x86_64-windows-gnu;C:\Users\badya\AppData\Local\Temp\native-platform15565725425861836363dir

VM Arguments:
jvm_args: --add-opens=java.base/java.lang=ALL-UNNAMED --add-opens=java.base/java.lang.invoke=ALL-UNNAMED --add-opens=java.base/java.util=ALL-UNNAMED --add-opens=java.prefs/java.util.prefs=ALL-UNNAMED --add-exports=jdk.compiler/com.sun.tools.javac.api=ALL-UNNAMED --add-exports=jdk.compiler/com.sun.tools.javac.util=ALL-UNNAMED --add-opens=java.base/java.util=ALL-UNNAMED --add-opens=java.prefs/java.util.prefs=ALL-UNNAMED --add-opens=java.base/java.nio.charset=ALL-UNNAMED --add-opens=java.base/java.net=ALL-UNNAMED --add-opens=java.base/java.util.concurrent.atomic=ALL-UNNAMED --add-opens=java.xml/javax.xml.namespace=ALL-UNNAMED -XX:MaxMetaspaceSize=4G -XX:ReservedCodeCacheSize=512m -XX:+HeapDumpOnOutOfMemoryError -Xmx8G -Dfile.encoding=UTF-8 -Duser.country=FR -Duser.language=fr -Duser.variant -javaagent:C:\Users\badya\.gradle\wrapper\dists\gradle-8.12-all\ejduaidbjup3bmmkhw3rie4zb\gradle-8.12\lib\agents\gradle-instrumentation-agent-8.12.jar 
java_command: org.gradle.launcher.daemon.bootstrap.GradleDaemon 8.12
java_class_path (initial): C:\Users\badya\.gradle\wrapper\dists\gradle-8.12-all\ejduaidbjup3bmmkhw3rie4zb\gradle-8.12\lib\gradle-daemon-main-8.12.jar
Launcher Type: SUN_STANDARD

[Global flags]
     intx CICompilerCount                          = 4                                         {product} {ergonomic}
     uint ConcGCThreads                            = 2                                         {product} {ergonomic}
     uint G1ConcRefinementThreads                  = 8                                         {product} {ergonomic}
   size_t G1HeapRegionSize                         = 4194304                                   {product} {ergonomic}
    uintx GCDrainStackTargetSize                   = 64                                        {product} {ergonomic}
     bool HeapDumpOnOutOfMemoryError               = true                                   {manageable} {command line}
   size_t InitialHeapSize                          = 130023424                                 {product} {ergonomic}
   size_t MarkStackSize                            = 4194304                                   {product} {ergonomic}
   size_t MaxHeapSize                              = 8589934592                                {product} {command line}
   size_t MaxMetaspaceSize                         = 4294967296                                {product} {command line}
   size_t MaxNewSize                               = 5150605312                                {product} {ergonomic}
   size_t MinHeapDeltaBytes                        = 4194304                                   {product} {ergonomic}
   size_t MinHeapSize                              = 8388608                                   {product} {ergonomic}
    uintx NonNMethodCodeHeapSize                   = 5839372                                {pd product} {ergonomic}
    uintx NonProfiledCodeHeapSize                  = 265515770                              {pd product} {ergonomic}
    uintx ProfiledCodeHeapSize                     = 265515770                              {pd product} {ergonomic}
    uintx ReservedCodeCacheSize                    = 536870912                              {pd product} {command line}
     bool SegmentedCodeCache                       = true                                      {product} {ergonomic}
   size_t SoftMaxHeapSize                          = 8589934592                             {manageable} {ergonomic}
     bool UseCompressedOops                        = true                           {product lp64_product} {ergonomic}
     bool UseG1GC                                  = true                                      {product} {ergonomic}
     bool UseLargePagesIndividualAllocation        = false                                  {pd product} {ergonomic}

Logging:
Log output configuration:
 #0: stdout all=warning uptime,level,tags foldmultilines=false
 #1: stderr all=off uptime,level,tags foldmultilines=false

Release file:
JAVA_VERSION="21.0.12.1" 
MODULES="java.base java.compiler java.datatransfer java.xml java.prefs java.desktop java.instrument java.logging java.management java.security.sasl java.naming java.rmi java.management.rmi java.net.http java.scripting java.security.jgss java.transaction.xa java.sql java.sql.rowset java.xml.crypto java.se java.smartcardio jdk.accessibility jdk.internal.jvmstat jdk.attach jdk.charsets jdk.internal.opt jdk.zipfs jdk.compiler jdk.crypto.ec jdk.crypto.cryptoki jdk.crypto.mscapi jdk.dynalink jdk.internal.ed jdk.editpad jdk.hotspot.agent jdk.httpserver jdk.internal.le jdk.internal.vm.ci jdk.internal.vm.compiler jdk.internal.vm.compiler.management jdk.jartool jdk.javadoc jdk.jcmd jdk.management jdk.management.agent jdk.jconsole jdk.jdeps jdk.jdwp.agent jdk.jdi jdk.jfr jdk.jshell jdk.jsobject jdk.jstatd jdk.localedata jdk.management.jfr jdk.naming.dns jdk.naming.rmi jdk.net jdk.nio.mapmode jdk.random jdk.sctp jdk.security.auth jdk.security.jgss jdk.unsupported jdk.unsupported.desktop jdk.xml.dom" 

Environment Variables:
JAVA_HOME=C:\Users\badya\.jdk\jdk-21.0.8
PATH=C:\Program Files\Python310\Scripts\;C:\Program Files\Python310\;C:\Program Files\Eclipse Adoptium\jdk-25.0.2.10-hotspot\bin;C:\Program Files\Eclipse Adoptium\jdk-8.0.472.8-hotspot\bin;C:\Program Files\Common Files\Oracle\Java\javapath;C:\Program Files\Eclipse Adoptium\jdk-17.0.13.11-hotspot\bin;C:\app\badya\product\21c\dbhomeXE\bin;C:\Windows\system32;C:\Windows;C:\Windows\System32\Wbem;C:\Windows\System32\WindowsPowerShell\v1.0\;C:\Windows\System32\OpenSSH\;C:\Program Files (x86)\NVIDIA Corporation\PhysX\Common;C:\Program Files\NVIDIA Corporation\NVIDIA NvDLISR;C:\WINDOWS\system32;C:\WINDOWS;C:\WINDOWS\System32\Wbem;C:\WINDOWS\System32\WindowsPowerShell\v1.0\;C:\WINDOWS\System32\OpenSSH\;C:\Program Files\Git\cmd;C:\Program Files\nodejs\;C:\ProgramData\chocolatey\bin;C:\Program Files\Docker\Docker\resources\bin;C:\Program Files\CMake\bin;C:\Program Files (x86)\Windows Kits\10\Windows Performance Toolkit\;C:\Program Files\Eclipse Adoptium\jdk-8.0.472.8-hotspot\bin;C:\Program Files\Common Files\Oracle\Java\javapath;C:\Program Files\Eclipse Adoptium\jdk-17.0.13.11-hotspot\bin;C:\app\badya\product\21c\dbhomeXE\bin;C:\Windows\system32;C:\Windows;C:\Windows\System32\Wbem;C:\Windows\System32\WindowsPowerShell\v1.0\;C:\Windows\System32\OpenSSH\;C:\Program Files (x86)\NVIDIA Corporation\PhysX\Common;C:\Program Files\NVIDIA Corporation\NVIDIA NvDLISR;C:\WINDOWS\system32;C:\WINDOWS;C:\WINDOWS\System32\Wbem;C:\WINDOWS\System32\WindowsPowerShell\v1.0\;C:\WINDOWS\System32\OpenSSH\;C:\Program Files\Git\cmd;C:\Program Files\nodejs\;C:\ProgramData\chocolatey\bin;C:\Program Files (x86)\Windows Kits\10\Windows Performance Toolkit\;C:\Program Files\Docker\Docker\resources\bin;C:\Program Files\Eclipse Adoptium\jdk-8.0.472.8-hotspot\bin;C:\Program Files\Common Files\Oracle\Java\javapath;C:\Program Files\Eclipse Adoptium\jdk-17.0.13.11-hotspot\bin;C:\app\badya\product\21c\dbhomeXE\bin;C:\Windows\system32;C:\Windows;C:\Windows\Syste;C:\Program Files\apache-maven-3.9.11\bin;C:\Flutter\flutter\bin;C:\Users\badya\AppData\Local\Programs\Antigravity\bin;C:\Users\badya\.local\bin;C:\Users\badya\AppData\Local\Programs\Microsoft VS Code\bin;C:\Users\badya\AppData\Local\Programs\MiKTeX\miktex\bin\x64\
USERNAME=badya
OS=Windows_NT
PROCESSOR_IDENTIFIER=Intel64 Family 6 Model 140 Stepping 1, GenuineIntel
TMP=C:\Users\badya\AppData\Local\Temp
TEMP=C:\Users\badya\AppData\Local\Temp




Periodic native trim disabled

---------------  S Y S T E M  ---------------

OS:
 Windows 11 , 64 bit Build 26100 (10.0.26100.9444)
OS uptime: 2 days 7:22 hours
Hyper-V role detected

CPU: total 8 (initial active 8) (4 cores per cpu, 2 threads per core) family 6 model 140 stepping 1 microcode 0xa6, cx8, cmov, fxsr, ht, mmx, 3dnowpref, sse, sse2, sse3, ssse3, sse4.1, sse4.2, popcnt, lzcnt, tsc, tscinvbit, avx, avx2, aes, erms, clmul, bmi1, bmi2, adx, avx512f, avx512dq, avx512cd, avx512bw, avx512vl, sha, fma, vzeroupper, avx512_vpopcntdq, avx512_vpclmulqdq, avx512_vaes, avx512_vnni, clflush, clflushopt, clwb, avx512_vbmi2, avx512_vbmi, hv, rdtscp, rdpid, fsrm, gfni, avx512_bitalg, f16c, cet_ibt, cet_ss, avx512_ifma
Processor Information for the first 8 processors :
  Max Mhz: 2803, Current Mhz: 2803, Mhz Limit: 2803

Memory: 4k page, system-wide physical 7886M (88M free)
TotalPageFile size 32462M (AvailPageFile size 195M)
current process WorkingSet (physical memory assigned to process): 101M, peak: 338M
current process commit charge ("private bytes"): 559M, peak: 563M

vm_info: OpenJDK 64-Bit Server VM (21.0.12.1+1-LTS) for windows-amd64 JRE (21.0.12.1+1-LTS), built on 2026-08-18T00:00:00Z by "admin" with MS VC++ 17.12 (VS2022)

END.
