#
# There is insufficient memory for the Java Runtime Environment to continue.
# Native memory allocation (mmap) failed to map 1660944384 bytes. Error detail: G1 virtual space
# Possible reasons:
#   The system is out of physical RAM or swap space
#   This process is running with CompressedOops enabled, and the Java Heap may be blocking the growth of the native heap
# Possible solutions:
#   Reduce memory load on the system
#   Increase physical memory or swap space
#   Check if swap backing store is full
#   Decrease Java heap size (-Xmx/-Xms)
#   Decrease number of Java threads
#   Decrease Java thread stack sizes (-Xss)
#   Set larger code cache with -XX:ReservedCodeCacheSize=
#   JVM is running with Zero Based Compressed Oops mode in which the Java heap is
#     placed in the first 32GB address space. The Java Heap base address is the
#     maximum limit for the native heap growth. Please use -XX:HeapBaseMinAddress
#     to set the Java Heap base and to place the Java Heap above 32GB virtual address.
# This output file may be truncated or incomplete.
#
#  Out of Memory Error (os_windows.cpp:3732), pid=15188, tid=16580
#
# JRE version: OpenJDK Runtime Environment Temurin-21.0.12.1+1 (21.0.12.1+1) (build 21.0.12.1+1-LTS)
# Java VM: OpenJDK 64-Bit Server VM Temurin-21.0.12.1+1 (21.0.12.1+1-LTS, mixed mode, sharing, tiered, compressed oops, compressed class ptrs, g1 gc, windows-amd64)
# No core dump will be written. Minidumps are not enabled by default on client versions of Windows
#

---------------  S U M M A R Y ------------

Command Line: --add-opens=java.base/java.lang=ALL-UNNAMED --add-opens=java.base/java.lang.invoke=ALL-UNNAMED --add-opens=java.base/java.util=ALL-UNNAMED --add-opens=java.prefs/java.util.prefs=ALL-UNNAMED --add-exports=jdk.compiler/com.sun.tools.javac.api=ALL-UNNAMED --add-exports=jdk.compiler/com.sun.tools.javac.util=ALL-UNNAMED --add-opens=java.base/java.util=ALL-UNNAMED --add-opens=java.prefs/java.util.prefs=ALL-UNNAMED --add-opens=java.base/java.nio.charset=ALL-UNNAMED --add-opens=java.base/java.net=ALL-UNNAMED --add-opens=java.base/java.util.concurrent.atomic=ALL-UNNAMED --add-opens=java.xml/javax.xml.namespace=ALL-UNNAMED -XX:MaxMetaspaceSize=4G -XX:ReservedCodeCacheSize=512m -XX:+HeapDumpOnOutOfMemoryError -Xmx8G -Dfile.encoding=UTF-8 -Duser.country=FR -Duser.language=fr -Duser.variant -javaagent:C:\Users\badya\.gradle\wrapper\dists\gradle-8.12-all\ejduaidbjup3bmmkhw3rie4zb\gradle-8.12\lib\agents\gradle-instrumentation-agent-8.12.jar org.gradle.launcher.daemon.bootstrap.GradleDaemon 8.12

Host: 11th Gen Intel(R) Core(TM) i7-1165G7 @ 2.80GHz, 8 cores, 7G,  Windows 11 , 64 bit Build 26100 (10.0.26100.9444)
Time: Mon Sep 21 07:36:00 2026 Afr. centrale Ouest elapsed time: 12761.390601 seconds (0d 3h 32m 41s)

---------------  T H R E A D  ---------------

Current thread (0x00000243e5037560):  VMThread "VM Thread"          [id=16580, stack(0x000000c9b3a00000,0x000000c9b3b00000) (1024K)]

Stack: [0x000000c9b3a00000,0x000000c9b3b00000]
Native frames: (J=compiled Java code, j=interpreted, Vv=VM code, C=native code)
V  [jvm.dll+0x6d83e9]
V  [jvm.dll+0x8b5736]
V  [jvm.dll+0x8b7cee]
V  [jvm.dll+0x8b83d3]
V  [jvm.dll+0x284596]
V  [jvm.dll+0x6d4d05]
V  [jvm.dll+0x6c898a]
V  [jvm.dll+0x35f2f8]
V  [jvm.dll+0x366f36]
V  [jvm.dll+0x3b804e]
V  [jvm.dll+0x3b82f8]
V  [jvm.dll+0x33320c]
V  [jvm.dll+0x33329a]
V  [jvm.dll+0x377382]
V  [jvm.dll+0x375b1a]
V  [jvm.dll+0x332951]
V  [jvm.dll+0x37517a]
V  [jvm.dll+0x8be0c0]
V  [jvm.dll+0x8bf434]
V  [jvm.dll+0x8bf960]
V  [jvm.dll+0x8bfc03]
V  [jvm.dll+0x8600cd]
V  [jvm.dll+0x6d6c1d]
C  [ucrtbase.dll+0x2cd30]
C  [KERNEL32.DLL+0x2cd87]
C  [ntdll.dll+0xacaec]

VM_Operation (0x000000c9b4bfe420): G1CollectForAllocation, mode: safepoint, requested by thread 0x000002442d65fbc0


---------------  P R O C E S S  ---------------

Threads class SMR info:
_java_thread_list=0x000002442f886000, length=33, elements={
0x00000243b77465c0, 0x00000243e50544c0, 0x00000243e5055c90, 0x00000243e505dd50,
0x00000243e5060e40, 0x00000243e5063720, 0x00000243e5064920, 0x00000243e506ca40,
0x00000243e506e7f0, 0x00000243e7bd67e0, 0x00000243e7b0d1f0, 0x000002442d8b7c40,
0x000002442db78d50, 0x000002442d65fbc0, 0x000002442d72b770, 0x000002442d72c600,
0x000002442d6a1b50, 0x000002442da17900, 0x000002442d9a7470, 0x000002442d9a8eb0,
0x000002442d9a9bd0, 0x000002442d9a8820, 0x000002442d9a7b00, 0x000002442d9a8190,
0x000002442d9aa260, 0x000002442f1f2600, 0x000002442f1f1250, 0x000002442f1f18e0,
0x000002442f1f2c90, 0x000002442f1f1f70, 0x000002442f1efea0, 0x000002442f1f0530,
0x0000024430065bc0
}

Java Threads: ( => current thread )
  0x00000243b77465c0 JavaThread "main"                              [_thread_blocked, id=29632, stack(0x000000c9b3300000,0x000000c9b3400000) (1024K)]
  0x00000243e50544c0 JavaThread "Reference Handler"          daemon [_thread_blocked, id=6076, stack(0x000000c9b3b00000,0x000000c9b3c00000) (1024K)]
  0x00000243e5055c90 JavaThread "Finalizer"                  daemon [_thread_blocked, id=12836, stack(0x000000c9b3c00000,0x000000c9b3d00000) (1024K)]
  0x00000243e505dd50 JavaThread "Signal Dispatcher"          daemon [_thread_blocked, id=4424, stack(0x000000c9b3d00000,0x000000c9b3e00000) (1024K)]
  0x00000243e5060e40 JavaThread "Attach Listener"            daemon [_thread_blocked, id=29340, stack(0x000000c9b3e00000,0x000000c9b3f00000) (1024K)]
  0x00000243e5063720 JavaThread "Service Thread"             daemon [_thread_blocked, id=5512, stack(0x000000c9b3f00000,0x000000c9b4000000) (1024K)]
  0x00000243e5064920 JavaThread "Monitor Deflation Thread"   daemon [_thread_blocked, id=28740, stack(0x000000c9b4000000,0x000000c9b4100000) (1024K)]
  0x00000243e506ca40 JavaThread "C2 CompilerThread0"         daemon [_thread_blocked, id=28616, stack(0x000000c9b4100000,0x000000c9b4200000) (1024K)]
  0x00000243e506e7f0 JavaThread "C1 CompilerThread0"         daemon [_thread_blocked, id=20712, stack(0x000000c9b4200000,0x000000c9b4300000) (1024K)]
  0x00000243e7bd67e0 JavaThread "Common-Cleaner"             daemon [_thread_blocked, id=25704, stack(0x000000c9b4300000,0x000000c9b4400000) (1024K)]
  0x00000243e7b0d1f0 JavaThread "Notification Thread"        daemon [_thread_blocked, id=23844, stack(0x000000c9b4400000,0x000000c9b4500000) (1024K)]
  0x000002442d8b7c40 JavaThread "Daemon health stats"               [_thread_blocked, id=25088, stack(0x000000c9b4900000,0x000000c9b4a00000) (1024K)]
  0x000002442db78d50 JavaThread "Incoming local TCP Connector on port 53142"        [_thread_in_native, id=11368, stack(0x000000c9b4a00000,0x000000c9b4b00000) (1024K)]
  0x000002442d65fbc0 JavaThread "Daemon periodic checks"            [_thread_blocked, id=29192, stack(0x000000c9b4b00000,0x000000c9b4c00000) (1024K)]
  0x000002442d72b770 JavaThread "Daemon"                            [_thread_blocked, id=29276, stack(0x000000c9b4c00000,0x000000c9b4d00000) (1024K)]
  0x000002442d72c600 JavaThread "Handler for socket connection from /127.0.0.1:53142 to /127.0.0.1:53144"        [_thread_in_native, id=27528, stack(0x000000c9b4d00000,0x000000c9b4e00000) (1024K)]
  0x000002442d6a1b50 JavaThread "Cancel handler"                    [_thread_blocked, id=20828, stack(0x000000c9b4e00000,0x000000c9b4f00000) (1024K)]
  0x000002442da17900 JavaThread "Daemon worker"                     [_thread_blocked, id=25132, stack(0x000000c9b4f00000,0x000000c9b5000000) (1024K)]
  0x000002442d9a7470 JavaThread "Asynchronous log dispatcher for DefaultDaemonConnection: socket connection from /127.0.0.1:53142 to /127.0.0.1:53144"        [_thread_blocked, id=23084, stack(0x000000c9b5000000,0x000000c9b5100000) (1024K)]
  0x000002442d9a8eb0 JavaThread "Stdin handler"                     [_thread_blocked, id=27288, stack(0x000000c9b5100000,0x000000c9b5200000) (1024K)]
  0x000002442d9a9bd0 JavaThread "Daemon client event forwarder"        [_thread_blocked, id=7512, stack(0x000000c9b5200000,0x000000c9b5300000) (1024K)]
  0x000002442d9a8820 JavaThread "Cache worker for journal cache (C:\Users\badya\.gradle\caches\journal-1)"        [_thread_blocked, id=26300, stack(0x000000c9b5600000,0x000000c9b5700000) (1024K)]
  0x000002442d9a7b00 JavaThread "File lock request listener"        [_thread_in_native, id=2316, stack(0x000000c9b5700000,0x000000c9b5800000) (1024K)]
  0x000002442d9a8190 JavaThread "Cache worker for file hash cache (C:\Users\badya\.gradle\caches\8.12\fileHashes)"        [_thread_blocked, id=8880, stack(0x000000c9b5800000,0x000000c9b5900000) (1024K)]
  0x000002442d9aa260 JavaThread "Cache worker for file hash cache (C:\test2-final-adas-dms\couche4_mobile\android\.gradle\8.12\fileHashes)"        [_thread_blocked, id=11560, stack(0x000000c9b3100000,0x000000c9b3200000) (1024K)]
  0x000002442f1f2600 JavaThread "Cache worker for Build Output Cleanup Cache (C:\test2-final-adas-dms\couche4_mobile\android\.gradle\buildOutputCleanup)"        [_thread_blocked, id=12688, stack(0x000000c9b5900000,0x000000c9b5a00000) (1024K)]
  0x000002442f1f1250 JavaThread "File watcher server"        daemon [_thread_in_native, id=10408, stack(0x000000c9b5a00000,0x000000c9b5b00000) (1024K)]
  0x000002442f1f18e0 JavaThread "File watcher consumer"      daemon [_thread_blocked, id=22452, stack(0x000000c9b5b00000,0x000000c9b5c00000) (1024K)]
  0x000002442f1f2c90 JavaThread "jar transforms"                    [_thread_blocked, id=29232, stack(0x000000c9b5c00000,0x000000c9b5d00000) (1024K)]
  0x000002442f1f1f70 JavaThread "jar transforms Thread 2"           [_thread_blocked, id=24176, stack(0x000000c9b5d00000,0x000000c9b5e00000) (1024K)]
  0x000002442f1efea0 JavaThread "Cache worker for checksums cache (C:\test2-final-adas-dms\couche4_mobile\android\.gradle\8.12\checksums)"        [_thread_blocked, id=28472, stack(0x000000c9b5e00000,0x000000c9b5f00000) (1024K)]
  0x000002442f1f0530 JavaThread "Cache worker for file content cache (C:\Users\badya\.gradle\caches\8.12\fileContent)"        [_thread_blocked, id=2872, stack(0x000000c9b5f00000,0x000000c9b6000000) (1024K)]
  0x0000024430065bc0 JavaThread "Cache worker for cache directory md-rule (C:\Users\badya\.gradle\caches\8.12\md-rule)"        [_thread_blocked, id=32360, stack(0x000000c9b6100000,0x000000c9b6200000) (1024K)]
Total: 33

Other Threads:
=>0x00000243e5037560 VMThread "VM Thread"                           [id=16580, stack(0x000000c9b3a00000,0x000000c9b3b00000) (1024K)]
  0x00000243e5022f00 WatcherThread "VM Periodic Task Thread"        [id=24620, stack(0x000000c9b3900000,0x000000c9b3a00000) (1024K)]
  0x00000243b77f0700 WorkerThread "GC Thread#0"                     [id=10264, stack(0x000000c9b3400000,0x000000c9b3500000) (1024K)]
  0x00000243e7c6ff70 WorkerThread "GC Thread#1"                     [id=26956, stack(0x000000c9b4500000,0x000000c9b4600000) (1024K)]
  0x000002442d0bdb80 WorkerThread "GC Thread#2"                     [id=28100, stack(0x000000c9b4600000,0x000000c9b4700000) (1024K)]
  0x00000243e7aab230 WorkerThread "GC Thread#3"                     [id=20012, stack(0x000000c9b4700000,0x000000c9b4800000) (1024K)]
  0x00000243e7aab5e0 WorkerThread "GC Thread#4"                     [id=22840, stack(0x000000c9b4800000,0x000000c9b4900000) (1024K)]
  0x000002442db3f740 WorkerThread "GC Thread#5"                     [id=15424, stack(0x000000c9b5300000,0x000000c9b5400000) (1024K)]
  0x000002442db400b0 WorkerThread "GC Thread#6"                     [id=19360, stack(0x000000c9b5400000,0x000000c9b5500000) (1024K)]
  0x000002442d932800 WorkerThread "GC Thread#7"                     [id=5240, stack(0x000000c9b5500000,0x000000c9b5600000) (1024K)]
  0x00000243b52cdfe0 ConcurrentGCThread "G1 Main Marker"            [id=22376, stack(0x000000c9b3500000,0x000000c9b3600000) (1024K)]
  0x00000243b52cea00 WorkerThread "G1 Conc#0"                       [id=29576, stack(0x000000c9b3600000,0x000000c9b3700000) (1024K)]
  0x00000244301d3670 WorkerThread "G1 Conc#1"                       [id=25048, stack(0x000000c9b3000000,0x000000c9b3100000) (1024K)]
  0x00000243e4ef12a0 ConcurrentGCThread "G1 Refine#0"               [id=24552, stack(0x000000c9b3700000,0x000000c9b3800000) (1024K)]
  0x00000243e4ef1d30 ConcurrentGCThread "G1 Service"                [id=28620, stack(0x000000c9b3800000,0x000000c9b3900000) (1024K)]
Total: 15

Threads with active compile tasks:
C2 CompilerThread0  12767678 5608       4       org.gradle.launcher.daemon.registry.DaemonRegistryContent$Serializer::readAddresses (137 bytes)
Total: 1

VM state: at safepoint (normal execution)

VM Mutex/Monitor currently owned by a thread:  ([mutex/lock_event])
[0x00007ffd2769f5b0] Threads_lock - owner thread: 0x00000243e5037560
[0x00007ffd2769f6b0] Heap_lock - owner thread: 0x000002442d65fbc0

Heap address: 0x0000000600000000, size: 8192 MB, Compressed Oops mode: Zero based, Oop shift amount: 3

CDS archive(s) mapped at: [0x00000243e8000000-0x00000243e8ba0000-0x00000243e8ba0000), size 12189696, SharedBaseAddress: 0x00000243e8000000, ArchiveRelocationMode: 1.
Compressed class space mapped at: 0x00000243e9000000-0x0000024429000000, reserved size: 1073741824
Narrow klass base: 0x00000243e8000000, Narrow klass shift: 0, Narrow klass range: 0x100000000

GC Precious Log:
 CardTable entry size: 512
 Card Set container configuration: InlinePtr #cards 4 size 8 Array Of Cards #cards 32 size 80 Howl #buckets 8 coarsen threshold 7372 Howl Bitmap #cards 1024 size 144 coarsen threshold 921 Card regions per heap region 1 cards per card region 8192
 CPUs: 8 total, 8 available
 Memory: 7886M
 Large Page Support: Disabled
 NUMA Support: Disabled
 Compressed Oops: Enabled (Zero based)
 Heap Region Size: 4M
 Heap Min Capacity: 8M
 Heap Initial Capacity: 124M
 Heap Max Capacity: 8G
 Pre-touch: Disabled
 Parallel Workers: 8
 Concurrent Workers: 2
 Concurrent Refinement Workers: 8
 Periodic GC: Disabled

Heap:
 garbage-first heap   total 811008K, used 35158K [0x0000000600000000, 0x0000000800000000)
  region size 4096K, 1 young (4096K), 1 survivors (4096K)
 Metaspace       used 39308K, committed 40640K, reserved 1114112K
  class space    used 5508K, committed 6144K, reserved 1048576K

Heap Regions: E=young(eden), S=young(survivor), O=old, HS=humongous(starts), HC=humongous(continues), CS=collection set, F=free, TAMS=top-at-mark-start, PB=parsable bottom
|   0|0x0000000600000000, 0x0000000600400000, 0x0000000600400000|100%|HS|  |TAMS 0x0000000600000000| PB 0x0000000600000000| Complete 
|   1|0x0000000600400000, 0x0000000600800000, 0x0000000600800000|100%| O|  |TAMS 0x0000000600400000| PB 0x0000000600400000| Untracked 
|   2|0x0000000600800000, 0x0000000600c00000, 0x0000000600c00000|100%| O|  |TAMS 0x0000000600800000| PB 0x0000000600800000| Untracked 
|   3|0x0000000600c00000, 0x0000000601000000, 0x0000000601000000|100%| O|  |TAMS 0x0000000600c00000| PB 0x0000000600c00000| Untracked 
|   4|0x0000000601000000, 0x0000000601400000, 0x0000000601400000|100%| O|  |TAMS 0x0000000601000000| PB 0x0000000601000000| Untracked 
|   5|0x0000000601400000, 0x0000000601800000, 0x0000000601800000|100%| O|  |TAMS 0x0000000601400000| PB 0x0000000601400000| Untracked 
|   6|0x0000000601800000, 0x0000000601c00000, 0x0000000601c00000|100%| O|  |TAMS 0x0000000601800000| PB 0x0000000601800000| Untracked 
|   7|0x0000000601c00000, 0x0000000601c8c700, 0x0000000602000000| 13%| O|  |TAMS 0x0000000601c00000| PB 0x0000000601c00000| Untracked 
|   8|0x0000000602000000, 0x0000000602000000, 0x0000000602400000|  0%| F|  |TAMS 0x0000000602000000| PB 0x0000000602000000| Untracked 
|   9|0x0000000602400000, 0x0000000602400000, 0x0000000602800000|  0%| F|  |TAMS 0x0000000602400000| PB 0x0000000602400000| Untracked 
|  10|0x0000000602800000, 0x0000000602800000, 0x0000000602c00000|  0%| F|  |TAMS 0x0000000602800000| PB 0x0000000602800000| Untracked 
|  11|0x0000000602c00000, 0x0000000602c00000, 0x0000000603000000|  0%| F|  |TAMS 0x0000000602c00000| PB 0x0000000602c00000| Untracked 
|  12|0x0000000603000000, 0x0000000603000000, 0x0000000603400000|  0%| F|  |TAMS 0x0000000603000000| PB 0x0000000603000000| Untracked 
|  13|0x0000000603400000, 0x0000000603400000, 0x0000000603800000|  0%| F|  |TAMS 0x0000000603400000| PB 0x0000000603400000| Untracked 
|  14|0x0000000603800000, 0x0000000603800000, 0x0000000603c00000|  0%| F|  |TAMS 0x0000000603800000| PB 0x0000000603800000| Untracked 
|  15|0x0000000603c00000, 0x0000000603c00000, 0x0000000604000000|  0%| F|  |TAMS 0x0000000603c00000| PB 0x0000000603c00000| Untracked 
|  16|0x0000000604000000, 0x0000000604000000, 0x0000000604400000|  0%| F|  |TAMS 0x0000000604000000| PB 0x0000000604000000| Untracked 
|  17|0x0000000604400000, 0x0000000604400000, 0x0000000604800000|  0%| F|  |TAMS 0x0000000604400000| PB 0x0000000604400000| Untracked 
|  18|0x0000000604800000, 0x0000000604800000, 0x0000000604c00000|  0%| F|  |TAMS 0x0000000604800000| PB 0x0000000604800000| Untracked 
|  19|0x0000000604c00000, 0x0000000604c00000, 0x0000000605000000|  0%| F|  |TAMS 0x0000000604c00000| PB 0x0000000604c00000| Untracked 
|  20|0x0000000605000000, 0x0000000605000000, 0x0000000605400000|  0%| F|  |TAMS 0x0000000605000000| PB 0x0000000605000000| Untracked 
|  21|0x0000000605400000, 0x0000000605400000, 0x0000000605800000|  0%| F|  |TAMS 0x0000000605400000| PB 0x0000000605400000| Untracked 
|  22|0x0000000605800000, 0x0000000605800000, 0x0000000605c00000|  0%| F|  |TAMS 0x0000000605800000| PB 0x0000000605800000| Untracked 
|  23|0x0000000605c00000, 0x0000000605c00000, 0x0000000606000000|  0%| F|  |TAMS 0x0000000605c00000| PB 0x0000000605c00000| Untracked 
|  24|0x0000000606000000, 0x0000000606000000, 0x0000000606400000|  0%| F|  |TAMS 0x0000000606000000| PB 0x0000000606000000| Untracked 
|  25|0x0000000606400000, 0x0000000606400000, 0x0000000606800000|  0%| F|  |TAMS 0x0000000606400000| PB 0x0000000606400000| Untracked 
|  26|0x0000000606800000, 0x0000000606800000, 0x0000000606c00000|  0%| F|  |TAMS 0x0000000606800000| PB 0x0000000606800000| Untracked 
|  27|0x0000000606c00000, 0x0000000606c00000, 0x0000000607000000|  0%| F|  |TAMS 0x0000000606c00000| PB 0x0000000606c00000| Untracked 
|  28|0x0000000607000000, 0x0000000607000000, 0x0000000607400000|  0%| F|  |TAMS 0x0000000607000000| PB 0x0000000607000000| Untracked 
|  29|0x0000000607400000, 0x0000000607400000, 0x0000000607800000|  0%| F|  |TAMS 0x0000000607400000| PB 0x0000000607400000| Untracked 
|  30|0x0000000607800000, 0x0000000607800000, 0x0000000607c00000|  0%| F|  |TAMS 0x0000000607800000| PB 0x0000000607800000| Untracked 
|  31|0x0000000607c00000, 0x0000000607c00000, 0x0000000608000000|  0%| F|  |TAMS 0x0000000607c00000| PB 0x0000000607c00000| Untracked 
|  32|0x0000000608000000, 0x0000000608000000, 0x0000000608400000|  0%| F|  |TAMS 0x0000000608000000| PB 0x0000000608000000| Untracked 
|  33|0x0000000608400000, 0x0000000608400000, 0x0000000608800000|  0%| F|  |TAMS 0x0000000608400000| PB 0x0000000608400000| Untracked 
|  34|0x0000000608800000, 0x0000000608800000, 0x0000000608c00000|  0%| F|  |TAMS 0x0000000608800000| PB 0x0000000608800000| Untracked 
|  35|0x0000000608c00000, 0x0000000608c00000, 0x0000000609000000|  0%| F|  |TAMS 0x0000000608c00000| PB 0x0000000608c00000| Untracked 
|  36|0x0000000609000000, 0x0000000609000000, 0x0000000609400000|  0%| F|  |TAMS 0x0000000609000000| PB 0x0000000609000000| Untracked 
|  37|0x0000000609400000, 0x0000000609400000, 0x0000000609800000|  0%| F|  |TAMS 0x0000000609400000| PB 0x0000000609400000| Untracked 
|  38|0x0000000609800000, 0x0000000609800000, 0x0000000609c00000|  0%| F|  |TAMS 0x0000000609800000| PB 0x0000000609800000| Untracked 
|  39|0x0000000609c00000, 0x0000000609c00000, 0x000000060a000000|  0%| F|  |TAMS 0x0000000609c00000| PB 0x0000000609c00000| Untracked 
|  40|0x000000060a000000, 0x000000060a000000, 0x000000060a400000|  0%| F|  |TAMS 0x000000060a000000| PB 0x000000060a000000| Untracked 
|  41|0x000000060a400000, 0x000000060a400000, 0x000000060a800000|  0%| F|  |TAMS 0x000000060a400000| PB 0x000000060a400000| Untracked 
|  42|0x000000060a800000, 0x000000060a800000, 0x000000060ac00000|  0%| F|  |TAMS 0x000000060a800000| PB 0x000000060a800000| Untracked 
|  43|0x000000060ac00000, 0x000000060ac00000, 0x000000060b000000|  0%| F|  |TAMS 0x000000060ac00000| PB 0x000000060ac00000| Untracked 
|  44|0x000000060b000000, 0x000000060b000000, 0x000000060b400000|  0%| F|  |TAMS 0x000000060b000000| PB 0x000000060b000000| Untracked 
|  45|0x000000060b400000, 0x000000060b400000, 0x000000060b800000|  0%| F|  |TAMS 0x000000060b400000| PB 0x000000060b400000| Untracked 
|  46|0x000000060b800000, 0x000000060b800000, 0x000000060bc00000|  0%| F|  |TAMS 0x000000060b800000| PB 0x000000060b800000| Untracked 
|  47|0x000000060bc00000, 0x000000060bc00000, 0x000000060c000000|  0%| F|  |TAMS 0x000000060bc00000| PB 0x000000060bc00000| Untracked 
|  48|0x000000060c000000, 0x000000060c000000, 0x000000060c400000|  0%| F|  |TAMS 0x000000060c000000| PB 0x000000060c000000| Untracked 
|  49|0x000000060c400000, 0x000000060c400000, 0x000000060c800000|  0%| F|  |TAMS 0x000000060c400000| PB 0x000000060c400000| Untracked 
|  50|0x000000060c800000, 0x000000060c800000, 0x000000060cc00000|  0%| F|  |TAMS 0x000000060c800000| PB 0x000000060c800000| Untracked 
|  51|0x000000060cc00000, 0x000000060cc00000, 0x000000060d000000|  0%| F|  |TAMS 0x000000060cc00000| PB 0x000000060cc00000| Untracked 
|  52|0x000000060d000000, 0x000000060d000000, 0x000000060d400000|  0%| F|  |TAMS 0x000000060d000000| PB 0x000000060d000000| Untracked 
|  53|0x000000060d400000, 0x000000060d400000, 0x000000060d800000|  0%| F|  |TAMS 0x000000060d400000| PB 0x000000060d400000| Untracked 
|  54|0x000000060d800000, 0x000000060d800000, 0x000000060dc00000|  0%| F|  |TAMS 0x000000060d800000| PB 0x000000060d800000| Untracked 
|  55|0x000000060dc00000, 0x000000060dc00000, 0x000000060e000000|  0%| F|  |TAMS 0x000000060dc00000| PB 0x000000060dc00000| Untracked 
|  56|0x000000060e000000, 0x000000060e000000, 0x000000060e400000|  0%| F|  |TAMS 0x000000060e000000| PB 0x000000060e000000| Untracked 
|  57|0x000000060e400000, 0x000000060e400000, 0x000000060e800000|  0%| F|  |TAMS 0x000000060e400000| PB 0x000000060e400000| Untracked 
|  58|0x000000060e800000, 0x000000060e800000, 0x000000060ec00000|  0%| F|  |TAMS 0x000000060e800000| PB 0x000000060e800000| Untracked 
|  59|0x000000060ec00000, 0x000000060ec00000, 0x000000060f000000|  0%| F|  |TAMS 0x000000060ec00000| PB 0x000000060ec00000| Untracked 
|  60|0x000000060f000000, 0x000000060f000000, 0x000000060f400000|  0%| F|  |TAMS 0x000000060f000000| PB 0x000000060f000000| Untracked 
|  61|0x000000060f400000, 0x000000060f400000, 0x000000060f800000|  0%| F|  |TAMS 0x000000060f400000| PB 0x000000060f400000| Untracked 
|  62|0x000000060f800000, 0x000000060f800000, 0x000000060fc00000|  0%| F|  |TAMS 0x000000060f800000| PB 0x000000060f800000| Untracked 
|  63|0x000000060fc00000, 0x000000060fc00000, 0x0000000610000000|  0%| F|  |TAMS 0x000000060fc00000| PB 0x000000060fc00000| Untracked 
|  64|0x0000000610000000, 0x0000000610000000, 0x0000000610400000|  0%| F|  |TAMS 0x0000000610000000| PB 0x0000000610000000| Untracked 
|  65|0x0000000610400000, 0x0000000610400000, 0x0000000610800000|  0%| F|  |TAMS 0x0000000610400000| PB 0x0000000610400000| Untracked 
|  66|0x0000000610800000, 0x0000000610800000, 0x0000000610c00000|  0%| F|  |TAMS 0x0000000610800000| PB 0x0000000610800000| Untracked 
|  67|0x0000000610c00000, 0x0000000610c00000, 0x0000000611000000|  0%| F|  |TAMS 0x0000000610c00000| PB 0x0000000610c00000| Untracked 
|  68|0x0000000611000000, 0x0000000611000000, 0x0000000611400000|  0%| F|  |TAMS 0x0000000611000000| PB 0x0000000611000000| Untracked 
|  69|0x0000000611400000, 0x0000000611400000, 0x0000000611800000|  0%| F|  |TAMS 0x0000000611400000| PB 0x0000000611400000| Untracked 
|  70|0x0000000611800000, 0x0000000611800000, 0x0000000611c00000|  0%| F|  |TAMS 0x0000000611800000| PB 0x0000000611800000| Untracked 
|  71|0x0000000611c00000, 0x0000000611c00000, 0x0000000612000000|  0%| F|  |TAMS 0x0000000611c00000| PB 0x0000000611c00000| Untracked 
|  72|0x0000000612000000, 0x0000000612000000, 0x0000000612400000|  0%| F|  |TAMS 0x0000000612000000| PB 0x0000000612000000| Untracked 
|  73|0x0000000612400000, 0x0000000612400000, 0x0000000612800000|  0%| F|  |TAMS 0x0000000612400000| PB 0x0000000612400000| Untracked 
|  74|0x0000000612800000, 0x0000000612800000, 0x0000000612c00000|  0%| F|  |TAMS 0x0000000612800000| PB 0x0000000612800000| Untracked 
|  75|0x0000000612c00000, 0x0000000612c00000, 0x0000000613000000|  0%| F|  |TAMS 0x0000000612c00000| PB 0x0000000612c00000| Untracked 
|  76|0x0000000613000000, 0x0000000613000000, 0x0000000613400000|  0%| F|  |TAMS 0x0000000613000000| PB 0x0000000613000000| Untracked 
|  77|0x0000000613400000, 0x0000000613400000, 0x0000000613800000|  0%| F|  |TAMS 0x0000000613400000| PB 0x0000000613400000| Untracked 
|  78|0x0000000613800000, 0x0000000613800000, 0x0000000613c00000|  0%| F|  |TAMS 0x0000000613800000| PB 0x0000000613800000| Untracked 
|  79|0x0000000613c00000, 0x0000000613c00000, 0x0000000614000000|  0%| F|  |TAMS 0x0000000613c00000| PB 0x0000000613c00000| Untracked 
|  80|0x0000000614000000, 0x0000000614000000, 0x0000000614400000|  0%| F|  |TAMS 0x0000000614000000| PB 0x0000000614000000| Untracked 
|  81|0x0000000614400000, 0x0000000614400000, 0x0000000614800000|  0%| F|  |TAMS 0x0000000614400000| PB 0x0000000614400000| Untracked 
|  82|0x0000000614800000, 0x0000000614800000, 0x0000000614c00000|  0%| F|  |TAMS 0x0000000614800000| PB 0x0000000614800000| Untracked 
|  83|0x0000000614c00000, 0x0000000614c00000, 0x0000000615000000|  0%| F|  |TAMS 0x0000000614c00000| PB 0x0000000614c00000| Untracked 
|  84|0x0000000615000000, 0x0000000615000000, 0x0000000615400000|  0%| F|  |TAMS 0x0000000615000000| PB 0x0000000615000000| Untracked 
|  85|0x0000000615400000, 0x0000000615400000, 0x0000000615800000|  0%| F|  |TAMS 0x0000000615400000| PB 0x0000000615400000| Untracked 
|  86|0x0000000615800000, 0x0000000615800000, 0x0000000615c00000|  0%| F|  |TAMS 0x0000000615800000| PB 0x0000000615800000| Untracked 
|  87|0x0000000615c00000, 0x0000000615c00000, 0x0000000616000000|  0%| F|  |TAMS 0x0000000615c00000| PB 0x0000000615c00000| Untracked 
|  88|0x0000000616000000, 0x0000000616000000, 0x0000000616400000|  0%| F|  |TAMS 0x0000000616000000| PB 0x0000000616000000| Untracked 
|  89|0x0000000616400000, 0x0000000616400000, 0x0000000616800000|  0%| F|  |TAMS 0x0000000616400000| PB 0x0000000616400000| Untracked 
|  90|0x0000000616800000, 0x0000000616800000, 0x0000000616c00000|  0%| F|  |TAMS 0x0000000616800000| PB 0x0000000616800000| Untracked 
|  91|0x0000000616c00000, 0x0000000616c00000, 0x0000000617000000|  0%| F|  |TAMS 0x0000000616c00000| PB 0x0000000616c00000| Untracked 
|  92|0x0000000617000000, 0x0000000617000000, 0x0000000617400000|  0%| F|  |TAMS 0x0000000617000000| PB 0x0000000617000000| Untracked 
|  93|0x0000000617400000, 0x0000000617400000, 0x0000000617800000|  0%| F|  |TAMS 0x0000000617400000| PB 0x0000000617400000| Untracked 
|  94|0x0000000617800000, 0x0000000617800000, 0x0000000617c00000|  0%| F|  |TAMS 0x0000000617800000| PB 0x0000000617800000| Untracked 
|  95|0x0000000617c00000, 0x0000000617c00000, 0x0000000618000000|  0%| F|  |TAMS 0x0000000617c00000| PB 0x0000000617c00000| Untracked 
|  96|0x0000000618000000, 0x0000000618000000, 0x0000000618400000|  0%| F|  |TAMS 0x0000000618000000| PB 0x0000000618000000| Untracked 
|  97|0x0000000618400000, 0x0000000618400000, 0x0000000618800000|  0%| F|  |TAMS 0x0000000618400000| PB 0x0000000618400000| Untracked 
|  98|0x0000000618800000, 0x0000000618800000, 0x0000000618c00000|  0%| F|  |TAMS 0x0000000618800000| PB 0x0000000618800000| Untracked 
|  99|0x0000000618c00000, 0x0000000618c00000, 0x0000000619000000|  0%| F|  |TAMS 0x0000000618c00000| PB 0x0000000618c00000| Untracked 
| 100|0x0000000619000000, 0x0000000619000000, 0x0000000619400000|  0%| F|  |TAMS 0x0000000619000000| PB 0x0000000619000000| Untracked 
| 101|0x0000000619400000, 0x0000000619400000, 0x0000000619800000|  0%| F|  |TAMS 0x0000000619400000| PB 0x0000000619400000| Untracked 
| 102|0x0000000619800000, 0x0000000619800000, 0x0000000619c00000|  0%| F|  |TAMS 0x0000000619800000| PB 0x0000000619800000| Untracked 
| 103|0x0000000619c00000, 0x0000000619c00000, 0x000000061a000000|  0%| F|  |TAMS 0x0000000619c00000| PB 0x0000000619c00000| Untracked 
| 104|0x000000061a000000, 0x000000061a000000, 0x000000061a400000|  0%| F|  |TAMS 0x000000061a000000| PB 0x000000061a000000| Untracked 
| 105|0x000000061a400000, 0x000000061a400000, 0x000000061a800000|  0%| F|  |TAMS 0x000000061a400000| PB 0x000000061a400000| Untracked 
| 106|0x000000061a800000, 0x000000061a800000, 0x000000061ac00000|  0%| F|  |TAMS 0x000000061a800000| PB 0x000000061a800000| Untracked 
| 107|0x000000061ac00000, 0x000000061ac00000, 0x000000061b000000|  0%| F|  |TAMS 0x000000061ac00000| PB 0x000000061ac00000| Untracked 
| 108|0x000000061b000000, 0x000000061b000000, 0x000000061b400000|  0%| F|  |TAMS 0x000000061b000000| PB 0x000000061b000000| Untracked 
| 109|0x000000061b400000, 0x000000061b400000, 0x000000061b800000|  0%| F|  |TAMS 0x000000061b400000| PB 0x000000061b400000| Untracked 
| 110|0x000000061b800000, 0x000000061b800000, 0x000000061bc00000|  0%| F|  |TAMS 0x000000061b800000| PB 0x000000061b800000| Untracked 
| 111|0x000000061bc00000, 0x000000061bc00000, 0x000000061c000000|  0%| F|  |TAMS 0x000000061bc00000| PB 0x000000061bc00000| Untracked 
| 112|0x000000061c000000, 0x000000061c000000, 0x000000061c400000|  0%| F|  |TAMS 0x000000061c000000| PB 0x000000061c000000| Untracked 
| 113|0x000000061c400000, 0x000000061c400000, 0x000000061c800000|  0%| F|  |TAMS 0x000000061c400000| PB 0x000000061c400000| Untracked 
| 114|0x000000061c800000, 0x000000061c800000, 0x000000061cc00000|  0%| F|  |TAMS 0x000000061c800000| PB 0x000000061c800000| Untracked 
| 115|0x000000061cc00000, 0x000000061cc00000, 0x000000061d000000|  0%| F|  |TAMS 0x000000061cc00000| PB 0x000000061cc00000| Untracked 
| 116|0x000000061d000000, 0x000000061d000000, 0x000000061d400000|  0%| F|  |TAMS 0x000000061d000000| PB 0x000000061d000000| Untracked 
| 117|0x000000061d400000, 0x000000061d400000, 0x000000061d800000|  0%| F|  |TAMS 0x000000061d400000| PB 0x000000061d400000| Untracked 
| 118|0x000000061d800000, 0x000000061d800000, 0x000000061dc00000|  0%| F|  |TAMS 0x000000061d800000| PB 0x000000061d800000| Untracked 
| 119|0x000000061dc00000, 0x000000061dc00000, 0x000000061e000000|  0%| F|  |TAMS 0x000000061dc00000| PB 0x000000061dc00000| Untracked 
| 120|0x000000061e000000, 0x000000061e000000, 0x000000061e400000|  0%| F|  |TAMS 0x000000061e000000| PB 0x000000061e000000| Untracked 
| 121|0x000000061e400000, 0x000000061e400000, 0x000000061e800000|  0%| F|  |TAMS 0x000000061e400000| PB 0x000000061e400000| Untracked 
| 122|0x000000061e800000, 0x000000061e800000, 0x000000061ec00000|  0%| F|  |TAMS 0x000000061e800000| PB 0x000000061e800000| Untracked 
| 123|0x000000061ec00000, 0x000000061ec00000, 0x000000061f000000|  0%| F|  |TAMS 0x000000061ec00000| PB 0x000000061ec00000| Untracked 
| 124|0x000000061f000000, 0x000000061f000000, 0x000000061f400000|  0%| F|  |TAMS 0x000000061f000000| PB 0x000000061f000000| Untracked 
| 125|0x000000061f400000, 0x000000061f400000, 0x000000061f800000|  0%| F|  |TAMS 0x000000061f400000| PB 0x000000061f400000| Untracked 
| 126|0x000000061f800000, 0x000000061f800000, 0x000000061fc00000|  0%| F|  |TAMS 0x000000061f800000| PB 0x000000061f800000| Untracked 
| 127|0x000000061fc00000, 0x000000061fc00000, 0x0000000620000000|  0%| F|  |TAMS 0x000000061fc00000| PB 0x000000061fc00000| Untracked 
| 128|0x0000000620000000, 0x0000000620000000, 0x0000000620400000|  0%| F|  |TAMS 0x0000000620000000| PB 0x0000000620000000| Untracked 
| 129|0x0000000620400000, 0x0000000620400000, 0x0000000620800000|  0%| F|  |TAMS 0x0000000620400000| PB 0x0000000620400000| Untracked 
| 130|0x0000000620800000, 0x0000000620800000, 0x0000000620c00000|  0%| F|  |TAMS 0x0000000620800000| PB 0x0000000620800000| Untracked 
| 131|0x0000000620c00000, 0x0000000620c00000, 0x0000000621000000|  0%| F|  |TAMS 0x0000000620c00000| PB 0x0000000620c00000| Untracked 
| 132|0x0000000621000000, 0x0000000621000000, 0x0000000621400000|  0%| F|  |TAMS 0x0000000621000000| PB 0x0000000621000000| Untracked 
| 133|0x0000000621400000, 0x0000000621400000, 0x0000000621800000|  0%| F|  |TAMS 0x0000000621400000| PB 0x0000000621400000| Untracked 
| 134|0x0000000621800000, 0x0000000621800000, 0x0000000621c00000|  0%| F|  |TAMS 0x0000000621800000| PB 0x0000000621800000| Untracked 
| 135|0x0000000621c00000, 0x0000000621c00000, 0x0000000622000000|  0%| F|  |TAMS 0x0000000621c00000| PB 0x0000000621c00000| Untracked 
| 136|0x0000000622000000, 0x0000000622000000, 0x0000000622400000|  0%| F|  |TAMS 0x0000000622000000| PB 0x0000000622000000| Untracked 
| 137|0x0000000622400000, 0x0000000622400000, 0x0000000622800000|  0%| F|  |TAMS 0x0000000622400000| PB 0x0000000622400000| Untracked 
| 138|0x0000000622800000, 0x0000000622800000, 0x0000000622c00000|  0%| F|  |TAMS 0x0000000622800000| PB 0x0000000622800000| Untracked 
| 139|0x0000000622c00000, 0x0000000622c00000, 0x0000000623000000|  0%| F|  |TAMS 0x0000000622c00000| PB 0x0000000622c00000| Untracked 
| 140|0x0000000623000000, 0x0000000623000000, 0x0000000623400000|  0%| F|  |TAMS 0x0000000623000000| PB 0x0000000623000000| Untracked 
| 141|0x0000000623400000, 0x0000000623400000, 0x0000000623800000|  0%| F|  |TAMS 0x0000000623400000| PB 0x0000000623400000| Untracked 
| 142|0x0000000623800000, 0x0000000623800000, 0x0000000623c00000|  0%| F|  |TAMS 0x0000000623800000| PB 0x0000000623800000| Untracked 
| 143|0x0000000623c00000, 0x0000000623c00000, 0x0000000624000000|  0%| F|  |TAMS 0x0000000623c00000| PB 0x0000000623c00000| Untracked 
| 144|0x0000000624000000, 0x0000000624000000, 0x0000000624400000|  0%| F|  |TAMS 0x0000000624000000| PB 0x0000000624000000| Untracked 
| 145|0x0000000624400000, 0x0000000624400000, 0x0000000624800000|  0%| F|  |TAMS 0x0000000624400000| PB 0x0000000624400000| Untracked 
| 146|0x0000000624800000, 0x0000000624800000, 0x0000000624c00000|  0%| F|  |TAMS 0x0000000624800000| PB 0x0000000624800000| Untracked 
| 147|0x0000000624c00000, 0x0000000624c00000, 0x0000000625000000|  0%| F|  |TAMS 0x0000000624c00000| PB 0x0000000624c00000| Untracked 
| 148|0x0000000625000000, 0x0000000625000000, 0x0000000625400000|  0%| F|  |TAMS 0x0000000625000000| PB 0x0000000625000000| Untracked 
| 149|0x0000000625400000, 0x0000000625400000, 0x0000000625800000|  0%| F|  |TAMS 0x0000000625400000| PB 0x0000000625400000| Untracked 
| 150|0x0000000625800000, 0x0000000625800000, 0x0000000625c00000|  0%| F|  |TAMS 0x0000000625800000| PB 0x0000000625800000| Untracked 
| 151|0x0000000625c00000, 0x0000000625c00000, 0x0000000626000000|  0%| F|  |TAMS 0x0000000625c00000| PB 0x0000000625c00000| Untracked 
| 152|0x0000000626000000, 0x0000000626000000, 0x0000000626400000|  0%| F|  |TAMS 0x0000000626000000| PB 0x0000000626000000| Untracked 
| 153|0x0000000626400000, 0x0000000626400000, 0x0000000626800000|  0%| F|  |TAMS 0x0000000626400000| PB 0x0000000626400000| Untracked 
| 154|0x0000000626800000, 0x0000000626800000, 0x0000000626c00000|  0%| F|  |TAMS 0x0000000626800000| PB 0x0000000626800000| Untracked 
| 155|0x0000000626c00000, 0x0000000626c00000, 0x0000000627000000|  0%| F|  |TAMS 0x0000000626c00000| PB 0x0000000626c00000| Untracked 
| 156|0x0000000627000000, 0x0000000627000000, 0x0000000627400000|  0%| F|  |TAMS 0x0000000627000000| PB 0x0000000627000000| Untracked 
| 157|0x0000000627400000, 0x0000000627400000, 0x0000000627800000|  0%| F|  |TAMS 0x0000000627400000| PB 0x0000000627400000| Untracked 
| 158|0x0000000627800000, 0x0000000627800000, 0x0000000627c00000|  0%| F|  |TAMS 0x0000000627800000| PB 0x0000000627800000| Untracked 
| 159|0x0000000627c00000, 0x0000000627c00000, 0x0000000628000000|  0%| F|  |TAMS 0x0000000627c00000| PB 0x0000000627c00000| Untracked 
| 160|0x0000000628000000, 0x0000000628000000, 0x0000000628400000|  0%| F|  |TAMS 0x0000000628000000| PB 0x0000000628000000| Untracked 
| 161|0x0000000628400000, 0x0000000628400000, 0x0000000628800000|  0%| F|  |TAMS 0x0000000628400000| PB 0x0000000628400000| Untracked 
| 162|0x0000000628800000, 0x0000000628800000, 0x0000000628c00000|  0%| F|  |TAMS 0x0000000628800000| PB 0x0000000628800000| Untracked 
| 163|0x0000000628c00000, 0x0000000628c00000, 0x0000000629000000|  0%| F|  |TAMS 0x0000000628c00000| PB 0x0000000628c00000| Untracked 
| 164|0x0000000629000000, 0x0000000629000000, 0x0000000629400000|  0%| F|  |TAMS 0x0000000629000000| PB 0x0000000629000000| Untracked 
| 165|0x0000000629400000, 0x0000000629400000, 0x0000000629800000|  0%| F|  |TAMS 0x0000000629400000| PB 0x0000000629400000| Untracked 
| 166|0x0000000629800000, 0x0000000629800000, 0x0000000629c00000|  0%| F|  |TAMS 0x0000000629800000| PB 0x0000000629800000| Untracked 
| 167|0x0000000629c00000, 0x0000000629c00000, 0x000000062a000000|  0%| F|  |TAMS 0x0000000629c00000| PB 0x0000000629c00000| Untracked 
| 168|0x000000062a000000, 0x000000062a000000, 0x000000062a400000|  0%| F|  |TAMS 0x000000062a000000| PB 0x000000062a000000| Untracked 
| 169|0x000000062a400000, 0x000000062a400000, 0x000000062a800000|  0%| F|  |TAMS 0x000000062a400000| PB 0x000000062a400000| Untracked 
| 170|0x000000062a800000, 0x000000062a800000, 0x000000062ac00000|  0%| F|  |TAMS 0x000000062a800000| PB 0x000000062a800000| Untracked 
| 171|0x000000062ac00000, 0x000000062ac00000, 0x000000062b000000|  0%| F|  |TAMS 0x000000062ac00000| PB 0x000000062ac00000| Untracked 
| 172|0x000000062b000000, 0x000000062b000000, 0x000000062b400000|  0%| F|  |TAMS 0x000000062b000000| PB 0x000000062b000000| Untracked 
| 173|0x000000062b400000, 0x000000062b400000, 0x000000062b800000|  0%| F|  |TAMS 0x000000062b400000| PB 0x000000062b400000| Untracked 
| 174|0x000000062b800000, 0x000000062b800000, 0x000000062bc00000|  0%| F|  |TAMS 0x000000062b800000| PB 0x000000062b800000| Untracked 
| 175|0x000000062bc00000, 0x000000062bc00000, 0x000000062c000000|  0%| F|  |TAMS 0x000000062bc00000| PB 0x000000062bc00000| Untracked 
| 176|0x000000062c000000, 0x000000062c000000, 0x000000062c400000|  0%| F|  |TAMS 0x000000062c000000| PB 0x000000062c000000| Untracked 
| 177|0x000000062c400000, 0x000000062c400000, 0x000000062c800000|  0%| F|  |TAMS 0x000000062c400000| PB 0x000000062c400000| Untracked 
| 178|0x000000062c800000, 0x000000062c800000, 0x000000062cc00000|  0%| F|  |TAMS 0x000000062c800000| PB 0x000000062c800000| Untracked 
| 179|0x000000062cc00000, 0x000000062cc00000, 0x000000062d000000|  0%| F|  |TAMS 0x000000062cc00000| PB 0x000000062cc00000| Untracked 
| 180|0x000000062d000000, 0x000000062d000000, 0x000000062d400000|  0%| F|  |TAMS 0x000000062d000000| PB 0x000000062d000000| Untracked 
| 181|0x000000062d400000, 0x000000062d400000, 0x000000062d800000|  0%| F|  |TAMS 0x000000062d400000| PB 0x000000062d400000| Untracked 
| 182|0x000000062d800000, 0x000000062d800000, 0x000000062dc00000|  0%| F|  |TAMS 0x000000062d800000| PB 0x000000062d800000| Untracked 
| 183|0x000000062dc00000, 0x000000062dc00000, 0x000000062e000000|  0%| F|  |TAMS 0x000000062dc00000| PB 0x000000062dc00000| Untracked 
| 184|0x000000062e000000, 0x000000062e000000, 0x000000062e400000|  0%| F|  |TAMS 0x000000062e000000| PB 0x000000062e000000| Untracked 
| 185|0x000000062e400000, 0x000000062e400000, 0x000000062e800000|  0%| F|  |TAMS 0x000000062e400000| PB 0x000000062e400000| Untracked 
| 186|0x000000062e800000, 0x000000062e800000, 0x000000062ec00000|  0%| F|  |TAMS 0x000000062e800000| PB 0x000000062e800000| Untracked 
| 187|0x000000062ec00000, 0x000000062edc9380, 0x000000062f000000| 44%| S|CS|TAMS 0x000000062ec00000| PB 0x000000062ec00000| Complete 
| 188|0x000000062f000000, 0x000000062f000000, 0x000000062f400000|  0%| F|  |TAMS 0x000000062f000000| PB 0x000000062f000000| Untracked 
| 189|0x000000062f400000, 0x000000062f400000, 0x000000062f800000|  0%| F|  |TAMS 0x000000062f400000| PB 0x000000062f400000| Untracked 
| 190|0x000000062f800000, 0x000000062f800000, 0x000000062fc00000|  0%| F|  |TAMS 0x000000062f800000| PB 0x000000062f800000| Untracked 
| 191|0x000000062fc00000, 0x000000062fc00000, 0x0000000630000000|  0%| F|  |TAMS 0x000000062fc00000| PB 0x000000062fc00000| Untracked 
| 192|0x0000000630000000, 0x0000000630000000, 0x0000000630400000|  0%| F|  |TAMS 0x0000000630000000| PB 0x0000000630000000| Untracked 
| 193|0x0000000630400000, 0x0000000630400000, 0x0000000630800000|  0%| F|  |TAMS 0x0000000630400000| PB 0x0000000630400000| Untracked 
| 194|0x0000000630800000, 0x0000000630800000, 0x0000000630c00000|  0%| F|  |TAMS 0x0000000630800000| PB 0x0000000630800000| Untracked 
| 195|0x0000000630c00000, 0x0000000630c00000, 0x0000000631000000|  0%| F|  |TAMS 0x0000000630c00000| PB 0x0000000630c00000| Untracked 
| 196|0x0000000631000000, 0x0000000631000000, 0x0000000631400000|  0%| F|  |TAMS 0x0000000631000000| PB 0x0000000631000000| Untracked 
|2047|0x00000007ffc00000, 0x0000000800000000, 0x0000000800000000|100%| O|  |TAMS 0x00000007ffc00000| PB 0x00000007ffc00000| Untracked 

Card table byte_map: [0x00000243dbea0000,0x00000243dcea0000] _byte_map_base: 0x00000243d8ea0000

Marking Bits: (CMBitMap*) 0x00000243b77f0d20
 Bits: [0x00000243dcea0000, 0x00000243e4ea0000)

Polling page: 0x00000243b54f0000

Metaspace:

Usage:
  Non-class:     33.01 MB used.
      Class:      5.38 MB used.
       Both:     38.39 MB used.

Virtual space:
  Non-class space:       64.00 MB reserved,      33.69 MB ( 53%) committed,  1 nodes.
      Class space:        1.00 GB reserved,       6.00 MB ( <1%) committed,  1 nodes.
             Both:        1.06 GB reserved,      39.69 MB (  4%) committed. 

Chunk freelists:
   Non-Class:  14.17 MB
       Class:  10.06 MB
        Both:  24.23 MB

MaxMetaspaceSize: 4.00 GB
CompressedClassSpaceSize: 1.00 GB
Initial GC threshold: 21.00 MB
Current GC threshold: 58.88 MB
CDS: on
 - commit_granule_bytes: 65536.
 - commit_granule_words: 8192.
 - virtual_space_node_default_size: 8388608.
 - enlarge_chunks_in_place: 1.
 - use_allocation_guard: 0.


Internal statistics:

num_allocs_failed_limit: 6.
num_arena_births: 2122.
num_arena_deaths: 0.
num_vsnodes_births: 2.
num_vsnodes_deaths: 0.
num_space_committed: 635.
num_space_uncommitted: 0.
num_chunks_returned_to_freelist: 6.
num_chunks_taken_from_freelist: 3824.
num_chunk_merges: 6.
num_chunk_splits: 2508.
num_chunks_enlarged: 1586.
num_inconsistent_stats: 0.

CodeHeap 'non-profiled nmethods': size=259264Kb used=3103Kb max_used=3103Kb free=256160Kb
 bounds [0x00000243cac10000, 0x00000243caf20000, 0x00000243da940000]
CodeHeap 'profiled nmethods': size=259264Kb used=9715Kb max_used=9745Kb free=249548Kb
 bounds [0x00000243ba940000, 0x00000243bb2d0000, 0x00000243ca670000]
CodeHeap 'non-nmethods': size=5760Kb used=2771Kb max_used=2807Kb free=2989Kb
 bounds [0x00000243ca670000, 0x00000243ca940000, 0x00000243cac10000]
CodeCache: size=524288Kb, used=15589Kb, max_used=15655Kb, free=508697Kb
 total_blobs=5865, nmethods=5027, adapters=742, full_count=0
Compilation: enabled, stopped_count=0, restarted_count=0

Compilation events (20 events):
Event: 12744.535 Thread 0x00000243e506ca40 5607       4       java.util.LinkedHashMap::valuesToArray (80 bytes)
Event: 12746.681 Thread 0x00000243e506e7f0 nmethod 5597 0x00000243baab3810 code [0x00000243baab4200, 0x00000243baab8c00]
Event: 12746.682 Thread 0x00000243e506ca40 nmethod 5607 0x00000243caf17890 code [0x00000243caf17a20, 0x00000243caf17c68]
Event: 12746.682 Thread 0x00000243e506ca40 5608       4       org.gradle.launcher.daemon.registry.DaemonRegistryContent$Serializer::readAddresses (137 bytes)
Event: 12746.754 Thread 0x00000243e506e7f0 5590       3       org.gradle.launcher.daemon.server.CompatibleDaemonExpirationStrategy$$Lambda/0x00000243e91b8b08::isSatisfiedBy (12 bytes)
Event: 12746.755 Thread 0x00000243e506e7f0 nmethod 5590 0x00000243baab2f10 code [0x00000243baab3100, 0x00000243baab3630]
Event: 12746.755 Thread 0x00000243e506e7f0 5591       3       org.gradle.launcher.daemon.server.CompatibleDaemonExpirationStrategy::lambda$checkExpiration$0 (14 bytes)
Event: 12746.755 Thread 0x00000243e506e7f0 nmethod 5591 0x00000243baab2790 code [0x00000243baab2960, 0x00000243baab2d30]
Event: 12746.755 Thread 0x00000243e506e7f0 5592       3       org.gradle.launcher.daemon.context.DaemonCompatibilitySpec::isSatisfiedBy (9 bytes)
Event: 12746.755 Thread 0x00000243e506e7f0 nmethod 5592 0x00000243baab2190 code [0x00000243baab2360, 0x00000243baab2660]
Event: 12746.755 Thread 0x00000243e506e7f0 5598   !   3       org.gradle.launcher.daemon.context.DaemonCompatibilitySpec::jvmCompatible (164 bytes)
Event: 12748.479 Thread 0x00000243e506e7f0 nmethod 5598 0x00000243baa3e590 code [0x00000243baa3e9a0, 0x00000243baa40478]
Event: 12748.479 Thread 0x00000243e506e7f0 5600       3       java.nio.file.Files::isSameFile (10 bytes)
Event: 12748.480 Thread 0x00000243e506e7f0 nmethod 5600 0x00000243baa3de90 code [0x00000243baa3e060, 0x00000243baa3e418]
Event: 12748.480 Thread 0x00000243e506e7f0 5601   !   3       sun.nio.fs.WindowsFileSystemProvider::isSameFile (180 bytes)
Event: 12751.980 Thread 0x00000243e506e7f0 nmethod 5601 0x00000243baa3b990 code [0x00000243baa3bd40, 0x00000243baa3d5a8]
Event: 12751.981 Thread 0x00000243e506e7f0 5602       3       org.gradle.launcher.daemon.context.DaemonCompatibilitySpec::daemonOptsMatch (53 bytes)
Event: 12752.112 Thread 0x00000243e506e7f0 nmethod 5602 0x00000243baa3b090 code [0x00000243baa3b280, 0x00000243baa3b790]
Event: 12752.112 Thread 0x00000243e506e7f0 5603       3       org.gradle.launcher.daemon.context.DaemonCompatibilitySpec::priorityMatches (22 bytes)
Event: 12752.178 Thread 0x00000243e506e7f0 nmethod 5603 0x00000243baab1c10 code [0x00000243baab1dc0, 0x00000243baab1fa8]

GC Heap History (20 events):
Event: 12738.087 GC heap after
{Heap after GC invocations=14 (full 0):
 garbage-first heap   total 106496K, used 35142K [0x0000000600000000, 0x0000000800000000)
  region size 4096K, 1 young (4096K), 1 survivors (4096K)
 Metaspace       used 39266K, committed 40512K, reserved 1114112K
  class space    used 5506K, committed 6144K, reserved 1048576K
}
Event: 12738.213 GC heap before
{Heap before GC invocations=14 (full 0):
 garbage-first heap   total 106496K, used 39238K [0x0000000600000000, 0x0000000800000000)
  region size 4096K, 2 young (8192K), 1 survivors (4096K)
 Metaspace       used 39266K, committed 40512K, reserved 1114112K
  class space    used 5506K, committed 6144K, reserved 1048576K
}
Event: 12738.436 GC heap after
{Heap after GC invocations=15 (full 0):
 garbage-first heap   total 106496K, used 35125K [0x0000000600000000, 0x0000000800000000)
  region size 4096K, 1 young (4096K), 1 survivors (4096K)
 Metaspace       used 39266K, committed 40512K, reserved 1114112K
  class space    used 5506K, committed 6144K, reserved 1048576K
}
Event: 12738.559 GC heap before
{Heap before GC invocations=15 (full 0):
 garbage-first heap   total 106496K, used 39221K [0x0000000600000000, 0x0000000800000000)
  region size 4096K, 2 young (8192K), 1 survivors (4096K)
 Metaspace       used 39266K, committed 40512K, reserved 1114112K
  class space    used 5506K, committed 6144K, reserved 1048576K
}
Event: 12740.395 GC heap after
{Heap after GC invocations=16 (full 0):
 garbage-first heap   total 270336K, used 35117K [0x0000000600000000, 0x0000000800000000)
  region size 4096K, 1 young (4096K), 1 survivors (4096K)
 Metaspace       used 39266K, committed 40512K, reserved 1114112K
  class space    used 5506K, committed 6144K, reserved 1048576K
}
Event: 12740.582 GC heap before
{Heap before GC invocations=16 (full 0):
 garbage-first heap   total 270336K, used 43309K [0x0000000600000000, 0x0000000800000000)
  region size 4096K, 3 young (12288K), 1 survivors (4096K)
 Metaspace       used 39266K, committed 40512K, reserved 1114112K
  class space    used 5506K, committed 6144K, reserved 1048576K
}
Event: 12740.817 GC heap after
{Heap after GC invocations=17 (full 0):
 garbage-first heap   total 270336K, used 35223K [0x0000000600000000, 0x0000000800000000)
  region size 4096K, 1 young (4096K), 1 survivors (4096K)
 Metaspace       used 39266K, committed 40512K, reserved 1114112K
  class space    used 5506K, committed 6144K, reserved 1048576K
}
Event: 12740.975 GC heap before
{Heap before GC invocations=17 (full 0):
 garbage-first heap   total 270336K, used 43415K [0x0000000600000000, 0x0000000800000000)
  region size 4096K, 3 young (12288K), 1 survivors (4096K)
 Metaspace       used 39266K, committed 40512K, reserved 1114112K
  class space    used 5506K, committed 6144K, reserved 1048576K
}
Event: 12741.091 GC heap after
{Heap after GC invocations=18 (full 0):
 garbage-first heap   total 270336K, used 35109K [0x0000000600000000, 0x0000000800000000)
  region size 4096K, 1 young (4096K), 1 survivors (4096K)
 Metaspace       used 39266K, committed 40512K, reserved 1114112K
  class space    used 5506K, committed 6144K, reserved 1048576K
}
Event: 12741.553 GC heap before
{Heap before GC invocations=18 (full 0):
 garbage-first heap   total 270336K, used 43301K [0x0000000600000000, 0x0000000800000000)
  region size 4096K, 3 young (12288K), 1 survivors (4096K)
 Metaspace       used 39266K, committed 40512K, reserved 1114112K
  class space    used 5506K, committed 6144K, reserved 1048576K
}
Event: 12741.696 GC heap after
{Heap after GC invocations=19 (full 0):
 garbage-first heap   total 270336K, used 35095K [0x0000000600000000, 0x0000000800000000)
  region size 4096K, 1 young (4096K), 1 survivors (4096K)
 Metaspace       used 39266K, committed 40512K, reserved 1114112K
  class space    used 5506K, committed 6144K, reserved 1048576K
}
Event: 12741.996 GC heap before
{Heap before GC invocations=19 (full 0):
 garbage-first heap   total 270336K, used 43287K [0x0000000600000000, 0x0000000800000000)
  region size 4096K, 3 young (12288K), 1 survivors (4096K)
 Metaspace       used 39266K, committed 40512K, reserved 1114112K
  class space    used 5506K, committed 6144K, reserved 1048576K
}
Event: 12742.707 GC heap after
{Heap after GC invocations=20 (full 0):
 garbage-first heap   total 811008K, used 35114K [0x0000000600000000, 0x0000000800000000)
  region size 4096K, 1 young (4096K), 1 survivors (4096K)
 Metaspace       used 39266K, committed 40512K, reserved 1114112K
  class space    used 5506K, committed 6144K, reserved 1048576K
}
Event: 12745.155 GC heap before
{Heap before GC invocations=20 (full 0):
 garbage-first heap   total 811008K, used 67882K [0x0000000600000000, 0x0000000800000000)
  region size 4096K, 9 young (36864K), 1 survivors (4096K)
 Metaspace       used 39280K, committed 40512K, reserved 1114112K
  class space    used 5507K, committed 6144K, reserved 1048576K
}
Event: 12746.348 GC heap after
{Heap after GC invocations=21 (full 0):
 garbage-first heap   total 811008K, used 35161K [0x0000000600000000, 0x0000000800000000)
  region size 4096K, 1 young (4096K), 1 survivors (4096K)
 Metaspace       used 39280K, committed 40512K, reserved 1114112K
  class space    used 5507K, committed 6144K, reserved 1048576K
}
Event: 12749.881 GC heap before
{Heap before GC invocations=21 (full 0):
 garbage-first heap   total 811008K, used 63833K [0x0000000600000000, 0x0000000800000000)
  region size 4096K, 9 young (36864K), 1 survivors (4096K)
 Metaspace       used 39302K, committed 40640K, reserved 1114112K
  class space    used 5507K, committed 6144K, reserved 1048576K
}
Event: 12751.086 GC heap after
{Heap after GC invocations=22 (full 0):
 garbage-first heap   total 811008K, used 35213K [0x0000000600000000, 0x0000000800000000)
  region size 4096K, 1 young (4096K), 1 survivors (4096K)
 Metaspace       used 39302K, committed 40640K, reserved 1114112K
  class space    used 5507K, committed 6144K, reserved 1048576K
}
Event: 12751.770 GC heap before
{Heap before GC invocations=22 (full 0):
 garbage-first heap   total 811008K, used 67981K [0x0000000600000000, 0x0000000800000000)
  region size 4096K, 9 young (36864K), 1 survivors (4096K)
 Metaspace       used 39305K, committed 40640K, reserved 1114112K
  class space    used 5507K, committed 6144K, reserved 1048576K
}
Event: 12751.879 GC heap after
{Heap after GC invocations=23 (full 0):
 garbage-first heap   total 811008K, used 35243K [0x0000000600000000, 0x0000000800000000)
  region size 4096K, 1 young (4096K), 1 survivors (4096K)
 Metaspace       used 39305K, committed 40640K, reserved 1114112K
  class space    used 5507K, committed 6144K, reserved 1048576K
}
Event: 12753.137 GC heap before
{Heap before GC invocations=23 (full 0):
 garbage-first heap   total 811008K, used 68011K [0x0000000600000000, 0x0000000800000000)
  region size 4096K, 9 young (36864K), 1 survivors (4096K)
 Metaspace       used 39308K, committed 40640K, reserved 1114112K
  class space    used 5508K, committed 6144K, reserved 1048576K
}

Dll operation events (20 events):
Event: 0.894 Attempting to load shared library C:\Users\badya\.vscode\extensions\redhat.java-1.56.0-win32-x64\jre\21.0.12.1-win32-x86_64\bin\zip.dll
Event: 0.894 Loaded shared library C:\Users\badya\.vscode\extensions\redhat.java-1.56.0-win32-x64\jre\21.0.12.1-win32-x86_64\bin\zip.dll
Event: 3.212 Attempting to load shared library C:\Users\badya\.vscode\extensions\redhat.java-1.56.0-win32-x64\jre\21.0.12.1-win32-x86_64\bin\jimage.dll
Event: 3.212 Loaded shared library C:\Users\badya\.vscode\extensions\redhat.java-1.56.0-win32-x64\jre\21.0.12.1-win32-x86_64\bin\jimage.dll
Event: 4.836 Attempting to load shared library C:\Users\badya\.vscode\extensions\redhat.java-1.56.0-win32-x64\jre\21.0.12.1-win32-x86_64\bin\verify.dll
Event: 4.886 Loaded shared library C:\Users\badya\.vscode\extensions\redhat.java-1.56.0-win32-x64\jre\21.0.12.1-win32-x86_64\bin\verify.dll
Event: 6.799 Attempting to load shared library C:\Users\badya\.gradle\native\1def1411415f61bf3af743bc5b6707747c0891f09f0c88961ee8f79bc544acac\windows-amd64\native-platform.dll
Event: 6.808 Loaded shared library C:\Users\badya\.gradle\native\1def1411415f61bf3af743bc5b6707747c0891f09f0c88961ee8f79bc544acac\windows-amd64\native-platform.dll
Event: 7.017 Attempting to load shared library C:\Users\badya\.gradle\native\0.2.5\x86_64-windows-gnu\gradle-fileevents.dll
Event: 7.032 Loaded shared library C:\Users\badya\.gradle\native\0.2.5\x86_64-windows-gnu\gradle-fileevents.dll
Event: 24.915 Attempting to load shared library C:\Users\badya\.vscode\extensions\redhat.java-1.56.0-win32-x64\jre\21.0.12.1-win32-x86_64\bin\management.dll
Event: 24.969 Loaded shared library C:\Users\badya\.vscode\extensions\redhat.java-1.56.0-win32-x64\jre\21.0.12.1-win32-x86_64\bin\management.dll
Event: 25.014 Attempting to load shared library C:\Users\badya\.vscode\extensions\redhat.java-1.56.0-win32-x64\jre\21.0.12.1-win32-x86_64\bin\management_ext.dll
Event: 25.059 Loaded shared library C:\Users\badya\.vscode\extensions\redhat.java-1.56.0-win32-x64\jre\21.0.12.1-win32-x86_64\bin\management_ext.dll
Event: 29.311 Attempting to load shared library C:\Users\badya\.vscode\extensions\redhat.java-1.56.0-win32-x64\jre\21.0.12.1-win32-x86_64\bin\extnet.dll
Event: 29.312 Loaded shared library C:\Users\badya\.vscode\extensions\redhat.java-1.56.0-win32-x64\jre\21.0.12.1-win32-x86_64\bin\extnet.dll
Event: 33.884 Attempting to load shared library C:\Users\badya\.vscode\extensions\redhat.java-1.56.0-win32-x64\jre\21.0.12.1-win32-x86_64\bin\sunmscapi.dll
Event: 34.293 Loaded shared library C:\Users\badya\.vscode\extensions\redhat.java-1.56.0-win32-x64\jre\21.0.12.1-win32-x86_64\bin\sunmscapi.dll
Event: 126.907 Attempting to load shared library C:\Users\badya\AppData\Local\Temp\native-platform4054003734470446043dir\gradle-fileevents.dll
Event: 127.778 Loaded shared library C:\Users\badya\AppData\Local\Temp\native-platform4054003734470446043dir\gradle-fileevents.dll

Deoptimization events (20 events):
Event: 12733.810 Thread 0x000002442d8b7c40 DEOPT PACKING pc=0x00000243caf0ddb8 sp=0x000000c9b49fefe0
Event: 12733.825 Thread 0x000002442d8b7c40 DEOPT UNPACKING pc=0x00000243ca6c7ba2 sp=0x000000c9b49fef70 mode 2
Event: 12744.386 Thread 0x000002442d65fbc0 DEOPT PACKING pc=0x00000243bacebdab sp=0x000000c9b4bfe620
Event: 12744.386 Thread 0x000002442d65fbc0 DEOPT UNPACKING pc=0x00000243ca6c86e2 sp=0x000000c9b4bfdb08 mode 0
Event: 12746.943 Thread 0x000002442d65fbc0 DEOPT PACKING pc=0x00000243baac073a sp=0x000000c9b4bfe500
Event: 12747.014 Thread 0x000002442d65fbc0 DEOPT UNPACKING pc=0x00000243ca6c86e2 sp=0x000000c9b4bfda10 mode 0
Event: 12747.549 Thread 0x000002442d65fbc0 DEOPT PACKING pc=0x00000243baac073a sp=0x000000c9b4bfe500
Event: 12747.733 Thread 0x000002442d65fbc0 DEOPT UNPACKING pc=0x00000243ca6c86e2 sp=0x000000c9b4bfda10 mode 0
Event: 12748.131 Thread 0x000002442d65fbc0 DEOPT PACKING pc=0x00000243baac073a sp=0x000000c9b4bfe500
Event: 12748.232 Thread 0x000002442d65fbc0 DEOPT UNPACKING pc=0x00000243ca6c86e2 sp=0x000000c9b4bfda10 mode 0
Event: 12751.259 Thread 0x000002442d65fbc0 DEOPT PACKING pc=0x00000243baac073a sp=0x000000c9b4bfe500
Event: 12751.259 Thread 0x000002442d65fbc0 DEOPT UNPACKING pc=0x00000243ca6c86e2 sp=0x000000c9b4bfda10 mode 0
Event: 12751.382 Thread 0x000002442d65fbc0 DEOPT PACKING pc=0x00000243baac073a sp=0x000000c9b4bfe500
Event: 12751.382 Thread 0x000002442d65fbc0 DEOPT UNPACKING pc=0x00000243ca6c86e2 sp=0x000000c9b4bfda10 mode 0
Event: 12751.569 Thread 0x000002442d65fbc0 DEOPT PACKING pc=0x00000243baac073a sp=0x000000c9b4bfe500
Event: 12751.569 Thread 0x000002442d65fbc0 DEOPT UNPACKING pc=0x00000243ca6c86e2 sp=0x000000c9b4bfda10 mode 0
Event: 12751.984 Thread 0x000002442d65fbc0 DEOPT PACKING pc=0x00000243baac073a sp=0x000000c9b4bfe500
Event: 12751.984 Thread 0x000002442d65fbc0 DEOPT UNPACKING pc=0x00000243ca6c86e2 sp=0x000000c9b4bfda10 mode 0
Event: 12752.209 Thread 0x000002442d65fbc0 DEOPT PACKING pc=0x00000243baac073a sp=0x000000c9b4bfe500
Event: 12752.209 Thread 0x000002442d65fbc0 DEOPT UNPACKING pc=0x00000243ca6c86e2 sp=0x000000c9b4bfda10 mode 0

Classes loaded (20 events):
Event: 197.839 Loading class java/lang/invoke/SerializedLambda
Event: 197.852 Loading class java/lang/invoke/SerializedLambda done
Event: 198.241 Loading class java/util/BitSet$1BitSetSpliterator
Event: 198.242 Loading class java/util/BitSet$1BitSetSpliterator done
Event: 199.892 Loading class java/lang/SafeVarargs
Event: 199.896 Loading class java/lang/SafeVarargs done
Event: 200.330 Loading class jdk/internal/reflect/MethodHandleIntegerFieldAccessorImpl
Event: 200.353 Loading class jdk/internal/reflect/MethodHandleIntegerFieldAccessorImpl done
Event: 200.787 Loading class sun/nio/fs/WindowsException
Event: 200.787 Loading class sun/nio/fs/WindowsException done
Event: 201.096 Loading class java/util/Collections$SynchronizedRandomAccessList
Event: 201.097 Loading class java/util/Collections$SynchronizedList
Event: 201.098 Loading class java/util/Collections$SynchronizedList done
Event: 201.098 Loading class java/util/Collections$SynchronizedRandomAccessList done
Event: 201.301 Loading class java/lang/invoke/BoundMethodHandle$Species_LLLLLLLLLLLLLLLLLLLLLLLLL
Event: 201.301 Loading class java/lang/invoke/BoundMethodHandle$Species_LLLLLLLLLLLLLLLLLLLLLLLLL done
Event: 201.324 Loading class java/lang/invoke/BoundMethodHandle$Species_LLLLLLLLLLLLLLLLLLLLLLLLLL
Event: 201.324 Loading class java/lang/invoke/BoundMethodHandle$Species_LLLLLLLLLLLLLLLLLLLLLLLLLL done
Event: 202.157 Loading class java/security/CodeSigner
Event: 202.157 Loading class java/security/CodeSigner done

Classes unloaded (0 events):
No events

Classes redefined (0 events):
No events

Internal exceptions (20 events):
Event: 197.453 Thread 0x000002442da17900 Exception <a 'java/lang/ClassNotFoundException'{0x00000006037b4558}: org/gradle/invocation/DefaultGradle_DecoratedCustomizer> (0x00000006037b4558) 
thrown [s\src\hotspot\share\classfile\systemDictionary.cpp, line 313]
Event: 198.163 Thread 0x000002442da17900 Exception <a 'java/lang/NoSuchMethodError'{0x00000006032b88f0}: 'java.lang.Object java.lang.invoke.DirectMethodHandle$Holder.newInvokeSpecial(java.lang.Object, java.lang.Object, java.lang.Object, java.lang.Object, java.lang.Object, java.lang.Object, java.lang.Object, java.lang.Object, java.lang.Object)'> (0x00000006032b88f0) 
thrown [s\src\hotspot\share\interpreter\linkResolver.cpp, line 773]
Event: 199.429 Thread 0x000002442da17900 Implicit null exception at 0x00000243cacb07c2 to 0x00000243cacb0a4c
Event: 200.152 Thread 0x000002442da17900 Exception <a 'java/lang/NoSuchMethodError'{0x0000000602e46e28}: 'java.lang.Object java.lang.invoke.DirectMethodHandle$Holder.newInvokeSpecial(java.lang.Object, java.lang.Object, int, int)'> (0x0000000602e46e28) 
thrown [s\src\hotspot\share\interpreter\linkResolver.cpp, line 773]
Event: 200.355 Thread 0x000002442da17900 Exception <a 'java/lang/NoSuchMethodError'{0x0000000602e80c00}: 'void java.lang.invoke.DirectMethodHandle$Holder.invokeSpecial(java.lang.Object, java.lang.Object, int)'> (0x0000000602e80c00) 
thrown [s\src\hotspot\share\interpreter\linkResolver.cpp, line 773]
Event: 200.357 Thread 0x000002442da17900 Exception <a 'java/lang/NoSuchMethodError'{0x0000000602e84ef0}: 'void java.lang.invoke.Invokers$Holder.invokeExact_MT(java.lang.Object, int, java.lang.Object)'> (0x0000000602e84ef0) 
thrown [s\src\hotspot\share\interpreter\linkResolver.cpp, line 773]
Event: 200.367 Thread 0x000002442da17900 Exception <a 'java/lang/IncompatibleClassChangeError'{0x0000000602e93938}: Found class java.lang.Object, but interface was expected> (0x0000000602e93938) 
thrown [s\src\hotspot\share\interpreter\linkResolver.cpp, line 840]
Event: 200.787 Thread 0x000002442da17900 Exception <a 'sun/nio/fs/WindowsException'{0x00000006078a0350}> (0x00000006078a0350) 
thrown [s\src\hotspot\share\prims\jni.cpp, line 520]
Event: 200.790 Thread 0x000002442da17900 Exception <a 'sun/nio/fs/WindowsException'{0x00000006078a1878}> (0x00000006078a1878) 
thrown [s\src\hotspot\share\prims\jni.cpp, line 520]
Event: 200.791 Thread 0x000002442da17900 Exception <a 'sun/nio/fs/WindowsException'{0x00000006078a2d48}> (0x00000006078a2d48) 
thrown [s\src\hotspot\share\prims\jni.cpp, line 520]
Event: 200.792 Thread 0x000002442da17900 Exception <a 'sun/nio/fs/WindowsException'{0x00000006078a3e40}> (0x00000006078a3e40) 
thrown [s\src\hotspot\share\prims\jni.cpp, line 520]
Event: 201.042 Thread 0x000002442da17900 Exception <a 'java/lang/NoSuchMethodError'{0x00000006079dda90}: 'java.lang.Object java.lang.invoke.Invokers$Holder.invoker(java.lang.Object, java.lang.Object, java.lang.Object, java.lang.Object, java.lang.Object, java.lang.Object)'> (0x00000006079dda90) 
thrown [s\src\hotspot\share\interpreter\linkResolver.cpp, line 773]
Event: 201.168 Thread 0x000002442da17900 Exception <a 'java/lang/NoSuchMethodError'{0x0000000607aebe58}: 'java.lang.Object java.lang.invoke.DirectMethodHandle$Holder.invokeSpecial(java.lang.Object, java.lang.Object, java.lang.Object, java.lang.Object, java.lang.Object, java.lang.Object, java.lang.Object, java.lang.Object, java.lang.Object, java.lang.Object, java.lang.Object, java.lang.Object, java.lang.Object, java.lang.Object, java.lang.Object, java.lang.Object, java.lang.Object, java.lang.Object, java.lang.Object, java.lang.Object, java.lang.Ob
Event: 201.169 Thread 0x000002442da17900 Exception <a 'java/lang/NoSuchMethodError'{0x0000000607af1f30}: 'java.lang.Object java.lang.invoke.DelegatingMethodHandle$Holder.reinvoke_L(java.lang.Object, java.lang.Object, java.lang.Object, java.lang.Object, java.lang.Object, java.lang.Object, java.lang.Object, java.lang.Object, java.lang.Object, java.lang.Object, java.lang.Object, java.lang.Object, java.lang.Object, java.lang.Object, java.lang.Object, java.lang.Object, java.lang.Object, java.lang.Object, java.lang.Object, java.lang.Object, java.lang.O
Event: 201.171 Thread 0x000002442da17900 Exception <a 'java/lang/NoSuchMethodError'{0x0000000607afd118}: 'java.lang.Object java.lang.invoke.Invokers$Holder.invoker(java.lang.Object, java.lang.Object, java.lang.Object, java.lang.Object, java.lang.Object, java.lang.Object, java.lang.Object, java.lang.Object, java.lang.Object, java.lang.Object, java.lang.Object, java.lang.Object, java.lang.Object, java.lang.Object, java.lang.Object, java.lang.Object, java.lang.Object, java.lang.Object, java.lang.Object, java.lang.Object, java.lang.Object, java.lang.
Event: 201.172 Thread 0x000002442da17900 Exception <a 'java/lang/NoSuchMethodError'{0x0000000607b03aa0}: 'java.lang.Object java.lang.invoke.DelegatingMethodHandle$Holder.delegate(java.lang.Object, java.lang.Object, java.lang.Object, java.lang.Object, java.lang.Object, java.lang.Object, java.lang.Object, java.lang.Object, java.lang.Object, java.lang.Object, java.lang.Object, java.lang.Object, java.lang.Object, java.lang.Object, java.lang.Object, java.lang.Object, java.lang.Object, java.lang.Object, java.lang.Object, java.lang.Object, java.lang.Obj
Event: 201.314 Thread 0x000002442da17900 Exception <a 'java/lang/NoSuchMethodError'{0x0000000607bd8698}: 'java.lang.Object java.lang.invoke.DirectMethodHandle$Holder.invokeStatic(java.lang.Object, java.lang.Object, java.lang.Object, java.lang.Object, java.lang.Object, java.lang.Object, java.lang.Object, java.lang.Object, java.lang.Object, java.lang.Object, java.lang.Object, java.lang.Object, java.lang.Object, java.lang.Object, java.lang.Object, java.lang.Object, java.lang.Object, java.lang.Object, java.lang.Object, java.lang.Object, java.lang.Obj
Event: 201.326 Thread 0x000002442da17900 Exception <a 'java/lang/NoSuchMethodError'{0x0000000605c0ddc0}: 'java.lang.Object java.lang.invoke.DirectMethodHandle$Holder.invokeStatic(java.lang.Object, java.lang.Object, java.lang.Object, java.lang.Object, java.lang.Object, java.lang.Object, java.lang.Object, java.lang.Object, java.lang.Object, java.lang.Object, java.lang.Object, java.lang.Object, java.lang.Object, java.lang.Object, java.lang.Object, java.lang.Object, java.lang.Object, java.lang.Object, java.lang.Object, java.lang.Object, java.lang.Obj
Event: 12702.810 Thread 0x000002442d65fbc0 Implicit null exception at 0x00000243cac66320 to 0x00000243cac669ec
Event: 12710.363 Thread 0x000002442da17900 Exception <a 'java/lang/NoSuchMethodError'{0x00000006051c2e88}: 'java.lang.Object java.lang.invoke.DirectMethodHandle$Holder.newInvokeSpecial(java.lang.Object, java.lang.Object, java.lang.Object, java.lang.Object, java.lang.Object, java.lang.Object, java.lang.Object, java.lang.Object, java.lang.Object, java.lang.Object, java.lang.Object)'> (0x00000006051c2e88) 
thrown [s\src\hotspot\share\interpreter\linkResolver.cpp, line 773]

ZGC Phase Switch (0 events):
No events

VM Operations (20 events):
Event: 12738.436 Executing safepoint VM operation: G1CollectForAllocation (G1 Evacuation Pause) done
Event: 12738.440 Executing safepoint VM operation: G1CollectForAllocation (G1 Evacuation Pause)
Event: 12740.395 Executing safepoint VM operation: G1CollectForAllocation (G1 Evacuation Pause) done
Event: 12740.409 Executing safepoint VM operation: G1CollectForAllocation (G1 Evacuation Pause)
Event: 12740.817 Executing safepoint VM operation: G1CollectForAllocation (G1 Evacuation Pause) done
Event: 12740.833 Executing safepoint VM operation: G1CollectForAllocation (G1 Evacuation Pause)
Event: 12741.091 Executing safepoint VM operation: G1CollectForAllocation (G1 Evacuation Pause) done
Event: 12741.103 Executing safepoint VM operation: G1CollectForAllocation (G1 Evacuation Pause)
Event: 12741.696 Executing safepoint VM operation: G1CollectForAllocation (G1 Evacuation Pause) done
Event: 12741.851 Executing safepoint VM operation: G1CollectForAllocation (G1 Evacuation Pause)
Event: 12742.707 Executing safepoint VM operation: G1CollectForAllocation (G1 Evacuation Pause) done
Event: 12744.556 Executing safepoint VM operation: G1CollectForAllocation (G1 Evacuation Pause)
Event: 12746.348 Executing safepoint VM operation: G1CollectForAllocation (G1 Evacuation Pause) done
Event: 12747.356 Executing safepoint VM operation: Cleanup
Event: 12747.499 Executing safepoint VM operation: Cleanup done
Event: 12748.704 Executing safepoint VM operation: G1CollectForAllocation (G1 Evacuation Pause)
Event: 12751.087 Executing safepoint VM operation: G1CollectForAllocation (G1 Evacuation Pause) done
Event: 12751.596 Executing safepoint VM operation: G1CollectForAllocation (G1 Evacuation Pause)
Event: 12751.879 Executing safepoint VM operation: G1CollectForAllocation (G1 Evacuation Pause) done
Event: 12752.316 Executing safepoint VM operation: G1CollectForAllocation (G1 Evacuation Pause)

Memory protections (0 events):
No events

Nmethod flushes (20 events):
Event: 200.546 Thread 0x00000243e5037560 flushing  nmethod 0x00000243babb9a10
Event: 200.546 Thread 0x00000243e5037560 flushing  nmethod 0x00000243babbbd90
Event: 200.546 Thread 0x00000243e5037560 flushing  nmethod 0x00000243babefa90
Event: 200.546 Thread 0x00000243e5037560 flushing  nmethod 0x00000243babf8710
Event: 200.546 Thread 0x00000243e5037560 flushing  nmethod 0x00000243babfbf10
Event: 200.546 Thread 0x00000243e5037560 flushing  nmethod 0x00000243babfc290
Event: 200.546 Thread 0x00000243e5037560 flushing  nmethod 0x00000243bac1f510
Event: 200.547 Thread 0x00000243e5037560 flushing  nmethod 0x00000243bac2a690
Event: 200.547 Thread 0x00000243e5037560 flushing  nmethod 0x00000243bac3e310
Event: 200.547 Thread 0x00000243e5037560 flushing  nmethod 0x00000243bac40e90
Event: 200.547 Thread 0x00000243e5037560 flushing  nmethod 0x00000243bac86e10
Event: 200.547 Thread 0x00000243e5037560 flushing  nmethod 0x00000243bac87190
Event: 200.547 Thread 0x00000243e5037560 flushing  nmethod 0x00000243bac87890
Event: 200.547 Thread 0x00000243e5037560 flushing  nmethod 0x00000243bac8a690
Event: 200.547 Thread 0x00000243e5037560 flushing  nmethod 0x00000243bac8b090
Event: 200.547 Thread 0x00000243e5037560 flushing  nmethod 0x00000243bac8c410
Event: 200.547 Thread 0x00000243e5037560 flushing  nmethod 0x00000243bac8d510
Event: 200.547 Thread 0x00000243e5037560 flushing  nmethod 0x00000243bad64790
Event: 200.547 Thread 0x00000243e5037560 flushing  nmethod 0x00000243bad66410
Event: 200.547 Thread 0x00000243e5037560 flushing  nmethod 0x00000243bad6cb10

Events (20 events):
Event: 36.508 Thread 0x000002442d72b770 Thread added: 0x000002442d72c600
Event: 38.614 Thread 0x000002442d72b770 Thread added: 0x000002442d6a1b50
Event: 39.083 Thread 0x000002442d72b770 Thread added: 0x000002442da17900
Event: 39.790 Thread 0x000002442da17900 Thread added: 0x000002442d9a7470
Event: 39.926 Thread 0x000002442da17900 Thread added: 0x000002442d9a8eb0
Event: 39.935 Thread 0x000002442da17900 Thread added: 0x000002442d9a9bd0
Event: 57.325 Thread 0x000002442da17900 Thread added: 0x000002442d9a8820
Event: 58.070 Thread 0x000002442da17900 Thread added: 0x000002442d9a7b00
Event: 60.156 Thread 0x000002442d9a7b00 Thread added: 0x000002442d9a9540
Event: 60.256 Thread 0x000002442da17900 Thread added: 0x000002442d9a8190
Event: 152.022 Thread 0x000002442da17900 Thread added: 0x000002442d9aa260
Event: 152.423 Thread 0x000002442da17900 Thread added: 0x000002442f1f2600
Event: 156.736 Thread 0x000002442da17900 Thread added: 0x000002442f1f1250
Event: 157.198 Thread 0x000002442da17900 Thread added: 0x000002442f1f18e0
Event: 170.672 Thread 0x000002442da17900 Thread added: 0x000002442f1f2c90
Event: 181.532 Thread 0x000002442da17900 Thread added: 0x000002442f1f1f70
Event: 194.700 Thread 0x000002442da17900 Thread added: 0x000002442f1efea0
Event: 196.188 Thread 0x000002442da17900 Thread added: 0x000002442f1f0530
Event: 12720.517 Thread 0x000002442d9a9540 Thread exited: 0x000002442d9a9540
Event: 12720.541 Thread 0x000002442da17900 Thread added: 0x0000024430065bc0


Dynamic libraries:
0x00007ff789510000 - 0x00007ff78951e000 	C:\Users\badya\.vscode\extensions\redhat.java-1.56.0-win32-x64\jre\21.0.12.1-win32-x86_64\bin\java.exe
0x00007ffdee340000 - 0x00007ffdee5a7000 	C:\WINDOWS\SYSTEM32\ntdll.dll
0x00007ffdecda0000 - 0x00007ffdece6b000 	C:\WINDOWS\System32\KERNEL32.DLL
0x00007ffdebb20000 - 0x00007ffdebf22000 	C:\WINDOWS\System32\KERNELBASE.dll
0x00007ffdeb740000 - 0x00007ffdeb88c000 	C:\WINDOWS\System32\ucrtbase.dll
0x00007ffdc49f0000 - 0x00007ffdc4a0e000 	C:\Users\badya\.vscode\extensions\redhat.java-1.56.0-win32-x64\jre\21.0.12.1-win32-x86_64\bin\VCRUNTIME140.dll
0x00007ffdc1590000 - 0x00007ffdc15a8000 	C:\Users\badya\.vscode\extensions\redhat.java-1.56.0-win32-x64\jre\21.0.12.1-win32-x86_64\bin\jli.dll
0x00007ffdd11d0000 - 0x00007ffdd1460000 	C:\WINDOWS\WinSxS\amd64_microsoft.windows.common-controls_6595b64144ccf1df_6.0.26100.9278_none_3e0d1ba8e3303201\COMCTL32.dll
0x00007ffded3a0000 - 0x00007ffded449000 	C:\WINDOWS\System32\msvcrt.dll
0x00007ffded360000 - 0x00007ffded38b000 	C:\WINDOWS\System32\GDI32.dll
0x00007ffdeb8a0000 - 0x00007ffdeb8c7000 	C:\WINDOWS\System32\win32u.dll
0x00007ffdebf30000 - 0x00007ffdec059000 	C:\WINDOWS\System32\gdi32full.dll
0x00007ffdeb690000 - 0x00007ffdeb733000 	C:\WINDOWS\System32\msvcp_win.dll
0x00007ffdec0f0000 - 0x00007ffdec2bf000 	C:\WINDOWS\System32\USER32.dll
0x00007ffdec0b0000 - 0x00007ffdec0e1000 	C:\WINDOWS\System32\IMM32.DLL
0x00007ffdd6850000 - 0x00007ffdd685c000 	C:\Users\badya\.vscode\extensions\redhat.java-1.56.0-win32-x64\jre\21.0.12.1-win32-x86_64\bin\vcruntime140_1.dll
0x00007ffd85180000 - 0x00007ffd8520d000 	C:\Users\badya\.vscode\extensions\redhat.java-1.56.0-win32-x64\jre\21.0.12.1-win32-x86_64\bin\msvcp140.dll
0x00007ffd269e0000 - 0x00007ffd27782000 	C:\Users\badya\.vscode\extensions\redhat.java-1.56.0-win32-x64\jre\21.0.12.1-win32-x86_64\bin\server\jvm.dll
0x00007ffdec2d0000 - 0x00007ffdec38c000 	C:\WINDOWS\System32\ADVAPI32.dll
0x00007ffded0e0000 - 0x00007ffded189000 	C:\WINDOWS\System32\sechost.dll
0x00007ffdec9a0000 - 0x00007ffdecab8000 	C:\WINDOWS\System32\RPCRT4.dll
0x00007ffdec580000 - 0x00007ffdec600000 	C:\WINDOWS\System32\WS2_32.dll
0x00007ffdeb3a0000 - 0x00007ffdeb3fe000 	C:\WINDOWS\SYSTEM32\POWRPROF.dll
0x00007ffdd1db0000 - 0x00007ffdd1de6000 	C:\WINDOWS\SYSTEM32\WINMM.dll
0x00007ffdd9690000 - 0x00007ffdd969b000 	C:\WINDOWS\SYSTEM32\VERSION.dll
0x00007ffdeb380000 - 0x00007ffdeb395000 	C:\WINDOWS\SYSTEM32\UMPDC.dll
0x00007ffdea210000 - 0x00007ffdea22b000 	C:\WINDOWS\SYSTEM32\kernel.appcore.dll
0x00007ffdd67e0000 - 0x00007ffdd67ea000 	C:\Users\badya\.vscode\extensions\redhat.java-1.56.0-win32-x64\jre\21.0.12.1-win32-x86_64\bin\jimage.dll
0x00007ffde8a30000 - 0x00007ffde8c7c000 	C:\WINDOWS\SYSTEM32\DBGHELP.DLL
0x00007ffdec610000 - 0x00007ffdec995000 	C:\WINDOWS\System32\combase.dll
0x00007ffded190000 - 0x00007ffded269000 	C:\WINDOWS\System32\OLEAUT32.dll
0x00007ffdd2e80000 - 0x00007ffdd2ebb000 	C:\WINDOWS\SYSTEM32\dbgcore.DLL
0x00007ffdeba60000 - 0x00007ffdebb0c000 	C:\WINDOWS\System32\bcryptPrimitives.dll
0x00007ffdc8ed0000 - 0x00007ffdc8edf000 	C:\Users\badya\.vscode\extensions\redhat.java-1.56.0-win32-x64\jre\21.0.12.1-win32-x86_64\bin\instrument.dll
0x00007ffdc1570000 - 0x00007ffdc1590000 	C:\Users\badya\.vscode\extensions\redhat.java-1.56.0-win32-x64\jre\21.0.12.1-win32-x86_64\bin\java.dll
0x00007ffdedab0000 - 0x00007ffdee248000 	C:\WINDOWS\System32\SHELL32.dll
0x00007ffde8f70000 - 0x00007ffde981e000 	C:\WINDOWS\SYSTEM32\windows.storage.dll
0x00007ffdece70000 - 0x00007ffdecf6b000 	C:\WINDOWS\System32\SHCORE.dll
0x00007ffded900000 - 0x00007ffded966000 	C:\WINDOWS\System32\shlwapi.dll
0x00007ffdeb460000 - 0x00007ffdeb489000 	C:\WINDOWS\SYSTEM32\profapi.dll
0x00007ffdc0f80000 - 0x00007ffdc0f98000 	C:\Users\badya\.vscode\extensions\redhat.java-1.56.0-win32-x64\jre\21.0.12.1-win32-x86_64\bin\zip.dll
0x00007ffdd4ab0000 - 0x00007ffdd4ac0000 	C:\Users\badya\.vscode\extensions\redhat.java-1.56.0-win32-x64\jre\21.0.12.1-win32-x86_64\bin\net.dll
0x00007ffddbbf0000 - 0x00007ffddbd1a000 	C:\WINDOWS\SYSTEM32\WINHTTP.dll
0x00007ffdea7d0000 - 0x00007ffdea83c000 	C:\WINDOWS\system32\mswsock.dll
0x00007ffdbcf80000 - 0x00007ffdbcf96000 	C:\Users\badya\.vscode\extensions\redhat.java-1.56.0-win32-x64\jre\21.0.12.1-win32-x86_64\bin\nio.dll
0x00007ffdd3590000 - 0x00007ffdd35a0000 	C:\Users\badya\.vscode\extensions\redhat.java-1.56.0-win32-x64\jre\21.0.12.1-win32-x86_64\bin\verify.dll
0x00007ffdb3bd0000 - 0x00007ffdb3bf7000 	C:\Users\badya\.gradle\native\1def1411415f61bf3af743bc5b6707747c0891f09f0c88961ee8f79bc544acac\windows-amd64\native-platform.dll
0x00000000529b0000 - 0x0000000052a23000 	C:\Users\badya\.gradle\native\0.2.5\x86_64-windows-gnu\gradle-fileevents.dll
0x00007ffdd1970000 - 0x00007ffdd197a000 	C:\Users\badya\.vscode\extensions\redhat.java-1.56.0-win32-x64\jre\21.0.12.1-win32-x86_64\bin\management.dll
0x00007ffdd18b0000 - 0x00007ffdd18bc000 	C:\Users\badya\.vscode\extensions\redhat.java-1.56.0-win32-x64\jre\21.0.12.1-win32-x86_64\bin\management_ext.dll
0x00007ffded390000 - 0x00007ffded398000 	C:\WINDOWS\System32\PSAPI.DLL
0x00007ffdeaac0000 - 0x00007ffdeaadb000 	C:\WINDOWS\SYSTEM32\CRYPTSP.dll
0x00007ffdea170000 - 0x00007ffdea1a9000 	C:\WINDOWS\system32\rsaenh.dll
0x00007ffdea880000 - 0x00007ffdea8b4000 	C:\WINDOWS\SYSTEM32\USERENV.dll
0x00007ffdeb430000 - 0x00007ffdeb45a000 	C:\WINDOWS\SYSTEM32\bcrypt.dll
0x00007ffdeaae0000 - 0x00007ffdeaaec000 	C:\WINDOWS\SYSTEM32\CRYPTBASE.dll
0x00007ffde9be0000 - 0x00007ffde9c13000 	C:\WINDOWS\SYSTEM32\IPHLPAPI.DLL
0x00007ffdedaa0000 - 0x00007ffdedaaa000 	C:\WINDOWS\System32\NSI.dll
0x00007ffdcb340000 - 0x00007ffdcb349000 	C:\Users\badya\.vscode\extensions\redhat.java-1.56.0-win32-x64\jre\21.0.12.1-win32-x86_64\bin\extnet.dll
0x00007ffdc8dc0000 - 0x00007ffdc8dce000 	C:\Users\badya\.vscode\extensions\redhat.java-1.56.0-win32-x64\jre\21.0.12.1-win32-x86_64\bin\sunmscapi.dll
0x00007ffdeb8d0000 - 0x00007ffdeba4e000 	C:\WINDOWS\System32\CRYPT32.dll
0x00007ffdead00000 - 0x00007ffdead30000 	C:\WINDOWS\SYSTEM32\ncrypt.dll
0x00007ffdeacb0000 - 0x00007ffdeacef000 	C:\WINDOWS\SYSTEM32\NTASN1.dll
0x00007ffdd1e00000 - 0x00007ffdd1e08000 	C:\WINDOWS\system32\wshunix.dll
0x0000000051eb0000 - 0x0000000051f23000 	C:\Users\badya\AppData\Local\Temp\native-platform4054003734470446043dir\gradle-fileevents.dll

JVMTI agents:
C:\Users\badya\.gradle\wrapper\dists\gradle-8.12-all\ejduaidbjup3bmmkhw3rie4zb\gradle-8.12\lib\agents\gradle-instrumentation-agent-8.12.jar path:C:\Users\badya\.vscode\extensions\redhat.java-1.56.0-win32-x64\jre\21.0.12.1-win32-x86_64\bin\instrument.dll, loaded, initialized, instrumentlib options:none

dbghelp: loaded successfully - version: 4.0.5 - missing functions: none
symbol engine: initialized successfully - sym options: 0x614 - pdb path: .;C:\Users\badya\.vscode\extensions\redhat.java-1.56.0-win32-x64\jre\21.0.12.1-win32-x86_64\bin;C:\WINDOWS\SYSTEM32;C:\WINDOWS\WinSxS\amd64_microsoft.windows.common-controls_6595b64144ccf1df_6.0.26100.9278_none_3e0d1ba8e3303201;C:\Users\badya\.vscode\extensions\redhat.java-1.56.0-win32-x64\jre\21.0.12.1-win32-x86_64\bin\server;C:\Users\badya\.gradle\native\1def1411415f61bf3af743bc5b6707747c0891f09f0c88961ee8f79bc544acac\windows-amd64;C:\Users\badya\.gradle\native\0.2.5\x86_64-windows-gnu;C:\Users\badya\AppData\Local\Temp\native-platform4054003734470446043dir

VM Arguments:
jvm_args: --add-opens=java.base/java.lang=ALL-UNNAMED --add-opens=java.base/java.lang.invoke=ALL-UNNAMED --add-opens=java.base/java.util=ALL-UNNAMED --add-opens=java.prefs/java.util.prefs=ALL-UNNAMED --add-exports=jdk.compiler/com.sun.tools.javac.api=ALL-UNNAMED --add-exports=jdk.compiler/com.sun.tools.javac.util=ALL-UNNAMED --add-opens=java.base/java.util=ALL-UNNAMED --add-opens=java.prefs/java.util.prefs=ALL-UNNAMED --add-opens=java.base/java.nio.charset=ALL-UNNAMED --add-opens=java.base/java.net=ALL-UNNAMED --add-opens=java.base/java.util.concurrent.atomic=ALL-UNNAMED --add-opens=java.xml/javax.xml.namespace=ALL-UNNAMED -XX:MaxMetaspaceSize=4G -XX:ReservedCodeCacheSize=512m -XX:+HeapDumpOnOutOfMemoryError -Xmx8G -Dfile.encoding=UTF-8 -Duser.country=FR -Duser.language=fr -Duser.variant -javaagent:C:\Users\badya\.gradle\wrapper\dists\gradle-8.12-all\ejduaidbjup3bmmkhw3rie4zb\gradle-8.12\lib\agents\gradle-instrumentation-agent-8.12.jar 
java_command: org.gradle.launcher.daemon.bootstrap.GradleDaemon 8.12
java_class_path (initial): C:\Users\badya\.gradle\wrapper\dists\gradle-8.12-all\ejduaidbjup3bmmkhw3rie4zb\gradle-8.12\lib\gradle-daemon-main-8.12.jar
Launcher Type: SUN_STANDARD

[Global flags]
     intx CICompilerCount                          = 4                                         {product} {ergonomic}
     uint ConcGCThreads                            = 2                                         {product} {ergonomic}
     uint G1ConcRefinementThreads                  = 8                                         {product} {ergonomic}
   size_t G1HeapRegionSize                         = 4194304                                   {product} {ergonomic}
    uintx GCDrainStackTargetSize                   = 64                                        {product} {ergonomic}
     bool HeapDumpOnOutOfMemoryError               = true                                   {manageable} {command line}
   size_t InitialHeapSize                          = 130023424                                 {product} {ergonomic}
   size_t MarkStackSize                            = 4194304                                   {product} {ergonomic}
   size_t MaxHeapSize                              = 8589934592                                {product} {command line}
   size_t MaxMetaspaceSize                         = 4294967296                                {product} {command line}
   size_t MaxNewSize                               = 5150605312                                {product} {ergonomic}
   size_t MinHeapDeltaBytes                        = 4194304                                   {product} {ergonomic}
   size_t MinHeapSize                              = 8388608                                   {product} {ergonomic}
    uintx NonNMethodCodeHeapSize                   = 5839372                                {pd product} {ergonomic}
    uintx NonProfiledCodeHeapSize                  = 265515770                              {pd product} {ergonomic}
    uintx ProfiledCodeHeapSize                     = 265515770                              {pd product} {ergonomic}
    uintx ReservedCodeCacheSize                    = 536870912                              {pd product} {command line}
     bool SegmentedCodeCache                       = true                                      {product} {ergonomic}
   size_t SoftMaxHeapSize                          = 8589934592                             {manageable} {ergonomic}
     bool UseCompressedOops                        = true                           {product lp64_product} {ergonomic}
     bool UseG1GC                                  = true                                      {product} {ergonomic}
     bool UseLargePagesIndividualAllocation        = false                                  {pd product} {ergonomic}

Logging:
Log output configuration:
 #0: stdout all=warning uptime,level,tags foldmultilines=false
 #1: stderr all=off uptime,level,tags foldmultilines=false

Release file:
JAVA_VERSION="21.0.12.1" 
MODULES="java.base java.compiler java.datatransfer java.xml java.prefs java.desktop java.instrument java.logging java.management java.security.sasl java.naming java.rmi java.management.rmi java.net.http java.scripting java.security.jgss java.transaction.xa java.sql java.sql.rowset java.xml.crypto java.se java.smartcardio jdk.accessibility jdk.internal.jvmstat jdk.attach jdk.charsets jdk.internal.opt jdk.zipfs jdk.compiler jdk.crypto.ec jdk.crypto.cryptoki jdk.crypto.mscapi jdk.dynalink jdk.internal.ed jdk.editpad jdk.hotspot.agent jdk.httpserver jdk.internal.le jdk.internal.vm.ci jdk.internal.vm.compiler jdk.internal.vm.compiler.management jdk.jartool jdk.javadoc jdk.jcmd jdk.management jdk.management.agent jdk.jconsole jdk.jdeps jdk.jdwp.agent jdk.jdi jdk.jfr jdk.jshell jdk.jsobject jdk.jstatd jdk.localedata jdk.management.jfr jdk.naming.dns jdk.naming.rmi jdk.net jdk.nio.mapmode jdk.random jdk.sctp jdk.security.auth jdk.security.jgss jdk.unsupported jdk.unsupported.desktop jdk.xml.dom" 

Environment Variables:
JAVA_HOME=C:\Users\badya\.jdk\jdk-21.0.8
PATH=C:\Program Files\Python310\Scripts\;C:\Program Files\Python310\;C:\Program Files\Eclipse Adoptium\jdk-25.0.2.10-hotspot\bin;C:\Program Files\Eclipse Adoptium\jdk-8.0.472.8-hotspot\bin;C:\Program Files\Common Files\Oracle\Java\javapath;C:\Program Files\Eclipse Adoptium\jdk-17.0.13.11-hotspot\bin;C:\app\badya\product\21c\dbhomeXE\bin;C:\Windows\system32;C:\Windows;C:\Windows\System32\Wbem;C:\Windows\System32\WindowsPowerShell\v1.0\;C:\Windows\System32\OpenSSH\;C:\Program Files (x86)\NVIDIA Corporation\PhysX\Common;C:\Program Files\NVIDIA Corporation\NVIDIA NvDLISR;C:\WINDOWS\system32;C:\WINDOWS;C:\WINDOWS\System32\Wbem;C:\WINDOWS\System32\WindowsPowerShell\v1.0\;C:\WINDOWS\System32\OpenSSH\;C:\Program Files\Git\cmd;C:\Program Files\nodejs\;C:\ProgramData\chocolatey\bin;C:\Program Files\Docker\Docker\resources\bin;C:\Program Files\CMake\bin;C:\Program Files (x86)\Windows Kits\10\Windows Performance Toolkit\;C:\Program Files\Eclipse Adoptium\jdk-8.0.472.8-hotspot\bin;C:\Program Files\Common Files\Oracle\Java\javapath;C:\Program Files\Eclipse Adoptium\jdk-17.0.13.11-hotspot\bin;C:\app\badya\product\21c\dbhomeXE\bin;C:\Windows\system32;C:\Windows;C:\Windows\System32\Wbem;C:\Windows\System32\WindowsPowerShell\v1.0\;C:\Windows\System32\OpenSSH\;C:\Program Files (x86)\NVIDIA Corporation\PhysX\Common;C:\Program Files\NVIDIA Corporation\NVIDIA NvDLISR;C:\WINDOWS\system32;C:\WINDOWS;C:\WINDOWS\System32\Wbem;C:\WINDOWS\System32\WindowsPowerShell\v1.0\;C:\WINDOWS\System32\OpenSSH\;C:\Program Files\Git\cmd;C:\Program Files\nodejs\;C:\ProgramData\chocolatey\bin;C:\Program Files (x86)\Windows Kits\10\Windows Performance Toolkit\;C:\Program Files\Docker\Docker\resources\bin;C:\Program Files\Eclipse Adoptium\jdk-8.0.472.8-hotspot\bin;C:\Program Files\Common Files\Oracle\Java\javapath;C:\Program Files\Eclipse Adoptium\jdk-17.0.13.11-hotspot\bin;C:\app\badya\product\21c\dbhomeXE\bin;C:\Windows\system32;C:\Windows;C:\Windows\Syste;C:\Program Files\apache-maven-3.9.11\bin;C:\Flutter\flutter\bin;C:\Users\badya\AppData\Local\Programs\Antigravity\bin;C:\Users\badya\.local\bin;C:\Users\badya\AppData\Local\Programs\Microsoft VS Code\bin;C:\Users\badya\AppData\Local\Programs\MiKTeX\miktex\bin\x64\
USERNAME=badya
OS=Windows_NT
PROCESSOR_IDENTIFIER=Intel64 Family 6 Model 140 Stepping 1, GenuineIntel
TMP=C:\Users\badya\AppData\Local\Temp
TEMP=C:\Users\badya\AppData\Local\Temp




Periodic native trim disabled

---------------  S Y S T E M  ---------------

OS:
 Windows 11 , 64 bit Build 26100 (10.0.26100.9444)
OS uptime: 2 days 12:53 hours
Hyper-V role detected

CPU: total 8 (initial active 8) (4 cores per cpu, 2 threads per core) family 6 model 140 stepping 1 microcode 0xa6, cx8, cmov, fxsr, ht, mmx, 3dnowpref, sse, sse2, sse3, ssse3, sse4.1, sse4.2, popcnt, lzcnt, tsc, tscinvbit, avx, avx2, aes, erms, clmul, bmi1, bmi2, adx, avx512f, avx512dq, avx512cd, avx512bw, avx512vl, sha, fma, vzeroupper, avx512_vpopcntdq, avx512_vpclmulqdq, avx512_vaes, avx512_vnni, clflush, clflushopt, clwb, avx512_vbmi2, avx512_vbmi, hv, rdtscp, rdpid, fsrm, gfni, avx512_bitalg, f16c, cet_ibt, cet_ss, avx512_ifma
Processor Information for the first 8 processors :
  Max Mhz: 2803, Current Mhz: 2803, Mhz Limit: 2803

Memory: 4k page, system-wide physical 7886M (109M free)
TotalPageFile size 32462M (AvailPageFile size 9M)
current process WorkingSet (physical memory assigned to process): 33M, peak: 171M
current process commit charge ("private bytes"): 988M, peak: 2572M

vm_info: OpenJDK 64-Bit Server VM (21.0.12.1+1-LTS) for windows-amd64 JRE (21.0.12.1+1-LTS), built on 2026-08-18T00:00:00Z by "admin" with MS VC++ 17.12 (VS2022)

END.
