#
# There is insufficient memory for the Java Runtime Environment to continue.
# Native memory allocation (malloc) failed to allocate 32744 bytes. Error detail: Chunk::new
# Possible reasons:
#   The system is out of physical RAM or swap space
#   This process is running with CompressedOops enabled, and the Java Heap may be blocking the growth of the native heap
# Possible solutions:
#   Reduce memory load on the system
#   Increase physical memory or swap space
#   Check if swap backing store is full
#   Decrease Java heap size (-Xmx/-Xms)
#   Decrease number of Java threads
#   Decrease Java thread stack sizes (-Xss)
#   Set larger code cache with -XX:ReservedCodeCacheSize=
#   JVM is running with Zero Based Compressed Oops mode in which the Java heap is
#     placed in the first 32GB address space. The Java Heap base address is the
#     maximum limit for the native heap growth. Please use -XX:HeapBaseMinAddress
#     to set the Java Heap base and to place the Java Heap above 32GB virtual address.
# This output file may be truncated or incomplete.
#
#  Out of Memory Error (arena.cpp:168), pid=26408, tid=4384
#
# JRE version: OpenJDK Runtime Environment Temurin-21.0.12.1+1 (21.0.12.1+1) (build 21.0.12.1+1-LTS)
# Java VM: OpenJDK 64-Bit Server VM Temurin-21.0.12.1+1 (21.0.12.1+1-LTS, mixed mode, sharing, tiered, compressed oops, compressed class ptrs, g1 gc, windows-amd64)
# No core dump will be written. Minidumps are not enabled by default on client versions of Windows
#

---------------  S U M M A R Y ------------

Command Line: --add-opens=java.base/java.lang=ALL-UNNAMED --add-opens=java.base/java.lang.invoke=ALL-UNNAMED --add-opens=java.base/java.util=ALL-UNNAMED --add-opens=java.prefs/java.util.prefs=ALL-UNNAMED --add-exports=jdk.compiler/com.sun.tools.javac.api=ALL-UNNAMED --add-exports=jdk.compiler/com.sun.tools.javac.util=ALL-UNNAMED --add-opens=java.base/java.util=ALL-UNNAMED --add-opens=java.prefs/java.util.prefs=ALL-UNNAMED --add-opens=java.base/java.nio.charset=ALL-UNNAMED --add-opens=java.base/java.net=ALL-UNNAMED --add-opens=java.base/java.util.concurrent.atomic=ALL-UNNAMED --add-opens=java.xml/javax.xml.namespace=ALL-UNNAMED -XX:MaxMetaspaceSize=4G -XX:ReservedCodeCacheSize=512m -XX:+HeapDumpOnOutOfMemoryError -Xmx8G -Dfile.encoding=UTF-8 -Duser.country=FR -Duser.language=fr -Duser.variant -javaagent:C:\Users\badya\.gradle\wrapper\dists\gradle-8.12-all\ejduaidbjup3bmmkhw3rie4zb\gradle-8.12\lib\agents\gradle-instrumentation-agent-8.12.jar org.gradle.launcher.daemon.bootstrap.GradleDaemon 8.12

Host: 11th Gen Intel(R) Core(TM) i7-1165G7 @ 2.80GHz, 8 cores, 7G,  Windows 11 , 64 bit Build 26100 (10.0.26100.9444)
Time: Mon Sep 21 03:56:43 2026 Afr. centrale Ouest elapsed time: 162.398259 seconds (0d 0h 2m 42s)

---------------  T H R E A D  ---------------

Current thread (0x0000018e7f9e0c10):  JavaThread "C2 CompilerThread0" daemon [_thread_in_native, id=4384, stack(0x0000002378600000,0x0000002378700000) (1024K)]


Current CompileTask:
C2:162398 7612       4       org.objectweb.asm.MethodWriter::putMethodInfo (1274 bytes)

Stack: [0x0000002378600000,0x0000002378700000]
Native frames: (J=compiled Java code, j=interpreted, Vv=VM code, C=native code)
V  [jvm.dll+0x6d83e9]
V  [jvm.dll+0x8b5736]
V  [jvm.dll+0x8b7cee]
V  [jvm.dll+0x8b83d3]
V  [jvm.dll+0x284596]
V  [jvm.dll+0xc685d]
V  [jvm.dll+0xc6da1]
V  [jvm.dll+0x703dc3]
V  [jvm.dll+0x1e421a]
V  [jvm.dll+0x24c853]
V  [jvm.dll+0x24bce0]
V  [jvm.dll+0x1cb4ae]
V  [jvm.dll+0x25baad]
V  [jvm.dll+0x25a03a]
V  [jvm.dll+0x3f8aae]
V  [jvm.dll+0x8600cd]
V  [jvm.dll+0x6d6c1d]
C  [ucrtbase.dll+0x2cd30]
C  [KERNEL32.DLL+0x2cd87]
C  [ntdll.dll+0xacaec]


---------------  P R O C E S S  ---------------

Threads class SMR info:
_java_thread_list=0x0000018e73859280, length=59, elements={
0x0000018e7a0d2ad0, 0x0000018e7f9d4300, 0x0000018e7f9d5b80, 0x0000018e7f9ddf60,
0x0000018e7f9de9c0, 0x0000018e7f9df420, 0x0000018e7f9dfe80, 0x0000018e7f9e0c10,
0x0000018e7f9e6960, 0x0000018e2a5c1ba0, 0x0000018e2a5e7090, 0x0000018e70eb47b0,
0x0000018e70e9b4d0, 0x0000018e7021c440, 0x0000018e2a43f620, 0x0000018e2a5a11f0,
0x0000018e7006c8a0, 0x0000018e7008e8c0, 0x0000018e2a6db0b0, 0x0000018e2a6d82c0,
0x0000018e2a6da390, 0x0000018e2a6daa20, 0x0000018e2a6d9670, 0x0000018e2a6d8950,
0x0000018e2a6d8fe0, 0x0000018e737e6ec0, 0x0000018e737e7550, 0x0000018e737e7be0,
0x0000018e737e61a0, 0x0000018e737e6830, 0x0000018e737e8270, 0x0000018e737e4df0,
0x0000018e737e8900, 0x0000018e737e9cb0, 0x0000018e737ea9d0, 0x0000018e737eb6f0,
0x0000018e737e9620, 0x0000018e2a6db740, 0x0000018e71617650, 0x0000018e71616930,
0x0000018e71618370, 0x0000018e71615c10, 0x0000018e716162a0, 0x0000018e71616fc0,
0x0000018e71614ef0, 0x0000018e71615580, 0x0000018e71617ce0, 0x0000018e701a56a0,
0x0000018e701a6a50, 0x0000018e701a8490, 0x0000018e701a5010, 0x0000018e701a8b20,
0x0000018e701a5d30, 0x0000018e701a9840, 0x0000018e701a63c0, 0x0000018e701a91b0,
0x0000018e701a9ed0, 0x0000018e701aa560, 0x0000018e701aabf0
}

Java Threads: ( => current thread )
  0x0000018e7a0d2ad0 JavaThread "main"                              [_thread_blocked, id=9436, stack(0x0000002377800000,0x0000002377900000) (1024K)]
  0x0000018e7f9d4300 JavaThread "Reference Handler"          daemon [_thread_blocked, id=17380, stack(0x0000002378000000,0x0000002378100000) (1024K)]
  0x0000018e7f9d5b80 JavaThread "Finalizer"                  daemon [_thread_blocked, id=19440, stack(0x0000002378100000,0x0000002378200000) (1024K)]
  0x0000018e7f9ddf60 JavaThread "Signal Dispatcher"          daemon [_thread_blocked, id=13600, stack(0x0000002378200000,0x0000002378300000) (1024K)]
  0x0000018e7f9de9c0 JavaThread "Attach Listener"            daemon [_thread_blocked, id=13064, stack(0x0000002378300000,0x0000002378400000) (1024K)]
  0x0000018e7f9df420 JavaThread "Service Thread"             daemon [_thread_blocked, id=3496, stack(0x0000002378400000,0x0000002378500000) (1024K)]
  0x0000018e7f9dfe80 JavaThread "Monitor Deflation Thread"   daemon [_thread_blocked, id=15316, stack(0x0000002378500000,0x0000002378600000) (1024K)]
=>0x0000018e7f9e0c10 JavaThread "C2 CompilerThread0"         daemon [_thread_in_native, id=4384, stack(0x0000002378600000,0x0000002378700000) (1024K)]
  0x0000018e7f9e6960 JavaThread "C1 CompilerThread0"         daemon [_thread_blocked, id=19252, stack(0x0000002378700000,0x0000002378800000) (1024K)]
  0x0000018e2a5c1ba0 JavaThread "Common-Cleaner"             daemon [_thread_blocked, id=12032, stack(0x0000002378800000,0x0000002378900000) (1024K)]
  0x0000018e2a5e7090 JavaThread "Notification Thread"        daemon [_thread_blocked, id=17760, stack(0x0000002378900000,0x0000002378a00000) (1024K)]
  0x0000018e70eb47b0 JavaThread "Daemon health stats"               [_thread_blocked, id=23812, stack(0x0000002378e00000,0x0000002378f00000) (1024K)]
  0x0000018e70e9b4d0 JavaThread "Incoming local TCP Connector on port 49365"        [_thread_in_native, id=12208, stack(0x0000002378f00000,0x0000002379000000) (1024K)]
  0x0000018e7021c440 JavaThread "Daemon periodic checks"            [_thread_blocked, id=19536, stack(0x0000002379000000,0x0000002379100000) (1024K)]
  0x0000018e2a43f620 JavaThread "Daemon"                            [_thread_blocked, id=21992, stack(0x0000002379100000,0x0000002379200000) (1024K)]
  0x0000018e2a5a11f0 JavaThread "Handler for socket connection from /127.0.0.1:49365 to /127.0.0.1:49366"        [_thread_in_native, id=26448, stack(0x0000002379200000,0x0000002379300000) (1024K)]
  0x0000018e7006c8a0 JavaThread "Cancel handler"                    [_thread_blocked, id=27236, stack(0x0000002379300000,0x0000002379400000) (1024K)]
  0x0000018e7008e8c0 JavaThread "Daemon worker"                     [_thread_in_vm, id=24880, stack(0x0000002379400000,0x0000002379500000) (1024K)]
  0x0000018e2a6db0b0 JavaThread "Asynchronous log dispatcher for DefaultDaemonConnection: socket connection from /127.0.0.1:49365 to /127.0.0.1:49366"        [_thread_blocked, id=27084, stack(0x0000002379500000,0x0000002379600000) (1024K)]
  0x0000018e2a6d82c0 JavaThread "Stdin handler"                     [_thread_blocked, id=25380, stack(0x0000002379600000,0x0000002379700000) (1024K)]
  0x0000018e2a6da390 JavaThread "Daemon client event forwarder"        [_thread_blocked, id=24164, stack(0x0000002379700000,0x0000002379800000) (1024K)]
  0x0000018e2a6daa20 JavaThread "Cache worker for journal cache (C:\Users\badya\.gradle\caches\journal-1)"        [_thread_blocked, id=8528, stack(0x0000002379b00000,0x0000002379c00000) (1024K)]
  0x0000018e2a6d9670 JavaThread "File lock request listener"        [_thread_in_native, id=12408, stack(0x0000002379c00000,0x0000002379d00000) (1024K)]
  0x0000018e2a6d8950 JavaThread "Cache worker for file hash cache (C:\Users\badya\.gradle\caches\8.12\fileHashes)"        [_thread_blocked, id=29184, stack(0x0000002379d00000,0x0000002379e00000) (1024K)]
  0x0000018e2a6d8fe0 JavaThread "File lock release action executor Thread 2"        [_thread_blocked, id=12000, stack(0x0000002379f00000,0x000000237a000000) (1024K)]
  0x0000018e737e6ec0 JavaThread "Cache worker for file hash cache (C:\test2-final-adas-dms\couche4_mobile\android\.gradle\8.12\fileHashes)"        [_thread_blocked, id=3452, stack(0x000000237a100000,0x000000237a200000) (1024K)]
  0x0000018e737e7550 JavaThread "Cache worker for Build Output Cleanup Cache (C:\test2-final-adas-dms\couche4_mobile\android\.gradle\buildOutputCleanup)"        [_thread_blocked, id=8076, stack(0x000000237a200000,0x000000237a300000) (1024K)]
  0x0000018e737e7be0 JavaThread "File watcher server"        daemon [_thread_in_native, id=28224, stack(0x000000237a300000,0x000000237a400000) (1024K)]
  0x0000018e737e61a0 JavaThread "File watcher consumer"      daemon [_thread_blocked, id=27128, stack(0x000000237a400000,0x000000237a500000) (1024K)]
  0x0000018e737e6830 JavaThread "jar transforms"                    [_thread_blocked, id=26732, stack(0x000000237a500000,0x000000237a600000) (1024K)]
  0x0000018e737e8270 JavaThread "jar transforms Thread 2"           [_thread_blocked, id=23156, stack(0x000000237a600000,0x000000237a700000) (1024K)]
  0x0000018e737e4df0 JavaThread "Cache worker for checksums cache (C:\test2-final-adas-dms\couche4_mobile\android\.gradle\8.12\checksums)"        [_thread_blocked, id=24184, stack(0x000000237a700000,0x000000237a800000) (1024K)]
  0x0000018e737e8900 JavaThread "Cache worker for file content cache (C:\Users\badya\.gradle\caches\8.12\fileContent)"        [_thread_blocked, id=7272, stack(0x000000237a800000,0x000000237a900000) (1024K)]
  0x0000018e737e9cb0 JavaThread "Cache worker for cache directory md-rule (C:\Users\badya\.gradle\caches\8.12\md-rule)"        [_thread_blocked, id=25384, stack(0x0000002377600000,0x0000002377700000) (1024K)]
  0x0000018e737ea9d0 JavaThread "Cache worker for cache directory md-supplier (C:\Users\badya\.gradle\caches\8.12\md-supplier)"        [_thread_blocked, id=27328, stack(0x0000002377700000,0x0000002377800000) (1024K)]
  0x0000018e737eb6f0 JavaThread "Cache worker for Build Output Cleanup Cache (C:\Flutter\flutter\packages\flutter_tools\gradle\.gradle\buildOutputCleanup)"        [_thread_blocked, id=23208, stack(0x000000237a900000,0x000000237aa00000) (1024K)]
  0x0000018e737e9620 JavaThread "Unconstrained build operations"        [_thread_blocked, id=1556, stack(0x0000002379e00000,0x0000002379f00000) (1024K)]
  0x0000018e2a6db740 JavaThread "Unconstrained build operations Thread 2"        [_thread_blocked, id=8184, stack(0x000000237aa00000,0x000000237ab00000) (1024K)]
  0x0000018e71617650 JavaThread "Unconstrained build operations Thread 3"        [_thread_blocked, id=28804, stack(0x000000237ab00000,0x000000237ac00000) (1024K)]
  0x0000018e71616930 JavaThread "Unconstrained build operations Thread 4"        [_thread_blocked, id=9712, stack(0x000000237ac00000,0x000000237ad00000) (1024K)]
  0x0000018e71618370 JavaThread "Unconstrained build operations Thread 5"        [_thread_blocked, id=11260, stack(0x000000237ad00000,0x000000237ae00000) (1024K)]
  0x0000018e71615c10 JavaThread "Unconstrained build operations Thread 6"        [_thread_blocked, id=9588, stack(0x000000237ae00000,0x000000237af00000) (1024K)]
  0x0000018e716162a0 JavaThread "Unconstrained build operations Thread 7"        [_thread_blocked, id=21928, stack(0x000000237af00000,0x000000237b000000) (1024K)]
  0x0000018e71616fc0 JavaThread "Unconstrained build operations Thread 8"        [_thread_blocked, id=24608, stack(0x000000237b000000,0x000000237b100000) (1024K)]
  0x0000018e71614ef0 JavaThread "Unconstrained build operations Thread 9"        [_thread_blocked, id=28952, stack(0x000000237b100000,0x000000237b200000) (1024K)]
  0x0000018e71615580 JavaThread "Unconstrained build operations Thread 10"        [_thread_blocked, id=18056, stack(0x000000237b200000,0x000000237b300000) (1024K)]
  0x0000018e71617ce0 JavaThread "Unconstrained build operations Thread 11"        [_thread_blocked, id=2344, stack(0x000000237b300000,0x000000237b400000) (1024K)]
  0x0000018e701a56a0 JavaThread "Unconstrained build operations Thread 12"        [_thread_blocked, id=3000, stack(0x000000237b400000,0x000000237b500000) (1024K)]
  0x0000018e701a6a50 JavaThread "Unconstrained build operations Thread 13"        [_thread_blocked, id=13024, stack(0x000000237b500000,0x000000237b600000) (1024K)]
  0x0000018e701a8490 JavaThread "Unconstrained build operations Thread 14"        [_thread_blocked, id=19352, stack(0x000000237b600000,0x000000237b700000) (1024K)]
  0x0000018e701a5010 JavaThread "Unconstrained build operations Thread 15"        [_thread_blocked, id=6528, stack(0x000000237b700000,0x000000237b800000) (1024K)]
  0x0000018e701a8b20 JavaThread "Unconstrained build operations Thread 16"        [_thread_blocked, id=10160, stack(0x000000237b800000,0x000000237b900000) (1024K)]
  0x0000018e701a5d30 JavaThread "Unconstrained build operations Thread 17"        [_thread_blocked, id=7404, stack(0x000000237b900000,0x000000237ba00000) (1024K)]
  0x0000018e701a9840 JavaThread "Unconstrained build operations Thread 18"        [_thread_blocked, id=24956, stack(0x000000237ba00000,0x000000237bb00000) (1024K)]
  0x0000018e701a63c0 JavaThread "Unconstrained build operations Thread 19"        [_thread_blocked, id=10876, stack(0x000000237bb00000,0x000000237bc00000) (1024K)]
  0x0000018e701a91b0 JavaThread "Unconstrained build operations Thread 20"        [_thread_blocked, id=2452, stack(0x000000237bc00000,0x000000237bd00000) (1024K)]
  0x0000018e701a9ed0 JavaThread "Unconstrained build operations Thread 21"        [_thread_blocked, id=20924, stack(0x000000237bd00000,0x000000237be00000) (1024K)]
  0x0000018e701aa560 JavaThread "Memory manager"                    [_thread_blocked, id=14680, stack(0x000000237be00000,0x000000237bf00000) (1024K)]
  0x0000018e701aabf0 JavaThread "build event listener"              [_thread_blocked, id=14864, stack(0x000000237bf00000,0x000000237c000000) (1024K)]
Total: 59

Other Threads:
  0x0000018e7f9b50d0 VMThread "VM Thread"                           [id=27972, stack(0x0000002377f00000,0x0000002378000000) (1024K)] _threads_hazard_ptr=0x0000018e73859280
  0x0000018e7f9a0400 WatcherThread "VM Periodic Task Thread"        [id=16940, stack(0x0000002377e00000,0x0000002377f00000) (1024K)]
  0x0000018e7a17ba00 WorkerThread "GC Thread#0"                     [id=29024, stack(0x0000002377900000,0x0000002377a00000) (1024K)]
  0x0000018e2a6157d0 WorkerThread "GC Thread#1"                     [id=22148, stack(0x0000002378a00000,0x0000002378b00000) (1024K)]
  0x0000018e2a652fd0 WorkerThread "GC Thread#2"                     [id=23516, stack(0x0000002378b00000,0x0000002378c00000) (1024K)]
  0x0000018e2a780fd0 WorkerThread "GC Thread#3"                     [id=17012, stack(0x0000002378c00000,0x0000002378d00000) (1024K)]
  0x0000018e2ae12240 WorkerThread "GC Thread#4"                     [id=13856, stack(0x0000002378d00000,0x0000002378e00000) (1024K)]
  0x0000018e7103e520 WorkerThread "GC Thread#5"                     [id=6864, stack(0x0000002379800000,0x0000002379900000) (1024K)]
  0x0000018e7103e8d0 WorkerThread "GC Thread#6"                     [id=26404, stack(0x0000002379900000,0x0000002379a00000) (1024K)]
  0x0000018e7103ec80 WorkerThread "GC Thread#7"                     [id=12852, stack(0x0000002379a00000,0x0000002379b00000) (1024K)]
  0x0000018e7a18c900 ConcurrentGCThread "G1 Main Marker"            [id=26292, stack(0x0000002377a00000,0x0000002377b00000) (1024K)]
  0x0000018e7a18d320 WorkerThread "G1 Conc#0"                       [id=23004, stack(0x0000002377b00000,0x0000002377c00000) (1024K)]
  0x0000018e72df8d90 WorkerThread "G1 Conc#1"                       [id=25684, stack(0x000000237a000000,0x000000237a100000) (1024K)]
  0x0000018e7f8721e0 ConcurrentGCThread "G1 Refine#0"               [id=6396, stack(0x0000002377c00000,0x0000002377d00000) (1024K)]
  0x0000018e7f873af0 ConcurrentGCThread "G1 Service"                [id=24612, stack(0x0000002377d00000,0x0000002377e00000) (1024K)]
Total: 15

Threads with active compile tasks:
C2 CompilerThread0  164754 7612       4       org.objectweb.asm.MethodWriter::putMethodInfo (1274 bytes)
Total: 1

VM state: synchronizing (normal execution)

VM Mutex/Monitor currently owned by a thread:  ([mutex/lock_event])
[0x00007ffd2769f5b0] Threads_lock - owner thread: 0x0000018e7f9b50d0

Heap address: 0x0000000600000000, size: 8192 MB, Compressed Oops mode: Zero based, Oop shift amount: 3

CDS archive(s) mapped at: [0x0000018e2b000000-0x0000018e2bba0000-0x0000018e2bba0000), size 12189696, SharedBaseAddress: 0x0000018e2b000000, ArchiveRelocationMode: 1.
Compressed class space mapped at: 0x0000018e2c000000-0x0000018e6c000000, reserved size: 1073741824
Narrow klass base: 0x0000018e2b000000, Narrow klass shift: 0, Narrow klass range: 0x100000000

GC Precious Log:
 CardTable entry size: 512
 Card Set container configuration: InlinePtr #cards 4 size 8 Array Of Cards #cards 32 size 80 Howl #buckets 8 coarsen threshold 7372 Howl Bitmap #cards 1024 size 144 coarsen threshold 921 Card regions per heap region 1 cards per card region 8192
 CPUs: 8 total, 8 available
 Memory: 7886M
 Large Page Support: Disabled
 NUMA Support: Disabled
 Compressed Oops: Enabled (Zero based)
 Heap Region Size: 4M
 Heap Min Capacity: 8M
 Heap Initial Capacity: 124M
 Heap Max Capacity: 8G
 Pre-touch: Disabled
 Parallel Workers: 8
 Concurrent Workers: 2
 Concurrent Refinement Workers: 8
 Periodic GC: Disabled

Heap:
 garbage-first heap   total 102400K, used 81619K [0x0000000600000000, 0x0000000800000000)
  region size 4096K, 9 young (36864K), 1 survivors (4096K)
 Metaspace       used 61583K, committed 63552K, reserved 1114112K
  class space    used 9023K, committed 9984K, reserved 1048576K

Heap Regions: E=young(eden), S=young(survivor), O=old, HS=humongous(starts), HC=humongous(continues), CS=collection set, F=free, TAMS=top-at-mark-start, PB=parsable bottom
|   0|0x0000000600000000, 0x0000000600400000, 0x0000000600400000|100%|HS|  |TAMS 0x0000000600000000| PB 0x0000000600000000| Complete 
|   1|0x0000000600400000, 0x0000000600800000, 0x0000000600800000|100%| O|  |TAMS 0x0000000600400000| PB 0x0000000600400000| Untracked 
|   2|0x0000000600800000, 0x0000000600c00000, 0x0000000600c00000|100%| O|  |TAMS 0x0000000600800000| PB 0x0000000600800000| Untracked 
|   3|0x0000000600c00000, 0x0000000600fd02c0, 0x0000000601000000| 95%| O|  |TAMS 0x0000000600c00000| PB 0x0000000600c00000| Untracked 
|   4|0x0000000601000000, 0x0000000601400000, 0x0000000601400000|100%| O|  |TAMS 0x0000000601000000| PB 0x0000000601000000| Untracked 
|   5|0x0000000601400000, 0x0000000601800000, 0x0000000601800000|100%| O|  |TAMS 0x0000000601400000| PB 0x0000000601400000| Untracked 
|   6|0x0000000601800000, 0x0000000601c00000, 0x0000000601c00000|100%| O|  |TAMS 0x0000000601800000| PB 0x0000000601800000| Untracked 
|   7|0x0000000601c00000, 0x0000000602000000, 0x0000000602000000|100%|HS|  |TAMS 0x0000000601c00000| PB 0x0000000601c00000| Complete 
|   8|0x0000000602000000, 0x0000000602400000, 0x0000000602400000|100%| O|  |TAMS 0x0000000602000000| PB 0x0000000602000000| Untracked 
|   9|0x0000000602400000, 0x000000060269cca0, 0x0000000602800000| 65%| O|  |TAMS 0x0000000602400000| PB 0x0000000602400000| Untracked 
|  10|0x0000000602800000, 0x0000000602c00000, 0x0000000602c00000|100%| O|  |TAMS 0x0000000602800000| PB 0x0000000602800000| Untracked 
|  11|0x0000000602c00000, 0x0000000602c00000, 0x0000000603000000|  0%| F|  |TAMS 0x0000000602c00000| PB 0x0000000602c00000| Untracked 
|  12|0x0000000603000000, 0x0000000603000000, 0x0000000603400000|  0%| F|  |TAMS 0x0000000603000000| PB 0x0000000603000000| Untracked 
|  13|0x0000000603400000, 0x0000000603547cb0, 0x0000000603800000| 32%| S|CS|TAMS 0x0000000603400000| PB 0x0000000603400000| Complete 
|  14|0x0000000603800000, 0x0000000603800000, 0x0000000603c00000|  0%| F|  |TAMS 0x0000000603800000| PB 0x0000000603800000| Untracked 
|  15|0x0000000603c00000, 0x0000000603f76060, 0x0000000604000000| 86%| E|  |TAMS 0x0000000603c00000| PB 0x0000000603c00000| Complete 
|  16|0x0000000604000000, 0x0000000604400000, 0x0000000604400000|100%| E|CS|TAMS 0x0000000604000000| PB 0x0000000604000000| Complete 
|  17|0x0000000604400000, 0x0000000604800000, 0x0000000604800000|100%| E|CS|TAMS 0x0000000604400000| PB 0x0000000604400000| Complete 
|  18|0x0000000604800000, 0x0000000604c00000, 0x0000000604c00000|100%| E|CS|TAMS 0x0000000604800000| PB 0x0000000604800000| Complete 
|  19|0x0000000604c00000, 0x0000000605000000, 0x0000000605000000|100%| E|CS|TAMS 0x0000000604c00000| PB 0x0000000604c00000| Complete 
|  20|0x0000000605000000, 0x0000000605400000, 0x0000000605400000|100%| E|CS|TAMS 0x0000000605000000| PB 0x0000000605000000| Complete 
|  21|0x0000000605400000, 0x0000000605800000, 0x0000000605800000|100%| E|CS|TAMS 0x0000000605400000| PB 0x0000000605400000| Complete 
|  30|0x0000000607800000, 0x0000000607c00000, 0x0000000607c00000|100%| E|CS|TAMS 0x0000000607800000| PB 0x0000000607800000| Complete 
|2046|0x00000007ff800000, 0x00000007ffc00000, 0x00000007ffc00000|100%| O|Cm|TAMS 0x00000007ff800000| PB 0x00000007ff800000| Complete 
|2047|0x00000007ffc00000, 0x0000000800000000, 0x0000000800000000|100%| O|  |TAMS 0x00000007ffc00000| PB 0x00000007ffc00000| Untracked 

Card table byte_map: [0x0000018e7e820000,0x0000018e7f820000] _byte_map_base: 0x0000018e7b820000

Marking Bits: (CMBitMap*) 0x0000018e7a17c020
 Bits: [0x0000018e20000000, 0x0000018e28000000)

Polling page: 0x0000018e77ea0000

Metaspace:

Usage:
  Non-class:     51.33 MB used.
      Class:      8.81 MB used.
       Both:     60.14 MB used.

Virtual space:
  Non-class space:       64.00 MB reserved,      52.31 MB ( 82%) committed,  1 nodes.
      Class space:        1.00 GB reserved,       9.75 MB ( <1%) committed,  1 nodes.
             Both:        1.06 GB reserved,      62.06 MB (  6%) committed. 

Chunk freelists:
   Non-Class:  11.61 MB
       Class:  6.27 MB
        Both:  17.88 MB

MaxMetaspaceSize: 4.00 GB
CompressedClassSpaceSize: 1.00 GB
Initial GC threshold: 21.00 MB
Current GC threshold: 97.94 MB
CDS: on
 - commit_granule_bytes: 65536.
 - commit_granule_words: 8192.
 - virtual_space_node_default_size: 8388608.
 - enlarge_chunks_in_place: 1.
 - use_allocation_guard: 0.


Internal statistics:

num_allocs_failed_limit: 9.
num_arena_births: 3488.
num_arena_deaths: 0.
num_vsnodes_births: 2.
num_vsnodes_deaths: 0.
num_space_committed: 993.
num_space_uncommitted: 0.
num_chunks_returned_to_freelist: 9.
num_chunks_taken_from_freelist: 6423.
num_chunk_merges: 9.
num_chunk_splits: 4162.
num_chunks_enlarged: 2507.
num_inconsistent_stats: 0.

CodeHeap 'non-profiled nmethods': size=259264Kb used=3944Kb max_used=4082Kb free=255320Kb
 bounds [0x0000018e102d0000, 0x0000018e106d0000, 0x0000018e20000000]
CodeHeap 'profiled nmethods': size=259264Kb used=12961Kb max_used=12976Kb free=246302Kb
 bounds [0x0000018e00000000, 0x0000018e00cb0000, 0x0000018e0fd30000]
CodeHeap 'non-nmethods': size=5760Kb used=2878Kb max_used=2898Kb free=2881Kb
 bounds [0x0000018e0fd30000, 0x0000018e10010000, 0x0000018e102d0000]
CodeCache: size=524288Kb, used=19783Kb, max_used=19956Kb, free=504503Kb
 total_blobs=7799, nmethods=6880, adapters=823, full_count=0
Compilation: enabled, stopped_count=0, restarted_count=0

Compilation events (20 events):
Event: 161.424 Thread 0x0000018e7f9e6960 nmethod 7604 0x0000018e00690c10 code [0x0000018e00690da0, 0x0000018e00690e98]
Event: 161.434 Thread 0x0000018e7f9e6960 7605       3       org.gradle.api.internal.provider.ValueSanitizers$2::sanitize (2 bytes)
Event: 161.435 Thread 0x0000018e7f9e6960 nmethod 7605 0x0000018e002d4690 code [0x0000018e002d4820, 0x0000018e002d4930]
Event: 161.435 Thread 0x0000018e7f9e6960 7606       1       org.gradle.api.internal.provider.ValueSupplier$Present::isMissing (2 bytes)
Event: 161.435 Thread 0x0000018e7f9e6960 nmethod 7606 0x0000018e10458390 code [0x0000018e10458520, 0x0000018e104585e8]
Event: 161.481 Thread 0x0000018e7f9e6960 7607   !   3       org.gradle.internal.event.DefaultListenerManager::getBroadcasterInternal (177 bytes)
Event: 161.485 Thread 0x0000018e7f9e0c10 7608       4       java.lang.invoke.LambdaFormBuffer::insertName (106 bytes)
Event: 161.486 Thread 0x0000018e7f9e6960 nmethod 7607 0x0000018e00242190 code [0x0000018e002425c0, 0x0000018e002446f8]
Event: 161.492 Thread 0x0000018e7f9e0c10 nmethod 7608 0x0000018e10457d90 code [0x0000018e10457f40, 0x0000018e104581e0]
Event: 161.523 Thread 0x0000018e7f9e0c10 7609       4       java.lang.invoke.LambdaFormEditor::getInCache (165 bytes)
Event: 161.526 Thread 0x0000018e7f9e0c10 nmethod 7609 0x0000018e10457a10 code [0x0000018e10457ba0, 0x0000018e10457c98]
Event: 161.531 Thread 0x0000018e7f9e6960 7610       3       java.util.HashSet::<init> (29 bytes)
Event: 161.532 Thread 0x0000018e7f9e6960 nmethod 7610 0x0000018e00241910 code [0x0000018e00241b00, 0x0000018e00241ff0]
Event: 162.210 Thread 0x0000018e7f9e0c10 7611       4       org.objectweb.asm.MethodWriter::computeMethodInfoSize (571 bytes)
Event: 162.225 Thread 0x0000018e7f9e6960 7613       1       org.gradle.internal.code.DefaultUserCodeApplicationContext$CurrentApplication::getId (5 bytes)
Event: 162.225 Thread 0x0000018e7f9e6960 nmethod 7613 0x0000018e10457710 code [0x0000018e104578a0, 0x0000018e10457970]
Event: 162.231 Thread 0x0000018e7f9e0c10 nmethod 7611 0x0000018e10456390 code [0x0000018e10456620, 0x0000018e10456f90]
Event: 162.231 Thread 0x0000018e7f9e0c10 7612       4       org.objectweb.asm.MethodWriter::putMethodInfo (1274 bytes)
Event: 162.281 Thread 0x0000018e7f9e6960 7614       1       org.gradle.util.internal.DefaultGradleVersion::getVersion (5 bytes)
Event: 162.281 Thread 0x0000018e7f9e6960 nmethod 7614 0x0000018e10456090 code [0x0000018e10456220, 0x0000018e104562f0]

GC Heap History (20 events):
Event: 42.934 GC heap before
{Heap before GC invocations=6 (full 0):
 garbage-first heap   total 81920K, used 81728K [0x0000000600000000, 0x0000000800000000)
  region size 4096K, 16 young (65536K), 2 survivors (8192K)
 Metaspace       used 30145K, committed 31040K, reserved 1114112K
  class space    used 4437K, committed 4864K, reserved 1048576K
}
Event: 42.965 GC heap after
{Heap after GC invocations=7 (full 0):
 garbage-first heap   total 98304K, used 28683K [0x0000000600000000, 0x0000000800000000)
  region size 4096K, 2 young (8192K), 2 survivors (8192K)
 Metaspace       used 30145K, committed 31040K, reserved 1114112K
  class space    used 4437K, committed 4864K, reserved 1048576K
}
Event: 48.412 GC heap before
{Heap before GC invocations=7 (full 0):
 garbage-first heap   total 98304K, used 69643K [0x0000000600000000, 0x0000000800000000)
  region size 4096K, 13 young (53248K), 2 survivors (8192K)
 Metaspace       used 33868K, committed 34944K, reserved 1114112K
  class space    used 4813K, committed 5312K, reserved 1048576K
}
Event: 48.431 GC heap after
{Heap after GC invocations=8 (full 0):
 garbage-first heap   total 98304K, used 33049K [0x0000000600000000, 0x0000000800000000)
  region size 4096K, 2 young (8192K), 2 survivors (8192K)
 Metaspace       used 33868K, committed 34944K, reserved 1114112K
  class space    used 4813K, committed 5312K, reserved 1048576K
}
Event: 50.285 GC heap before
{Heap before GC invocations=8 (full 0):
 garbage-first heap   total 98304K, used 37145K [0x0000000600000000, 0x0000000800000000)
  region size 4096K, 4 young (16384K), 2 survivors (8192K)
 Metaspace       used 34877K, committed 35968K, reserved 1114112K
  class space    used 4969K, committed 5504K, reserved 1048576K
}
Event: 50.300 GC heap after
{Heap after GC invocations=9 (full 0):
 garbage-first heap   total 98304K, used 33274K [0x0000000600000000, 0x0000000800000000)
  region size 4096K, 1 young (4096K), 1 survivors (4096K)
 Metaspace       used 34877K, committed 35968K, reserved 1114112K
  class space    used 4969K, committed 5504K, reserved 1048576K
}
Event: 68.144 GC heap before
{Heap before GC invocations=10 (full 0):
 garbage-first heap   total 98304K, used 78330K [0x0000000600000000, 0x0000000800000000)
  region size 4096K, 12 young (49152K), 1 survivors (4096K)
 Metaspace       used 37741K, committed 39040K, reserved 1114112K
  class space    used 5314K, committed 5952K, reserved 1048576K
}
Event: 68.159 GC heap after
{Heap after GC invocations=11 (full 0):
 garbage-first heap   total 98304K, used 34387K [0x0000000600000000, 0x0000000800000000)
  region size 4096K, 2 young (8192K), 2 survivors (8192K)
 Metaspace       used 37741K, committed 39040K, reserved 1114112K
  class space    used 5314K, committed 5952K, reserved 1048576K
}
Event: 80.680 GC heap before
{Heap before GC invocations=11 (full 0):
 garbage-first heap   total 98304K, used 79443K [0x0000000600000000, 0x0000000800000000)
  region size 4096K, 13 young (53248K), 2 survivors (8192K)
 Metaspace       used 42980K, committed 44608K, reserved 1114112K
  class space    used 6182K, committed 6976K, reserved 1048576K
}
Event: 80.716 GC heap after
{Heap after GC invocations=12 (full 0):
 garbage-first heap   total 98304K, used 36718K [0x0000000600000000, 0x0000000800000000)
  region size 4096K, 1 young (4096K), 1 survivors (4096K)
 Metaspace       used 42980K, committed 44608K, reserved 1114112K
  class space    used 6182K, committed 6976K, reserved 1048576K
}
Event: 93.663 GC heap before
{Heap before GC invocations=12 (full 0):
 garbage-first heap   total 98304K, used 81774K [0x0000000600000000, 0x0000000800000000)
  region size 4096K, 12 young (49152K), 1 survivors (4096K)
 Metaspace       used 45446K, committed 47104K, reserved 1114112K
  class space    used 6590K, committed 7424K, reserved 1048576K
}
Event: 93.677 GC heap after
{Heap after GC invocations=13 (full 0):
 garbage-first heap   total 98304K, used 39192K [0x0000000600000000, 0x0000000800000000)
  region size 4096K, 2 young (8192K), 2 survivors (8192K)
 Metaspace       used 45446K, committed 47104K, reserved 1114112K
  class space    used 6590K, committed 7424K, reserved 1048576K
}
Event: 105.135 GC heap before
{Heap before GC invocations=13 (full 0):
 garbage-first heap   total 98304K, used 80152K [0x0000000600000000, 0x0000000800000000)
  region size 4096K, 12 young (49152K), 2 survivors (8192K)
 Metaspace       used 49490K, committed 51200K, reserved 1114112K
  class space    used 7218K, committed 8064K, reserved 1048576K
}
Event: 105.160 GC heap after
{Heap after GC invocations=14 (full 0):
 garbage-first heap   total 98304K, used 41054K [0x0000000600000000, 0x0000000800000000)
  region size 4096K, 2 young (8192K), 2 survivors (8192K)
 Metaspace       used 49490K, committed 51200K, reserved 1114112K
  class space    used 7218K, committed 8064K, reserved 1048576K
}
Event: 123.524 GC heap before
{Heap before GC invocations=14 (full 0):
 garbage-first heap   total 98304K, used 77918K [0x0000000600000000, 0x0000000800000000)
  region size 4096K, 12 young (49152K), 2 survivors (8192K)
 Metaspace       used 51228K, committed 52992K, reserved 1114112K
  class space    used 7467K, committed 8320K, reserved 1048576K
}
Event: 123.550 GC heap after
{Heap after GC invocations=15 (full 0):
 garbage-first heap   total 98304K, used 43207K [0x0000000600000000, 0x0000000800000000)
  region size 4096K, 2 young (8192K), 2 survivors (8192K)
 Metaspace       used 51228K, committed 52992K, reserved 1114112K
  class space    used 7467K, committed 8320K, reserved 1048576K
}
Event: 133.259 GC heap before
{Heap before GC invocations=15 (full 0):
 garbage-first heap   total 98304K, used 84167K [0x0000000600000000, 0x0000000800000000)
  region size 4096K, 12 young (49152K), 2 survivors (8192K)
 Metaspace       used 54758K, committed 56704K, reserved 1114112K
  class space    used 8085K, committed 9024K, reserved 1048576K
}
Event: 133.282 GC heap after
{Heap after GC invocations=16 (full 0):
 garbage-first heap   total 102400K, used 51993K [0x0000000600000000, 0x0000000800000000)
  region size 4096K, 2 young (8192K), 2 survivors (8192K)
 Metaspace       used 54758K, committed 56704K, reserved 1114112K
  class space    used 8085K, committed 9024K, reserved 1048576K
}
Event: 144.934 GC heap before
{Heap before GC invocations=16 (full 0):
 garbage-first heap   total 102400K, used 80665K [0x0000000600000000, 0x0000000800000000)
  region size 4096K, 10 young (40960K), 2 survivors (8192K)
 Metaspace       used 58205K, committed 60096K, reserved 1114112K
  class space    used 8535K, committed 9472K, reserved 1048576K
}
Event: 144.976 GC heap after
{Heap after GC invocations=17 (full 0):
 garbage-first heap   total 102400K, used 52947K [0x0000000600000000, 0x0000000800000000)
  region size 4096K, 1 young (4096K), 1 survivors (4096K)
 Metaspace       used 58205K, committed 60096K, reserved 1114112K
  class space    used 8535K, committed 9472K, reserved 1048576K
}

Dll operation events (20 events):
Event: 0.490 Attempting to load shared library C:\Users\badya\.vscode\extensions\redhat.java-1.56.0-win32-x64\jre\21.0.12.1-win32-x86_64\bin\zip.dll
Event: 0.490 Loaded shared library C:\Users\badya\.vscode\extensions\redhat.java-1.56.0-win32-x64\jre\21.0.12.1-win32-x86_64\bin\zip.dll
Event: 1.740 Attempting to load shared library C:\Users\badya\.vscode\extensions\redhat.java-1.56.0-win32-x64\jre\21.0.12.1-win32-x86_64\bin\jimage.dll
Event: 1.740 Loaded shared library C:\Users\badya\.vscode\extensions\redhat.java-1.56.0-win32-x64\jre\21.0.12.1-win32-x86_64\bin\jimage.dll
Event: 3.187 Attempting to load shared library C:\Users\badya\.vscode\extensions\redhat.java-1.56.0-win32-x64\jre\21.0.12.1-win32-x86_64\bin\verify.dll
Event: 3.205 Loaded shared library C:\Users\badya\.vscode\extensions\redhat.java-1.56.0-win32-x64\jre\21.0.12.1-win32-x86_64\bin\verify.dll
Event: 4.546 Attempting to load shared library C:\Users\badya\.gradle\native\1def1411415f61bf3af743bc5b6707747c0891f09f0c88961ee8f79bc544acac\windows-amd64\native-platform.dll
Event: 4.550 Loaded shared library C:\Users\badya\.gradle\native\1def1411415f61bf3af743bc5b6707747c0891f09f0c88961ee8f79bc544acac\windows-amd64\native-platform.dll
Event: 4.580 Attempting to load shared library C:\Users\badya\.gradle\native\0.2.5\x86_64-windows-gnu\gradle-fileevents.dll
Event: 4.595 Loaded shared library C:\Users\badya\.gradle\native\0.2.5\x86_64-windows-gnu\gradle-fileevents.dll
Event: 14.947 Attempting to load shared library C:\Users\badya\.vscode\extensions\redhat.java-1.56.0-win32-x64\jre\21.0.12.1-win32-x86_64\bin\management.dll
Event: 14.952 Loaded shared library C:\Users\badya\.vscode\extensions\redhat.java-1.56.0-win32-x64\jre\21.0.12.1-win32-x86_64\bin\management.dll
Event: 14.973 Attempting to load shared library C:\Users\badya\.vscode\extensions\redhat.java-1.56.0-win32-x64\jre\21.0.12.1-win32-x86_64\bin\management_ext.dll
Event: 14.985 Loaded shared library C:\Users\badya\.vscode\extensions\redhat.java-1.56.0-win32-x64\jre\21.0.12.1-win32-x86_64\bin\management_ext.dll
Event: 16.998 Attempting to load shared library C:\Users\badya\.vscode\extensions\redhat.java-1.56.0-win32-x64\jre\21.0.12.1-win32-x86_64\bin\extnet.dll
Event: 17.000 Loaded shared library C:\Users\badya\.vscode\extensions\redhat.java-1.56.0-win32-x64\jre\21.0.12.1-win32-x86_64\bin\extnet.dll
Event: 18.643 Attempting to load shared library C:\Users\badya\.vscode\extensions\redhat.java-1.56.0-win32-x64\jre\21.0.12.1-win32-x86_64\bin\sunmscapi.dll
Event: 18.687 Loaded shared library C:\Users\badya\.vscode\extensions\redhat.java-1.56.0-win32-x64\jre\21.0.12.1-win32-x86_64\bin\sunmscapi.dll
Event: 25.227 Attempting to load shared library C:\Users\badya\AppData\Local\Temp\native-platform17342871399737494534dir\gradle-fileevents.dll
Event: 25.582 Loaded shared library C:\Users\badya\AppData\Local\Temp\native-platform17342871399737494534dir\gradle-fileevents.dll

Deoptimization events (20 events):
Event: 159.255 Thread 0x0000018e7008e8c0 Uncommon trap: trap_request=0xffffff45 fr.pc=0x0000018e1066d1f8 relative=0x0000000000000918
Event: 159.255 Thread 0x0000018e7008e8c0 Uncommon trap: reason=unstable_if action=reinterpret pc=0x0000018e1066d1f8 method=java.util.concurrent.ConcurrentHashMap.replaceNode(Ljava/lang/Object;Ljava/lang/Object;Ljava/lang/Object;)Ljava/lang/Object; @ 17 c2
Event: 159.255 Thread 0x0000018e7008e8c0 DEOPT PACKING pc=0x0000018e1066d1f8 sp=0x00000023794f3130
Event: 159.255 Thread 0x0000018e7008e8c0 DEOPT UNPACKING pc=0x0000018e0fd87ba2 sp=0x00000023794f30c0 mode 2
Event: 159.296 Thread 0x0000018e7008e8c0 Uncommon trap: trap_request=0xfffffff4 fr.pc=0x0000018e10600f6c relative=0x000000000000054c
Event: 159.296 Thread 0x0000018e7008e8c0 Uncommon trap: reason=null_check action=make_not_entrant pc=0x0000018e10600f6c method=org.gradle.util.internal.SimpleMapInterner.intern(Ljava/lang/Object;)Ljava/lang/Object; @ 2 c2
Event: 159.296 Thread 0x0000018e7008e8c0 DEOPT PACKING pc=0x0000018e10600f6c sp=0x00000023794f3590
Event: 159.296 Thread 0x0000018e7008e8c0 DEOPT UNPACKING pc=0x0000018e0fd87ba2 sp=0x00000023794f3548 mode 2
Event: 160.604 Thread 0x0000018e7008e8c0 Uncommon trap: trap_request=0xffffff45 fr.pc=0x0000018e10672bb0 relative=0x00000000000001f0
Event: 160.604 Thread 0x0000018e7008e8c0 Uncommon trap: reason=unstable_if action=reinterpret pc=0x0000018e10672bb0 method=com.google.common.collect.RegularImmutableSet.contains(Ljava/lang/Object;)Z @ 11 c2
Event: 160.604 Thread 0x0000018e7008e8c0 DEOPT PACKING pc=0x0000018e10672bb0 sp=0x00000023794f3830
Event: 160.604 Thread 0x0000018e7008e8c0 DEOPT UNPACKING pc=0x0000018e0fd87ba2 sp=0x00000023794f37c8 mode 2
Event: 161.481 Thread 0x0000018e7008e8c0 Uncommon trap: trap_request=0xffffffd6 fr.pc=0x0000018e103fc384 relative=0x0000000000000444
Event: 161.481 Thread 0x0000018e7008e8c0 Uncommon trap: reason=array_check action=maybe_recompile pc=0x0000018e103fc384 method=java.util.Arrays.fill([Ljava/lang/Object;IILjava/lang/Object;)V @ 20 c2
Event: 161.482 Thread 0x0000018e7008e8c0 DEOPT PACKING pc=0x0000018e103fc384 sp=0x00000023794f2fc0
Event: 161.482 Thread 0x0000018e7008e8c0 DEOPT UNPACKING pc=0x0000018e0fd87ba2 sp=0x00000023794f2f88 mode 2
Event: 161.534 Thread 0x0000018e7008e8c0 Uncommon trap: trap_request=0xffffff54 fr.pc=0x0000018e10457c40 relative=0x00000000000000a0
Event: 161.534 Thread 0x0000018e7008e8c0 Uncommon trap: reason=speculate_null_assert action=make_not_entrant pc=0x0000018e10457c40 method=java.lang.invoke.LambdaFormEditor.getInCache(Ljava/lang/invoke/LambdaFormEditor$TransformKey;)Ljava/lang/invoke/LambdaForm; @ 37 c2
Event: 161.534 Thread 0x0000018e7008e8c0 DEOPT PACKING pc=0x0000018e10457c40 sp=0x00000023794f25e0
Event: 161.534 Thread 0x0000018e7008e8c0 DEOPT UNPACKING pc=0x0000018e0fd87ba2 sp=0x00000023794f2540 mode 2

Classes loaded (20 events):
Event: 154.740 Loading class jdk/jfr/FlightRecorder
Event: 154.745 Loading class jdk/jfr/FlightRecorder done
Event: 154.745 Loading class javax/management/NotificationListener
Event: 154.745 Loading class javax/management/NotificationListener done
Event: 154.745 Loading class javax/management/NotificationFilter
Event: 154.745 Loading class javax/management/NotificationFilter done
Event: 154.745 Loading class jdk/management/jfr/FlightRecorderMXBeanImpl$MXBeanListener
Event: 154.746 Loading class jdk/jfr/FlightRecorderListener
Event: 154.746 Loading class jdk/jfr/FlightRecorderListener done
Event: 154.746 Loading class jdk/management/jfr/FlightRecorderMXBeanImpl$MXBeanListener done
Event: 154.746 Loading class javax/management/ListenerNotFoundException
Event: 154.746 Loading class javax/management/OperationsException
Event: 154.748 Loading class javax/management/JMException
Event: 154.748 Loading class javax/management/JMException done
Event: 154.748 Loading class javax/management/OperationsException done
Event: 154.748 Loading class javax/management/ListenerNotFoundException done
Event: 155.276 Loading class com/sun/jmx/mbeanserver/StandardMBeanSupport
Event: 155.276 Loading class com/sun/jmx/mbeanserver/StandardMBeanSupport done
Event: 155.276 Loading class com/sun/jmx/mbeanserver/StandardMBeanIntrospector
Event: 155.277 Loading class com/sun/jmx/mbeanserver/StandardMBeanIntrospector done

Classes unloaded (0 events):
No events

Classes redefined (0 events):
No events

Internal exceptions (20 events):
Event: 147.324 Thread 0x0000018e7008e8c0 Exception <a 'java/lang/NoSuchMethodError'{0x00000006055b4170}: static Lorg/jetbrains/kotlin/gradle/plugin/internal/DefaultConfigurationTimePropertiesAccessorVariantFactory;.<clinit>()V> (0x00000006055b4170) 
thrown [s\src\hotspot\share\prims\jni.cpp, line 1111]
Event: 147.362 Thread 0x0000018e7008e8c0 Exception <a 'java/lang/NoSuchMethodError'{0x00000006055dac48}: static Lorg/jetbrains/kotlin/gradle/plugin/internal/DefaultProjectIsolationStartParameterAccessor$Factory;.<clinit>()V> (0x00000006055dac48) 
thrown [s\src\hotspot\share\prims\jni.cpp, line 1111]
Event: 147.368 Thread 0x0000018e7008e8c0 Exception <a 'java/lang/NoSuchMethodError'{0x00000006056016c8}: static Lorg/jetbrains/kotlin/gradle/plugin/internal/DefaultSourceSetCompatibilityHelperVariantFactory;.<clinit>()V> (0x00000006056016c8) 
thrown [s\src\hotspot\share\prims\jni.cpp, line 1111]
Event: 147.381 Thread 0x0000018e7008e8c0 Exception <a 'java/lang/NoSuchMethodError'{0x00000006056355a8}: static Lorg/jetbrains/kotlin/gradle/plugin/internal/DefaultArtifactTypeAttributeAccessorVariantFactory;.<clinit>()V> (0x00000006056355a8) 
thrown [s\src\hotspot\share\prims\jni.cpp, line 1111]
Event: 147.449 Thread 0x0000018e7008e8c0 Exception <a 'java/lang/NoSuchMethodError'{0x0000000605666c48}: static Lorg/jetbrains/kotlin/gradle/plugin/internal/DefaultCompatibilityConventionRegistrar$Factory;.<clinit>()V> (0x0000000605666c48) 
thrown [s\src\hotspot\share\prims\jni.cpp, line 1111]
Event: 147.476 Thread 0x0000018e7008e8c0 Exception <a 'java/lang/NoSuchMethodError'{0x000000060568d720}: static Lorg/jetbrains/kotlin/gradle/plugin/internal/DefaultJavaSourceSetsAccessorVariantFactory;.<clinit>()V> (0x000000060568d720) 
thrown [s\src\hotspot\share\prims\jni.cpp, line 1111]
Event: 147.567 Thread 0x0000018e7008e8c0 Exception <a 'java/lang/NoSuchMethodError'{0x00000006056b3668}: static Lorg/jetbrains/kotlin/gradle/plugin/internal/DefaultIdeaSyncDetectorVariantFactory;.<clinit>()V> (0x00000006056b3668) 
thrown [s\src\hotspot\share\prims\jni.cpp, line 1111]
Event: 147.574 Thread 0x0000018e7008e8c0 Exception <a 'java/lang/NoSuchMethodError'{0x00000006056dd950}: static Lorg/jetbrains/kotlin/gradle/plugin/internal/DefaultKotlinTestReportCompatibilityHelperVariantFactory;.<clinit>()V> (0x00000006056dd950) 
thrown [s\src\hotspot\share\prims\jni.cpp, line 1111]
Event: 147.580 Thread 0x0000018e7008e8c0 Exception <a 'java/lang/NoSuchMethodError'{0x0000000605704858}: static Lorg/jetbrains/kotlin/gradle/plugin/internal/DefaultMppTestReportHelperVariantFactory;.<clinit>()V> (0x0000000605704858) 
thrown [s\src\hotspot\share\prims\jni.cpp, line 1111]
Event: 147.584 Thread 0x0000018e7008e8c0 Exception <a 'java/lang/NoSuchMethodError'{0x000000060572a618}: static Lorg/jetbrains/kotlin/gradle/plugin/internal/DefaultConfigurationCacheStartParameterAccessorVariantFactory;.<clinit>()V> (0x000000060572a618) 
thrown [s\src\hotspot\share\prims\jni.cpp, line 1111]
Event: 147.664 Thread 0x0000018e7008e8c0 Exception <a 'java/lang/NoSuchMethodError'{0x0000000605751900}: static Lorg/jetbrains/kotlin/gradle/plugin/internal/MavenPluginConfigurator$DefaultMavenPluginConfiguratorVariantFactory;.<clinit>()V> (0x0000000605751900) 
thrown [s\src\hotspot\share\prims\jni.cpp, line 1111]
Event: 147.670 Thread 0x0000018e7008e8c0 Exception <a 'java/lang/NoSuchMethodError'{0x0000000605777b08}: static Lorg/jetbrains/kotlin/gradle/targets/js/nodejs/DefaultUnameExecutorVariantFactory;.<clinit>()V> (0x0000000605777b08) 
thrown [s\src\hotspot\share\prims\jni.cpp, line 1111]
Event: 148.513 Thread 0x0000018e7008e8c0 Exception <a 'java/lang/NoSuchMethodError'{0x000000060579e4a8}: static Lorg/jetbrains/kotlin/gradle/plugin/internal/DefaultBasePluginConfigurationVariantFactory;.<clinit>()V> (0x000000060579e4a8) 
thrown [s\src\hotspot\share\prims\jni.cpp, line 1111]
Event: 148.534 Thread 0x0000018e7008e8c0 Exception <a 'java/lang/NoSuchMethodError'{0x00000006057c51e8}: static Lorg/jetbrains/kotlin/gradle/plugin/internal/DefaultAttributeConfigurationHelperVariantFactory;.<clinit>()V> (0x00000006057c51e8) 
thrown [s\src\hotspot\share\prims\jni.cpp, line 1111]
Event: 148.694 Thread 0x0000018e7008e8c0 Exception <a 'java/lang/NoSuchMethodError'{0x00000006057cfa28}: 'void java.lang.invoke.DirectMethodHandle$Holder.invokeSpecial(java.lang.Object, java.lang.Object, java.lang.Object, int)'> (0x00000006057cfa28) 
thrown [s\src\hotspot\share\interpreter\linkResolver.cpp, line 773]
Event: 149.759 Thread 0x0000018e7008e8c0 Exception <a 'java/lang/NoSuchMethodError'{0x0000000605094d00}: 'long java.lang.invoke.DirectMethodHandle$Holder.invokeSpecial(java.lang.Object, java.lang.Object)'> (0x0000000605094d00) 
thrown [s\src\hotspot\share\interpreter\linkResolver.cpp, line 773]
Event: 149.760 Thread 0x0000018e7008e8c0 Exception <a 'java/lang/NoSuchMethodError'{0x0000000605099c48}: 'long java.lang.invoke.Invokers$Holder.invokeExact_MT(java.lang.Object, java.lang.Object)'> (0x0000000605099c48) 
thrown [s\src\hotspot\share\interpreter\linkResolver.cpp, line 773]
Event: 151.725 Thread 0x0000018e7008e8c0 Exception <a 'java/lang/IncompatibleClassChangeError'{0x00000006053b3c08}: Found class java.lang.Object, but interface was expected> (0x00000006053b3c08) 
thrown [s\src\hotspot\share\interpreter\linkResolver.cpp, line 840]
Event: 159.255 Thread 0x0000018e7008e8c0 Implicit null exception at 0x0000018e1066c9a0 to 0x0000018e1066d1e8
Event: 159.296 Thread 0x0000018e7008e8c0 Implicit null exception at 0x0000018e10600a5d to 0x0000018e10600f5c

ZGC Phase Switch (0 events):
No events

VM Operations (20 events):
Event: 152.756 Executing safepoint VM operation: Cleanup
Event: 152.759 Executing safepoint VM operation: Cleanup done
Event: 153.765 Executing safepoint VM operation: Cleanup
Event: 153.860 Executing safepoint VM operation: Cleanup done
Event: 154.866 Executing safepoint VM operation: Cleanup
Event: 154.866 Executing safepoint VM operation: Cleanup done
Event: 155.876 Executing safepoint VM operation: Cleanup
Event: 155.876 Executing safepoint VM operation: Cleanup done
Event: 156.879 Executing safepoint VM operation: Cleanup
Event: 157.034 Executing safepoint VM operation: Cleanup done
Event: 158.048 Executing safepoint VM operation: Cleanup
Event: 158.048 Executing safepoint VM operation: Cleanup done
Event: 159.061 Executing safepoint VM operation: Cleanup
Event: 159.107 Executing safepoint VM operation: Cleanup done
Event: 160.120 Executing safepoint VM operation: Cleanup
Event: 160.141 Executing safepoint VM operation: Cleanup done
Event: 161.156 Executing safepoint VM operation: Cleanup
Event: 161.156 Executing safepoint VM operation: Cleanup done
Event: 162.163 Executing safepoint VM operation: Cleanup
Event: 162.195 Executing safepoint VM operation: Cleanup done

Memory protections (0 events):
No events

Nmethod flushes (20 events):
Event: 145.186 Thread 0x0000018e7f9b50d0 flushing  nmethod 0x0000018e001a3010
Event: 145.186 Thread 0x0000018e7f9b50d0 flushing  nmethod 0x0000018e001d9110
Event: 145.186 Thread 0x0000018e7f9b50d0 flushing  nmethod 0x0000018e002d4690
Event: 145.186 Thread 0x0000018e7f9b50d0 flushing  nmethod 0x0000018e002d9590
Event: 145.186 Thread 0x0000018e7f9b50d0 flushing  nmethod 0x0000018e00386b90
Event: 145.186 Thread 0x0000018e7f9b50d0 flushing  nmethod 0x0000018e00387290
Event: 145.186 Thread 0x0000018e7f9b50d0 flushing  nmethod 0x0000018e00388090
Event: 145.186 Thread 0x0000018e7f9b50d0 flushing  nmethod 0x0000018e0038c110
Event: 145.186 Thread 0x0000018e7f9b50d0 flushing  nmethod 0x0000018e003bd610
Event: 145.186 Thread 0x0000018e7f9b50d0 flushing  nmethod 0x0000018e003bdf10
Event: 145.186 Thread 0x0000018e7f9b50d0 flushing  nmethod 0x0000018e00449610
Event: 145.186 Thread 0x0000018e7f9b50d0 flushing  nmethod 0x0000018e0044a990
Event: 145.186 Thread 0x0000018e7f9b50d0 flushing  nmethod 0x0000018e004eb710
Event: 145.186 Thread 0x0000018e7f9b50d0 flushing  nmethod 0x0000018e004ebf10
Event: 145.186 Thread 0x0000018e7f9b50d0 flushing  nmethod 0x0000018e004ef790
Event: 145.186 Thread 0x0000018e7f9b50d0 flushing  nmethod 0x0000018e004f7210
Event: 145.186 Thread 0x0000018e7f9b50d0 flushing  nmethod 0x0000018e0051b390
Event: 145.186 Thread 0x0000018e7f9b50d0 flushing  nmethod 0x0000018e0068d010
Event: 145.186 Thread 0x0000018e7f9b50d0 flushing  nmethod 0x0000018e00690c10
Event: 145.186 Thread 0x0000018e7f9b50d0 flushing  nmethod 0x0000018e0078e290

Events (20 events):
Event: 106.302 Thread 0x0000018e7008e8c0 Thread added: 0x0000018e71616930
Event: 106.304 Thread 0x0000018e7008e8c0 Thread added: 0x0000018e71618370
Event: 106.305 Thread 0x0000018e7008e8c0 Thread added: 0x0000018e71615c10
Event: 106.306 Thread 0x0000018e7008e8c0 Thread added: 0x0000018e716162a0
Event: 112.793 Thread 0x0000018e7008e8c0 Thread added: 0x0000018e71616fc0
Event: 112.799 Thread 0x0000018e7008e8c0 Thread added: 0x0000018e71614ef0
Event: 112.813 Thread 0x0000018e7008e8c0 Thread added: 0x0000018e71615580
Event: 112.821 Thread 0x0000018e7008e8c0 Thread added: 0x0000018e71617ce0
Event: 112.826 Thread 0x0000018e7008e8c0 Thread added: 0x0000018e701a56a0
Event: 112.840 Thread 0x0000018e7008e8c0 Thread added: 0x0000018e701a6a50
Event: 112.846 Thread 0x0000018e7008e8c0 Thread added: 0x0000018e701a8490
Event: 119.001 Thread 0x0000018e7008e8c0 Thread added: 0x0000018e701a5010
Event: 119.003 Thread 0x0000018e7008e8c0 Thread added: 0x0000018e701a8b20
Event: 119.005 Thread 0x0000018e7008e8c0 Thread added: 0x0000018e701a5d30
Event: 119.006 Thread 0x0000018e7008e8c0 Thread added: 0x0000018e701a9840
Event: 119.007 Thread 0x0000018e7008e8c0 Thread added: 0x0000018e701a63c0
Event: 119.009 Thread 0x0000018e7008e8c0 Thread added: 0x0000018e701a91b0
Event: 119.010 Thread 0x0000018e7008e8c0 Thread added: 0x0000018e701a9ed0
Event: 124.662 Thread 0x0000018e7008e8c0 Thread added: 0x0000018e701aa560
Event: 156.395 Thread 0x0000018e7008e8c0 Thread added: 0x0000018e701aabf0


Dynamic libraries:
0x00007ff789510000 - 0x00007ff78951e000 	C:\Users\badya\.vscode\extensions\redhat.java-1.56.0-win32-x64\jre\21.0.12.1-win32-x86_64\bin\java.exe
0x00007ffdee340000 - 0x00007ffdee5a7000 	C:\WINDOWS\SYSTEM32\ntdll.dll
0x00007ffdecda0000 - 0x00007ffdece6b000 	C:\WINDOWS\System32\KERNEL32.DLL
0x00007ffdebb20000 - 0x00007ffdebf22000 	C:\WINDOWS\System32\KERNELBASE.dll
0x00007ffdc1590000 - 0x00007ffdc15a8000 	C:\Users\badya\.vscode\extensions\redhat.java-1.56.0-win32-x64\jre\21.0.12.1-win32-x86_64\bin\jli.dll
0x00007ffdeb740000 - 0x00007ffdeb88c000 	C:\WINDOWS\System32\ucrtbase.dll
0x00007ffdc49f0000 - 0x00007ffdc4a0e000 	C:\Users\badya\.vscode\extensions\redhat.java-1.56.0-win32-x64\jre\21.0.12.1-win32-x86_64\bin\VCRUNTIME140.dll
0x00007ffdd11d0000 - 0x00007ffdd1460000 	C:\WINDOWS\WinSxS\amd64_microsoft.windows.common-controls_6595b64144ccf1df_6.0.26100.9278_none_3e0d1ba8e3303201\COMCTL32.dll
0x00007ffded3a0000 - 0x00007ffded449000 	C:\WINDOWS\System32\msvcrt.dll
0x00007ffded360000 - 0x00007ffded38b000 	C:\WINDOWS\System32\GDI32.dll
0x00007ffdeb8a0000 - 0x00007ffdeb8c7000 	C:\WINDOWS\System32\win32u.dll
0x00007ffdebf30000 - 0x00007ffdec059000 	C:\WINDOWS\System32\gdi32full.dll
0x00007ffdeb690000 - 0x00007ffdeb733000 	C:\WINDOWS\System32\msvcp_win.dll
0x00007ffdec0f0000 - 0x00007ffdec2bf000 	C:\WINDOWS\System32\USER32.dll
0x00007ffdec0b0000 - 0x00007ffdec0e1000 	C:\WINDOWS\System32\IMM32.DLL
0x00007ffdd6850000 - 0x00007ffdd685c000 	C:\Users\badya\.vscode\extensions\redhat.java-1.56.0-win32-x64\jre\21.0.12.1-win32-x86_64\bin\vcruntime140_1.dll
0x00007ffd85180000 - 0x00007ffd8520d000 	C:\Users\badya\.vscode\extensions\redhat.java-1.56.0-win32-x64\jre\21.0.12.1-win32-x86_64\bin\msvcp140.dll
0x00007ffd269e0000 - 0x00007ffd27782000 	C:\Users\badya\.vscode\extensions\redhat.java-1.56.0-win32-x64\jre\21.0.12.1-win32-x86_64\bin\server\jvm.dll
0x00007ffdec2d0000 - 0x00007ffdec38c000 	C:\WINDOWS\System32\ADVAPI32.dll
0x00007ffded0e0000 - 0x00007ffded189000 	C:\WINDOWS\System32\sechost.dll
0x00007ffdec9a0000 - 0x00007ffdecab8000 	C:\WINDOWS\System32\RPCRT4.dll
0x00007ffdec580000 - 0x00007ffdec600000 	C:\WINDOWS\System32\WS2_32.dll
0x00007ffdeb3a0000 - 0x00007ffdeb3fe000 	C:\WINDOWS\SYSTEM32\POWRPROF.dll
0x00007ffdd1db0000 - 0x00007ffdd1de6000 	C:\WINDOWS\SYSTEM32\WINMM.dll
0x00007ffdd9690000 - 0x00007ffdd969b000 	C:\WINDOWS\SYSTEM32\VERSION.dll
0x00007ffdeb380000 - 0x00007ffdeb395000 	C:\WINDOWS\SYSTEM32\UMPDC.dll
0x00007ffdea210000 - 0x00007ffdea22b000 	C:\WINDOWS\SYSTEM32\kernel.appcore.dll
0x00007ffdd67e0000 - 0x00007ffdd67ea000 	C:\Users\badya\.vscode\extensions\redhat.java-1.56.0-win32-x64\jre\21.0.12.1-win32-x86_64\bin\jimage.dll
0x00007ffde8a30000 - 0x00007ffde8c7c000 	C:\WINDOWS\SYSTEM32\DBGHELP.DLL
0x00007ffdec610000 - 0x00007ffdec995000 	C:\WINDOWS\System32\combase.dll
0x00007ffded190000 - 0x00007ffded269000 	C:\WINDOWS\System32\OLEAUT32.dll
0x00007ffdd2e80000 - 0x00007ffdd2ebb000 	C:\WINDOWS\SYSTEM32\dbgcore.DLL
0x00007ffdeba60000 - 0x00007ffdebb0c000 	C:\WINDOWS\System32\bcryptPrimitives.dll
0x00007ffdc8ed0000 - 0x00007ffdc8edf000 	C:\Users\badya\.vscode\extensions\redhat.java-1.56.0-win32-x64\jre\21.0.12.1-win32-x86_64\bin\instrument.dll
0x00007ffdc1570000 - 0x00007ffdc1590000 	C:\Users\badya\.vscode\extensions\redhat.java-1.56.0-win32-x64\jre\21.0.12.1-win32-x86_64\bin\java.dll
0x00007ffdedab0000 - 0x00007ffdee248000 	C:\WINDOWS\System32\SHELL32.dll
0x00007ffde8f70000 - 0x00007ffde981e000 	C:\WINDOWS\SYSTEM32\windows.storage.dll
0x00007ffdece70000 - 0x00007ffdecf6b000 	C:\WINDOWS\System32\SHCORE.dll
0x00007ffded900000 - 0x00007ffded966000 	C:\WINDOWS\System32\shlwapi.dll
0x00007ffdeb460000 - 0x00007ffdeb489000 	C:\WINDOWS\SYSTEM32\profapi.dll
0x00007ffdc0f80000 - 0x00007ffdc0f98000 	C:\Users\badya\.vscode\extensions\redhat.java-1.56.0-win32-x64\jre\21.0.12.1-win32-x86_64\bin\zip.dll
0x00007ffdd4ab0000 - 0x00007ffdd4ac0000 	C:\Users\badya\.vscode\extensions\redhat.java-1.56.0-win32-x64\jre\21.0.12.1-win32-x86_64\bin\net.dll
0x00007ffddbbf0000 - 0x00007ffddbd1a000 	C:\WINDOWS\SYSTEM32\WINHTTP.dll
0x00007ffdea7d0000 - 0x00007ffdea83c000 	C:\WINDOWS\system32\mswsock.dll
0x00007ffdbcf80000 - 0x00007ffdbcf96000 	C:\Users\badya\.vscode\extensions\redhat.java-1.56.0-win32-x64\jre\21.0.12.1-win32-x86_64\bin\nio.dll
0x00007ffdd3590000 - 0x00007ffdd35a0000 	C:\Users\badya\.vscode\extensions\redhat.java-1.56.0-win32-x64\jre\21.0.12.1-win32-x86_64\bin\verify.dll
0x00007ffdb3bd0000 - 0x00007ffdb3bf7000 	C:\Users\badya\.gradle\native\1def1411415f61bf3af743bc5b6707747c0891f09f0c88961ee8f79bc544acac\windows-amd64\native-platform.dll
0x00000000529b0000 - 0x0000000052a23000 	C:\Users\badya\.gradle\native\0.2.5\x86_64-windows-gnu\gradle-fileevents.dll
0x00007ffdd1970000 - 0x00007ffdd197a000 	C:\Users\badya\.vscode\extensions\redhat.java-1.56.0-win32-x64\jre\21.0.12.1-win32-x86_64\bin\management.dll
0x00007ffdd18b0000 - 0x00007ffdd18bc000 	C:\Users\badya\.vscode\extensions\redhat.java-1.56.0-win32-x64\jre\21.0.12.1-win32-x86_64\bin\management_ext.dll
0x00007ffded390000 - 0x00007ffded398000 	C:\WINDOWS\System32\PSAPI.DLL
0x00007ffdeaac0000 - 0x00007ffdeaadb000 	C:\WINDOWS\SYSTEM32\CRYPTSP.dll
0x00007ffdea170000 - 0x00007ffdea1a9000 	C:\WINDOWS\system32\rsaenh.dll
0x00007ffdea880000 - 0x00007ffdea8b4000 	C:\WINDOWS\SYSTEM32\USERENV.dll
0x00007ffdeb430000 - 0x00007ffdeb45a000 	C:\WINDOWS\SYSTEM32\bcrypt.dll
0x00007ffdeaae0000 - 0x00007ffdeaaec000 	C:\WINDOWS\SYSTEM32\CRYPTBASE.dll
0x00007ffde9be0000 - 0x00007ffde9c13000 	C:\WINDOWS\SYSTEM32\IPHLPAPI.DLL
0x00007ffdedaa0000 - 0x00007ffdedaaa000 	C:\WINDOWS\System32\NSI.dll
0x00007ffdcb340000 - 0x00007ffdcb349000 	C:\Users\badya\.vscode\extensions\redhat.java-1.56.0-win32-x64\jre\21.0.12.1-win32-x86_64\bin\extnet.dll
0x00007ffdc8dc0000 - 0x00007ffdc8dce000 	C:\Users\badya\.vscode\extensions\redhat.java-1.56.0-win32-x64\jre\21.0.12.1-win32-x86_64\bin\sunmscapi.dll
0x00007ffdeb8d0000 - 0x00007ffdeba4e000 	C:\WINDOWS\System32\CRYPT32.dll
0x00007ffdead00000 - 0x00007ffdead30000 	C:\WINDOWS\SYSTEM32\ncrypt.dll
0x00007ffdeacb0000 - 0x00007ffdeacef000 	C:\WINDOWS\SYSTEM32\NTASN1.dll
0x00007ffdd1e00000 - 0x00007ffdd1e08000 	C:\WINDOWS\system32\wshunix.dll
0x0000000052430000 - 0x00000000524a3000 	C:\Users\badya\AppData\Local\Temp\native-platform17342871399737494534dir\gradle-fileevents.dll

JVMTI agents:
C:\Users\badya\.gradle\wrapper\dists\gradle-8.12-all\ejduaidbjup3bmmkhw3rie4zb\gradle-8.12\lib\agents\gradle-instrumentation-agent-8.12.jar path:C:\Users\badya\.vscode\extensions\redhat.java-1.56.0-win32-x64\jre\21.0.12.1-win32-x86_64\bin\instrument.dll, loaded, initialized, instrumentlib options:none

dbghelp: loaded successfully - version: 4.0.5 - missing functions: none
symbol engine: initialized successfully - sym options: 0x614 - pdb path: .;C:\Users\badya\.vscode\extensions\redhat.java-1.56.0-win32-x64\jre\21.0.12.1-win32-x86_64\bin;C:\WINDOWS\SYSTEM32;C:\WINDOWS\WinSxS\amd64_microsoft.windows.common-controls_6595b64144ccf1df_6.0.26100.9278_none_3e0d1ba8e3303201;C:\Users\badya\.vscode\extensions\redhat.java-1.56.0-win32-x64\jre\21.0.12.1-win32-x86_64\bin\server;C:\Users\badya\.gradle\native\1def1411415f61bf3af743bc5b6707747c0891f09f0c88961ee8f79bc544acac\windows-amd64;C:\Users\badya\.gradle\native\0.2.5\x86_64-windows-gnu;C:\Users\badya\AppData\Local\Temp\native-platform17342871399737494534dir

VM Arguments:
jvm_args: --add-opens=java.base/java.lang=ALL-UNNAMED --add-opens=java.base/java.lang.invoke=ALL-UNNAMED --add-opens=java.base/java.util=ALL-UNNAMED --add-opens=java.prefs/java.util.prefs=ALL-UNNAMED --add-exports=jdk.compiler/com.sun.tools.javac.api=ALL-UNNAMED --add-exports=jdk.compiler/com.sun.tools.javac.util=ALL-UNNAMED --add-opens=java.base/java.util=ALL-UNNAMED --add-opens=java.prefs/java.util.prefs=ALL-UNNAMED --add-opens=java.base/java.nio.charset=ALL-UNNAMED --add-opens=java.base/java.net=ALL-UNNAMED --add-opens=java.base/java.util.concurrent.atomic=ALL-UNNAMED --add-opens=java.xml/javax.xml.namespace=ALL-UNNAMED -XX:MaxMetaspaceSize=4G -XX:ReservedCodeCacheSize=512m -XX:+HeapDumpOnOutOfMemoryError -Xmx8G -Dfile.encoding=UTF-8 -Duser.country=FR -Duser.language=fr -Duser.variant -javaagent:C:\Users\badya\.gradle\wrapper\dists\gradle-8.12-all\ejduaidbjup3bmmkhw3rie4zb\gradle-8.12\lib\agents\gradle-instrumentation-agent-8.12.jar 
java_command: org.gradle.launcher.daemon.bootstrap.GradleDaemon 8.12
java_class_path (initial): C:\Users\badya\.gradle\wrapper\dists\gradle-8.12-all\ejduaidbjup3bmmkhw3rie4zb\gradle-8.12\lib\gradle-daemon-main-8.12.jar
Launcher Type: SUN_STANDARD

[Global flags]
     intx CICompilerCount                          = 4                                         {product} {ergonomic}
     uint ConcGCThreads                            = 2                                         {product} {ergonomic}
     uint G1ConcRefinementThreads                  = 8                                         {product} {ergonomic}
   size_t G1HeapRegionSize                         = 4194304                                   {product} {ergonomic}
    uintx GCDrainStackTargetSize                   = 64                                        {product} {ergonomic}
     bool HeapDumpOnOutOfMemoryError               = true                                   {manageable} {command line}
   size_t InitialHeapSize                          = 130023424                                 {product} {ergonomic}
   size_t MarkStackSize                            = 4194304                                   {product} {ergonomic}
   size_t MaxHeapSize                              = 8589934592                                {product} {command line}
   size_t MaxMetaspaceSize                         = 4294967296                                {product} {command line}
   size_t MaxNewSize                               = 5150605312                                {product} {ergonomic}
   size_t MinHeapDeltaBytes                        = 4194304                                   {product} {ergonomic}
   size_t MinHeapSize                              = 8388608                                   {product} {ergonomic}
    uintx NonNMethodCodeHeapSize                   = 5839372                                {pd product} {ergonomic}
    uintx NonProfiledCodeHeapSize                  = 265515770                              {pd product} {ergonomic}
    uintx ProfiledCodeHeapSize                     = 265515770                              {pd product} {ergonomic}
    uintx ReservedCodeCacheSize                    = 536870912                              {pd product} {command line}
     bool SegmentedCodeCache                       = true                                      {product} {ergonomic}
   size_t SoftMaxHeapSize                          = 8589934592                             {manageable} {ergonomic}
     bool UseCompressedOops                        = true                           {product lp64_product} {ergonomic}
     bool UseG1GC                                  = true                                      {product} {ergonomic}
     bool UseLargePagesIndividualAllocation        = false                                  {pd product} {ergonomic}

Logging:
Log output configuration:
 #0: stdout all=warning uptime,level,tags foldmultilines=false
 #1: stderr all=off uptime,level,tags foldmultilines=false

Release file:
JAVA_VERSION="21.0.12.1" 
MODULES="java.base java.compiler java.datatransfer java.xml java.prefs java.desktop java.instrument java.logging java.management java.security.sasl java.naming java.rmi java.management.rmi java.net.http java.scripting java.security.jgss java.transaction.xa java.sql java.sql.rowset java.xml.crypto java.se java.smartcardio jdk.accessibility jdk.internal.jvmstat jdk.attach jdk.charsets jdk.internal.opt jdk.zipfs jdk.compiler jdk.crypto.ec jdk.crypto.cryptoki jdk.crypto.mscapi jdk.dynalink jdk.internal.ed jdk.editpad jdk.hotspot.agent jdk.httpserver jdk.internal.le jdk.internal.vm.ci jdk.internal.vm.compiler jdk.internal.vm.compiler.management jdk.jartool jdk.javadoc jdk.jcmd jdk.management jdk.management.agent jdk.jconsole jdk.jdeps jdk.jdwp.agent jdk.jdi jdk.jfr jdk.jshell jdk.jsobject jdk.jstatd jdk.localedata jdk.management.jfr jdk.naming.dns jdk.naming.rmi jdk.net jdk.nio.mapmode jdk.random jdk.sctp jdk.security.auth jdk.security.jgss jdk.unsupported jdk.unsupported.desktop jdk.xml.dom" 

Environment Variables:
JAVA_HOME=C:\Users\badya\.jdk\jdk-21.0.8
PATH=C:\Program Files\Python310\Scripts\;C:\Program Files\Python310\;C:\Program Files\Eclipse Adoptium\jdk-25.0.2.10-hotspot\bin;C:\Program Files\Eclipse Adoptium\jdk-8.0.472.8-hotspot\bin;C:\Program Files\Common Files\Oracle\Java\javapath;C:\Program Files\Eclipse Adoptium\jdk-17.0.13.11-hotspot\bin;C:\app\badya\product\21c\dbhomeXE\bin;C:\Windows\system32;C:\Windows;C:\Windows\System32\Wbem;C:\Windows\System32\WindowsPowerShell\v1.0\;C:\Windows\System32\OpenSSH\;C:\Program Files (x86)\NVIDIA Corporation\PhysX\Common;C:\Program Files\NVIDIA Corporation\NVIDIA NvDLISR;C:\WINDOWS\system32;C:\WINDOWS;C:\WINDOWS\System32\Wbem;C:\WINDOWS\System32\WindowsPowerShell\v1.0\;C:\WINDOWS\System32\OpenSSH\;C:\Program Files\Git\cmd;C:\Program Files\nodejs\;C:\ProgramData\chocolatey\bin;C:\Program Files\Docker\Docker\resources\bin;C:\Program Files\CMake\bin;C:\Program Files (x86)\Windows Kits\10\Windows Performance Toolkit\;C:\Program Files\Eclipse Adoptium\jdk-8.0.472.8-hotspot\bin;C:\Program Files\Common Files\Oracle\Java\javapath;C:\Program Files\Eclipse Adoptium\jdk-17.0.13.11-hotspot\bin;C:\app\badya\product\21c\dbhomeXE\bin;C:\Windows\system32;C:\Windows;C:\Windows\System32\Wbem;C:\Windows\System32\WindowsPowerShell\v1.0\;C:\Windows\System32\OpenSSH\;C:\Program Files (x86)\NVIDIA Corporation\PhysX\Common;C:\Program Files\NVIDIA Corporation\NVIDIA NvDLISR;C:\WINDOWS\system32;C:\WINDOWS;C:\WINDOWS\System32\Wbem;C:\WINDOWS\System32\WindowsPowerShell\v1.0\;C:\WINDOWS\System32\OpenSSH\;C:\Program Files\Git\cmd;C:\Program Files\nodejs\;C:\ProgramData\chocolatey\bin;C:\Program Files (x86)\Windows Kits\10\Windows Performance Toolkit\;C:\Program Files\Docker\Docker\resources\bin;C:\Program Files\Eclipse Adoptium\jdk-8.0.472.8-hotspot\bin;C:\Program Files\Common Files\Oracle\Java\javapath;C:\Program Files\Eclipse Adoptium\jdk-17.0.13.11-hotspot\bin;C:\app\badya\product\21c\dbhomeXE\bin;C:\Windows\system32;C:\Windows;C:\Windows\Syste;C:\Program Files\apache-maven-3.9.11\bin;C:\Flutter\flutter\bin;C:\Users\badya\AppData\Local\Programs\Antigravity\bin;C:\Users\badya\.local\bin;C:\Users\badya\AppData\Local\Programs\Microsoft VS Code\bin;C:\Users\badya\AppData\Local\Programs\MiKTeX\miktex\bin\x64\
USERNAME=badya
OS=Windows_NT
PROCESSOR_IDENTIFIER=Intel64 Family 6 Model 140 Stepping 1, GenuineIntel
TMP=C:\Users\badya\AppData\Local\Temp
TEMP=C:\Users\badya\AppData\Local\Temp




Periodic native trim disabled

---------------  S Y S T E M  ---------------

OS:
 Windows 11 , 64 bit Build 26100 (10.0.26100.9444)
OS uptime: 2 days 9:14 hours
Hyper-V role detected

CPU: total 8 (initial active 8) (4 cores per cpu, 2 threads per core) family 6 model 140 stepping 1 microcode 0xa6, cx8, cmov, fxsr, ht, mmx, 3dnowpref, sse, sse2, sse3, ssse3, sse4.1, sse4.2, popcnt, lzcnt, tsc, tscinvbit, avx, avx2, aes, erms, clmul, bmi1, bmi2, adx, avx512f, avx512dq, avx512cd, avx512bw, avx512vl, sha, fma, vzeroupper, avx512_vpopcntdq, avx512_vpclmulqdq, avx512_vaes, avx512_vnni, clflush, clflushopt, clwb, avx512_vbmi2, avx512_vbmi, hv, rdtscp, rdpid, fsrm, gfni, avx512_bitalg, f16c, cet_ibt, cet_ss, avx512_ifma
Processor Information for the first 8 processors :
  Max Mhz: 2803, Current Mhz: 2803, Mhz Limit: 2803

Memory: 4k page, system-wide physical 7886M (161M free)
TotalPageFile size 32462M (AvailPageFile size 22M)
current process WorkingSet (physical memory assigned to process): 150M, peak: 203M
current process commit charge ("private bytes"): 321M, peak: 321M

vm_info: OpenJDK 64-Bit Server VM (21.0.12.1+1-LTS) for windows-amd64 JRE (21.0.12.1+1-LTS), built on 2026-08-18T00:00:00Z by "admin" with MS VC++ 17.12 (VS2022)

END.
