#
# There is insufficient memory for the Java Runtime Environment to continue.
# Native memory allocation (mmap) failed to map 335544320 bytes. Error detail: G1 virtual space
# Possible reasons:
#   The system is out of physical RAM or swap space
#   This process is running with CompressedOops enabled, and the Java Heap may be blocking the growth of the native heap
# Possible solutions:
#   Reduce memory load on the system
#   Increase physical memory or swap space
#   Check if swap backing store is full
#   Decrease Java heap size (-Xmx/-Xms)
#   Decrease number of Java threads
#   Decrease Java thread stack sizes (-Xss)
#   Set larger code cache with -XX:ReservedCodeCacheSize=
#   JVM is running with Zero Based Compressed Oops mode in which the Java heap is
#     placed in the first 32GB address space. The Java Heap base address is the
#     maximum limit for the native heap growth. Please use -XX:HeapBaseMinAddress
#     to set the Java Heap base and to place the Java Heap above 32GB virtual address.
# This output file may be truncated or incomplete.
#
#  Out of Memory Error (os_windows.cpp:3732), pid=27932, tid=9880
#
# JRE version: OpenJDK Runtime Environment Temurin-21.0.12.1+1 (21.0.12.1+1) (build 21.0.12.1+1-LTS)
# Java VM: OpenJDK 64-Bit Server VM Temurin-21.0.12.1+1 (21.0.12.1+1-LTS, mixed mode, sharing, tiered, compressed oops, compressed class ptrs, g1 gc, windows-amd64)
# No core dump will be written. Minidumps are not enabled by default on client versions of Windows
#

---------------  S U M M A R Y ------------

Command Line: --add-opens=java.base/java.lang=ALL-UNNAMED --add-opens=java.base/java.lang.invoke=ALL-UNNAMED --add-opens=java.base/java.util=ALL-UNNAMED --add-opens=java.prefs/java.util.prefs=ALL-UNNAMED --add-exports=jdk.compiler/com.sun.tools.javac.api=ALL-UNNAMED --add-exports=jdk.compiler/com.sun.tools.javac.util=ALL-UNNAMED --add-opens=java.base/java.util=ALL-UNNAMED --add-opens=java.prefs/java.util.prefs=ALL-UNNAMED --add-opens=java.base/java.nio.charset=ALL-UNNAMED --add-opens=java.base/java.net=ALL-UNNAMED --add-opens=java.base/java.util.concurrent.atomic=ALL-UNNAMED --add-opens=java.xml/javax.xml.namespace=ALL-UNNAMED -XX:MaxMetaspaceSize=4G -XX:ReservedCodeCacheSize=512m -XX:+HeapDumpOnOutOfMemoryError -Xmx8G -Dfile.encoding=UTF-8 -Duser.country=FR -Duser.language=fr -Duser.variant -javaagent:C:\Users\badya\.gradle\wrapper\dists\gradle-8.12-all\ejduaidbjup3bmmkhw3rie4zb\gradle-8.12\lib\agents\gradle-instrumentation-agent-8.12.jar org.gradle.launcher.daemon.bootstrap.GradleDaemon 8.12

Host: 11th Gen Intel(R) Core(TM) i7-1165G7 @ 2.80GHz, 8 cores, 7G,  Windows 11 , 64 bit Build 26100 (10.0.26100.9444)
Time: Mon Sep 21 07:36:15 2026 Afr. centrale Ouest elapsed time: 12935.051003 seconds (0d 3h 35m 35s)

---------------  T H R E A D  ---------------

Current thread (0x000002225fa114b0):  VMThread "VM Thread"          [id=9880, stack(0x000000c0e5400000,0x000000c0e5500000) (1024K)]

Stack: [0x000000c0e5400000,0x000000c0e5500000]
Native frames: (J=compiled Java code, j=interpreted, Vv=VM code, C=native code)
V  [jvm.dll+0x6d83e9]
V  [jvm.dll+0x8b5736]
V  [jvm.dll+0x8b7cee]
V  [jvm.dll+0x8b83d3]
V  [jvm.dll+0x284596]
V  [jvm.dll+0x6d4d05]
V  [jvm.dll+0x6c898a]
V  [jvm.dll+0x35f2f8]
V  [jvm.dll+0x366f36]
V  [jvm.dll+0x3b804e]
V  [jvm.dll+0x3b82f8]
V  [jvm.dll+0x33320c]
V  [jvm.dll+0x33329a]
V  [jvm.dll+0x377382]
V  [jvm.dll+0x375b1a]
V  [jvm.dll+0x332951]
V  [jvm.dll+0x37517a]
V  [jvm.dll+0x8be0c0]
V  [jvm.dll+0x8bf434]
V  [jvm.dll+0x8bf960]
V  [jvm.dll+0x8bfc03]
V  [jvm.dll+0x8600cd]
V  [jvm.dll+0x6d6c1d]
C  [ucrtbase.dll+0x2cd30]
C  [KERNEL32.DLL+0x2cd87]
C  [ntdll.dll+0xacaec]

VM_Operation (0x000000c0e65fd340): G1CollectForAllocation, mode: safepoint, requested by thread 0x00000222627267b0


---------------  P R O C E S S  ---------------

Threads class SMR info:
_java_thread_list=0x00000222aa9de110, length=40, elements={
0x0000022232131900, 0x000002225fa34490, 0x000002225fa37c20, 0x000002225fa3c360,
0x000002225fa3d150, 0x000002225fa3dbb0, 0x000002225fa3e610, 0x000002225fa3f3a0,
0x000002225fa47a50, 0x00000222624a8c80, 0x000002226254aa10, 0x0000022262791490,
0x00000222626e6e20, 0x00000222627267b0, 0x00000222626794f0, 0x00000222a8b79fc0,
0x000002226236d9d0, 0x00000222a8b3cbd0, 0x00000222a8b32550, 0x00000222a8b32be0,
0x00000222a8b31830, 0x00000222a8b30480, 0x00000222a8b33270, 0x00000222a8b2fdf0,
0x00000222a8b311a0, 0x00000222aa8d9260, 0x00000222aa8d7190, 0x00000222aa8d6b00,
0x00000222aa8d8bd0, 0x00000222aa8d5de0, 0x00000222aa8d98f0, 0x00000222aa8d6470,
0x00000222aa8d9f80, 0x00000222aa8db9c0, 0x00000222aa8dc050, 0x00000222aa8dc6e0,
0x00000222a8b31ec0, 0x00000222a96c6370, 0x00000222a96c6a00, 0x00000222a96c7090
}

Java Threads: ( => current thread )
  0x0000022232131900 JavaThread "main"                              [_thread_blocked, id=24404, stack(0x000000c0e4c00000,0x000000c0e4d00000) (1024K)]
  0x000002225fa34490 JavaThread "Reference Handler"          daemon [_thread_blocked, id=24812, stack(0x000000c0e5500000,0x000000c0e5600000) (1024K)]
  0x000002225fa37c20 JavaThread "Finalizer"                  daemon [_thread_blocked, id=8032, stack(0x000000c0e5600000,0x000000c0e5700000) (1024K)]
  0x000002225fa3c360 JavaThread "Signal Dispatcher"          daemon [_thread_blocked, id=13152, stack(0x000000c0e5700000,0x000000c0e5800000) (1024K)]
  0x000002225fa3d150 JavaThread "Attach Listener"            daemon [_thread_blocked, id=18948, stack(0x000000c0e5800000,0x000000c0e5900000) (1024K)]
  0x000002225fa3dbb0 JavaThread "Service Thread"             daemon [_thread_blocked, id=12648, stack(0x000000c0e5900000,0x000000c0e5a00000) (1024K)]
  0x000002225fa3e610 JavaThread "Monitor Deflation Thread"   daemon [_thread_blocked, id=27884, stack(0x000000c0e5a00000,0x000000c0e5b00000) (1024K)]
  0x000002225fa3f3a0 JavaThread "C2 CompilerThread0"         daemon [_thread_blocked, id=29392, stack(0x000000c0e5b00000,0x000000c0e5c00000) (1024K)]
  0x000002225fa47a50 JavaThread "C1 CompilerThread0"         daemon [_thread_blocked, id=27224, stack(0x000000c0e5c00000,0x000000c0e5d00000) (1024K)]
  0x00000222624a8c80 JavaThread "Common-Cleaner"             daemon [_thread_blocked, id=28948, stack(0x000000c0e5d00000,0x000000c0e5e00000) (1024K)]
  0x000002226254aa10 JavaThread "Notification Thread"        daemon [_thread_blocked, id=26608, stack(0x000000c0e5f00000,0x000000c0e6000000) (1024K)]
  0x0000022262791490 JavaThread "Daemon health stats"               [_thread_blocked, id=4980, stack(0x000000c0e6400000,0x000000c0e6500000) (1024K)]
  0x00000222626e6e20 JavaThread "Incoming local TCP Connector on port 59132"        [_thread_in_native, id=9088, stack(0x000000c0e4d00000,0x000000c0e4e00000) (1024K)]
  0x00000222627267b0 JavaThread "Daemon periodic checks"            [_thread_blocked, id=27788, stack(0x000000c0e6500000,0x000000c0e6600000) (1024K)]
  0x00000222626794f0 JavaThread "Daemon"                            [_thread_blocked, id=26124, stack(0x000000c0e6600000,0x000000c0e6700000) (1024K)]
  0x00000222a8b79fc0 JavaThread "Handler for socket connection from /127.0.0.1:59132 to /127.0.0.1:59133"        [_thread_in_native, id=5896, stack(0x000000c0e6700000,0x000000c0e6800000) (1024K)]
  0x000002226236d9d0 JavaThread "Cancel handler"                    [_thread_blocked, id=19800, stack(0x000000c0e6800000,0x000000c0e6900000) (1024K)]
  0x00000222a8b3cbd0 JavaThread "Daemon worker"                     [_thread_blocked, id=3392, stack(0x000000c0e6900000,0x000000c0e6a00000) (1024K)]
  0x00000222a8b32550 JavaThread "Asynchronous log dispatcher for DefaultDaemonConnection: socket connection from /127.0.0.1:59132 to /127.0.0.1:59133"        [_thread_blocked, id=9832, stack(0x000000c0e6a00000,0x000000c0e6b00000) (1024K)]
  0x00000222a8b32be0 JavaThread "Stdin handler"                     [_thread_blocked, id=6704, stack(0x000000c0e6b00000,0x000000c0e6c00000) (1024K)]
  0x00000222a8b31830 JavaThread "Daemon client event forwarder"        [_thread_blocked, id=17088, stack(0x000000c0e6c00000,0x000000c0e6d00000) (1024K)]
  0x00000222a8b30480 JavaThread "Cache worker for journal cache (C:\Users\badya\.gradle\caches\journal-1)"        [_thread_blocked, id=22960, stack(0x000000c0e7000000,0x000000c0e7100000) (1024K)]
  0x00000222a8b33270 JavaThread "File lock request listener"        [_thread_in_native, id=15068, stack(0x000000c0e7100000,0x000000c0e7200000) (1024K)]
  0x00000222a8b2fdf0 JavaThread "Cache worker for file hash cache (C:\Users\badya\.gradle\caches\8.12\fileHashes)"        [_thread_blocked, id=28324, stack(0x000000c0e7200000,0x000000c0e7300000) (1024K)]
  0x00000222a8b311a0 JavaThread "Cache worker for file hash cache (C:\test2-final-adas-dms\couche4_mobile\android\.gradle\8.12\fileHashes)"        [_thread_blocked, id=27424, stack(0x000000c0e5e00000,0x000000c0e5f00000) (1024K)]
  0x00000222aa8d9260 JavaThread "Cache worker for Build Output Cleanup Cache (C:\test2-final-adas-dms\couche4_mobile\android\.gradle\buildOutputCleanup)"        [_thread_blocked, id=24556, stack(0x000000c0e7400000,0x000000c0e7500000) (1024K)]
  0x00000222aa8d7190 JavaThread "File watcher server"        daemon [_thread_in_native, id=28392, stack(0x000000c0e7500000,0x000000c0e7600000) (1024K)]
  0x00000222aa8d6b00 JavaThread "File watcher consumer"      daemon [_thread_blocked, id=16600, stack(0x000000c0e7600000,0x000000c0e7700000) (1024K)]
  0x00000222aa8d8bd0 JavaThread "Cache worker for checksums cache (C:\test2-final-adas-dms\couche4_mobile\android\.gradle\8.12\checksums)"        [_thread_blocked, id=10452, stack(0x000000c0e7700000,0x000000c0e7800000) (1024K)]
  0x00000222aa8d5de0 JavaThread "Cache worker for file content cache (C:\Users\badya\.gradle\caches\8.12\fileContent)"        [_thread_blocked, id=7992, stack(0x000000c0e7800000,0x000000c0e7900000) (1024K)]
  0x00000222aa8d98f0 JavaThread "Cache worker for cache directory md-rule (C:\Users\badya\.gradle\caches\8.12\md-rule)"        [_thread_blocked, id=29480, stack(0x000000c0e7900000,0x000000c0e7a00000) (1024K)]
  0x00000222aa8d6470 JavaThread "Cache worker for cache directory md-supplier (C:\Users\badya\.gradle\caches\8.12\md-supplier)"        [_thread_blocked, id=11536, stack(0x000000c0e7a00000,0x000000c0e7b00000) (1024K)]
  0x00000222aa8d9f80 JavaThread "Cache worker for Build Output Cleanup Cache (C:\Flutter\flutter\packages\flutter_tools\gradle\.gradle\buildOutputCleanup)"        [_thread_blocked, id=3196, stack(0x000000c0e7b00000,0x000000c0e7c00000) (1024K)]
  0x00000222aa8db9c0 JavaThread "Unconstrained build operations"        [_thread_blocked, id=27876, stack(0x000000c0e7d00000,0x000000c0e7e00000) (1024K)]
  0x00000222aa8dc050 JavaThread "Unconstrained build operations Thread 2"        [_thread_blocked, id=17044, stack(0x000000c0e7e00000,0x000000c0e7f00000) (1024K)]
  0x00000222aa8dc6e0 JavaThread "Unconstrained build operations Thread 3"        [_thread_blocked, id=22720, stack(0x000000c0e7f00000,0x000000c0e8000000) (1024K)]
  0x00000222a8b31ec0 JavaThread "Unconstrained build operations Thread 4"        [_thread_blocked, id=22084, stack(0x000000c0e8000000,0x000000c0e8100000) (1024K)]
  0x00000222a96c6370 JavaThread "Unconstrained build operations Thread 5"        [_thread_blocked, id=31132, stack(0x000000c0e8100000,0x000000c0e8200000) (1024K)]
  0x00000222a96c6a00 JavaThread "Unconstrained build operations Thread 6"        [_thread_blocked, id=28600, stack(0x000000c0e8200000,0x000000c0e8300000) (1024K)]
  0x00000222a96c7090 JavaThread "Unconstrained build operations Thread 7"        [_thread_blocked, id=28584, stack(0x000000c0e8300000,0x000000c0e8400000) (1024K)]
Total: 40

Other Threads:
=>0x000002225fa114b0 VMThread "VM Thread"                           [id=9880, stack(0x000000c0e5400000,0x000000c0e5500000) (1024K)]
  0x000002225fa01600 WatcherThread "VM Periodic Task Thread"        [id=8368, stack(0x000000c0e5300000,0x000000c0e5400000) (1024K)]
  0x00000222321dce90 WorkerThread "GC Thread#0"                     [id=23576, stack(0x000000c0e4e00000,0x000000c0e4f00000) (1024K)]
  0x0000022262555070 WorkerThread "GC Thread#1"                     [id=24416, stack(0x000000c0e6000000,0x000000c0e6100000) (1024K)]
  0x00000222625c1920 WorkerThread "GC Thread#2"                     [id=9252, stack(0x000000c0e6100000,0x000000c0e6200000) (1024K)]
  0x0000022262792060 WorkerThread "GC Thread#3"                     [id=2528, stack(0x000000c0e6200000,0x000000c0e6300000) (1024K)]
  0x0000022262ec4890 WorkerThread "GC Thread#4"                     [id=21216, stack(0x000000c0e6300000,0x000000c0e6400000) (1024K)]
  0x00000222a8e99030 WorkerThread "GC Thread#5"                     [id=22244, stack(0x000000c0e6d00000,0x000000c0e6e00000) (1024K)]
  0x00000222a8e993e0 WorkerThread "GC Thread#6"                     [id=27076, stack(0x000000c0e6e00000,0x000000c0e6f00000) (1024K)]
  0x00000222a8e99790 WorkerThread "GC Thread#7"                     [id=25364, stack(0x000000c0e6f00000,0x000000c0e7000000) (1024K)]
  0x00000222321edd90 ConcurrentGCThread "G1 Main Marker"            [id=11788, stack(0x000000c0e4f00000,0x000000c0e5000000) (1024K)]
  0x00000222321ee7b0 WorkerThread "G1 Conc#0"                       [id=6860, stack(0x000000c0e5000000,0x000000c0e5100000) (1024K)]
  0x00000222aaef2580 WorkerThread "G1 Conc#1"                       [id=29608, stack(0x000000c0e4b00000,0x000000c0e4c00000) (1024K)]
  0x000002225f8d2720 ConcurrentGCThread "G1 Refine#0"               [id=9792, stack(0x000000c0e5100000,0x000000c0e5200000) (1024K)]
  0x000002225f8d4060 ConcurrentGCThread "G1 Service"                [id=21832, stack(0x000000c0e5200000,0x000000c0e5300000) (1024K)]
Total: 15

Threads with active compile tasks:
Total: 0

VM state: at safepoint (normal execution)

VM Mutex/Monitor currently owned by a thread:  ([mutex/lock_event])
[0x00007ffd2769f5b0] Threads_lock - owner thread: 0x000002225fa114b0
[0x00007ffd2769f6b0] Heap_lock - owner thread: 0x00000222627267b0

Heap address: 0x0000000600000000, size: 8192 MB, Compressed Oops mode: Zero based, Oop shift amount: 3

CDS archive(s) mapped at: [0x0000022263000000-0x0000022263ba0000-0x0000022263ba0000), size 12189696, SharedBaseAddress: 0x0000022263000000, ArchiveRelocationMode: 1.
Compressed class space mapped at: 0x0000022264000000-0x00000222a4000000, reserved size: 1073741824
Narrow klass base: 0x0000022263000000, Narrow klass shift: 0, Narrow klass range: 0x100000000

GC Precious Log:
 CardTable entry size: 512
 Card Set container configuration: InlinePtr #cards 4 size 8 Array Of Cards #cards 32 size 80 Howl #buckets 8 coarsen threshold 7372 Howl Bitmap #cards 1024 size 144 coarsen threshold 921 Card regions per heap region 1 cards per card region 8192
 CPUs: 8 total, 8 available
 Memory: 7886M
 Large Page Support: Disabled
 NUMA Support: Disabled
 Compressed Oops: Enabled (Zero based)
 Heap Region Size: 4M
 Heap Min Capacity: 8M
 Heap Initial Capacity: 124M
 Heap Max Capacity: 8G
 Pre-touch: Disabled
 Parallel Workers: 8
 Concurrent Workers: 2
 Concurrent Refinement Workers: 8
 Periodic GC: Disabled

Heap:
 garbage-first heap   total 163840K, used 38731K [0x0000000600000000, 0x0000000800000000)
  region size 4096K, 1 young (4096K), 1 survivors (4096K)
 Metaspace       used 48243K, committed 49920K, reserved 1114112K
  class space    used 7073K, committed 7872K, reserved 1048576K

Heap Regions: E=young(eden), S=young(survivor), O=old, HS=humongous(starts), HC=humongous(continues), CS=collection set, F=free, TAMS=top-at-mark-start, PB=parsable bottom
|   0|0x0000000600000000, 0x0000000600400000, 0x0000000600400000|100%|HS|  |TAMS 0x0000000600000000| PB 0x0000000600000000| Complete 
|   1|0x0000000600400000, 0x0000000600800000, 0x0000000600800000|100%| O|  |TAMS 0x0000000600400000| PB 0x0000000600400000| Untracked 
|   2|0x0000000600800000, 0x0000000600c00000, 0x0000000600c00000|100%| O|  |TAMS 0x0000000600800000| PB 0x0000000600800000| Untracked 
|   3|0x0000000600c00000, 0x0000000601000000, 0x0000000601000000|100%| O|  |TAMS 0x0000000600c00000| PB 0x0000000600c00000| Untracked 
|   4|0x0000000601000000, 0x0000000601400000, 0x0000000601400000|100%| O|  |TAMS 0x0000000601000000| PB 0x0000000601000000| Untracked 
|   5|0x0000000601400000, 0x00000006017bb9b8, 0x0000000601800000| 93%| O|  |TAMS 0x0000000601400000| PB 0x0000000601400000| Untracked 
|   6|0x0000000601800000, 0x0000000601c00000, 0x0000000601c00000|100%| O|  |TAMS 0x0000000601800000| PB 0x0000000601800000| Untracked 
|   7|0x0000000601c00000, 0x0000000602000000, 0x0000000602000000|100%| O|  |TAMS 0x0000000601c00000| PB 0x0000000601c00000| Untracked 
|   8|0x0000000602000000, 0x0000000602000000, 0x0000000602400000|  0%| F|  |TAMS 0x0000000602000000| PB 0x0000000602000000| Untracked 
|   9|0x0000000602400000, 0x0000000602400000, 0x0000000602800000|  0%| F|  |TAMS 0x0000000602400000| PB 0x0000000602400000| Untracked 
|  10|0x0000000602800000, 0x0000000602800000, 0x0000000602c00000|  0%| F|  |TAMS 0x0000000602800000| PB 0x0000000602800000| Untracked 
|  11|0x0000000602c00000, 0x0000000602c00000, 0x0000000603000000|  0%| F|  |TAMS 0x0000000602c00000| PB 0x0000000602c00000| Untracked 
|  12|0x0000000603000000, 0x0000000603000000, 0x0000000603400000|  0%| F|  |TAMS 0x0000000603000000| PB 0x0000000603000000| Untracked 
|  13|0x0000000603400000, 0x0000000603400000, 0x0000000603800000|  0%| F|  |TAMS 0x0000000603400000| PB 0x0000000603400000| Untracked 
|  14|0x0000000603800000, 0x0000000603800000, 0x0000000603c00000|  0%| F|  |TAMS 0x0000000603800000| PB 0x0000000603800000| Untracked 
|  15|0x0000000603c00000, 0x0000000603c00000, 0x0000000604000000|  0%| F|  |TAMS 0x0000000603c00000| PB 0x0000000603c00000| Untracked 
|  16|0x0000000604000000, 0x0000000604000000, 0x0000000604400000|  0%| F|  |TAMS 0x0000000604000000| PB 0x0000000604000000| Untracked 
|  17|0x0000000604400000, 0x0000000604400000, 0x0000000604800000|  0%| F|  |TAMS 0x0000000604400000| PB 0x0000000604400000| Untracked 
|  18|0x0000000604800000, 0x0000000604800000, 0x0000000604c00000|  0%| F|  |TAMS 0x0000000604800000| PB 0x0000000604800000| Untracked 
|  19|0x0000000604c00000, 0x0000000604c00000, 0x0000000605000000|  0%| F|  |TAMS 0x0000000604c00000| PB 0x0000000604c00000| Untracked 
|  20|0x0000000605000000, 0x0000000605000000, 0x0000000605400000|  0%| F|  |TAMS 0x0000000605000000| PB 0x0000000605000000| Untracked 
|  21|0x0000000605400000, 0x0000000605400000, 0x0000000605800000|  0%| F|  |TAMS 0x0000000605400000| PB 0x0000000605400000| Untracked 
|  22|0x0000000605800000, 0x0000000605a175c0, 0x0000000605c00000| 52%| S|CS|TAMS 0x0000000605800000| PB 0x0000000605800000| Complete 
|  23|0x0000000605c00000, 0x0000000605c00000, 0x0000000606000000|  0%| F|  |TAMS 0x0000000605c00000| PB 0x0000000605c00000| Untracked 
|  24|0x0000000606000000, 0x0000000606000000, 0x0000000606400000|  0%| F|  |TAMS 0x0000000606000000| PB 0x0000000606000000| Untracked 
|  25|0x0000000606400000, 0x0000000606400000, 0x0000000606800000|  0%| F|  |TAMS 0x0000000606400000| PB 0x0000000606400000| Untracked 
|  26|0x0000000606800000, 0x0000000606800000, 0x0000000606c00000|  0%| F|  |TAMS 0x0000000606800000| PB 0x0000000606800000| Untracked 
|  27|0x0000000606c00000, 0x0000000606c00000, 0x0000000607000000|  0%| F|  |TAMS 0x0000000606c00000| PB 0x0000000606c00000| Untracked 
|  28|0x0000000607000000, 0x0000000607000000, 0x0000000607400000|  0%| F|  |TAMS 0x0000000607000000| PB 0x0000000607000000| Untracked 
|  29|0x0000000607400000, 0x0000000607400000, 0x0000000607800000|  0%| F|  |TAMS 0x0000000607400000| PB 0x0000000607400000| Untracked 
|  30|0x0000000607800000, 0x0000000607800000, 0x0000000607c00000|  0%| F|  |TAMS 0x0000000607800000| PB 0x0000000607800000| Untracked 
|  31|0x0000000607c00000, 0x0000000607c00000, 0x0000000608000000|  0%| F|  |TAMS 0x0000000607c00000| PB 0x0000000607c00000| Untracked 
|  32|0x0000000608000000, 0x0000000608000000, 0x0000000608400000|  0%| F|  |TAMS 0x0000000608000000| PB 0x0000000608000000| Untracked 
|  33|0x0000000608400000, 0x0000000608400000, 0x0000000608800000|  0%| F|  |TAMS 0x0000000608400000| PB 0x0000000608400000| Untracked 
|  34|0x0000000608800000, 0x0000000608800000, 0x0000000608c00000|  0%| F|  |TAMS 0x0000000608800000| PB 0x0000000608800000| Untracked 
|  35|0x0000000608c00000, 0x0000000608c00000, 0x0000000609000000|  0%| F|  |TAMS 0x0000000608c00000| PB 0x0000000608c00000| Untracked 
|  36|0x0000000609000000, 0x0000000609000000, 0x0000000609400000|  0%| F|  |TAMS 0x0000000609000000| PB 0x0000000609000000| Untracked 
|  37|0x0000000609400000, 0x0000000609400000, 0x0000000609800000|  0%| F|  |TAMS 0x0000000609400000| PB 0x0000000609400000| Untracked 
|  38|0x0000000609800000, 0x0000000609800000, 0x0000000609c00000|  0%| F|  |TAMS 0x0000000609800000| PB 0x0000000609800000| Untracked 
|2047|0x00000007ffc00000, 0x0000000800000000, 0x0000000800000000|100%| O|  |TAMS 0x00000007ffc00000| PB 0x00000007ffc00000| Untracked 

Card table byte_map: [0x0000022256880000,0x0000022257880000] _byte_map_base: 0x0000022253880000

Marking Bits: (CMBitMap*) 0x00000222321dd4b0
 Bits: [0x0000022257880000, 0x000002225f880000)

Polling page: 0x0000022230370000

Metaspace:

Usage:
  Non-class:     40.20 MB used.
      Class:      6.91 MB used.
       Both:     47.11 MB used.

Virtual space:
  Non-class space:       64.00 MB reserved,      41.06 MB ( 64%) committed,  1 nodes.
      Class space:        1.00 GB reserved,       7.69 MB ( <1%) committed,  1 nodes.
             Both:        1.06 GB reserved,      48.75 MB (  4%) committed. 

Chunk freelists:
   Non-Class:  6.94 MB
       Class:  8.27 MB
        Both:  15.20 MB

MaxMetaspaceSize: 4.00 GB
CompressedClassSpaceSize: 1.00 GB
Initial GC threshold: 21.00 MB
Current GC threshold: 59.00 MB
CDS: on
 - commit_granule_bytes: 65536.
 - commit_granule_words: 8192.
 - virtual_space_node_default_size: 8388608.
 - enlarge_chunks_in_place: 1.
 - use_allocation_guard: 0.


Internal statistics:

num_allocs_failed_limit: 6.
num_arena_births: 3056.
num_arena_deaths: 0.
num_vsnodes_births: 2.
num_vsnodes_deaths: 0.
num_space_committed: 780.
num_space_uncommitted: 0.
num_chunks_returned_to_freelist: 6.
num_chunks_taken_from_freelist: 5373.
num_chunk_merges: 6.
num_chunk_splits: 3489.
num_chunks_enlarged: 2128.
num_inconsistent_stats: 0.

CodeHeap 'non-profiled nmethods': size=259264Kb used=3967Kb max_used=3967Kb free=255296Kb
 bounds [0x0000022245600000, 0x00000222459e0000, 0x0000022255330000]
CodeHeap 'profiled nmethods': size=259264Kb used=10996Kb max_used=10996Kb free=248267Kb
 bounds [0x0000022235330000, 0x0000022235df0000, 0x0000022245060000]
CodeHeap 'non-nmethods': size=5760Kb used=2044Kb max_used=2084Kb free=3715Kb
 bounds [0x0000022245060000, 0x00000222452d0000, 0x0000022245600000]
CodeCache: size=524288Kb, used=17007Kb, max_used=17047Kb, free=507278Kb
 total_blobs=6609, nmethods=5873, adapters=640, full_count=0
Compilation: enabled, stopped_count=0, restarted_count=0

Compilation events (20 events):
Event: 12934.248 Thread 0x000002225fa47a50 6491   !   3       java.io.FileInputStream::open (26 bytes)
Event: 12934.249 Thread 0x000002225fa47a50 nmethod 6491 0x0000022235de9510 code [0x0000022235de96e0, 0x0000022235de9908]
Event: 12934.258 Thread 0x000002225fa47a50 6492       3       java.io.FileInputStream$1::close (11 bytes)
Event: 12934.259 Thread 0x000002225fa47a50 nmethod 6492 0x0000022235de9a90 code [0x0000022235de9c80, 0x0000022235dea1b8]
Event: 12934.267 Thread 0x000002225fa47a50 6493       3       org.gradle.cache.internal.filelock.DefaultLockOptions::<init> (15 bytes)
Event: 12934.277 Thread 0x000002225fa47a50 nmethod 6493 0x0000022235dea390 code [0x0000022235dea540, 0x0000022235dea718]
Event: 12934.318 Thread 0x000002225fa3f3a0 6494   !   4       java.util.regex.Pattern::<init> (144 bytes)
Event: 12934.329 Thread 0x000002225fa47a50 6496       3       org.apache.commons.io.FileUtils::mkdirs (54 bytes)
Event: 12934.337 Thread 0x000002225fa3f3a0 nmethod 6494 0x00000222459ded10 code [0x00000222459deee0, 0x00000222459df1b0]
Event: 12934.351 Thread 0x000002225fa47a50 nmethod 6496 0x0000022235dea810 code [0x0000022235deaae0, 0x0000022235deb6e0]
Event: 12934.351 Thread 0x000002225fa47a50 6495       3       org.apache.commons.io.FileUtils::forceMkdir (6 bytes)
Event: 12934.360 Thread 0x000002225fa47a50 nmethod 6495 0x0000022235debb10 code [0x0000022235debcc0, 0x0000022235debdd8]
Event: 12934.394 Thread 0x000002225fa47a50 6497   !   3       java.io.FileInputStream::close (69 bytes)
Event: 12934.418 Thread 0x000002225fa47a50 nmethod 6497 0x0000022235debe90 code [0x0000022235dec080, 0x0000022235dec5d0]
Event: 12934.418 Thread 0x000002225fa47a50 6498       3       org.gradle.cache.internal.AbstractFileAccess::<init> (5 bytes)
Event: 12934.418 Thread 0x000002225fa47a50 nmethod 6498 0x0000022235dec790 code [0x0000022235dec940, 0x0000022235decaa8]
Event: 12934.422 Thread 0x000002225fa3f3a0 6499 %     4       sun.nio.fs.WindowsPath::compareTo @ 49 (118 bytes)
Event: 12934.426 Thread 0x000002225fa47a50 6500       3       java.nio.channels.spi.AbstractInterruptibleChannel::<init> (16 bytes)
Event: 12934.432 Thread 0x000002225fa47a50 nmethod 6500 0x0000022235decb90 code [0x0000022235decd40, 0x0000022235decfc8]
Event: 12934.439 Thread 0x000002225fa3f3a0 nmethod 6499% 0x00000222459df390 code [0x00000222459df560, 0x00000222459df950]

GC Heap History (20 events):
Event: 364.851 GC heap after
{Heap after GC invocations=16 (full 0):
 garbage-first heap   total 163840K, used 35951K [0x0000000600000000, 0x0000000800000000)
  region size 4096K, 1 young (4096K), 1 survivors (4096K)
 Metaspace       used 43228K, committed 44864K, reserved 1114112K
  class space    used 6301K, committed 7104K, reserved 1048576K
}
Event: 417.150 GC heap before
{Heap before GC invocations=16 (full 0):
 garbage-first heap   total 163840K, used 56431K [0x0000000600000000, 0x0000000800000000)
  region size 4096K, 6 young (24576K), 1 survivors (4096K)
 Metaspace       used 44914K, committed 46592K, reserved 1114112K
  class space    used 6595K, committed 7424K, reserved 1048576K
}
Event: 417.197 GC heap after
{Heap after GC invocations=17 (full 0):
 garbage-first heap   total 163840K, used 36607K [0x0000000600000000, 0x0000000800000000)
  region size 4096K, 1 young (4096K), 1 survivors (4096K)
 Metaspace       used 44914K, committed 46592K, reserved 1114112K
  class space    used 6595K, committed 7424K, reserved 1048576K
}
Event: 445.950 GC heap before
{Heap before GC invocations=17 (full 0):
 garbage-first heap   total 163840K, used 57087K [0x0000000600000000, 0x0000000800000000)
  region size 4096K, 7 young (28672K), 1 survivors (4096K)
 Metaspace       used 47392K, committed 49088K, reserved 1114112K
  class space    used 6971K, committed 7808K, reserved 1048576K
}
Event: 445.979 GC heap after
{Heap after GC invocations=18 (full 0):
 garbage-first heap   total 163840K, used 37530K [0x0000000600000000, 0x0000000800000000)
  region size 4096K, 1 young (4096K), 1 survivors (4096K)
 Metaspace       used 47392K, committed 49088K, reserved 1114112K
  class space    used 6971K, committed 7808K, reserved 1048576K
}
Event: 12856.745 GC heap before
{Heap before GC invocations=18 (full 0):
 garbage-first heap   total 163840K, used 62106K [0x0000000600000000, 0x0000000800000000)
  region size 4096K, 7 young (28672K), 1 survivors (4096K)
 Metaspace       used 48026K, committed 49728K, reserved 1114112K
  class space    used 7050K, committed 7872K, reserved 1048576K
}
Event: 12857.435 GC heap after
{Heap after GC invocations=19 (full 0):
 garbage-first heap   total 163840K, used 38636K [0x0000000600000000, 0x0000000800000000)
  region size 4096K, 1 young (4096K), 1 survivors (4096K)
 Metaspace       used 48026K, committed 49728K, reserved 1114112K
  class space    used 7050K, committed 7872K, reserved 1048576K
}
Event: 12868.177 GC heap before
{Heap before GC invocations=19 (full 0):
 garbage-first heap   total 163840K, used 42732K [0x0000000600000000, 0x0000000800000000)
  region size 4096K, 2 young (8192K), 1 survivors (4096K)
 Metaspace       used 48054K, committed 49728K, reserved 1114112K
  class space    used 7052K, committed 7872K, reserved 1048576K
}
Event: 12868.256 GC heap after
{Heap after GC invocations=20 (full 0):
 garbage-first heap   total 163840K, used 38492K [0x0000000600000000, 0x0000000800000000)
  region size 4096K, 1 young (4096K), 1 survivors (4096K)
 Metaspace       used 48054K, committed 49728K, reserved 1114112K
  class space    used 7052K, committed 7872K, reserved 1048576K
}
Event: 12889.539 GC heap before
{Heap before GC invocations=20 (full 0):
 garbage-first heap   total 163840K, used 58972K [0x0000000600000000, 0x0000000800000000)
  region size 4096K, 6 young (24576K), 1 survivors (4096K)
 Metaspace       used 48127K, committed 49792K, reserved 1114112K
  class space    used 7068K, committed 7872K, reserved 1048576K
}
Event: 12889.566 GC heap after
{Heap after GC invocations=21 (full 0):
 garbage-first heap   total 163840K, used 38699K [0x0000000600000000, 0x0000000800000000)
  region size 4096K, 1 young (4096K), 1 survivors (4096K)
 Metaspace       used 48127K, committed 49792K, reserved 1114112K
  class space    used 7068K, committed 7872K, reserved 1048576K
}
Event: 12899.149 GC heap before
{Heap before GC invocations=21 (full 0):
 garbage-first heap   total 163840K, used 79659K [0x0000000600000000, 0x0000000800000000)
  region size 4096K, 11 young (45056K), 1 survivors (4096K)
 Metaspace       used 48157K, committed 49792K, reserved 1114112K
  class space    used 7072K, committed 7872K, reserved 1048576K
}
Event: 12902.151 GC heap after
{Heap after GC invocations=22 (full 0):
 garbage-first heap   total 163840K, used 38860K [0x0000000600000000, 0x0000000800000000)
  region size 4096K, 1 young (4096K), 1 survivors (4096K)
 Metaspace       used 48157K, committed 49792K, reserved 1114112K
  class space    used 7072K, committed 7872K, reserved 1048576K
}
Event: 12903.704 GC heap before
{Heap before GC invocations=22 (full 0):
 garbage-first heap   total 163840K, used 71628K [0x0000000600000000, 0x0000000800000000)
  region size 4096K, 9 young (36864K), 1 survivors (4096K)
 Metaspace       used 48159K, committed 49792K, reserved 1114112K
  class space    used 7072K, committed 7872K, reserved 1048576K
}
Event: 12904.501 GC heap after
{Heap after GC invocations=23 (full 0):
 garbage-first heap   total 163840K, used 38755K [0x0000000600000000, 0x0000000800000000)
  region size 4096K, 1 young (4096K), 1 survivors (4096K)
 Metaspace       used 48159K, committed 49792K, reserved 1114112K
  class space    used 7072K, committed 7872K, reserved 1048576K
}
Event: 12904.621 GC heap before
{Heap before GC invocations=23 (full 0):
 garbage-first heap   total 163840K, used 42851K [0x0000000600000000, 0x0000000800000000)
  region size 4096K, 2 young (8192K), 1 survivors (4096K)
 Metaspace       used 48159K, committed 49792K, reserved 1114112K
  class space    used 7072K, committed 7872K, reserved 1048576K
}
Event: 12904.808 GC heap after
{Heap after GC invocations=24 (full 0):
 garbage-first heap   total 163840K, used 38645K [0x0000000600000000, 0x0000000800000000)
  region size 4096K, 1 young (4096K), 1 survivors (4096K)
 Metaspace       used 48159K, committed 49792K, reserved 1114112K
  class space    used 7072K, committed 7872K, reserved 1048576K
}
Event: 12905.017 GC heap before
{Heap before GC invocations=24 (full 0):
 garbage-first heap   total 163840K, used 42741K [0x0000000600000000, 0x0000000800000000)
  region size 4096K, 2 young (8192K), 1 survivors (4096K)
 Metaspace       used 48159K, committed 49792K, reserved 1114112K
  class space    used 7072K, committed 7872K, reserved 1048576K
}
Event: 12905.434 GC heap after
{Heap after GC invocations=25 (full 0):
 garbage-first heap   total 163840K, used 38687K [0x0000000600000000, 0x0000000800000000)
  region size 4096K, 1 young (4096K), 1 survivors (4096K)
 Metaspace       used 48159K, committed 49792K, reserved 1114112K
  class space    used 7072K, committed 7872K, reserved 1048576K
}
Event: 12934.843 GC heap before
{Heap before GC invocations=25 (full 0):
 garbage-first heap   total 163840K, used 96031K [0x0000000600000000, 0x0000000800000000)
  region size 4096K, 16 young (65536K), 1 survivors (4096K)
 Metaspace       used 48243K, committed 49920K, reserved 1114112K
  class space    used 7073K, committed 7872K, reserved 1048576K
}

Dll operation events (20 events):
Event: 5.735 Attempting to load shared library C:\Users\badya\.vscode\extensions\redhat.java-1.56.0-win32-x64\jre\21.0.12.1-win32-x86_64\bin\zip.dll
Event: 5.735 Loaded shared library C:\Users\badya\.vscode\extensions\redhat.java-1.56.0-win32-x64\jre\21.0.12.1-win32-x86_64\bin\zip.dll
Event: 6.929 Attempting to load shared library C:\Users\badya\.vscode\extensions\redhat.java-1.56.0-win32-x64\jre\21.0.12.1-win32-x86_64\bin\jimage.dll
Event: 6.929 Loaded shared library C:\Users\badya\.vscode\extensions\redhat.java-1.56.0-win32-x64\jre\21.0.12.1-win32-x86_64\bin\jimage.dll
Event: 10.195 Attempting to load shared library C:\Users\badya\.vscode\extensions\redhat.java-1.56.0-win32-x64\jre\21.0.12.1-win32-x86_64\bin\verify.dll
Event: 10.202 Loaded shared library C:\Users\badya\.vscode\extensions\redhat.java-1.56.0-win32-x64\jre\21.0.12.1-win32-x86_64\bin\verify.dll
Event: 16.345 Attempting to load shared library C:\Users\badya\.gradle\native\1def1411415f61bf3af743bc5b6707747c0891f09f0c88961ee8f79bc544acac\windows-amd64\native-platform.dll
Event: 16.351 Loaded shared library C:\Users\badya\.gradle\native\1def1411415f61bf3af743bc5b6707747c0891f09f0c88961ee8f79bc544acac\windows-amd64\native-platform.dll
Event: 16.383 Attempting to load shared library C:\Users\badya\.gradle\native\0.2.5\x86_64-windows-gnu\gradle-fileevents.dll
Event: 16.384 Loaded shared library C:\Users\badya\.gradle\native\0.2.5\x86_64-windows-gnu\gradle-fileevents.dll
Event: 49.710 Attempting to load shared library C:\Users\badya\.vscode\extensions\redhat.java-1.56.0-win32-x64\jre\21.0.12.1-win32-x86_64\bin\management.dll
Event: 49.744 Loaded shared library C:\Users\badya\.vscode\extensions\redhat.java-1.56.0-win32-x64\jre\21.0.12.1-win32-x86_64\bin\management.dll
Event: 49.756 Attempting to load shared library C:\Users\badya\.vscode\extensions\redhat.java-1.56.0-win32-x64\jre\21.0.12.1-win32-x86_64\bin\management_ext.dll
Event: 49.781 Loaded shared library C:\Users\badya\.vscode\extensions\redhat.java-1.56.0-win32-x64\jre\21.0.12.1-win32-x86_64\bin\management_ext.dll
Event: 71.346 Attempting to load shared library C:\Users\badya\.vscode\extensions\redhat.java-1.56.0-win32-x64\jre\21.0.12.1-win32-x86_64\bin\extnet.dll
Event: 71.407 Loaded shared library C:\Users\badya\.vscode\extensions\redhat.java-1.56.0-win32-x64\jre\21.0.12.1-win32-x86_64\bin\extnet.dll
Event: 85.359 Attempting to load shared library C:\Users\badya\.vscode\extensions\redhat.java-1.56.0-win32-x64\jre\21.0.12.1-win32-x86_64\bin\sunmscapi.dll
Event: 85.432 Loaded shared library C:\Users\badya\.vscode\extensions\redhat.java-1.56.0-win32-x64\jre\21.0.12.1-win32-x86_64\bin\sunmscapi.dll
Event: 131.439 Attempting to load shared library C:\Users\badya\AppData\Local\Temp\native-platform1553723774633820444dir\gradle-fileevents.dll
Event: 131.564 Loaded shared library C:\Users\badya\AppData\Local\Temp\native-platform1553723774633820444dir\gradle-fileevents.dll

Deoptimization events (20 events):
Event: 12905.597 Thread 0x0000022262791490 Uncommon trap: trap_request=0xffffffd6 fr.pc=0x00000222459c87a0 relative=0x00000000000005c0
Event: 12905.632 Thread 0x0000022262791490 Uncommon trap: reason=array_check action=maybe_recompile pc=0x00000222459c87a0 method=java.util.concurrent.ScheduledThreadPoolExecutor$DelayedWorkQueue.offer(Ljava/lang/Runnable;)Z @ 65 c2
Event: 12905.632 Thread 0x0000022262791490 DEOPT PACKING pc=0x00000222459c87a0 sp=0x000000c0e64fef40
Event: 12905.678 Thread 0x0000022262791490 DEOPT UNPACKING pc=0x00000222450b7ba2 sp=0x000000c0e64fee00 mode 2
Event: 12905.741 Thread 0x00000222627267b0 Uncommon trap: trap_request=0xffffffd6 fr.pc=0x00000222459c87a0 relative=0x00000000000005c0
Event: 12905.741 Thread 0x00000222627267b0 Uncommon trap: reason=array_check action=maybe_recompile pc=0x00000222459c87a0 method=java.util.concurrent.ScheduledThreadPoolExecutor$DelayedWorkQueue.offer(Ljava/lang/Runnable;)Z @ 65 c2
Event: 12905.741 Thread 0x00000222627267b0 DEOPT PACKING pc=0x00000222459c87a0 sp=0x000000c0e65ff0e0
Event: 12905.741 Thread 0x00000222627267b0 DEOPT UNPACKING pc=0x00000222450b7ba2 sp=0x000000c0e65fefa0 mode 2
Event: 12905.744 Thread 0x00000222627267b0 Uncommon trap: trap_request=0xffffffd6 fr.pc=0x00000222459c87a0 relative=0x00000000000005c0
Event: 12905.744 Thread 0x00000222627267b0 Uncommon trap: reason=array_check action=maybe_recompile pc=0x00000222459c87a0 method=java.util.concurrent.ScheduledThreadPoolExecutor$DelayedWorkQueue.offer(Ljava/lang/Runnable;)Z @ 65 c2
Event: 12905.745 Thread 0x00000222627267b0 DEOPT PACKING pc=0x00000222459c87a0 sp=0x000000c0e65ff0e0
Event: 12905.745 Thread 0x00000222627267b0 DEOPT UNPACKING pc=0x00000222450b7ba2 sp=0x000000c0e65fefa0 mode 2
Event: 12905.747 Thread 0x00000222627267b0 Uncommon trap: trap_request=0xffffffd6 fr.pc=0x00000222459c87a0 relative=0x00000000000005c0
Event: 12905.747 Thread 0x00000222627267b0 Uncommon trap: reason=array_check action=maybe_recompile pc=0x00000222459c87a0 method=java.util.concurrent.ScheduledThreadPoolExecutor$DelayedWorkQueue.offer(Ljava/lang/Runnable;)Z @ 65 c2
Event: 12905.747 Thread 0x00000222627267b0 DEOPT PACKING pc=0x00000222459c87a0 sp=0x000000c0e65ff0e0
Event: 12905.747 Thread 0x00000222627267b0 DEOPT UNPACKING pc=0x00000222450b7ba2 sp=0x000000c0e65fefa0 mode 2
Event: 12913.567 Thread 0x00000222627267b0 Uncommon trap: trap_request=0xffffff45 fr.pc=0x0000022245657c84 relative=0x0000000000000724
Event: 12913.567 Thread 0x00000222627267b0 Uncommon trap: reason=unstable_if action=reinterpret pc=0x0000022245657c84 method=java.lang.AbstractStringBuilder.append(Ljava/lang/String;)Ljava/lang/AbstractStringBuilder; @ 1 c2
Event: 12913.567 Thread 0x00000222627267b0 DEOPT PACKING pc=0x0000022245657c84 sp=0x000000c0e65fe6a0
Event: 12913.568 Thread 0x00000222627267b0 DEOPT UNPACKING pc=0x00000222450b7ba2 sp=0x000000c0e65fe678 mode 2

Classes loaded (20 events):
Event: 372.121 Loading class java/security/cert/CertificateParsingException
Event: 372.122 Loading class java/security/cert/CertificateException
Event: 372.122 Loading class java/security/cert/CertificateException done
Event: 372.122 Loading class java/security/cert/CertificateParsingException done
Event: 372.122 Loading class javax/naming/NamingException
Event: 372.151 Loading class javax/naming/NamingException done
Event: 372.151 Loading class javax/naming/InvalidNameException
Event: 372.156 Loading class javax/naming/InvalidNameException done
Event: 440.777 Loading class java/util/function/IntBinaryOperator
Event: 440.778 Loading class java/util/function/IntBinaryOperator done
Event: 462.278 Loading class java/util/LinkedList$LLSpliterator
Event: 462.282 Loading class java/util/LinkedList$LLSpliterator done
Event: 12868.259 Loading class java/util/stream/DistinctOps
Event: 12868.264 Loading class java/util/stream/DistinctOps done
Event: 12868.265 Loading class java/util/stream/DistinctOps$1
Event: 12868.284 Loading class java/util/stream/ReferencePipeline$StatefulOp
Event: 12868.288 Loading class java/util/stream/ReferencePipeline$StatefulOp done
Event: 12868.296 Loading class java/util/stream/DistinctOps$1 done
Event: 12874.158 Loading class java/util/stream/DistinctOps$1$2
Event: 12874.164 Loading class java/util/stream/DistinctOps$1$2 done

Classes unloaded (0 events):
No events

Classes redefined (0 events):
No events

Internal exceptions (20 events):
Event: 241.417 Thread 0x00000222a8b3cbd0 Exception <a 'java/lang/NoSuchMethodError'{0x0000000603415bb8}: 'java.lang.Object java.lang.invoke.DirectMethodHandle$Holder.newInvokeSpecial(java.lang.Object, java.lang.Object, java.lang.Object, java.lang.Object, java.lang.Object, java.lang.Object, java.lang.Object, java.lang.Object, java.lang.Object, java.lang.Object, java.lang.Object, java.lang.Object, java.lang.Object, java.lang.Object, java.lang.Object, java.lang.Object, java.lang.Object, java.lang.Object, java.lang.Object, java.lang.Object, java.lang
Event: 244.088 Thread 0x00000222a8b3cbd0 Implicit null exception at 0x00000222458305fc to 0x00000222458306b4
Event: 258.535 Thread 0x00000222a8b3cbd0 Exception <a 'java/lang/IncompatibleClassChangeError'{0x00000006078af990}: Found class java.lang.Object, but interface was expected> (0x00000006078af990) 
thrown [s\src\hotspot\share\interpreter\linkResolver.cpp, line 840]
Event: 283.533 Thread 0x00000222a8b3cbd0 Exception <a 'sun/nio/fs/WindowsException'{0x00000006078a7e48}> (0x00000006078a7e48) 
thrown [s\src\hotspot\share\prims\jni.cpp, line 520]
Event: 283.544 Thread 0x00000222a8b3cbd0 Exception <a 'sun/nio/fs/WindowsException'{0x00000006078a9b38}> (0x00000006078a9b38) 
thrown [s\src\hotspot\share\prims\jni.cpp, line 520]
Event: 283.546 Thread 0x00000222a8b3cbd0 Exception <a 'sun/nio/fs/WindowsException'{0x00000006078ab818}> (0x00000006078ab818) 
thrown [s\src\hotspot\share\prims\jni.cpp, line 520]
Event: 283.547 Thread 0x00000222a8b3cbd0 Exception <a 'sun/nio/fs/WindowsException'{0x00000006078ad0f0}> (0x00000006078ad0f0) 
thrown [s\src\hotspot\share\prims\jni.cpp, line 520]
Event: 368.464 Thread 0x00000222a8b3cbd0 Exception <a 'java/lang/NoSuchMethodError'{0x00000006095c9aa8}: 'long java.lang.invoke.DirectMethodHandle$Holder.invokeStatic(java.lang.Object, long)'> (0x00000006095c9aa8) 
thrown [s\src\hotspot\share\interpreter\linkResolver.cpp, line 773]
Event: 371.709 Thread 0x00000222a8b3cbd0 Exception <a 'java/lang/NoSuchMethodError'{0x000000060923d708}: 'java.lang.Object java.lang.invoke.DirectMethodHandle$Holder.invokeVirtual(java.lang.Object, java.lang.Object, java.lang.Object, java.lang.Object, java.lang.Object, java.lang.Object, java.lang.Object, java.lang.Object, java.lang.Object, java.lang.Object, java.lang.Object, java.lang.Object, java.lang.Object, java.lang.Object, java.lang.Object, java.lang.Object, java.lang.Object)'> (0x000000060923d708) 
thrown [s\src\hotspot\share\interpreter\li
Event: 371.711 Thread 0x00000222a8b3cbd0 Exception <a 'java/lang/NoSuchMethodError'{0x0000000609243c38}: 'java.lang.Object java.lang.invoke.DirectMethodHandle$Holder.invokeSpecial(java.lang.Object, java.lang.Object, java.lang.Object, java.lang.Object, java.lang.Object, java.lang.Object, java.lang.Object, java.lang.Object, java.lang.Object, java.lang.Object, java.lang.Object, java.lang.Object, java.lang.Object, java.lang.Object, java.lang.Object, java.lang.Object, java.lang.Object, java.lang.Object)'> (0x0000000609243c38) 
thrown [s\src\hotspot\sh
Event: 371.713 Thread 0x00000222a8b3cbd0 Exception <a 'java/lang/NoSuchMethodError'{0x0000000609249968}: 'java.lang.Object java.lang.invoke.DelegatingMethodHandle$Holder.reinvoke_L(java.lang.Object, java.lang.Object, java.lang.Object, java.lang.Object, java.lang.Object, java.lang.Object, java.lang.Object, java.lang.Object, java.lang.Object, java.lang.Object, java.lang.Object, java.lang.Object, java.lang.Object, java.lang.Object, java.lang.Object, java.lang.Object, java.lang.Object)'> (0x0000000609249968) 
thrown [s\src\hotspot\share\interpreter\l
Event: 418.716 Thread 0x00000222a8b3cbd0 Exception <a 'java/lang/NoSuchMethodError'{0x000000060996cfb8}: 'java.lang.Object java.lang.invoke.DirectMethodHandle$Holder.newInvokeSpecial(java.lang.Object, java.lang.Object, int, java.lang.Object)'> (0x000000060996cfb8) 
thrown [s\src\hotspot\share\interpreter\linkResolver.cpp, line 773]
Event: 418.725 Thread 0x00000222a8b3cbd0 Exception <a 'java/lang/NoSuchMethodError'{0x0000000609971db0}: 'java.lang.Object java.lang.invoke.DirectMethodHandle$Holder.invokeSpecial(java.lang.Object, java.lang.Object, java.lang.Object, int, java.lang.Object)'> (0x0000000609971db0) 
thrown [s\src\hotspot\share\interpreter\linkResolver.cpp, line 773]
Event: 425.297 Thread 0x00000222a8b3cbd0 Exception <a 'java/lang/NoSuchMethodError'{0x00000006096181d8}: 'java.lang.Object java.lang.invoke.DirectMethodHandle$Holder.newInvokeSpecial(java.lang.Object, int, java.lang.Object)'> (0x00000006096181d8) 
thrown [s\src\hotspot\share\interpreter\linkResolver.cpp, line 773]
Event: 438.535 Thread 0x00000222a8b3cbd0 Exception <a 'java/lang/NoSuchMethodError'{0x0000000608eaaae0}: 'int java.lang.invoke.DirectMethodHandle$Holder.invokeSpecialIFC(java.lang.Object, java.lang.Object, java.lang.Object)'> (0x0000000608eaaae0) 
thrown [s\src\hotspot\share\interpreter\linkResolver.cpp, line 773]
Event: 441.325 Thread 0x00000222a8b3cbd0 Exception <a 'java/lang/NoSuchMethodError'{0x0000000608bb87b8}: 'void java.lang.invoke.DirectMethodHandle$Holder.invokeStatic(java.lang.Object, java.lang.Object, java.lang.Object, int, java.lang.Object)'> (0x0000000608bb87b8) 
thrown [s\src\hotspot\share\interpreter\linkResolver.cpp, line 773]
Event: 442.497 Thread 0x00000222a8b3cbd0 Exception <a 'java/lang/NoSuchMethodError'{0x00000006085a1000}: 'int java.lang.invoke.DirectMethodHandle$Holder.invokeInterface(java.lang.Object, java.lang.Object, java.lang.Object, java.lang.Object, java.lang.Object)'> (0x00000006085a1000) 
thrown [s\src\hotspot\share\interpreter\linkResolver.cpp, line 773]
Event: 446.587 Thread 0x00000222a8b3cbd0 Exception <a 'java/lang/NoSuchMethodError'{0x000000060986c658}: 'java.lang.Object java.lang.invoke.DirectMethodHandle$Holder.invokeSpecial(java.lang.Object, java.lang.Object, long, java.lang.Object, java.lang.Object)'> (0x000000060986c658) 
thrown [s\src\hotspot\share\interpreter\linkResolver.cpp, line 773]
Event: 462.295 Thread 0x00000222a8b3cbd0 Exception <a 'java/lang/IncompatibleClassChangeError'{0x0000000609780bc8}: Found class java.lang.Object, but interface was expected> (0x0000000609780bc8) 
thrown [s\src\hotspot\share\interpreter\linkResolver.cpp, line 840]
Event: 12913.567 Thread 0x00000222627267b0 Implicit null exception at 0x00000222456575a0 to 0x0000022245657c6c

ZGC Phase Switch (0 events):
No events

VM Operations (20 events):
Event: 12906.853 Executing safepoint VM operation: Cleanup done
Event: 12908.872 Executing safepoint VM operation: Cleanup
Event: 12908.983 Executing safepoint VM operation: Cleanup done
Event: 12909.990 Executing safepoint VM operation: Cleanup
Event: 12910.117 Executing safepoint VM operation: Cleanup done
Event: 12911.124 Executing safepoint VM operation: Cleanup
Event: 12911.263 Executing safepoint VM operation: Cleanup done
Event: 12912.270 Executing safepoint VM operation: Cleanup
Event: 12912.666 Executing safepoint VM operation: Cleanup done
Event: 12919.725 Executing safepoint VM operation: Cleanup
Event: 12919.819 Executing safepoint VM operation: Cleanup done
Event: 12921.847 Executing safepoint VM operation: Cleanup
Event: 12922.366 Executing safepoint VM operation: Cleanup done
Event: 12923.378 Executing safepoint VM operation: Cleanup
Event: 12923.770 Executing safepoint VM operation: Cleanup done
Event: 12928.823 Executing safepoint VM operation: Cleanup
Event: 12930.117 Executing safepoint VM operation: Cleanup done
Event: 12932.120 Executing safepoint VM operation: Cleanup
Event: 12932.323 Executing safepoint VM operation: Cleanup done
Event: 12934.561 Executing safepoint VM operation: G1CollectForAllocation (G1 Evacuation Pause)

Memory protections (0 events):
No events

Nmethod flushes (20 events):
Event: 194.874 Thread 0x000002225fa114b0 flushing  nmethod 0x00000222354cbd10
Event: 194.874 Thread 0x000002225fa114b0 flushing  nmethod 0x00000222354ced90
Event: 194.874 Thread 0x000002225fa114b0 flushing  nmethod 0x00000222354d0810
Event: 194.874 Thread 0x000002225fa114b0 flushing  nmethod 0x00000222354d1610
Event: 194.874 Thread 0x000002225fa114b0 flushing  nmethod 0x00000222354d5510
Event: 194.874 Thread 0x000002225fa114b0 flushing  nmethod 0x00000222354f1690
Event: 194.874 Thread 0x000002225fa114b0 flushing  nmethod 0x00000222354f4c90
Event: 194.874 Thread 0x000002225fa114b0 flushing  nmethod 0x00000222354f5c10
Event: 194.874 Thread 0x000002225fa114b0 flushing  nmethod 0x00000222354fe910
Event: 194.875 Thread 0x000002225fa114b0 flushing  nmethod 0x0000022235574b90
Event: 194.875 Thread 0x000002225fa114b0 flushing  nmethod 0x0000022235576890
Event: 194.875 Thread 0x000002225fa114b0 flushing  nmethod 0x0000022235576f10
Event: 194.875 Thread 0x000002225fa114b0 flushing  nmethod 0x0000022235577410
Event: 194.875 Thread 0x000002225fa114b0 flushing  nmethod 0x0000022235577790
Event: 194.875 Thread 0x000002225fa114b0 flushing  nmethod 0x000002223557c210
Event: 194.875 Thread 0x000002225fa114b0 flushing  nmethod 0x000002223557c510
Event: 194.875 Thread 0x000002225fa114b0 flushing  nmethod 0x000002223557d490
Event: 194.875 Thread 0x000002225fa114b0 flushing  nmethod 0x0000022235581590
Event: 194.875 Thread 0x000002225fa114b0 flushing  nmethod 0x0000022235599790
Event: 194.875 Thread 0x000002225fa114b0 flushing  nmethod 0x00000222358dd210

Events (20 events):
Event: 150.738 Thread 0x00000222a8b3cbd0 Thread added: 0x00000222aa8d9260
Event: 156.005 Thread 0x00000222a8b3cbd0 Thread added: 0x00000222aa8d7190
Event: 156.094 Thread 0x00000222a8b3cbd0 Thread added: 0x00000222aa8d6b00
Event: 199.049 Thread 0x00000222a8b3cbd0 Thread added: 0x00000222aa8d8bd0
Event: 204.907 Thread 0x00000222a8b3cbd0 Thread added: 0x00000222aa8d5de0
Event: 215.046 Thread 0x00000222a8b3cbd0 Thread added: 0x00000222aa8d98f0
Event: 219.969 Thread 0x00000222a8b3cbd0 Thread added: 0x00000222aa8d6470
Event: 274.834 Thread 0x00000222a8b3cbd0 Thread added: 0x00000222aa8d9f80
Event: 283.186 Thread 0x00000222a8b31ec0 Thread exited: 0x00000222a8b31ec0
Event: 287.969 Thread 0x00000222a8b33270 Thread added: 0x00000222aa8dcd70
Event: 12832.020 Thread 0x00000222a8b3cbd0 Thread added: 0x00000222aa8db9c0
Event: 12833.560 Thread 0x00000222a8b3cbd0 Thread added: 0x00000222aa8dc050
Event: 12833.561 Thread 0x00000222a8b3cbd0 Thread added: 0x00000222aa8dc6e0
Event: 12833.562 Thread 0x00000222a8b3cbd0 Thread added: 0x00000222a8b31ec0
Event: 12833.562 Thread 0x00000222a8b3cbd0 Thread added: 0x00000222a96c6370
Event: 12833.563 Thread 0x00000222a8b3cbd0 Thread added: 0x00000222a96c6a00
Event: 12833.563 Thread 0x00000222a8b3cbd0 Thread added: 0x00000222a96c7090
Event: 12862.025 Thread 0x00000222a8b33270 Thread added: 0x00000222a96c7720
Event: 12923.528 Thread 0x00000222a96c7720 Thread exited: 0x00000222a96c7720
Event: 12923.770 Thread 0x00000222aa8dcd70 Thread exited: 0x00000222aa8dcd70


Dynamic libraries:
0x00007ff789510000 - 0x00007ff78951e000 	C:\Users\badya\.vscode\extensions\redhat.java-1.56.0-win32-x64\jre\21.0.12.1-win32-x86_64\bin\java.exe
0x00007ffdee340000 - 0x00007ffdee5a7000 	C:\WINDOWS\SYSTEM32\ntdll.dll
0x00007ffdecda0000 - 0x00007ffdece6b000 	C:\WINDOWS\System32\KERNEL32.DLL
0x00007ffdebb20000 - 0x00007ffdebf22000 	C:\WINDOWS\System32\KERNELBASE.dll
0x00007ffdeb740000 - 0x00007ffdeb88c000 	C:\WINDOWS\System32\ucrtbase.dll
0x00007ffdc1590000 - 0x00007ffdc15a8000 	C:\Users\badya\.vscode\extensions\redhat.java-1.56.0-win32-x64\jre\21.0.12.1-win32-x86_64\bin\jli.dll
0x00007ffdec0f0000 - 0x00007ffdec2bf000 	C:\WINDOWS\System32\USER32.dll
0x00007ffdeb8a0000 - 0x00007ffdeb8c7000 	C:\WINDOWS\System32\win32u.dll
0x00007ffded360000 - 0x00007ffded38b000 	C:\WINDOWS\System32\GDI32.dll
0x00007ffdebf30000 - 0x00007ffdec059000 	C:\WINDOWS\System32\gdi32full.dll
0x00007ffdeb690000 - 0x00007ffdeb733000 	C:\WINDOWS\System32\msvcp_win.dll
0x00007ffdc49f0000 - 0x00007ffdc4a0e000 	C:\Users\badya\.vscode\extensions\redhat.java-1.56.0-win32-x64\jre\21.0.12.1-win32-x86_64\bin\VCRUNTIME140.dll
0x00007ffdd11d0000 - 0x00007ffdd1460000 	C:\WINDOWS\WinSxS\amd64_microsoft.windows.common-controls_6595b64144ccf1df_6.0.26100.9278_none_3e0d1ba8e3303201\COMCTL32.dll
0x00007ffded3a0000 - 0x00007ffded449000 	C:\WINDOWS\System32\msvcrt.dll
0x00007ffdec0b0000 - 0x00007ffdec0e1000 	C:\WINDOWS\System32\IMM32.DLL
0x00007ffdd6850000 - 0x00007ffdd685c000 	C:\Users\badya\.vscode\extensions\redhat.java-1.56.0-win32-x64\jre\21.0.12.1-win32-x86_64\bin\vcruntime140_1.dll
0x00007ffd85180000 - 0x00007ffd8520d000 	C:\Users\badya\.vscode\extensions\redhat.java-1.56.0-win32-x64\jre\21.0.12.1-win32-x86_64\bin\msvcp140.dll
0x00007ffd269e0000 - 0x00007ffd27782000 	C:\Users\badya\.vscode\extensions\redhat.java-1.56.0-win32-x64\jre\21.0.12.1-win32-x86_64\bin\server\jvm.dll
0x00007ffdec2d0000 - 0x00007ffdec38c000 	C:\WINDOWS\System32\ADVAPI32.dll
0x00007ffded0e0000 - 0x00007ffded189000 	C:\WINDOWS\System32\sechost.dll
0x00007ffdec9a0000 - 0x00007ffdecab8000 	C:\WINDOWS\System32\RPCRT4.dll
0x00007ffdec580000 - 0x00007ffdec600000 	C:\WINDOWS\System32\WS2_32.dll
0x00007ffdeb3a0000 - 0x00007ffdeb3fe000 	C:\WINDOWS\SYSTEM32\POWRPROF.dll
0x00007ffdd1db0000 - 0x00007ffdd1de6000 	C:\WINDOWS\SYSTEM32\WINMM.dll
0x00007ffdd9690000 - 0x00007ffdd969b000 	C:\WINDOWS\SYSTEM32\VERSION.dll
0x00007ffdeb380000 - 0x00007ffdeb395000 	C:\WINDOWS\SYSTEM32\UMPDC.dll
0x00007ffdea210000 - 0x00007ffdea22b000 	C:\WINDOWS\SYSTEM32\kernel.appcore.dll
0x00007ffdd67e0000 - 0x00007ffdd67ea000 	C:\Users\badya\.vscode\extensions\redhat.java-1.56.0-win32-x64\jre\21.0.12.1-win32-x86_64\bin\jimage.dll
0x00007ffde8a30000 - 0x00007ffde8c7c000 	C:\WINDOWS\SYSTEM32\DBGHELP.DLL
0x00007ffdec610000 - 0x00007ffdec995000 	C:\WINDOWS\System32\combase.dll
0x00007ffded190000 - 0x00007ffded269000 	C:\WINDOWS\System32\OLEAUT32.dll
0x00007ffdd2e80000 - 0x00007ffdd2ebb000 	C:\WINDOWS\SYSTEM32\dbgcore.DLL
0x00007ffdeba60000 - 0x00007ffdebb0c000 	C:\WINDOWS\System32\bcryptPrimitives.dll
0x00007ffdc8ed0000 - 0x00007ffdc8edf000 	C:\Users\badya\.vscode\extensions\redhat.java-1.56.0-win32-x64\jre\21.0.12.1-win32-x86_64\bin\instrument.dll
0x00007ffdc1570000 - 0x00007ffdc1590000 	C:\Users\badya\.vscode\extensions\redhat.java-1.56.0-win32-x64\jre\21.0.12.1-win32-x86_64\bin\java.dll
0x00007ffdedab0000 - 0x00007ffdee248000 	C:\WINDOWS\System32\SHELL32.dll
0x00007ffde8f70000 - 0x00007ffde981e000 	C:\WINDOWS\SYSTEM32\windows.storage.dll
0x00007ffdece70000 - 0x00007ffdecf6b000 	C:\WINDOWS\System32\SHCORE.dll
0x00007ffded900000 - 0x00007ffded966000 	C:\WINDOWS\System32\shlwapi.dll
0x00007ffdeb460000 - 0x00007ffdeb489000 	C:\WINDOWS\SYSTEM32\profapi.dll
0x00007ffdc0f80000 - 0x00007ffdc0f98000 	C:\Users\badya\.vscode\extensions\redhat.java-1.56.0-win32-x64\jre\21.0.12.1-win32-x86_64\bin\zip.dll
0x00007ffdd4ab0000 - 0x00007ffdd4ac0000 	C:\Users\badya\.vscode\extensions\redhat.java-1.56.0-win32-x64\jre\21.0.12.1-win32-x86_64\bin\net.dll
0x00007ffddbbf0000 - 0x00007ffddbd1a000 	C:\WINDOWS\SYSTEM32\WINHTTP.dll
0x00007ffdea7d0000 - 0x00007ffdea83c000 	C:\WINDOWS\system32\mswsock.dll
0x00007ffdbcf80000 - 0x00007ffdbcf96000 	C:\Users\badya\.vscode\extensions\redhat.java-1.56.0-win32-x64\jre\21.0.12.1-win32-x86_64\bin\nio.dll
0x00007ffdd3590000 - 0x00007ffdd35a0000 	C:\Users\badya\.vscode\extensions\redhat.java-1.56.0-win32-x64\jre\21.0.12.1-win32-x86_64\bin\verify.dll
0x00007ffdb3bd0000 - 0x00007ffdb3bf7000 	C:\Users\badya\.gradle\native\1def1411415f61bf3af743bc5b6707747c0891f09f0c88961ee8f79bc544acac\windows-amd64\native-platform.dll
0x00000000529b0000 - 0x0000000052a23000 	C:\Users\badya\.gradle\native\0.2.5\x86_64-windows-gnu\gradle-fileevents.dll
0x00007ffdd1970000 - 0x00007ffdd197a000 	C:\Users\badya\.vscode\extensions\redhat.java-1.56.0-win32-x64\jre\21.0.12.1-win32-x86_64\bin\management.dll
0x00007ffdd18b0000 - 0x00007ffdd18bc000 	C:\Users\badya\.vscode\extensions\redhat.java-1.56.0-win32-x64\jre\21.0.12.1-win32-x86_64\bin\management_ext.dll
0x00007ffded390000 - 0x00007ffded398000 	C:\WINDOWS\System32\PSAPI.DLL
0x00007ffdeaac0000 - 0x00007ffdeaadb000 	C:\WINDOWS\SYSTEM32\CRYPTSP.dll
0x00007ffdea170000 - 0x00007ffdea1a9000 	C:\WINDOWS\system32\rsaenh.dll
0x00007ffdea880000 - 0x00007ffdea8b4000 	C:\WINDOWS\SYSTEM32\USERENV.dll
0x00007ffdeb430000 - 0x00007ffdeb45a000 	C:\WINDOWS\SYSTEM32\bcrypt.dll
0x00007ffdeaae0000 - 0x00007ffdeaaec000 	C:\WINDOWS\SYSTEM32\CRYPTBASE.dll
0x00007ffde9be0000 - 0x00007ffde9c13000 	C:\WINDOWS\SYSTEM32\IPHLPAPI.DLL
0x00007ffdedaa0000 - 0x00007ffdedaaa000 	C:\WINDOWS\System32\NSI.dll
0x00007ffdcb340000 - 0x00007ffdcb349000 	C:\Users\badya\.vscode\extensions\redhat.java-1.56.0-win32-x64\jre\21.0.12.1-win32-x86_64\bin\extnet.dll
0x00007ffdc8dc0000 - 0x00007ffdc8dce000 	C:\Users\badya\.vscode\extensions\redhat.java-1.56.0-win32-x64\jre\21.0.12.1-win32-x86_64\bin\sunmscapi.dll
0x00007ffdeb8d0000 - 0x00007ffdeba4e000 	C:\WINDOWS\System32\CRYPT32.dll
0x00007ffdead00000 - 0x00007ffdead30000 	C:\WINDOWS\SYSTEM32\ncrypt.dll
0x00007ffdeacb0000 - 0x00007ffdeacef000 	C:\WINDOWS\SYSTEM32\NTASN1.dll
0x00007ffdd1e00000 - 0x00007ffdd1e08000 	C:\WINDOWS\system32\wshunix.dll
0x0000000052230000 - 0x00000000522a3000 	C:\Users\badya\AppData\Local\Temp\native-platform1553723774633820444dir\gradle-fileevents.dll

JVMTI agents:
C:\Users\badya\.gradle\wrapper\dists\gradle-8.12-all\ejduaidbjup3bmmkhw3rie4zb\gradle-8.12\lib\agents\gradle-instrumentation-agent-8.12.jar path:C:\Users\badya\.vscode\extensions\redhat.java-1.56.0-win32-x64\jre\21.0.12.1-win32-x86_64\bin\instrument.dll, loaded, initialized, instrumentlib options:none

dbghelp: loaded successfully - version: 4.0.5 - missing functions: none
symbol engine: initialized successfully - sym options: 0x614 - pdb path: .;C:\Users\badya\.vscode\extensions\redhat.java-1.56.0-win32-x64\jre\21.0.12.1-win32-x86_64\bin;C:\WINDOWS\SYSTEM32;C:\WINDOWS\WinSxS\amd64_microsoft.windows.common-controls_6595b64144ccf1df_6.0.26100.9278_none_3e0d1ba8e3303201;C:\Users\badya\.vscode\extensions\redhat.java-1.56.0-win32-x64\jre\21.0.12.1-win32-x86_64\bin\server;C:\Users\badya\.gradle\native\1def1411415f61bf3af743bc5b6707747c0891f09f0c88961ee8f79bc544acac\windows-amd64;C:\Users\badya\.gradle\native\0.2.5\x86_64-windows-gnu;C:\Users\badya\AppData\Local\Temp\native-platform1553723774633820444dir

VM Arguments:
jvm_args: --add-opens=java.base/java.lang=ALL-UNNAMED --add-opens=java.base/java.lang.invoke=ALL-UNNAMED --add-opens=java.base/java.util=ALL-UNNAMED --add-opens=java.prefs/java.util.prefs=ALL-UNNAMED --add-exports=jdk.compiler/com.sun.tools.javac.api=ALL-UNNAMED --add-exports=jdk.compiler/com.sun.tools.javac.util=ALL-UNNAMED --add-opens=java.base/java.util=ALL-UNNAMED --add-opens=java.prefs/java.util.prefs=ALL-UNNAMED --add-opens=java.base/java.nio.charset=ALL-UNNAMED --add-opens=java.base/java.net=ALL-UNNAMED --add-opens=java.base/java.util.concurrent.atomic=ALL-UNNAMED --add-opens=java.xml/javax.xml.namespace=ALL-UNNAMED -XX:MaxMetaspaceSize=4G -XX:ReservedCodeCacheSize=512m -XX:+HeapDumpOnOutOfMemoryError -Xmx8G -Dfile.encoding=UTF-8 -Duser.country=FR -Duser.language=fr -Duser.variant -javaagent:C:\Users\badya\.gradle\wrapper\dists\gradle-8.12-all\ejduaidbjup3bmmkhw3rie4zb\gradle-8.12\lib\agents\gradle-instrumentation-agent-8.12.jar 
java_command: org.gradle.launcher.daemon.bootstrap.GradleDaemon 8.12
java_class_path (initial): C:\Users\badya\.gradle\wrapper\dists\gradle-8.12-all\ejduaidbjup3bmmkhw3rie4zb\gradle-8.12\lib\gradle-daemon-main-8.12.jar
Launcher Type: SUN_STANDARD

[Global flags]
     intx CICompilerCount                          = 4                                         {product} {ergonomic}
     uint ConcGCThreads                            = 2                                         {product} {ergonomic}
     uint G1ConcRefinementThreads                  = 8                                         {product} {ergonomic}
   size_t G1HeapRegionSize                         = 4194304                                   {product} {ergonomic}
    uintx GCDrainStackTargetSize                   = 64                                        {product} {ergonomic}
     bool HeapDumpOnOutOfMemoryError               = true                                   {manageable} {command line}
   size_t InitialHeapSize                          = 130023424                                 {product} {ergonomic}
   size_t MarkStackSize                            = 4194304                                   {product} {ergonomic}
   size_t MaxHeapSize                              = 8589934592                                {product} {command line}
   size_t MaxMetaspaceSize                         = 4294967296                                {product} {command line}
   size_t MaxNewSize                               = 5150605312                                {product} {ergonomic}
   size_t MinHeapDeltaBytes                        = 4194304                                   {product} {ergonomic}
   size_t MinHeapSize                              = 8388608                                   {product} {ergonomic}
    uintx NonNMethodCodeHeapSize                   = 5839372                                {pd product} {ergonomic}
    uintx NonProfiledCodeHeapSize                  = 265515770                              {pd product} {ergonomic}
    uintx ProfiledCodeHeapSize                     = 265515770                              {pd product} {ergonomic}
    uintx ReservedCodeCacheSize                    = 536870912                              {pd product} {command line}
     bool SegmentedCodeCache                       = true                                      {product} {ergonomic}
   size_t SoftMaxHeapSize                          = 8589934592                             {manageable} {ergonomic}
     bool UseCompressedOops                        = true                           {product lp64_product} {ergonomic}
     bool UseG1GC                                  = true                                      {product} {ergonomic}
     bool UseLargePagesIndividualAllocation        = false                                  {pd product} {ergonomic}

Logging:
Log output configuration:
 #0: stdout all=warning uptime,level,tags foldmultilines=false
 #1: stderr all=off uptime,level,tags foldmultilines=false

Release file:
JAVA_VERSION="21.0.12.1" 
MODULES="java.base java.compiler java.datatransfer java.xml java.prefs java.desktop java.instrument java.logging java.management java.security.sasl java.naming java.rmi java.management.rmi java.net.http java.scripting java.security.jgss java.transaction.xa java.sql java.sql.rowset java.xml.crypto java.se java.smartcardio jdk.accessibility jdk.internal.jvmstat jdk.attach jdk.charsets jdk.internal.opt jdk.zipfs jdk.compiler jdk.crypto.ec jdk.crypto.cryptoki jdk.crypto.mscapi jdk.dynalink jdk.internal.ed jdk.editpad jdk.hotspot.agent jdk.httpserver jdk.internal.le jdk.internal.vm.ci jdk.internal.vm.compiler jdk.internal.vm.compiler.management jdk.jartool jdk.javadoc jdk.jcmd jdk.management jdk.management.agent jdk.jconsole jdk.jdeps jdk.jdwp.agent jdk.jdi jdk.jfr jdk.jshell jdk.jsobject jdk.jstatd jdk.localedata jdk.management.jfr jdk.naming.dns jdk.naming.rmi jdk.net jdk.nio.mapmode jdk.random jdk.sctp jdk.security.auth jdk.security.jgss jdk.unsupported jdk.unsupported.desktop jdk.xml.dom" 

Environment Variables:
JAVA_HOME=C:\Users\badya\.jdk\jdk-21.0.8
PATH=C:\Program Files\Python310\Scripts\;C:\Program Files\Python310\;C:\Program Files\Eclipse Adoptium\jdk-25.0.2.10-hotspot\bin;C:\Program Files\Eclipse Adoptium\jdk-8.0.472.8-hotspot\bin;C:\Program Files\Common Files\Oracle\Java\javapath;C:\Program Files\Eclipse Adoptium\jdk-17.0.13.11-hotspot\bin;C:\app\badya\product\21c\dbhomeXE\bin;C:\Windows\system32;C:\Windows;C:\Windows\System32\Wbem;C:\Windows\System32\WindowsPowerShell\v1.0\;C:\Windows\System32\OpenSSH\;C:\Program Files (x86)\NVIDIA Corporation\PhysX\Common;C:\Program Files\NVIDIA Corporation\NVIDIA NvDLISR;C:\WINDOWS\system32;C:\WINDOWS;C:\WINDOWS\System32\Wbem;C:\WINDOWS\System32\WindowsPowerShell\v1.0\;C:\WINDOWS\System32\OpenSSH\;C:\Program Files\Git\cmd;C:\Program Files\nodejs\;C:\ProgramData\chocolatey\bin;C:\Program Files\Docker\Docker\resources\bin;C:\Program Files\CMake\bin;C:\Program Files (x86)\Windows Kits\10\Windows Performance Toolkit\;C:\Program Files\Eclipse Adoptium\jdk-8.0.472.8-hotspot\bin;C:\Program Files\Common Files\Oracle\Java\javapath;C:\Program Files\Eclipse Adoptium\jdk-17.0.13.11-hotspot\bin;C:\app\badya\product\21c\dbhomeXE\bin;C:\Windows\system32;C:\Windows;C:\Windows\System32\Wbem;C:\Windows\System32\WindowsPowerShell\v1.0\;C:\Windows\System32\OpenSSH\;C:\Program Files (x86)\NVIDIA Corporation\PhysX\Common;C:\Program Files\NVIDIA Corporation\NVIDIA NvDLISR;C:\WINDOWS\system32;C:\WINDOWS;C:\WINDOWS\System32\Wbem;C:\WINDOWS\System32\WindowsPowerShell\v1.0\;C:\WINDOWS\System32\OpenSSH\;C:\Program Files\Git\cmd;C:\Program Files\nodejs\;C:\ProgramData\chocolatey\bin;C:\Program Files (x86)\Windows Kits\10\Windows Performance Toolkit\;C:\Program Files\Docker\Docker\resources\bin;C:\Program Files\Eclipse Adoptium\jdk-8.0.472.8-hotspot\bin;C:\Program Files\Common Files\Oracle\Java\javapath;C:\Program Files\Eclipse Adoptium\jdk-17.0.13.11-hotspot\bin;C:\app\badya\product\21c\dbhomeXE\bin;C:\Windows\system32;C:\Windows;C:\Windows\Syste;C:\Program Files\apache-maven-3.9.11\bin;C:\Flutter\flutter\bin;C:\Users\badya\AppData\Local\Programs\Antigravity\bin;C:\Users\badya\.local\bin;C:\Users\badya\AppData\Local\Programs\Microsoft VS Code\bin;C:\Users\badya\AppData\Local\Programs\MiKTeX\miktex\bin\x64\
USERNAME=badya
OS=Windows_NT
PROCESSOR_IDENTIFIER=Intel64 Family 6 Model 140 Stepping 1, GenuineIntel
TMP=C:\Users\badya\AppData\Local\Temp
TEMP=C:\Users\badya\AppData\Local\Temp




Periodic native trim disabled

---------------  S Y S T E M  ---------------

OS:
 Windows 11 , 64 bit Build 26100 (10.0.26100.9444)
OS uptime: 2 days 12:54 hours
Hyper-V role detected

CPU: total 8 (initial active 8) (4 cores per cpu, 2 threads per core) family 6 model 140 stepping 1 microcode 0xa6, cx8, cmov, fxsr, ht, mmx, 3dnowpref, sse, sse2, sse3, ssse3, sse4.1, sse4.2, popcnt, lzcnt, tsc, tscinvbit, avx, avx2, aes, erms, clmul, bmi1, bmi2, adx, avx512f, avx512dq, avx512cd, avx512bw, avx512vl, sha, fma, vzeroupper, avx512_vpopcntdq, avx512_vpclmulqdq, avx512_vaes, avx512_vnni, clflush, clflushopt, clwb, avx512_vbmi2, avx512_vbmi, hv, rdtscp, rdpid, fsrm, gfni, avx512_bitalg, f16c, cet_ibt, cet_ss, avx512_ifma
Processor Information for the first 8 processors :
  Max Mhz: 2803, Current Mhz: 2803, Mhz Limit: 2803

Memory: 4k page, system-wide physical 7886M (542M free)
TotalPageFile size 32462M (AvailPageFile size 8M)
current process WorkingSet (physical memory assigned to process): 51M, peak: 214M
current process commit charge ("private bytes"): 355M, peak: 675M

vm_info: OpenJDK 64-Bit Server VM (21.0.12.1+1-LTS) for windows-amd64 JRE (21.0.12.1+1-LTS), built on 2026-08-18T00:00:00Z by "admin" with MS VC++ 17.12 (VS2022)

END.
