#
# There is insufficient memory for the Java Runtime Environment to continue.
# Native memory allocation (mmap) failed to map 301989888 bytes. Error detail: G1 virtual space
# Possible reasons:
#   The system is out of physical RAM or swap space
#   This process is running with CompressedOops enabled, and the Java Heap may be blocking the growth of the native heap
# Possible solutions:
#   Reduce memory load on the system
#   Increase physical memory or swap space
#   Check if swap backing store is full
#   Decrease Java heap size (-Xmx/-Xms)
#   Decrease number of Java threads
#   Decrease Java thread stack sizes (-Xss)
#   Set larger code cache with -XX:ReservedCodeCacheSize=
#   JVM is running with Zero Based Compressed Oops mode in which the Java heap is
#     placed in the first 32GB address space. The Java Heap base address is the
#     maximum limit for the native heap growth. Please use -XX:HeapBaseMinAddress
#     to set the Java Heap base and to place the Java Heap above 32GB virtual address.
# This output file may be truncated or incomplete.
#
#  Out of Memory Error (os_windows.cpp:3732), pid=24152, tid=27728
#
# JRE version: OpenJDK Runtime Environment Temurin-21.0.12.1+1 (21.0.12.1+1) (build 21.0.12.1+1-LTS)
# Java VM: OpenJDK 64-Bit Server VM Temurin-21.0.12.1+1 (21.0.12.1+1-LTS, mixed mode, sharing, tiered, compressed oops, compressed class ptrs, g1 gc, windows-amd64)
# No core dump will be written. Minidumps are not enabled by default on client versions of Windows
#

---------------  S U M M A R Y ------------

Command Line: --add-opens=java.base/java.lang=ALL-UNNAMED --add-opens=java.base/java.lang.invoke=ALL-UNNAMED --add-opens=java.base/java.util=ALL-UNNAMED --add-opens=java.prefs/java.util.prefs=ALL-UNNAMED --add-exports=jdk.compiler/com.sun.tools.javac.api=ALL-UNNAMED --add-exports=jdk.compiler/com.sun.tools.javac.util=ALL-UNNAMED --add-opens=java.base/java.util=ALL-UNNAMED --add-opens=java.prefs/java.util.prefs=ALL-UNNAMED --add-opens=java.base/java.nio.charset=ALL-UNNAMED --add-opens=java.base/java.net=ALL-UNNAMED --add-opens=java.base/java.util.concurrent.atomic=ALL-UNNAMED --add-opens=java.xml/javax.xml.namespace=ALL-UNNAMED -XX:MaxMetaspaceSize=4G -XX:ReservedCodeCacheSize=512m -XX:+HeapDumpOnOutOfMemoryError -Xmx8G -Dfile.encoding=UTF-8 -Duser.country=FR -Duser.language=fr -Duser.variant -javaagent:C:\Users\badya\.gradle\wrapper\dists\gradle-8.12-all\ejduaidbjup3bmmkhw3rie4zb\gradle-8.12\lib\agents\gradle-instrumentation-agent-8.12.jar org.gradle.launcher.daemon.bootstrap.GradleDaemon 8.12

Host: 11th Gen Intel(R) Core(TM) i7-1165G7 @ 2.80GHz, 8 cores, 7G,  Windows 11 , 64 bit Build 26100 (10.0.26100.9444)
Time: Mon Sep 21 07:36:00 2026 Afr. centrale Ouest elapsed time: 12920.959722 seconds (0d 3h 35m 20s)

---------------  T H R E A D  ---------------

Current thread (0x00000276dbfbfd60):  VMThread "VM Thread"          [id=27728, stack(0x0000007e2b500000,0x0000007e2b600000) (1024K)]

Stack: [0x0000007e2b500000,0x0000007e2b600000]
Native frames: (J=compiled Java code, j=interpreted, Vv=VM code, C=native code)
V  [jvm.dll+0x6d83e9]
V  [jvm.dll+0x8b5736]
V  [jvm.dll+0x8b7cee]
V  [jvm.dll+0x8b83d3]
V  [jvm.dll+0x284596]
V  [jvm.dll+0x6d4d05]
V  [jvm.dll+0x6c898a]
V  [jvm.dll+0x35f2f8]
V  [jvm.dll+0x366f36]
V  [jvm.dll+0x3b804e]
V  [jvm.dll+0x3b82f8]
V  [jvm.dll+0x33320c]
V  [jvm.dll+0x33329a]
V  [jvm.dll+0x377382]
V  [jvm.dll+0x375b1a]
V  [jvm.dll+0x332951]
V  [jvm.dll+0x37517a]
V  [jvm.dll+0x8be0c0]
V  [jvm.dll+0x8bf434]
V  [jvm.dll+0x8bf960]
V  [jvm.dll+0x8bfc03]
V  [jvm.dll+0x8600cd]
V  [jvm.dll+0x6d6c1d]
C  [ucrtbase.dll+0x2cd30]
C  [KERNEL32.DLL+0x2cd87]
C  [ntdll.dll+0xacaec]

VM_Operation (0x0000007e2c5fe7d0): G1CollectForAllocation, mode: safepoint, requested by thread 0x0000027722a6c420


---------------  P R O C E S S  ---------------

Threads class SMR info:
_java_thread_list=0x00000277268e7ac0, length=56, elements={
0x00000276aa4a1780, 0x00000276dbfe3860, 0x00000276dbfe4fe0, 0x00000276dbfeac80,
0x00000276dbfeb6e0, 0x00000276dbfec140, 0x00000276dbfecba0, 0x00000276dbfed930,
0x00000276dbff2b40, 0x00000276dc940b80, 0x00000276dca2bbe0, 0x0000027722a6c420,
0x00000276dcb7a3e0, 0x000002772280f700, 0x00000277235d0ee0, 0x000002772271bdb0,
0x0000027722b15bd0, 0x00000277227735e0, 0x0000027722d109e0, 0x0000027722d0f630,
0x0000027722d0fcc0, 0x0000027722d11700, 0x0000027722d11070, 0x0000027722d12ab0,
0x00000276dcb5f2a0, 0x00000276dcb5f930, 0x00000276dcb5ffc0, 0x00000276dcb60ce0,
0x00000276dcb62090, 0x00000276dcb5ec10, 0x00000276dcb63ad0, 0x00000276dcb647f0,
0x00000276dcb64e80, 0x0000027724ec8650, 0x0000027724ecadb0, 0x0000027724eca720,
0x0000027724eca090, 0x0000027724ec8ce0, 0x0000027724ec7fc0, 0x0000027724ec7930,
0x0000027724ec9370, 0x0000027724ec9a00, 0x00000277256500d0, 0x0000027725650760,
0x000002772564fa40, 0x000002772564f3b0, 0x0000027725650df0, 0x0000027725651480,
0x0000027725651b10, 0x000002772564e690, 0x00000277256521a0, 0x000002772564ed20,
0x0000027725654900, 0x0000027725652ec0, 0x0000027725654270, 0x00000277266d44f0
}

Java Threads: ( => current thread )
  0x00000276aa4a1780 JavaThread "main"                              [_thread_blocked, id=17768, stack(0x0000007e2ae00000,0x0000007e2af00000) (1024K)]
  0x00000276dbfe3860 JavaThread "Reference Handler"          daemon [_thread_blocked, id=29448, stack(0x0000007e2b600000,0x0000007e2b700000) (1024K)]
  0x00000276dbfe4fe0 JavaThread "Finalizer"                  daemon [_thread_blocked, id=23504, stack(0x0000007e2b700000,0x0000007e2b800000) (1024K)]
  0x00000276dbfeac80 JavaThread "Signal Dispatcher"          daemon [_thread_blocked, id=15532, stack(0x0000007e2b800000,0x0000007e2b900000) (1024K)]
  0x00000276dbfeb6e0 JavaThread "Attach Listener"            daemon [_thread_blocked, id=29400, stack(0x0000007e2b900000,0x0000007e2ba00000) (1024K)]
  0x00000276dbfec140 JavaThread "Service Thread"             daemon [_thread_blocked, id=21776, stack(0x0000007e2ba00000,0x0000007e2bb00000) (1024K)]
  0x00000276dbfecba0 JavaThread "Monitor Deflation Thread"   daemon [_thread_blocked, id=24108, stack(0x0000007e2bb00000,0x0000007e2bc00000) (1024K)]
  0x00000276dbfed930 JavaThread "C2 CompilerThread0"         daemon [_thread_blocked, id=24728, stack(0x0000007e2bc00000,0x0000007e2bd00000) (1024K)]
  0x00000276dbff2b40 JavaThread "C1 CompilerThread0"         daemon [_thread_blocked, id=26240, stack(0x0000007e2bd00000,0x0000007e2be00000) (1024K)]
  0x00000276dc940b80 JavaThread "Common-Cleaner"             daemon [_thread_blocked, id=20200, stack(0x0000007e2be00000,0x0000007e2bf00000) (1024K)]
  0x00000276dca2bbe0 JavaThread "Notification Thread"        daemon [_thread_blocked, id=25796, stack(0x0000007e2c000000,0x0000007e2c100000) (1024K)]
  0x0000027722a6c420 JavaThread "Daemon health stats"               [_thread_blocked, id=21892, stack(0x0000007e2c500000,0x0000007e2c600000) (1024K)]
  0x00000276dcb7a3e0 JavaThread "Incoming local TCP Connector on port 51290"        [_thread_in_native, id=20464, stack(0x0000007e2c600000,0x0000007e2c700000) (1024K)]
  0x000002772280f700 JavaThread "Daemon periodic checks"            [_thread_blocked, id=24508, stack(0x0000007e2c700000,0x0000007e2c800000) (1024K)]
  0x00000277235d0ee0 JavaThread "Daemon"                            [_thread_blocked, id=8852, stack(0x0000007e2c800000,0x0000007e2c900000) (1024K)]
  0x000002772271bdb0 JavaThread "Handler for socket connection from /127.0.0.1:51290 to /127.0.0.1:59111"        [_thread_in_native, id=25824, stack(0x0000007e2c900000,0x0000007e2ca00000) (1024K)]
  0x0000027722b15bd0 JavaThread "Cancel handler"                    [_thread_blocked, id=12536, stack(0x0000007e2ca00000,0x0000007e2cb00000) (1024K)]
  0x00000277227735e0 JavaThread "Daemon worker"                     [_thread_blocked, id=28748, stack(0x0000007e2cb00000,0x0000007e2cc00000) (1024K)]
  0x0000027722d109e0 JavaThread "Asynchronous log dispatcher for DefaultDaemonConnection: socket connection from /127.0.0.1:51290 to /127.0.0.1:59111"        [_thread_blocked, id=24048, stack(0x0000007e2cc00000,0x0000007e2cd00000) (1024K)]
  0x0000027722d0f630 JavaThread "Stdin handler"                     [_thread_blocked, id=10164, stack(0x0000007e2cd00000,0x0000007e2ce00000) (1024K)]
  0x0000027722d0fcc0 JavaThread "Daemon client event forwarder"        [_thread_blocked, id=13096, stack(0x0000007e2ce00000,0x0000007e2cf00000) (1024K)]
  0x0000027722d11700 JavaThread "Cache worker for journal cache (C:\Users\badya\.gradle\caches\journal-1)"        [_thread_blocked, id=6456, stack(0x0000007e2d200000,0x0000007e2d300000) (1024K)]
  0x0000027722d11070 JavaThread "File lock request listener"        [_thread_in_native, id=26260, stack(0x0000007e2d300000,0x0000007e2d400000) (1024K)]
  0x0000027722d12ab0 JavaThread "Cache worker for file hash cache (C:\Users\badya\.gradle\caches\8.12\fileHashes)"        [_thread_blocked, id=24476, stack(0x0000007e2d500000,0x0000007e2d600000) (1024K)]
  0x00000276dcb5f2a0 JavaThread "Cache worker for file hash cache (C:\test2-final-adas-dms\couche4_mobile\android\.gradle\8.12\fileHashes)"        [_thread_blocked, id=13748, stack(0x0000007e2ad00000,0x0000007e2ae00000) (1024K)]
  0x00000276dcb5f930 JavaThread "Cache worker for Build Output Cleanup Cache (C:\test2-final-adas-dms\couche4_mobile\android\.gradle\buildOutputCleanup)"        [_thread_blocked, id=5868, stack(0x0000007e2d700000,0x0000007e2d800000) (1024K)]
  0x00000276dcb5ffc0 JavaThread "File watcher server"        daemon [_thread_in_native, id=24328, stack(0x0000007e2d800000,0x0000007e2d900000) (1024K)]
  0x00000276dcb60ce0 JavaThread "File watcher consumer"      daemon [_thread_blocked, id=12300, stack(0x0000007e2d900000,0x0000007e2da00000) (1024K)]
  0x00000276dcb62090 JavaThread "Cache worker for checksums cache (C:\test2-final-adas-dms\couche4_mobile\android\.gradle\8.12\checksums)"        [_thread_blocked, id=24872, stack(0x0000007e2ac00000,0x0000007e2ad00000) (1024K)]
  0x00000276dcb5ec10 JavaThread "Cache worker for file content cache (C:\Users\badya\.gradle\caches\8.12\fileContent)"        [_thread_blocked, id=23720, stack(0x0000007e2bf00000,0x0000007e2c000000) (1024K)]
  0x00000276dcb63ad0 JavaThread "Cache worker for cache directory md-rule (C:\Users\badya\.gradle\caches\8.12\md-rule)"        [_thread_blocked, id=11648, stack(0x0000007e2da00000,0x0000007e2db00000) (1024K)]
  0x00000276dcb647f0 JavaThread "Cache worker for cache directory md-supplier (C:\Users\badya\.gradle\caches\8.12\md-supplier)"        [_thread_blocked, id=9848, stack(0x0000007e2db00000,0x0000007e2dc00000) (1024K)]
  0x00000276dcb64e80 JavaThread "Cache worker for Build Output Cleanup Cache (C:\Flutter\flutter\packages\flutter_tools\gradle\.gradle\buildOutputCleanup)"        [_thread_blocked, id=20368, stack(0x0000007e2dc00000,0x0000007e2dd00000) (1024K)]
  0x0000027724ec8650 JavaThread "Unconstrained build operations"        [_thread_blocked, id=25848, stack(0x0000007e2dd00000,0x0000007e2de00000) (1024K)]
  0x0000027724ecadb0 JavaThread "Unconstrained build operations Thread 2"        [_thread_blocked, id=15260, stack(0x0000007e2de00000,0x0000007e2df00000) (1024K)]
  0x0000027724eca720 JavaThread "Unconstrained build operations Thread 3"        [_thread_blocked, id=4020, stack(0x0000007e2df00000,0x0000007e2e000000) (1024K)]
  0x0000027724eca090 JavaThread "Unconstrained build operations Thread 4"        [_thread_blocked, id=11848, stack(0x0000007e2e000000,0x0000007e2e100000) (1024K)]
  0x0000027724ec8ce0 JavaThread "Unconstrained build operations Thread 5"        [_thread_blocked, id=21632, stack(0x0000007e2e100000,0x0000007e2e200000) (1024K)]
  0x0000027724ec7fc0 JavaThread "Unconstrained build operations Thread 6"        [_thread_blocked, id=11460, stack(0x0000007e2e200000,0x0000007e2e300000) (1024K)]
  0x0000027724ec7930 JavaThread "Unconstrained build operations Thread 7"        [_thread_blocked, id=21740, stack(0x0000007e2e300000,0x0000007e2e400000) (1024K)]
  0x0000027724ec9370 JavaThread "Unconstrained build operations Thread 8"        [_thread_blocked, id=26112, stack(0x0000007e2e400000,0x0000007e2e500000) (1024K)]
  0x0000027724ec9a00 JavaThread "Unconstrained build operations Thread 9"        [_thread_blocked, id=27540, stack(0x0000007e2e500000,0x0000007e2e600000) (1024K)]
  0x00000277256500d0 JavaThread "Unconstrained build operations Thread 10"        [_thread_blocked, id=7948, stack(0x0000007e2e600000,0x0000007e2e700000) (1024K)]
  0x0000027725650760 JavaThread "Unconstrained build operations Thread 11"        [_thread_blocked, id=20448, stack(0x0000007e2e700000,0x0000007e2e800000) (1024K)]
  0x000002772564fa40 JavaThread "Unconstrained build operations Thread 12"        [_thread_blocked, id=7228, stack(0x0000007e2e800000,0x0000007e2e900000) (1024K)]
  0x000002772564f3b0 JavaThread "Unconstrained build operations Thread 13"        [_thread_blocked, id=20604, stack(0x0000007e2e900000,0x0000007e2ea00000) (1024K)]
  0x0000027725650df0 JavaThread "Unconstrained build operations Thread 14"        [_thread_blocked, id=22180, stack(0x0000007e2ea00000,0x0000007e2eb00000) (1024K)]
  0x0000027725651480 JavaThread "Unconstrained build operations Thread 15"        [_thread_blocked, id=14824, stack(0x0000007e2eb00000,0x0000007e2ec00000) (1024K)]
  0x0000027725651b10 JavaThread "Unconstrained build operations Thread 16"        [_thread_blocked, id=22112, stack(0x0000007e2ec00000,0x0000007e2ed00000) (1024K)]
  0x000002772564e690 JavaThread "Unconstrained build operations Thread 17"        [_thread_blocked, id=26160, stack(0x0000007e2ed00000,0x0000007e2ee00000) (1024K)]
  0x00000277256521a0 JavaThread "Unconstrained build operations Thread 18"        [_thread_blocked, id=26960, stack(0x0000007e2ee00000,0x0000007e2ef00000) (1024K)]
  0x000002772564ed20 JavaThread "Unconstrained build operations Thread 19"        [_thread_blocked, id=16924, stack(0x0000007e2ef00000,0x0000007e2f000000) (1024K)]
  0x0000027725654900 JavaThread "Unconstrained build operations Thread 20"        [_thread_blocked, id=8860, stack(0x0000007e2f000000,0x0000007e2f100000) (1024K)]
  0x0000027725652ec0 JavaThread "Unconstrained build operations Thread 21"        [_thread_blocked, id=25092, stack(0x0000007e2f100000,0x0000007e2f200000) (1024K)]
  0x0000027725654270 JavaThread "Memory manager"                    [_thread_blocked, id=27856, stack(0x0000007e2f200000,0x0000007e2f300000) (1024K)]
  0x00000277266d44f0 JavaThread "File lock release action executor Thread 3"        [_thread_blocked, id=32664, stack(0x0000007e2d400000,0x0000007e2d500000) (1024K)]
Total: 56

Other Threads:
=>0x00000276dbfbfd60 VMThread "VM Thread"                           [id=27728, stack(0x0000007e2b500000,0x0000007e2b600000) (1024K)]
  0x00000276dbfaed90 WatcherThread "VM Periodic Task Thread"        [id=28080, stack(0x0000007e2b400000,0x0000007e2b500000) (1024K)]
  0x00000276aa54bd80 WorkerThread "GC Thread#0"                     [id=13384, stack(0x0000007e2af00000,0x0000007e2b000000) (1024K)]
  0x00000276dca891f0 WorkerThread "GC Thread#1"                     [id=6716, stack(0x0000007e2c100000,0x0000007e2c200000) (1024K)]
  0x000002772201c110 WorkerThread "GC Thread#2"                     [id=29136, stack(0x0000007e2c200000,0x0000007e2c300000) (1024K)]
  0x0000027722bbc660 WorkerThread "GC Thread#3"                     [id=17144, stack(0x0000007e2c300000,0x0000007e2c400000) (1024K)]
  0x0000027722bbca10 WorkerThread "GC Thread#4"                     [id=24888, stack(0x0000007e2c400000,0x0000007e2c500000) (1024K)]
  0x0000027723753c10 WorkerThread "GC Thread#5"                     [id=17012, stack(0x0000007e2cf00000,0x0000007e2d000000) (1024K)]
  0x0000027723753fc0 WorkerThread "GC Thread#6"                     [id=14988, stack(0x0000007e2d000000,0x0000007e2d100000) (1024K)]
  0x0000027723754370 WorkerThread "GC Thread#7"                     [id=1640, stack(0x0000007e2d100000,0x0000007e2d200000) (1024K)]
  0x00000276aa55cd00 ConcurrentGCThread "G1 Main Marker"            [id=20352, stack(0x0000007e2b000000,0x0000007e2b100000) (1024K)]
  0x00000276aa55d720 WorkerThread "G1 Conc#0"                       [id=27044, stack(0x0000007e2b100000,0x0000007e2b200000) (1024K)]
  0x000002772424a7e0 WorkerThread "G1 Conc#1"                       [id=24612, stack(0x0000007e2d600000,0x0000007e2d700000) (1024K)]
  0x00000276dbe80d10 ConcurrentGCThread "G1 Refine#0"               [id=25984, stack(0x0000007e2b200000,0x0000007e2b300000) (1024K)]
  0x00000276dbe816a0 ConcurrentGCThread "G1 Service"                [id=25104, stack(0x0000007e2b300000,0x0000007e2b400000) (1024K)]
Total: 15

Threads with active compile tasks:
C2 CompilerThread0  12927265 9004       4       java.util.regex.Pattern::sequence (647 bytes)
C1 CompilerThread0  12927265 9007       3       org.gradle.launcher.daemon.context.DaemonCompatibilitySpec::whyUnsatisfied (162 bytes)
Total: 2

VM state: at safepoint (normal execution)

VM Mutex/Monitor currently owned by a thread:  ([mutex/lock_event])
[0x00007ffd2769f5b0] Threads_lock - owner thread: 0x00000276dbfbfd60
[0x00007ffd2769f6b0] Heap_lock - owner thread: 0x0000027722a6c420

Heap address: 0x0000000600000000, size: 8192 MB, Compressed Oops mode: Zero based, Oop shift amount: 3

CDS archive(s) mapped at: [0x00000276dd000000-0x00000276ddba0000-0x00000276ddba0000), size 12189696, SharedBaseAddress: 0x00000276dd000000, ArchiveRelocationMode: 1.
Compressed class space mapped at: 0x00000276de000000-0x000002771e000000, reserved size: 1073741824
Narrow klass base: 0x00000276dd000000, Narrow klass shift: 0, Narrow klass range: 0x100000000

GC Precious Log:
 CardTable entry size: 512
 Card Set container configuration: InlinePtr #cards 4 size 8 Array Of Cards #cards 32 size 80 Howl #buckets 8 coarsen threshold 7372 Howl Bitmap #cards 1024 size 144 coarsen threshold 921 Card regions per heap region 1 cards per card region 8192
 CPUs: 8 total, 8 available
 Memory: 7886M
 Large Page Support: Disabled
 NUMA Support: Disabled
 Compressed Oops: Enabled (Zero based)
 Heap Region Size: 4M
 Heap Min Capacity: 8M
 Heap Initial Capacity: 124M
 Heap Max Capacity: 8G
 Pre-touch: Disabled
 Parallel Workers: 8
 Concurrent Workers: 2
 Concurrent Refinement Workers: 8
 Periodic GC: Disabled

Heap:
 garbage-first heap   total 147456K, used 61559K [0x0000000600000000, 0x0000000800000000)
  region size 4096K, 1 young (4096K), 1 survivors (4096K)
 Metaspace       used 68785K, committed 70784K, reserved 1114112K
  class space    used 10090K, committed 11072K, reserved 1048576K

Heap Regions: E=young(eden), S=young(survivor), O=old, HS=humongous(starts), HC=humongous(continues), CS=collection set, F=free, TAMS=top-at-mark-start, PB=parsable bottom
|   0|0x0000000600000000, 0x0000000600400000, 0x0000000600400000|100%|HS|  |TAMS 0x0000000600000000| PB 0x0000000600000000| Complete 
|   1|0x0000000600400000, 0x0000000600800000, 0x0000000600800000|100%| O|  |TAMS 0x0000000600400000| PB 0x0000000600400000| Untracked 
|   2|0x0000000600800000, 0x0000000600c00000, 0x0000000600c00000|100%| O|  |TAMS 0x0000000600800000| PB 0x0000000600800000| Untracked 
|   3|0x0000000600c00000, 0x0000000600fe9810, 0x0000000601000000| 97%| O|  |TAMS 0x0000000600c00000| PB 0x0000000600c00000| Untracked 
|   4|0x0000000601000000, 0x0000000601400000, 0x0000000601400000|100%| O|  |TAMS 0x0000000601000000| PB 0x0000000601000000| Untracked 
|   5|0x0000000601400000, 0x0000000601800000, 0x0000000601800000|100%|HS|  |TAMS 0x0000000601400000| PB 0x0000000601400000| Complete 
|   6|0x0000000601800000, 0x0000000601c00000, 0x0000000601c00000|100%| O|  |TAMS 0x0000000601800000| PB 0x0000000601800000| Untracked 
|   7|0x0000000601c00000, 0x0000000602000000, 0x0000000602000000|100%| O|  |TAMS 0x0000000601c00000| PB 0x0000000601c00000| Untracked 
|   8|0x0000000602000000, 0x0000000602400000, 0x0000000602400000|100%| O|  |TAMS 0x0000000602000000| PB 0x0000000602000000| Untracked 
|   9|0x0000000602400000, 0x0000000602800000, 0x0000000602800000|100%|HS|  |TAMS 0x0000000602400000| PB 0x0000000602400000| Complete 
|  10|0x0000000602800000, 0x0000000602c00000, 0x0000000602c00000|100%| O|  |TAMS 0x0000000602800000| PB 0x0000000602800000| Untracked 
|  11|0x0000000602c00000, 0x0000000602f89858, 0x0000000603000000| 88%| O|  |TAMS 0x0000000602c00000| PB 0x0000000602c00000| Untracked 
|  12|0x0000000603000000, 0x0000000603000000, 0x0000000603400000|  0%| F|  |TAMS 0x0000000603000000| PB 0x0000000603000000| Untracked 
|  13|0x0000000603400000, 0x0000000603400000, 0x0000000603800000|  0%| F|  |TAMS 0x0000000603400000| PB 0x0000000603400000| Untracked 
|  14|0x0000000603800000, 0x0000000603c00000, 0x0000000603c00000|100%| O|  |TAMS 0x0000000603800000| PB 0x0000000603800000| Untracked 
|  15|0x0000000603c00000, 0x0000000604000000, 0x0000000604000000|100%| O|  |TAMS 0x0000000603c00000| PB 0x0000000603c00000| Untracked 
|  16|0x0000000604000000, 0x0000000604000000, 0x0000000604400000|  0%| F|  |TAMS 0x0000000604000000| PB 0x0000000604000000| Untracked 
|  17|0x0000000604400000, 0x0000000604400000, 0x0000000604800000|  0%| F|  |TAMS 0x0000000604400000| PB 0x0000000604400000| Untracked 
|  18|0x0000000604800000, 0x0000000604800000, 0x0000000604c00000|  0%| F|  |TAMS 0x0000000604800000| PB 0x0000000604800000| Untracked 
|  19|0x0000000604c00000, 0x0000000604c00000, 0x0000000605000000|  0%| F|  |TAMS 0x0000000604c00000| PB 0x0000000604c00000| Untracked 
|  20|0x0000000605000000, 0x0000000605000000, 0x0000000605400000|  0%| F|  |TAMS 0x0000000605000000| PB 0x0000000605000000| Untracked 
|  21|0x0000000605400000, 0x0000000605400000, 0x0000000605800000|  0%| F|  |TAMS 0x0000000605400000| PB 0x0000000605400000| Untracked 
|  22|0x0000000605800000, 0x0000000605800000, 0x0000000605c00000|  0%| F|  |TAMS 0x0000000605800000| PB 0x0000000605800000| Untracked 
|  23|0x0000000605c00000, 0x0000000605c00000, 0x0000000606000000|  0%| F|  |TAMS 0x0000000605c00000| PB 0x0000000605c00000| Untracked 
|  24|0x0000000606000000, 0x0000000606000000, 0x0000000606400000|  0%| F|  |TAMS 0x0000000606000000| PB 0x0000000606000000| Untracked 
|  25|0x0000000606400000, 0x0000000606400000, 0x0000000606800000|  0%| F|  |TAMS 0x0000000606400000| PB 0x0000000606400000| Untracked 
|  26|0x0000000606800000, 0x0000000606800000, 0x0000000606c00000|  0%| F|  |TAMS 0x0000000606800000| PB 0x0000000606800000| Untracked 
|  27|0x0000000606c00000, 0x0000000606c00000, 0x0000000607000000|  0%| F|  |TAMS 0x0000000606c00000| PB 0x0000000606c00000| Untracked 
|  28|0x0000000607000000, 0x0000000607000000, 0x0000000607400000|  0%| F|  |TAMS 0x0000000607000000| PB 0x0000000607000000| Untracked 
|  29|0x0000000607400000, 0x0000000607400000, 0x0000000607800000|  0%| F|  |TAMS 0x0000000607400000| PB 0x0000000607400000| Untracked 
|  30|0x0000000607800000, 0x0000000607800000, 0x0000000607c00000|  0%| F|  |TAMS 0x0000000607800000| PB 0x0000000607800000| Untracked 
|  31|0x0000000607c00000, 0x0000000607c00000, 0x0000000608000000|  0%| F|  |TAMS 0x0000000607c00000| PB 0x0000000607c00000| Untracked 
|  32|0x0000000608000000, 0x0000000608000000, 0x0000000608400000|  0%| F|  |TAMS 0x0000000608000000| PB 0x0000000608000000| Untracked 
|  33|0x0000000608400000, 0x00000006084aadd0, 0x0000000608800000| 16%| S|CS|TAMS 0x0000000608400000| PB 0x0000000608400000| Complete 
|  34|0x0000000608800000, 0x0000000608800000, 0x0000000608c00000|  0%| F|  |TAMS 0x0000000608800000| PB 0x0000000608800000| Untracked 
|2047|0x00000007ffc00000, 0x0000000800000000, 0x0000000800000000|100%| O|  |TAMS 0x00000007ffc00000| PB 0x00000007ffc00000| Untracked 

Card table byte_map: [0x00000276d0c90000,0x00000276d1c90000] _byte_map_base: 0x00000276cdc90000

Marking Bits: (CMBitMap*) 0x00000276aa54c3a0
 Bits: [0x00000276d1c90000, 0x00000276d9c90000)

Polling page: 0x00000276aa560000

Metaspace:

Usage:
  Non-class:     57.32 MB used.
      Class:      9.85 MB used.
       Both:     67.17 MB used.

Virtual space:
  Non-class space:       64.00 MB reserved,      58.31 MB ( 91%) committed,  1 nodes.
      Class space:        1.00 GB reserved,      10.81 MB (  1%) committed,  1 nodes.
             Both:        1.06 GB reserved,      69.12 MB (  6%) committed. 

Chunk freelists:
   Non-Class:  5.41 MB
       Class:  5.23 MB
        Both:  10.63 MB

MaxMetaspaceSize: 4.00 GB
CompressedClassSpaceSize: 1.00 GB
Initial GC threshold: 21.00 MB
Current GC threshold: 97.94 MB
CDS: on
 - commit_granule_bytes: 65536.
 - commit_granule_words: 8192.
 - virtual_space_node_default_size: 8388608.
 - enlarge_chunks_in_place: 1.
 - use_allocation_guard: 0.


Internal statistics:

num_allocs_failed_limit: 9.
num_arena_births: 3690.
num_arena_deaths: 0.
num_vsnodes_births: 2.
num_vsnodes_deaths: 0.
num_space_committed: 1106.
num_space_uncommitted: 0.
num_chunks_returned_to_freelist: 9.
num_chunks_taken_from_freelist: 6979.
num_chunk_merges: 6.
num_chunk_splits: 4519.
num_chunks_enlarged: 2776.
num_inconsistent_stats: 0.

CodeHeap 'non-profiled nmethods': size=259264Kb used=5374Kb max_used=5374Kb free=253889Kb
 bounds [0x00000276bf2e0000, 0x00000276bf820000, 0x00000276cf010000]
CodeHeap 'profiled nmethods': size=259264Kb used=15643Kb max_used=15643Kb free=243620Kb
 bounds [0x00000276af010000, 0x00000276aff60000, 0x00000276bed40000]
CodeHeap 'non-nmethods': size=5760Kb used=2118Kb max_used=2171Kb free=3641Kb
 bounds [0x00000276bed40000, 0x00000276befb0000, 0x00000276bf2e0000]
CodeCache: size=524288Kb, used=23135Kb, max_used=23188Kb, free=501150Kb
 total_blobs=9030, nmethods=8236, adapters=698, full_count=0
Compilation: enabled, stopped_count=0, restarted_count=0

Compilation events (20 events):
Event: 12889.726 Thread 0x00000276dbfed930 8995       4       jdk.internal.org.objectweb.asm.MethodWriter::visitFieldInsn (258 bytes)
Event: 12889.747 Thread 0x00000276dbfed930 nmethod 8995 0x00000276bf814a10 code [0x00000276bf814c20, 0x00000276bf815150]
Event: 12889.852 Thread 0x00000276dbff2b40 8996       3       org.codehaus.groovy.runtime.StackTraceUtils::isApplicationClass (84 bytes)
Event: 12889.858 Thread 0x00000276dbff2b40 nmethod 8996 0x00000276aff55e90 code [0x00000276aff560e0, 0x00000276aff56aa0]
Event: 12889.882 Thread 0x00000276dbfed930 8997       4       org.gradle.internal.dispatch.ReflectionDispatch::dispatch (9 bytes)
Event: 12889.937 Thread 0x00000276dbfed930 nmethod 8997 0x00000276bf815610 code [0x00000276bf815a40, 0x00000276bf817300]
Event: 12890.457 Thread 0x00000276dbfed930 8998   !   4       org.gradle.internal.dispatch.ReflectionDispatch::dispatch (42 bytes)
Event: 12890.495 Thread 0x00000276dbfed930 nmethod 8998 0x00000276bf818910 code [0x00000276bf818d40, 0x00000276bf81a5f8]
Event: 12890.496 Thread 0x00000276dbfed930 8999       4       java.util.ArrayList::sort (45 bytes)
Event: 12890.499 Thread 0x00000276dbfed930 nmethod 8999 0x00000276bf81bc10 code [0x00000276bf81bdc0, 0x00000276bf81bf50]
Event: 12890.515 Thread 0x00000276dbfed930 9000       4       org.gradle.internal.dispatch.ProxyDispatchAdapter$DispatchingInvocationHandler::invoke (184 bytes)
Event: 12890.536 Thread 0x00000276dbfed930 nmethod 9000 0x00000276bf81c110 code [0x00000276bf81c340, 0x00000276bf81cb28]
Event: 12894.764 Thread 0x00000276dbfed930 9001       4       java.util.regex.Pattern::atom (422 bytes)
Event: 12898.985 Thread 0x00000276dbfed930 nmethod 9001 0x00000276bf81cf90 code [0x00000276bf81d200, 0x00000276bf81ddb0]
Event: 12898.985 Thread 0x00000276dbfed930 9002       4       java.security.SecureClassLoader::getProtectionDomain (37 bytes)
Event: 12900.201 Thread 0x00000276dbfed930 nmethod 9002 0x00000276bf81e690 code [0x00000276bf81e860, 0x00000276bf81eaa8]
Event: 12900.201 Thread 0x00000276dbfed930 9003       4       java.util.LinkedList::addAll (182 bytes)
Event: 12901.525 Thread 0x00000276dbfed930 nmethod 9003 0x00000276bf81ec90 code [0x00000276bf81ee60, 0x00000276bf81f658]
Event: 12901.525 Thread 0x00000276dbfed930 9004       4       java.util.regex.Pattern::sequence (647 bytes)
Event: 12906.543 Thread 0x00000276dbff2b40 9007       3       org.gradle.launcher.daemon.context.DaemonCompatibilitySpec::whyUnsatisfied (162 bytes)

GC Heap History (20 events):
Event: 110.913 GC heap after
{Heap after GC invocations=11 (full 0):
 garbage-first heap   total 147456K, used 34841K [0x0000000600000000, 0x0000000800000000)
  region size 4096K, 2 young (8192K), 2 survivors (8192K)
 Metaspace       used 41411K, committed 42944K, reserved 1114112K
  class space    used 6034K, committed 6784K, reserved 1048576K
}
Event: 147.310 GC heap before
{Heap before GC invocations=11 (full 0):
 garbage-first heap   total 147456K, used 112665K [0x0000000600000000, 0x0000000800000000)
  region size 4096K, 21 young (86016K), 2 survivors (8192K)
 Metaspace       used 47194K, committed 48896K, reserved 1114112K
  class space    used 6978K, committed 7808K, reserved 1048576K
}
Event: 147.335 GC heap after
{Heap after GC invocations=12 (full 0):
 garbage-first heap   total 147456K, used 37290K [0x0000000600000000, 0x0000000800000000)
  region size 4096K, 2 young (8192K), 2 survivors (8192K)
 Metaspace       used 47194K, committed 48896K, reserved 1114112K
  class space    used 6978K, committed 7808K, reserved 1048576K
}
Event: 244.261 GC heap before
{Heap before GC invocations=12 (full 0):
 garbage-first heap   total 147456K, used 115114K [0x0000000600000000, 0x0000000800000000)
  region size 4096K, 21 young (86016K), 2 survivors (8192K)
 Metaspace       used 51435K, committed 53248K, reserved 1114112K
  class space    used 7631K, committed 8512K, reserved 1048576K
}
Event: 244.421 GC heap after
{Heap after GC invocations=13 (full 0):
 garbage-first heap   total 147456K, used 40563K [0x0000000600000000, 0x0000000800000000)
  region size 4096K, 3 young (12288K), 3 survivors (12288K)
 Metaspace       used 51435K, committed 53248K, reserved 1114112K
  class space    used 7631K, committed 8512K, reserved 1048576K
}
Event: 312.679 GC heap before
{Heap before GC invocations=13 (full 0):
 garbage-first heap   total 147456K, used 106099K [0x0000000600000000, 0x0000000800000000)
  region size 4096K, 20 young (81920K), 3 survivors (12288K)
 Metaspace       used 58232K, committed 60096K, reserved 1114112K
  class space    used 8580K, committed 9536K, reserved 1048576K
}
Event: 312.813 GC heap after
{Heap after GC invocations=14 (full 0):
 garbage-first heap   total 147456K, used 50799K [0x0000000600000000, 0x0000000800000000)
  region size 4096K, 3 young (12288K), 3 survivors (12288K)
 Metaspace       used 58232K, committed 60096K, reserved 1114112K
  class space    used 8580K, committed 9536K, reserved 1048576K
}
Event: 334.140 GC heap before
{Heap before GC invocations=15 (full 0):
 garbage-first heap   total 147456K, used 128623K [0x0000000600000000, 0x0000000800000000)
  region size 4096K, 21 young (86016K), 3 survivors (12288K)
 Metaspace       used 63456K, committed 65344K, reserved 1114112K
  class space    used 9329K, committed 10240K, reserved 1048576K
}
Event: 334.266 GC heap after
{Heap after GC invocations=16 (full 0):
 garbage-first heap   total 147456K, used 58270K [0x0000000600000000, 0x0000000800000000)
  region size 4096K, 3 young (12288K), 3 survivors (12288K)
 Metaspace       used 63456K, committed 65344K, reserved 1114112K
  class space    used 9329K, committed 10240K, reserved 1048576K
}
Event: 377.586 GC heap before
{Heap before GC invocations=16 (full 0):
 garbage-first heap   total 147456K, used 123806K [0x0000000600000000, 0x0000000800000000)
  region size 4096K, 20 young (81920K), 3 survivors (12288K)
 Metaspace       used 67685K, committed 69632K, reserved 1114112K
  class space    used 9924K, committed 10880K, reserved 1048576K
}
Event: 377.653 GC heap after
{Heap after GC invocations=17 (full 0):
 garbage-first heap   total 147456K, used 62003K [0x0000000600000000, 0x0000000800000000)
  region size 4096K, 2 young (8192K), 2 survivors (8192K)
 Metaspace       used 67685K, committed 69632K, reserved 1114112K
  class space    used 9924K, committed 10880K, reserved 1048576K
}
Event: 12862.956 GC heap before
{Heap before GC invocations=17 (full 0):
 garbage-first heap   total 147456K, used 127539K [0x0000000600000000, 0x0000000800000000)
  region size 4096K, 19 young (77824K), 2 survivors (8192K)
 Metaspace       used 68600K, committed 70592K, reserved 1114112K
  class space    used 10062K, committed 11072K, reserved 1048576K
}
Event: 12863.149 GC heap after
{Heap after GC invocations=18 (full 0):
 garbage-first heap   total 147456K, used 62658K [0x0000000600000000, 0x0000000800000000)
  region size 4096K, 2 young (8192K), 2 survivors (8192K)
 Metaspace       used 68600K, committed 70592K, reserved 1114112K
  class space    used 10062K, committed 11072K, reserved 1048576K
}
Event: 12902.071 GC heap before
{Heap before GC invocations=18 (full 0):
 garbage-first heap   total 147456K, used 128194K [0x0000000600000000, 0x0000000800000000)
  region size 4096K, 18 young (73728K), 2 survivors (8192K)
 Metaspace       used 68780K, committed 70784K, reserved 1114112K
  class space    used 10090K, committed 11072K, reserved 1048576K
}
Event: 12906.260 GC heap after
{Heap after GC invocations=19 (full 0):
 garbage-first heap   total 147456K, used 61745K [0x0000000600000000, 0x0000000800000000)
  region size 4096K, 1 young (4096K), 1 survivors (4096K)
 Metaspace       used 68780K, committed 70784K, reserved 1114112K
  class space    used 10090K, committed 11072K, reserved 1048576K
}
Event: 12907.226 GC heap before
{Heap before GC invocations=19 (full 0):
 garbage-first heap   total 147456K, used 65841K [0x0000000600000000, 0x0000000800000000)
  region size 4096K, 2 young (8192K), 1 survivors (4096K)
 Metaspace       used 68782K, committed 70784K, reserved 1114112K
  class space    used 10090K, committed 11072K, reserved 1048576K
}
Event: 12911.301 GC heap after
{Heap after GC invocations=20 (full 0):
 garbage-first heap   total 147456K, used 61900K [0x0000000600000000, 0x0000000800000000)
  region size 4096K, 1 young (4096K), 1 survivors (4096K)
 Metaspace       used 68782K, committed 70784K, reserved 1114112K
  class space    used 10090K, committed 11072K, reserved 1048576K
}
Event: 12912.706 GC heap before
{Heap before GC invocations=20 (full 0):
 garbage-first heap   total 147456K, used 65996K [0x0000000600000000, 0x0000000800000000)
  region size 4096K, 2 young (8192K), 1 survivors (4096K)
 Metaspace       used 68785K, committed 70784K, reserved 1114112K
  class space    used 10090K, committed 11072K, reserved 1048576K
}
Event: 12913.475 GC heap after
{Heap after GC invocations=21 (full 0):
 garbage-first heap   total 147456K, used 61635K [0x0000000600000000, 0x0000000800000000)
  region size 4096K, 1 young (4096K), 1 survivors (4096K)
 Metaspace       used 68785K, committed 70784K, reserved 1114112K
  class space    used 10090K, committed 11072K, reserved 1048576K
}
Event: 12914.037 GC heap before
{Heap before GC invocations=21 (full 0):
 garbage-first heap   total 147456K, used 65731K [0x0000000600000000, 0x0000000800000000)
  region size 4096K, 2 young (8192K), 1 survivors (4096K)
 Metaspace       used 68785K, committed 70784K, reserved 1114112K
  class space    used 10090K, committed 11072K, reserved 1048576K
}

Dll operation events (20 events):
Event: 1.074 Attempting to load shared library C:\Users\badya\.vscode\extensions\redhat.java-1.56.0-win32-x64\jre\21.0.12.1-win32-x86_64\bin\zip.dll
Event: 1.074 Loaded shared library C:\Users\badya\.vscode\extensions\redhat.java-1.56.0-win32-x64\jre\21.0.12.1-win32-x86_64\bin\zip.dll
Event: 3.306 Attempting to load shared library C:\Users\badya\.vscode\extensions\redhat.java-1.56.0-win32-x64\jre\21.0.12.1-win32-x86_64\bin\jimage.dll
Event: 3.306 Loaded shared library C:\Users\badya\.vscode\extensions\redhat.java-1.56.0-win32-x64\jre\21.0.12.1-win32-x86_64\bin\jimage.dll
Event: 5.785 Attempting to load shared library C:\Users\badya\.vscode\extensions\redhat.java-1.56.0-win32-x64\jre\21.0.12.1-win32-x86_64\bin\verify.dll
Event: 5.928 Loaded shared library C:\Users\badya\.vscode\extensions\redhat.java-1.56.0-win32-x64\jre\21.0.12.1-win32-x86_64\bin\verify.dll
Event: 8.132 Attempting to load shared library C:\Users\badya\.gradle\native\1def1411415f61bf3af743bc5b6707747c0891f09f0c88961ee8f79bc544acac\windows-amd64\native-platform.dll
Event: 8.178 Loaded shared library C:\Users\badya\.gradle\native\1def1411415f61bf3af743bc5b6707747c0891f09f0c88961ee8f79bc544acac\windows-amd64\native-platform.dll
Event: 8.258 Attempting to load shared library C:\Users\badya\.gradle\native\0.2.5\x86_64-windows-gnu\gradle-fileevents.dll
Event: 8.295 Loaded shared library C:\Users\badya\.gradle\native\0.2.5\x86_64-windows-gnu\gradle-fileevents.dll
Event: 24.088 Attempting to load shared library C:\Users\badya\.vscode\extensions\redhat.java-1.56.0-win32-x64\jre\21.0.12.1-win32-x86_64\bin\management.dll
Event: 24.299 Loaded shared library C:\Users\badya\.vscode\extensions\redhat.java-1.56.0-win32-x64\jre\21.0.12.1-win32-x86_64\bin\management.dll
Event: 24.476 Attempting to load shared library C:\Users\badya\.vscode\extensions\redhat.java-1.56.0-win32-x64\jre\21.0.12.1-win32-x86_64\bin\management_ext.dll
Event: 24.645 Loaded shared library C:\Users\badya\.vscode\extensions\redhat.java-1.56.0-win32-x64\jre\21.0.12.1-win32-x86_64\bin\management_ext.dll
Event: 30.104 Attempting to load shared library C:\Users\badya\.vscode\extensions\redhat.java-1.56.0-win32-x64\jre\21.0.12.1-win32-x86_64\bin\extnet.dll
Event: 30.106 Loaded shared library C:\Users\badya\.vscode\extensions\redhat.java-1.56.0-win32-x64\jre\21.0.12.1-win32-x86_64\bin\extnet.dll
Event: 33.153 Attempting to load shared library C:\Users\badya\.vscode\extensions\redhat.java-1.56.0-win32-x64\jre\21.0.12.1-win32-x86_64\bin\sunmscapi.dll
Event: 33.219 Loaded shared library C:\Users\badya\.vscode\extensions\redhat.java-1.56.0-win32-x64\jre\21.0.12.1-win32-x86_64\bin\sunmscapi.dll
Event: 51.671 Attempting to load shared library C:\Users\badya\AppData\Local\Temp\native-platform9861125316127931537dir\gradle-fileevents.dll
Event: 52.052 Loaded shared library C:\Users\badya\AppData\Local\Temp\native-platform9861125316127931537dir\gradle-fileevents.dll

Deoptimization events (20 events):
Event: 12881.765 Thread 0x0000027722a6c420 Uncommon trap: trap_request=0xffffffd6 fr.pc=0x00000276bf80e908 relative=0x00000000000005a8
Event: 12881.765 Thread 0x0000027722a6c420 Uncommon trap: reason=array_check action=maybe_recompile pc=0x00000276bf80e908 method=java.util.concurrent.ScheduledThreadPoolExecutor$DelayedWorkQueue.offer(Ljava/lang/Runnable;)Z @ 65 c2
Event: 12881.765 Thread 0x0000027722a6c420 DEOPT PACKING pc=0x00000276bf80e908 sp=0x0000007e2c5fee00
Event: 12881.765 Thread 0x0000027722a6c420 DEOPT UNPACKING pc=0x00000276bed97ba2 sp=0x0000007e2c5fecc0 mode 2
Event: 12881.791 Thread 0x0000027722a6c420 Uncommon trap: trap_request=0xffffffd6 fr.pc=0x00000276bf80e908 relative=0x00000000000005a8
Event: 12881.791 Thread 0x0000027722a6c420 Uncommon trap: reason=array_check action=maybe_recompile pc=0x00000276bf80e908 method=java.util.concurrent.ScheduledThreadPoolExecutor$DelayedWorkQueue.offer(Ljava/lang/Runnable;)Z @ 65 c2
Event: 12881.791 Thread 0x0000027722a6c420 DEOPT PACKING pc=0x00000276bf80e908 sp=0x0000007e2c5fee00
Event: 12881.791 Thread 0x0000027722a6c420 DEOPT UNPACKING pc=0x00000276bed97ba2 sp=0x0000007e2c5fecc0 mode 2
Event: 12881.792 Thread 0x0000027722a6c420 Uncommon trap: trap_request=0xffffffd6 fr.pc=0x00000276bf80e908 relative=0x00000000000005a8
Event: 12881.792 Thread 0x0000027722a6c420 Uncommon trap: reason=array_check action=maybe_recompile pc=0x00000276bf80e908 method=java.util.concurrent.ScheduledThreadPoolExecutor$DelayedWorkQueue.offer(Ljava/lang/Runnable;)Z @ 65 c2
Event: 12881.792 Thread 0x0000027722a6c420 DEOPT PACKING pc=0x00000276bf80e908 sp=0x0000007e2c5fee00
Event: 12881.792 Thread 0x0000027722a6c420 DEOPT UNPACKING pc=0x00000276bed97ba2 sp=0x0000007e2c5fecc0 mode 2
Event: 12881.792 Thread 0x0000027722a6c420 Uncommon trap: trap_request=0xffffffd6 fr.pc=0x00000276bf80fa0c relative=0x00000000000005ac
Event: 12881.792 Thread 0x0000027722a6c420 Uncommon trap: reason=array_check action=maybe_recompile pc=0x00000276bf80fa0c method=java.util.concurrent.ScheduledThreadPoolExecutor$DelayedWorkQueue.offer(Ljava/lang/Runnable;)Z @ 65 c2
Event: 12881.792 Thread 0x0000027722a6c420 DEOPT PACKING pc=0x00000276bf80fa0c sp=0x0000007e2c5fed50
Event: 12881.792 Thread 0x0000027722a6c420 DEOPT UNPACKING pc=0x00000276bed97ba2 sp=0x0000007e2c5fece0 mode 2
Event: 12889.191 Thread 0x00000277227735e0 Uncommon trap: trap_request=0xffffffde fr.pc=0x00000276bf736cdc relative=0x000000000000029c
Event: 12889.191 Thread 0x00000277227735e0 Uncommon trap: reason=class_check action=maybe_recompile pc=0x00000276bf736cdc method=java.util.Comparator.lambda$comparing$77a9974f$1(Ljava/util/function/Function;Ljava/lang/Object;Ljava/lang/Object;)I @ 7 c2
Event: 12889.192 Thread 0x00000277227735e0 DEOPT PACKING pc=0x00000276bf736cdc sp=0x0000007e2cbfc260
Event: 12889.192 Thread 0x00000277227735e0 DEOPT UNPACKING pc=0x00000276bed97ba2 sp=0x0000007e2cbfc178 mode 2

Classes loaded (20 events):
Event: 376.038 Loading class java/lang/invoke/BoundMethodHandle$Species_LI
Event: 376.038 Loading class java/lang/invoke/BoundMethodHandle$Species_LI done
Event: 377.066 Loading class java/util/Comparators$NaturalOrderComparator
Event: 377.066 Loading class java/util/Comparators$NaturalOrderComparator done
Event: 441.442 Loading class java/lang/StackTraceElement$HashedModules
Event: 441.450 Loading class java/lang/StackTraceElement$HashedModules done
Event: 445.389 Loading class java/io/SerialCallbackContext
Event: 445.426 Loading class java/io/SerialCallbackContext done
Event: 446.122 Loading class java/io/ObjectStreamClass$ExceptionInfo
Event: 446.138 Loading class java/io/ObjectStreamClass$ExceptionInfo done
Event: 446.596 Loading class java/util/HashMap$UnsafeHolder
Event: 446.603 Loading class java/util/HashMap$UnsafeHolder done
Event: 449.361 Loading class sun/reflect/misc/MethodUtil
Event: 449.369 Loading class sun/reflect/misc/MethodUtil done
Event: 449.408 Loading class sun/reflect/misc/MethodUtil$1
Event: 449.409 Loading class sun/reflect/misc/MethodUtil$1 done
Event: 12876.153 Loading class java/util/logging/LogRecord
Event: 12879.781 Loading class java/util/logging/LogRecord done
Event: 12889.953 Loading class java/util/concurrent/ConcurrentHashMap$EntrySpliterator
Event: 12890.039 Loading class java/util/concurrent/ConcurrentHashMap$EntrySpliterator done

Classes unloaded (0 events):
No events

Classes redefined (0 events):
No events

Internal exceptions (20 events):
Event: 334.455 Thread 0x00000277227735e0 Exception <a 'java/lang/ClassNotFoundException'{0x00000006089563b0}: org/jetbrains/kotlin/gradle/targets/js/npm/DefaultDevNpmDependencyExtensionCustomizer> (0x00000006089563b0) 
thrown [s\src\hotspot\share\classfile\systemDictionary.cpp, line 313]
Event: 334.481 Thread 0x00000277227735e0 Exception <a 'java/lang/ClassNotFoundException'{0x00000006089acc20}: org/jetbrains/kotlin/gradle/targets/js/npm/DefaultPeerNpmDependencyExtensionBeanInfo> (0x00000006089acc20) 
thrown [s\src\hotspot\share\classfile\systemDictionary.cpp, line 313]
Event: 334.482 Thread 0x00000277227735e0 Exception <a 'java/lang/ClassNotFoundException'{0x00000006089bba80}: org/jetbrains/kotlin/gradle/targets/js/npm/DefaultPeerNpmDependencyExtensionCustomizer> (0x00000006089bba80) 
thrown [s\src\hotspot\share\classfile\systemDictionary.cpp, line 313]
Event: 334.497 Thread 0x00000277227735e0 Exception <a 'java/lang/ClassNotFoundException'{0x0000000608a1f0d0}: org/jetbrains/kotlin/gradle/targets/js/npm/DefaultPeerNpmDependencyExtension$delegate$1BeanInfo> (0x0000000608a1f0d0) 
thrown [s\src\hotspot\share\classfile\systemDictionary.cpp, line 313]
Event: 334.498 Thread 0x00000277227735e0 Exception <a 'java/lang/ClassNotFoundException'{0x0000000608a2e020}: org/jetbrains/kotlin/gradle/targets/js/npm/DefaultPeerNpmDependencyExtension$delegate$1Customizer> (0x0000000608a2e020) 
thrown [s\src\hotspot\share\classfile\systemDictionary.cpp, line 313]
Event: 337.412 Thread 0x00000277227735e0 Exception <a 'java/lang/NoSuchMethodError'{0x0000000607f433c8}: 'int java.lang.invoke.DirectMethodHandle$Holder.invokeSpecialIFC(java.lang.Object, java.lang.Object, java.lang.Object, java.lang.Object, java.lang.Object)'> (0x0000000607f433c8) 
thrown [s\src\hotspot\share\interpreter\linkResolver.cpp, line 773]
Event: 373.170 Thread 0x00000277227735e0 Exception <a 'java/lang/NoSuchMethodError'{0x000000060523d4b8}: 'void java.lang.invoke.DirectMethodHandle$Holder.invokeInterface(java.lang.Object, java.lang.Object, java.lang.Object, java.lang.Object)'> (0x000000060523d4b8) 
thrown [s\src\hotspot\share\interpreter\linkResolver.cpp, line 773]
Event: 376.033 Thread 0x00000277227735e0 Implicit null exception at 0x00000276bf44cbf2 to 0x00000276bf44ce70
Event: 376.035 Thread 0x00000277227735e0 Exception <a 'java/lang/NoSuchMethodError'{0x00000006049e5a30}: 'int java.lang.invoke.DirectMethodHandle$Holder.invokeSpecial(java.lang.Object, java.lang.Object, java.lang.Object, int)'> (0x00000006049e5a30) 
thrown [s\src\hotspot\share\interpreter\linkResolver.cpp, line 773]
Event: 376.055 Thread 0x00000277227735e0 Exception <a 'java/lang/NoSuchMethodError'{0x00000006049f6670}: 'java.lang.Object java.lang.invoke.DirectMethodHandle$Holder.invokeStatic(java.lang.Object, java.lang.Object, java.lang.Object, java.lang.Object, int)'> (0x00000006049f6670) 
thrown [s\src\hotspot\share\interpreter\linkResolver.cpp, line 773]
Event: 378.090 Thread 0x00000277227735e0 Implicit null exception at 0x00000276bf75c539 to 0x00000276bf762fc0
Event: 445.230 Thread 0x00000277227735e0 Exception <a 'java/lang/NoSuchMethodError'{0x0000000608196808}: static Ljava/lang/Object;.<clinit>()V> (0x0000000608196808) 
thrown [s\src\hotspot\share\prims\jni.cpp, line 1111]
Event: 445.984 Thread 0x00000277227735e0 Exception <a 'java/lang/NoSuchMethodError'{0x00000006081c6260}: static Lorg/jetbrains/kotlin/gradle/plugin/statistics/MetricContainer;.<clinit>()V> (0x00000006081c6260) 
thrown [s\src\hotspot\share\prims\jni.cpp, line 1111]
Event: 449.569 Thread 0x00000277227735e0 Implicit null exception at 0x00000276bf37f287 to 0x00000276bf37f318
Event: 449.572 Thread 0x00000277227735e0 Implicit null exception at 0x00000276bf3dc853 to 0x00000276bf3dd2d0
Event: 449.787 Thread 0x00000277227735e0 Exception <a 'java/lang/NoSuchMethodError'{0x0000000607c23080}: 'long java.lang.invoke.DelegatingMethodHandle$Holder.reinvoke_L(java.lang.Object, java.lang.Object)'> (0x0000000607c23080) 
thrown [s\src\hotspot\share\interpreter\linkResolver.cpp, line 773]
Event: 12845.095 Thread 0x000002772280f700 Implicit null exception at 0x00000276bf33aea0 to 0x00000276bf33b56c
Event: 12889.550 Thread 0x00000277227735e0 Exception <a 'java/lang/NoSuchMethodError'{0x0000000608b03e00}: 'void java.lang.invoke.DirectMethodHandle$Holder.invokeInterface(java.lang.Object, java.lang.Object, java.lang.Object, int)'> (0x0000000608b03e00) 
thrown [s\src\hotspot\share\interpreter\linkResolver.cpp, line 773]
Event: 12889.612 Thread 0x00000277227735e0 Exception <a 'java/lang/IncompatibleClassChangeError'{0x0000000608b07978}: Found class java.lang.Object, but interface was expected> (0x0000000608b07978) 
thrown [s\src\hotspot\share\interpreter\linkResolver.cpp, line 840]
Event: 12889.674 Thread 0x00000277227735e0 Exception <a 'java/lang/NoSuchMethodError'{0x0000000608b0bda8}: 'void java.lang.invoke.DelegatingMethodHandle$Holder.reinvoke_L(java.lang.Object, java.lang.Object, java.lang.Object, int)'> (0x0000000608b0bda8) 
thrown [s\src\hotspot\share\interpreter\linkResolver.cpp, line 773]

ZGC Phase Switch (0 events):
No events

VM Operations (20 events):
Event: 12880.955 Executing safepoint VM operation: Cleanup done
Event: 12881.964 Executing safepoint VM operation: Cleanup
Event: 12882.232 Executing safepoint VM operation: Cleanup done
Event: 12883.236 Executing safepoint VM operation: Cleanup
Event: 12883.519 Executing safepoint VM operation: Cleanup done
Event: 12886.584 Executing safepoint VM operation: Cleanup
Event: 12887.430 Executing safepoint VM operation: Cleanup done
Event: 12888.448 Executing safepoint VM operation: Cleanup
Event: 12889.039 Executing safepoint VM operation: Cleanup done
Event: 12890.054 Executing safepoint VM operation: Cleanup
Event: 12890.457 Executing safepoint VM operation: Cleanup done
Event: 12891.459 Executing safepoint VM operation: Cleanup
Event: 12891.913 Executing safepoint VM operation: Cleanup done
Event: 12901.949 Executing safepoint VM operation: G1CollectForAllocation (G1 Evacuation Pause)
Event: 12906.260 Executing safepoint VM operation: G1CollectForAllocation (G1 Evacuation Pause) done
Event: 12906.549 Executing safepoint VM operation: G1CollectForAllocation (G1 Evacuation Pause)
Event: 12911.301 Executing safepoint VM operation: G1CollectForAllocation (G1 Evacuation Pause) done
Event: 12912.167 Executing safepoint VM operation: G1CollectForAllocation (G1 Evacuation Pause)
Event: 12913.475 Executing safepoint VM operation: G1CollectForAllocation (G1 Evacuation Pause) done
Event: 12913.483 Executing safepoint VM operation: G1CollectForAllocation (G1 Evacuation Pause)

Memory protections (0 events):
No events

Nmethod flushes (20 events):
Event: 313.539 Thread 0x00000276dbfbfd60 flushing  nmethod 0x00000276af386210
Event: 313.539 Thread 0x00000276dbfbfd60 flushing  nmethod 0x00000276af392010
Event: 313.539 Thread 0x00000276dbfbfd60 flushing  nmethod 0x00000276af393190
Event: 313.539 Thread 0x00000276dbfbfd60 flushing  nmethod 0x00000276af395810
Event: 313.539 Thread 0x00000276dbfbfd60 flushing  nmethod 0x00000276af398d90
Event: 313.539 Thread 0x00000276dbfbfd60 flushing  nmethod 0x00000276af3b0d90
Event: 313.539 Thread 0x00000276dbfbfd60 flushing  nmethod 0x00000276af3df810
Event: 313.539 Thread 0x00000276dbfbfd60 flushing  nmethod 0x00000276af3e7090
Event: 313.539 Thread 0x00000276dbfbfd60 flushing  nmethod 0x00000276af3e7910
Event: 313.539 Thread 0x00000276dbfbfd60 flushing  nmethod 0x00000276af3e9010
Event: 313.540 Thread 0x00000276dbfbfd60 flushing  nmethod 0x00000276af477b90
Event: 313.540 Thread 0x00000276dbfbfd60 flushing  nmethod 0x00000276af47a510
Event: 313.540 Thread 0x00000276dbfbfd60 flushing  nmethod 0x00000276af47ce10
Event: 313.540 Thread 0x00000276dbfbfd60 flushing  nmethod 0x00000276af539a10
Event: 313.540 Thread 0x00000276dbfbfd60 flushing  nmethod 0x00000276af711d90
Event: 313.540 Thread 0x00000276dbfbfd60 flushing  nmethod 0x00000276af761b90
Event: 313.540 Thread 0x00000276dbfbfd60 flushing  nmethod 0x00000276af7bcb90
Event: 313.540 Thread 0x00000276dbfbfd60 flushing  nmethod 0x00000276af7bd090
Event: 313.540 Thread 0x00000276dbfbfd60 flushing  nmethod 0x00000276af7be710
Event: 313.540 Thread 0x00000276dbfbfd60 flushing  nmethod 0x00000276af7f1c90

Events (20 events):
Event: 198.790 Thread 0x00000277227735e0 Thread added: 0x0000027724ec9a00
Event: 198.800 Thread 0x00000277227735e0 Thread added: 0x00000277256500d0
Event: 198.986 Thread 0x00000277227735e0 Thread added: 0x0000027725650760
Event: 199.001 Thread 0x00000277227735e0 Thread added: 0x000002772564fa40
Event: 199.015 Thread 0x00000277227735e0 Thread added: 0x000002772564f3b0
Event: 199.111 Thread 0x00000277227735e0 Thread added: 0x0000027725650df0
Event: 203.388 Thread 0x00000277227735e0 Thread added: 0x0000027725651480
Event: 203.399 Thread 0x00000277227735e0 Thread added: 0x0000027725651b10
Event: 203.407 Thread 0x00000277227735e0 Thread added: 0x000002772564e690
Event: 203.412 Thread 0x00000277227735e0 Thread added: 0x00000277256521a0
Event: 203.415 Thread 0x00000277227735e0 Thread added: 0x000002772564ed20
Event: 203.417 Thread 0x00000277227735e0 Thread added: 0x0000027725654900
Event: 203.419 Thread 0x00000277227735e0 Thread added: 0x0000027725652ec0
Event: 239.763 Thread 0x00000277227735e0 Thread added: 0x0000027725654270
Event: 316.179 Thread 0x00000277227735e0 Thread added: 0x0000027725652830
Event: 440.944 Thread 0x0000027722d12420 Thread exited: 0x0000027722d12420
Event: 443.624 Thread 0x0000027722d11070 Thread added: 0x00000277266d44f0
Event: 12860.448 Thread 0x00000277266d44f0 Thread exited: 0x00000277266d44f0
Event: 12868.034 Thread 0x0000027725652830 Thread exited: 0x0000027725652830
Event: 12889.075 Thread 0x0000027722d11070 Thread added: 0x00000277266d44f0


Dynamic libraries:
0x00007ff789510000 - 0x00007ff78951e000 	C:\Users\badya\.vscode\extensions\redhat.java-1.56.0-win32-x64\jre\21.0.12.1-win32-x86_64\bin\java.exe
0x00007ffdee340000 - 0x00007ffdee5a7000 	C:\WINDOWS\SYSTEM32\ntdll.dll
0x00007ffdecda0000 - 0x00007ffdece6b000 	C:\WINDOWS\System32\KERNEL32.DLL
0x00007ffdebb20000 - 0x00007ffdebf22000 	C:\WINDOWS\System32\KERNELBASE.dll
0x00007ffdeb740000 - 0x00007ffdeb88c000 	C:\WINDOWS\System32\ucrtbase.dll
0x00007ffdc1590000 - 0x00007ffdc15a8000 	C:\Users\badya\.vscode\extensions\redhat.java-1.56.0-win32-x64\jre\21.0.12.1-win32-x86_64\bin\jli.dll
0x00007ffdec0f0000 - 0x00007ffdec2bf000 	C:\WINDOWS\System32\USER32.dll
0x00007ffdeb8a0000 - 0x00007ffdeb8c7000 	C:\WINDOWS\System32\win32u.dll
0x00007ffded360000 - 0x00007ffded38b000 	C:\WINDOWS\System32\GDI32.dll
0x00007ffdebf30000 - 0x00007ffdec059000 	C:\WINDOWS\System32\gdi32full.dll
0x00007ffdeb690000 - 0x00007ffdeb733000 	C:\WINDOWS\System32\msvcp_win.dll
0x00007ffdc49f0000 - 0x00007ffdc4a0e000 	C:\Users\badya\.vscode\extensions\redhat.java-1.56.0-win32-x64\jre\21.0.12.1-win32-x86_64\bin\VCRUNTIME140.dll
0x00007ffdd11d0000 - 0x00007ffdd1460000 	C:\WINDOWS\WinSxS\amd64_microsoft.windows.common-controls_6595b64144ccf1df_6.0.26100.9278_none_3e0d1ba8e3303201\COMCTL32.dll
0x00007ffded3a0000 - 0x00007ffded449000 	C:\WINDOWS\System32\msvcrt.dll
0x00007ffdec0b0000 - 0x00007ffdec0e1000 	C:\WINDOWS\System32\IMM32.DLL
0x00007ffdd6850000 - 0x00007ffdd685c000 	C:\Users\badya\.vscode\extensions\redhat.java-1.56.0-win32-x64\jre\21.0.12.1-win32-x86_64\bin\vcruntime140_1.dll
0x00007ffd85180000 - 0x00007ffd8520d000 	C:\Users\badya\.vscode\extensions\redhat.java-1.56.0-win32-x64\jre\21.0.12.1-win32-x86_64\bin\msvcp140.dll
0x00007ffd269e0000 - 0x00007ffd27782000 	C:\Users\badya\.vscode\extensions\redhat.java-1.56.0-win32-x64\jre\21.0.12.1-win32-x86_64\bin\server\jvm.dll
0x00007ffdec2d0000 - 0x00007ffdec38c000 	C:\WINDOWS\System32\ADVAPI32.dll
0x00007ffded0e0000 - 0x00007ffded189000 	C:\WINDOWS\System32\sechost.dll
0x00007ffdec9a0000 - 0x00007ffdecab8000 	C:\WINDOWS\System32\RPCRT4.dll
0x00007ffdec580000 - 0x00007ffdec600000 	C:\WINDOWS\System32\WS2_32.dll
0x00007ffdeb3a0000 - 0x00007ffdeb3fe000 	C:\WINDOWS\SYSTEM32\POWRPROF.dll
0x00007ffdd1db0000 - 0x00007ffdd1de6000 	C:\WINDOWS\SYSTEM32\WINMM.dll
0x00007ffdd9690000 - 0x00007ffdd969b000 	C:\WINDOWS\SYSTEM32\VERSION.dll
0x00007ffdeb380000 - 0x00007ffdeb395000 	C:\WINDOWS\SYSTEM32\UMPDC.dll
0x00007ffdea210000 - 0x00007ffdea22b000 	C:\WINDOWS\SYSTEM32\kernel.appcore.dll
0x00007ffdd67e0000 - 0x00007ffdd67ea000 	C:\Users\badya\.vscode\extensions\redhat.java-1.56.0-win32-x64\jre\21.0.12.1-win32-x86_64\bin\jimage.dll
0x00007ffde8a30000 - 0x00007ffde8c7c000 	C:\WINDOWS\SYSTEM32\DBGHELP.DLL
0x00007ffdec610000 - 0x00007ffdec995000 	C:\WINDOWS\System32\combase.dll
0x00007ffded190000 - 0x00007ffded269000 	C:\WINDOWS\System32\OLEAUT32.dll
0x00007ffdd2e80000 - 0x00007ffdd2ebb000 	C:\WINDOWS\SYSTEM32\dbgcore.DLL
0x00007ffdeba60000 - 0x00007ffdebb0c000 	C:\WINDOWS\System32\bcryptPrimitives.dll
0x00007ffdc8ed0000 - 0x00007ffdc8edf000 	C:\Users\badya\.vscode\extensions\redhat.java-1.56.0-win32-x64\jre\21.0.12.1-win32-x86_64\bin\instrument.dll
0x00007ffdc1570000 - 0x00007ffdc1590000 	C:\Users\badya\.vscode\extensions\redhat.java-1.56.0-win32-x64\jre\21.0.12.1-win32-x86_64\bin\java.dll
0x00007ffdedab0000 - 0x00007ffdee248000 	C:\WINDOWS\System32\SHELL32.dll
0x00007ffde8f70000 - 0x00007ffde981e000 	C:\WINDOWS\SYSTEM32\windows.storage.dll
0x00007ffdece70000 - 0x00007ffdecf6b000 	C:\WINDOWS\System32\SHCORE.dll
0x00007ffded900000 - 0x00007ffded966000 	C:\WINDOWS\System32\shlwapi.dll
0x00007ffdeb460000 - 0x00007ffdeb489000 	C:\WINDOWS\SYSTEM32\profapi.dll
0x00007ffdc0f80000 - 0x00007ffdc0f98000 	C:\Users\badya\.vscode\extensions\redhat.java-1.56.0-win32-x64\jre\21.0.12.1-win32-x86_64\bin\zip.dll
0x00007ffdd4ab0000 - 0x00007ffdd4ac0000 	C:\Users\badya\.vscode\extensions\redhat.java-1.56.0-win32-x64\jre\21.0.12.1-win32-x86_64\bin\net.dll
0x00007ffddbbf0000 - 0x00007ffddbd1a000 	C:\WINDOWS\SYSTEM32\WINHTTP.dll
0x00007ffdea7d0000 - 0x00007ffdea83c000 	C:\WINDOWS\system32\mswsock.dll
0x00007ffdbcf80000 - 0x00007ffdbcf96000 	C:\Users\badya\.vscode\extensions\redhat.java-1.56.0-win32-x64\jre\21.0.12.1-win32-x86_64\bin\nio.dll
0x00007ffdd3590000 - 0x00007ffdd35a0000 	C:\Users\badya\.vscode\extensions\redhat.java-1.56.0-win32-x64\jre\21.0.12.1-win32-x86_64\bin\verify.dll
0x00007ffdb3bd0000 - 0x00007ffdb3bf7000 	C:\Users\badya\.gradle\native\1def1411415f61bf3af743bc5b6707747c0891f09f0c88961ee8f79bc544acac\windows-amd64\native-platform.dll
0x00000000529b0000 - 0x0000000052a23000 	C:\Users\badya\.gradle\native\0.2.5\x86_64-windows-gnu\gradle-fileevents.dll
0x00007ffdd1970000 - 0x00007ffdd197a000 	C:\Users\badya\.vscode\extensions\redhat.java-1.56.0-win32-x64\jre\21.0.12.1-win32-x86_64\bin\management.dll
0x00007ffdd18b0000 - 0x00007ffdd18bc000 	C:\Users\badya\.vscode\extensions\redhat.java-1.56.0-win32-x64\jre\21.0.12.1-win32-x86_64\bin\management_ext.dll
0x00007ffded390000 - 0x00007ffded398000 	C:\WINDOWS\System32\PSAPI.DLL
0x00007ffdeaac0000 - 0x00007ffdeaadb000 	C:\WINDOWS\SYSTEM32\CRYPTSP.dll
0x00007ffdea170000 - 0x00007ffdea1a9000 	C:\WINDOWS\system32\rsaenh.dll
0x00007ffdea880000 - 0x00007ffdea8b4000 	C:\WINDOWS\SYSTEM32\USERENV.dll
0x00007ffdeb430000 - 0x00007ffdeb45a000 	C:\WINDOWS\SYSTEM32\bcrypt.dll
0x00007ffdeaae0000 - 0x00007ffdeaaec000 	C:\WINDOWS\SYSTEM32\CRYPTBASE.dll
0x00007ffde9be0000 - 0x00007ffde9c13000 	C:\WINDOWS\SYSTEM32\IPHLPAPI.DLL
0x00007ffdedaa0000 - 0x00007ffdedaaa000 	C:\WINDOWS\System32\NSI.dll
0x00007ffdcb340000 - 0x00007ffdcb349000 	C:\Users\badya\.vscode\extensions\redhat.java-1.56.0-win32-x64\jre\21.0.12.1-win32-x86_64\bin\extnet.dll
0x00007ffdc8dc0000 - 0x00007ffdc8dce000 	C:\Users\badya\.vscode\extensions\redhat.java-1.56.0-win32-x64\jre\21.0.12.1-win32-x86_64\bin\sunmscapi.dll
0x00007ffdeb8d0000 - 0x00007ffdeba4e000 	C:\WINDOWS\System32\CRYPT32.dll
0x00007ffdead00000 - 0x00007ffdead30000 	C:\WINDOWS\SYSTEM32\ncrypt.dll
0x00007ffdeacb0000 - 0x00007ffdeacef000 	C:\WINDOWS\SYSTEM32\NTASN1.dll
0x00007ffdd1e00000 - 0x00007ffdd1e08000 	C:\WINDOWS\system32\wshunix.dll
0x0000000052330000 - 0x00000000523a3000 	C:\Users\badya\AppData\Local\Temp\native-platform9861125316127931537dir\gradle-fileevents.dll
0x00007ffdbdc60000 - 0x00007ffdbdc78000 	C:\WINDOWS\system32\napinsp.dll
0x00007ffde9c80000 - 0x00007ffde9dd8000 	C:\WINDOWS\SYSTEM32\DNSAPI.dll
0x00007ffdea5d0000 - 0x00007ffdea5dd000 	C:\WINDOWS\SYSTEM32\DSPARSE.dll
0x00007ffdbc8d0000 - 0x00007ffdbc8e3000 	C:\WINDOWS\System32\winrnr.dll
0x00007ffdb3610000 - 0x00007ffdb3637000 	C:\WINDOWS\system32\nlansp_c.dll
0x00007ffdb35f0000 - 0x00007ffdb3606000 	C:\WINDOWS\system32\wshbth.dll
0x00007ffddbdf0000 - 0x00007ffddbdfb000 	C:\Windows\System32\rasadhlp.dll
0x00007ffde2a80000 - 0x00007ffde2b06000 	C:\WINDOWS\System32\fwpuclnt.dll

JVMTI agents:
C:\Users\badya\.gradle\wrapper\dists\gradle-8.12-all\ejduaidbjup3bmmkhw3rie4zb\gradle-8.12\lib\agents\gradle-instrumentation-agent-8.12.jar path:C:\Users\badya\.vscode\extensions\redhat.java-1.56.0-win32-x64\jre\21.0.12.1-win32-x86_64\bin\instrument.dll, loaded, initialized, instrumentlib options:none

dbghelp: loaded successfully - version: 4.0.5 - missing functions: none
symbol engine: initialized successfully - sym options: 0x614 - pdb path: .;C:\Users\badya\.vscode\extensions\redhat.java-1.56.0-win32-x64\jre\21.0.12.1-win32-x86_64\bin;C:\WINDOWS\SYSTEM32;C:\WINDOWS\WinSxS\amd64_microsoft.windows.common-controls_6595b64144ccf1df_6.0.26100.9278_none_3e0d1ba8e3303201;C:\Users\badya\.vscode\extensions\redhat.java-1.56.0-win32-x64\jre\21.0.12.1-win32-x86_64\bin\server;C:\Users\badya\.gradle\native\1def1411415f61bf3af743bc5b6707747c0891f09f0c88961ee8f79bc544acac\windows-amd64;C:\Users\badya\.gradle\native\0.2.5\x86_64-windows-gnu;C:\Users\badya\AppData\Local\Temp\native-platform9861125316127931537dir

VM Arguments:
jvm_args: --add-opens=java.base/java.lang=ALL-UNNAMED --add-opens=java.base/java.lang.invoke=ALL-UNNAMED --add-opens=java.base/java.util=ALL-UNNAMED --add-opens=java.prefs/java.util.prefs=ALL-UNNAMED --add-exports=jdk.compiler/com.sun.tools.javac.api=ALL-UNNAMED --add-exports=jdk.compiler/com.sun.tools.javac.util=ALL-UNNAMED --add-opens=java.base/java.util=ALL-UNNAMED --add-opens=java.prefs/java.util.prefs=ALL-UNNAMED --add-opens=java.base/java.nio.charset=ALL-UNNAMED --add-opens=java.base/java.net=ALL-UNNAMED --add-opens=java.base/java.util.concurrent.atomic=ALL-UNNAMED --add-opens=java.xml/javax.xml.namespace=ALL-UNNAMED -XX:MaxMetaspaceSize=4G -XX:ReservedCodeCacheSize=512m -XX:+HeapDumpOnOutOfMemoryError -Xmx8G -Dfile.encoding=UTF-8 -Duser.country=FR -Duser.language=fr -Duser.variant -javaagent:C:\Users\badya\.gradle\wrapper\dists\gradle-8.12-all\ejduaidbjup3bmmkhw3rie4zb\gradle-8.12\lib\agents\gradle-instrumentation-agent-8.12.jar 
java_command: org.gradle.launcher.daemon.bootstrap.GradleDaemon 8.12
java_class_path (initial): C:\Users\badya\.gradle\wrapper\dists\gradle-8.12-all\ejduaidbjup3bmmkhw3rie4zb\gradle-8.12\lib\gradle-daemon-main-8.12.jar
Launcher Type: SUN_STANDARD

[Global flags]
     intx CICompilerCount                          = 4                                         {product} {ergonomic}
     uint ConcGCThreads                            = 2                                         {product} {ergonomic}
     uint G1ConcRefinementThreads                  = 8                                         {product} {ergonomic}
   size_t G1HeapRegionSize                         = 4194304                                   {product} {ergonomic}
    uintx GCDrainStackTargetSize                   = 64                                        {product} {ergonomic}
     bool HeapDumpOnOutOfMemoryError               = true                                   {manageable} {command line}
   size_t InitialHeapSize                          = 130023424                                 {product} {ergonomic}
   size_t MarkStackSize                            = 4194304                                   {product} {ergonomic}
   size_t MaxHeapSize                              = 8589934592                                {product} {command line}
   size_t MaxMetaspaceSize                         = 4294967296                                {product} {command line}
   size_t MaxNewSize                               = 5150605312                                {product} {ergonomic}
   size_t MinHeapDeltaBytes                        = 4194304                                   {product} {ergonomic}
   size_t MinHeapSize                              = 8388608                                   {product} {ergonomic}
    uintx NonNMethodCodeHeapSize                   = 5839372                                {pd product} {ergonomic}
    uintx NonProfiledCodeHeapSize                  = 265515770                              {pd product} {ergonomic}
    uintx ProfiledCodeHeapSize                     = 265515770                              {pd product} {ergonomic}
    uintx ReservedCodeCacheSize                    = 536870912                              {pd product} {command line}
     bool SegmentedCodeCache                       = true                                      {product} {ergonomic}
   size_t SoftMaxHeapSize                          = 8589934592                             {manageable} {ergonomic}
     bool UseCompressedOops                        = true                           {product lp64_product} {ergonomic}
     bool UseG1GC                                  = true                                      {product} {ergonomic}
     bool UseLargePagesIndividualAllocation        = false                                  {pd product} {ergonomic}

Logging:
Log output configuration:
 #0: stdout all=warning uptime,level,tags foldmultilines=false
 #1: stderr all=off uptime,level,tags foldmultilines=false

Release file:
JAVA_VERSION="21.0.12.1" 
MODULES="java.base java.compiler java.datatransfer java.xml java.prefs java.desktop java.instrument java.logging java.management java.security.sasl java.naming java.rmi java.management.rmi java.net.http java.scripting java.security.jgss java.transaction.xa java.sql java.sql.rowset java.xml.crypto java.se java.smartcardio jdk.accessibility jdk.internal.jvmstat jdk.attach jdk.charsets jdk.internal.opt jdk.zipfs jdk.compiler jdk.crypto.ec jdk.crypto.cryptoki jdk.crypto.mscapi jdk.dynalink jdk.internal.ed jdk.editpad jdk.hotspot.agent jdk.httpserver jdk.internal.le jdk.internal.vm.ci jdk.internal.vm.compiler jdk.internal.vm.compiler.management jdk.jartool jdk.javadoc jdk.jcmd jdk.management jdk.management.agent jdk.jconsole jdk.jdeps jdk.jdwp.agent jdk.jdi jdk.jfr jdk.jshell jdk.jsobject jdk.jstatd jdk.localedata jdk.management.jfr jdk.naming.dns jdk.naming.rmi jdk.net jdk.nio.mapmode jdk.random jdk.sctp jdk.security.auth jdk.security.jgss jdk.unsupported jdk.unsupported.desktop jdk.xml.dom" 

Environment Variables:
JAVA_HOME=C:\Users\badya\.jdk\jdk-21.0.8
PATH=C:\Program Files\Python310\Scripts\;C:\Program Files\Python310\;C:\Program Files\Eclipse Adoptium\jdk-25.0.2.10-hotspot\bin;C:\Program Files\Eclipse Adoptium\jdk-8.0.472.8-hotspot\bin;C:\Program Files\Common Files\Oracle\Java\javapath;C:\Program Files\Eclipse Adoptium\jdk-17.0.13.11-hotspot\bin;C:\app\badya\product\21c\dbhomeXE\bin;C:\Windows\system32;C:\Windows;C:\Windows\System32\Wbem;C:\Windows\System32\WindowsPowerShell\v1.0\;C:\Windows\System32\OpenSSH\;C:\Program Files (x86)\NVIDIA Corporation\PhysX\Common;C:\Program Files\NVIDIA Corporation\NVIDIA NvDLISR;C:\WINDOWS\system32;C:\WINDOWS;C:\WINDOWS\System32\Wbem;C:\WINDOWS\System32\WindowsPowerShell\v1.0\;C:\WINDOWS\System32\OpenSSH\;C:\Program Files\Git\cmd;C:\Program Files\nodejs\;C:\ProgramData\chocolatey\bin;C:\Program Files\Docker\Docker\resources\bin;C:\Program Files\CMake\bin;C:\Program Files (x86)\Windows Kits\10\Windows Performance Toolkit\;C:\Program Files\Eclipse Adoptium\jdk-8.0.472.8-hotspot\bin;C:\Program Files\Common Files\Oracle\Java\javapath;C:\Program Files\Eclipse Adoptium\jdk-17.0.13.11-hotspot\bin;C:\app\badya\product\21c\dbhomeXE\bin;C:\Windows\system32;C:\Windows;C:\Windows\System32\Wbem;C:\Windows\System32\WindowsPowerShell\v1.0\;C:\Windows\System32\OpenSSH\;C:\Program Files (x86)\NVIDIA Corporation\PhysX\Common;C:\Program Files\NVIDIA Corporation\NVIDIA NvDLISR;C:\WINDOWS\system32;C:\WINDOWS;C:\WINDOWS\System32\Wbem;C:\WINDOWS\System32\WindowsPowerShell\v1.0\;C:\WINDOWS\System32\OpenSSH\;C:\Program Files\Git\cmd;C:\Program Files\nodejs\;C:\ProgramData\chocolatey\bin;C:\Program Files (x86)\Windows Kits\10\Windows Performance Toolkit\;C:\Program Files\Docker\Docker\resources\bin;C:\Program Files\Eclipse Adoptium\jdk-8.0.472.8-hotspot\bin;C:\Program Files\Common Files\Oracle\Java\javapath;C:\Program Files\Eclipse Adoptium\jdk-17.0.13.11-hotspot\bin;C:\app\badya\product\21c\dbhomeXE\bin;C:\Windows\system32;C:\Windows;C:\Windows\Syste;C:\Program Files\apache-maven-3.9.11\bin;C:\Flutter\flutter\bin;C:\Users\badya\AppData\Local\Programs\Antigravity\bin;C:\Users\badya\.local\bin;C:\Users\badya\AppData\Local\Programs\Microsoft VS Code\bin;C:\Users\badya\AppData\Local\Programs\MiKTeX\miktex\bin\x64\
USERNAME=badya
OS=Windows_NT
PROCESSOR_IDENTIFIER=Intel64 Family 6 Model 140 Stepping 1, GenuineIntel
TMP=C:\Users\badya\AppData\Local\Temp
TEMP=C:\Users\badya\AppData\Local\Temp




Periodic native trim disabled

---------------  S Y S T E M  ---------------

OS:
 Windows 11 , 64 bit Build 26100 (10.0.26100.9444)
OS uptime: 2 days 12:53 hours
Hyper-V role detected

CPU: total 8 (initial active 8) (4 cores per cpu, 2 threads per core) family 6 model 140 stepping 1 microcode 0xa6, cx8, cmov, fxsr, ht, mmx, 3dnowpref, sse, sse2, sse3, ssse3, sse4.1, sse4.2, popcnt, lzcnt, tsc, tscinvbit, avx, avx2, aes, erms, clmul, bmi1, bmi2, adx, avx512f, avx512dq, avx512cd, avx512bw, avx512vl, sha, fma, vzeroupper, avx512_vpopcntdq, avx512_vpclmulqdq, avx512_vaes, avx512_vnni, clflush, clflushopt, clwb, avx512_vbmi2, avx512_vbmi, hv, rdtscp, rdpid, fsrm, gfni, avx512_bitalg, f16c, cet_ibt, cet_ss, avx512_ifma
Processor Information for the first 8 processors :
  Max Mhz: 2803, Current Mhz: 2803, Mhz Limit: 2803

Memory: 4k page, system-wide physical 7886M (107M free)
TotalPageFile size 32462M (AvailPageFile size 11M)
current process WorkingSet (physical memory assigned to process): 35M, peak: 233M
current process commit charge ("private bytes"): 392M, peak: 680M

vm_info: OpenJDK 64-Bit Server VM (21.0.12.1+1-LTS) for windows-amd64 JRE (21.0.12.1+1-LTS), built on 2026-08-18T00:00:00Z by "admin" with MS VC++ 17.12 (VS2022)

END.
