#
# There is insufficient memory for the Java Runtime Environment to continue.
# Native memory allocation (malloc) failed to allocate 32744 bytes. Error detail: Chunk::new
# Possible reasons:
#   The system is out of physical RAM or swap space
#   This process is running with CompressedOops enabled, and the Java Heap may be blocking the growth of the native heap
# Possible solutions:
#   Reduce memory load on the system
#   Increase physical memory or swap space
#   Check if swap backing store is full
#   Decrease Java heap size (-Xmx/-Xms)
#   Decrease number of Java threads
#   Decrease Java thread stack sizes (-Xss)
#   Set larger code cache with -XX:ReservedCodeCacheSize=
#   JVM is running with Zero Based Compressed Oops mode in which the Java heap is
#     placed in the first 32GB address space. The Java Heap base address is the
#     maximum limit for the native heap growth. Please use -XX:HeapBaseMinAddress
#     to set the Java Heap base and to place the Java Heap above 32GB virtual address.
# This output file may be truncated or incomplete.
#
#  Out of Memory Error (arena.cpp:168), pid=28928, tid=24004
#
# JRE version: OpenJDK Runtime Environment Temurin-21.0.12.1+1 (21.0.12.1+1) (build 21.0.12.1+1-LTS)
# Java VM: OpenJDK 64-Bit Server VM Temurin-21.0.12.1+1 (21.0.12.1+1-LTS, mixed mode, sharing, tiered, compressed oops, compressed class ptrs, g1 gc, windows-amd64)
# No core dump will be written. Minidumps are not enabled by default on client versions of Windows
#

---------------  S U M M A R Y ------------

Command Line: --add-opens=java.base/java.lang=ALL-UNNAMED --add-opens=java.base/java.lang.invoke=ALL-UNNAMED --add-opens=java.base/java.util=ALL-UNNAMED --add-opens=java.prefs/java.util.prefs=ALL-UNNAMED --add-exports=jdk.compiler/com.sun.tools.javac.api=ALL-UNNAMED --add-exports=jdk.compiler/com.sun.tools.javac.util=ALL-UNNAMED --add-opens=java.base/java.util=ALL-UNNAMED --add-opens=java.prefs/java.util.prefs=ALL-UNNAMED --add-opens=java.base/java.nio.charset=ALL-UNNAMED --add-opens=java.base/java.net=ALL-UNNAMED --add-opens=java.base/java.util.concurrent.atomic=ALL-UNNAMED --add-opens=java.xml/javax.xml.namespace=ALL-UNNAMED -XX:MaxMetaspaceSize=4G -XX:ReservedCodeCacheSize=512m -XX:+HeapDumpOnOutOfMemoryError -Xmx8G -Dfile.encoding=UTF-8 -Duser.country=FR -Duser.language=fr -Duser.variant -javaagent:C:\Users\badya\.gradle\wrapper\dists\gradle-8.12-all\ejduaidbjup3bmmkhw3rie4zb\gradle-8.12\lib\agents\gradle-instrumentation-agent-8.12.jar org.gradle.launcher.daemon.bootstrap.GradleDaemon 8.12

Host: 11th Gen Intel(R) Core(TM) i7-1165G7 @ 2.80GHz, 8 cores, 7G,  Windows 11 , 64 bit Build 26100 (10.0.26100.9444)
Time: Mon Sep 21 03:56:44 2026 Afr. centrale Ouest elapsed time: 119.392401 seconds (0d 0h 1m 59s)

---------------  T H R E A D  ---------------

Current thread (0x0000028fef34f470):  JavaThread "C2 CompilerThread0" daemon [_thread_in_native, id=24004, stack(0x000000e137d00000,0x000000e137e00000) (1024K)]


Current CompileTask:
C2:119392 5264       4       org.gradle.internal.service.DefaultServiceRegistry$ClassInspector::getDetailsForClass (50 bytes)

Stack: [0x000000e137d00000,0x000000e137e00000]
Native frames: (J=compiled Java code, j=interpreted, Vv=VM code, C=native code)
V  [jvm.dll+0x6d83e9]
V  [jvm.dll+0x8b5736]
V  [jvm.dll+0x8b7cee]
V  [jvm.dll+0x8b83d3]
V  [jvm.dll+0x284596]
V  [jvm.dll+0xc685d]
V  [jvm.dll+0xc6da1]
V  [jvm.dll+0x813219]
V  [jvm.dll+0x5ff6e5]
V  [jvm.dll+0x255d67]
V  [jvm.dll+0x25612d]
V  [jvm.dll+0x24e6a0]
V  [jvm.dll+0x24bbe6]
V  [jvm.dll+0x1cb4ae]
V  [jvm.dll+0x25baad]
V  [jvm.dll+0x25a03a]
V  [jvm.dll+0x3f8aae]
V  [jvm.dll+0x8600cd]
V  [jvm.dll+0x6d6c1d]
C  [ucrtbase.dll+0x2cd30]
C  [KERNEL32.DLL+0x2cd87]
C  [ntdll.dll+0xacaec]


---------------  P R O C E S S  ---------------

Threads class SMR info:
_java_thread_list=0x000002903792c5c0, length=35, elements={
0x0000028fbf9325b0, 0x0000028fef343ac0, 0x0000028fef347250, 0x0000028fef34c7c0,
0x0000028fef34d220, 0x0000028fef34dc80, 0x0000028fef34e6e0, 0x0000028fef34f470,
0x0000028fef353960, 0x0000028fefd3ba10, 0x0000028fefd88700, 0x000002903569f650,
0x0000029035d11920, 0x0000028fefcddcb0, 0x00000290359d3af0, 0x0000029036769070,
0x0000029035d0c020, 0x0000029035c35870, 0x0000028fefb83300, 0x0000028fefb82c70,
0x0000028fefb80510, 0x0000028fefb81230, 0x0000028fefb80ba0, 0x0000028fefb825e0,
0x0000028fefb83990, 0x0000028fefb81f50, 0x0000029037357d30, 0x000002903735ab20,
0x000002903735b1b0, 0x000002903735b840, 0x0000029037359e00, 0x0000029037359770,
0x0000029037358a50, 0x00000290373590e0, 0x000002903735cbf0
}

Java Threads: ( => current thread )
  0x0000028fbf9325b0 JavaThread "main"                              [_thread_blocked, id=27756, stack(0x000000e136f00000,0x000000e137000000) (1024K)]
  0x0000028fef343ac0 JavaThread "Reference Handler"          daemon [_thread_blocked, id=22680, stack(0x000000e137700000,0x000000e137800000) (1024K)]
  0x0000028fef347250 JavaThread "Finalizer"                  daemon [_thread_blocked, id=21888, stack(0x000000e137800000,0x000000e137900000) (1024K)]
  0x0000028fef34c7c0 JavaThread "Signal Dispatcher"          daemon [_thread_blocked, id=29580, stack(0x000000e137900000,0x000000e137a00000) (1024K)]
  0x0000028fef34d220 JavaThread "Attach Listener"            daemon [_thread_blocked, id=15108, stack(0x000000e137a00000,0x000000e137b00000) (1024K)]
  0x0000028fef34dc80 JavaThread "Service Thread"             daemon [_thread_blocked, id=19768, stack(0x000000e137b00000,0x000000e137c00000) (1024K)]
  0x0000028fef34e6e0 JavaThread "Monitor Deflation Thread"   daemon [_thread_blocked, id=9580, stack(0x000000e137c00000,0x000000e137d00000) (1024K)]
=>0x0000028fef34f470 JavaThread "C2 CompilerThread0"         daemon [_thread_in_native, id=24004, stack(0x000000e137d00000,0x000000e137e00000) (1024K)]
  0x0000028fef353960 JavaThread "C1 CompilerThread0"         daemon [_thread_blocked, id=28304, stack(0x000000e137e00000,0x000000e137f00000) (1024K)]
  0x0000028fefd3ba10 JavaThread "Common-Cleaner"             daemon [_thread_blocked, id=12024, stack(0x000000e137f00000,0x000000e138000000) (1024K)]
  0x0000028fefd88700 JavaThread "Notification Thread"        daemon [_thread_blocked, id=24980, stack(0x000000e138000000,0x000000e138100000) (1024K)]
  0x000002903569f650 JavaThread "Daemon health stats"               [_thread_blocked, id=15472, stack(0x000000e138500000,0x000000e138600000) (1024K)]
  0x0000029035d11920 JavaThread "Incoming local TCP Connector on port 51082"        [_thread_in_native, id=28040, stack(0x000000e138600000,0x000000e138700000) (1024K)]
  0x0000028fefcddcb0 JavaThread "Daemon periodic checks"            [_thread_blocked, id=7280, stack(0x000000e138700000,0x000000e138800000) (1024K)]
  0x00000290359d3af0 JavaThread "Daemon"                            [_thread_blocked, id=3196, stack(0x000000e138800000,0x000000e138900000) (1024K)]
  0x0000029036769070 JavaThread "Handler for socket connection from /127.0.0.1:51082 to /127.0.0.1:51083"        [_thread_in_native, id=29608, stack(0x000000e138900000,0x000000e138a00000) (1024K)]
  0x0000029035d0c020 JavaThread "Cancel handler"                    [_thread_blocked, id=26296, stack(0x000000e138a00000,0x000000e138b00000) (1024K)]
  0x0000029035c35870 JavaThread "Daemon worker"                     [_thread_in_Java, id=18532, stack(0x000000e138b00000,0x000000e138c00000) (1024K)]
  0x0000028fefb83300 JavaThread "Asynchronous log dispatcher for DefaultDaemonConnection: socket connection from /127.0.0.1:51082 to /127.0.0.1:51083"        [_thread_blocked, id=26020, stack(0x000000e138c00000,0x000000e138d00000) (1024K)]
  0x0000028fefb82c70 JavaThread "Stdin handler"                     [_thread_blocked, id=1388, stack(0x000000e138d00000,0x000000e138e00000) (1024K)]
  0x0000028fefb80510 JavaThread "Daemon client event forwarder"        [_thread_blocked, id=28636, stack(0x000000e138e00000,0x000000e138f00000) (1024K)]
  0x0000028fefb81230 JavaThread "Cache worker for journal cache (C:\Users\badya\.gradle\caches\journal-1)"        [_thread_blocked, id=21472, stack(0x000000e139200000,0x000000e139300000) (1024K)]
  0x0000028fefb80ba0 JavaThread "File lock request listener"        [_thread_in_native, id=22944, stack(0x000000e139300000,0x000000e139400000) (1024K)]
  0x0000028fefb825e0 JavaThread "Cache worker for file hash cache (C:\Users\badya\.gradle\caches\8.12\fileHashes)"        [_thread_blocked, id=25108, stack(0x000000e139400000,0x000000e139500000) (1024K)]
  0x0000028fefb83990 JavaThread "File lock release action executor"        [_thread_blocked, id=20560, stack(0x000000e139500000,0x000000e139600000) (1024K)]
  0x0000028fefb81f50 JavaThread "Cache worker for file hash cache (C:\test2-final-adas-dms\couche4_mobile\android\.gradle\8.12\fileHashes)"        [_thread_blocked, id=21544, stack(0x000000e139700000,0x000000e139800000) (1024K)]
  0x0000029037357d30 JavaThread "Cache worker for Build Output Cleanup Cache (C:\test2-final-adas-dms\couche4_mobile\android\.gradle\buildOutputCleanup)"        [_thread_blocked, id=25348, stack(0x000000e139800000,0x000000e139900000) (1024K)]
  0x000002903735ab20 JavaThread "File watcher server"        daemon [_thread_in_native, id=17780, stack(0x000000e139900000,0x000000e139a00000) (1024K)]
  0x000002903735b1b0 JavaThread "File watcher consumer"      daemon [_thread_blocked, id=27076, stack(0x000000e139a00000,0x000000e139b00000) (1024K)]
  0x000002903735b840 JavaThread "jar transforms"                    [_thread_blocked, id=20732, stack(0x000000e136d00000,0x000000e136e00000) (1024K)]
  0x0000029037359e00 JavaThread "jar transforms Thread 2"           [_thread_blocked, id=21936, stack(0x000000e136e00000,0x000000e136f00000) (1024K)]
  0x0000029037359770 JavaThread "Cache worker for checksums cache (C:\test2-final-adas-dms\couche4_mobile\android\.gradle\8.12\checksums)"        [_thread_blocked, id=16960, stack(0x000000e139b00000,0x000000e139c00000) (1024K)]
  0x0000029037358a50 JavaThread "Cache worker for file content cache (C:\Users\badya\.gradle\caches\8.12\fileContent)"        [_thread_blocked, id=24900, stack(0x000000e139c00000,0x000000e139d00000) (1024K)]
  0x00000290373590e0 JavaThread "Cache worker for cache directory md-rule (C:\Users\badya\.gradle\caches\8.12\md-rule)"        [_thread_blocked, id=28932, stack(0x000000e139d00000,0x000000e139e00000) (1024K)]
  0x000002903735cbf0 JavaThread "Cache worker for cache directory md-supplier (C:\Users\badya\.gradle\caches\8.12\md-supplier)"        [_thread_blocked, id=13504, stack(0x000000e139e00000,0x000000e139f00000) (1024K)]
Total: 35

Other Threads:
  0x0000028fef3221e0 VMThread "VM Thread"                           [id=19408, stack(0x000000e137600000,0x000000e137700000) (1024K)]
  0x0000028fef312330 WatcherThread "VM Periodic Task Thread"        [id=25716, stack(0x000000e137500000,0x000000e137600000) (1024K)]
  0x0000028fbf9dc860 WorkerThread "GC Thread#0"                     [id=17132, stack(0x000000e137000000,0x000000e137100000) (1024K)]
  0x0000028fefde7d50 WorkerThread "GC Thread#1"                     [id=20932, stack(0x000000e138100000,0x000000e138200000) (1024K)]
  0x0000029035081480 WorkerThread "GC Thread#2"                     [id=3248, stack(0x000000e138200000,0x000000e138300000) (1024K)]
  0x000002903515e550 WorkerThread "GC Thread#3"                     [id=20768, stack(0x000000e138300000,0x000000e138400000) (1024K)]
  0x000002903515e1a0 WorkerThread "GC Thread#4"                     [id=26052, stack(0x000000e138400000,0x000000e138500000) (1024K)]
  0x00000290365c57e0 WorkerThread "GC Thread#5"                     [id=24604, stack(0x000000e138f00000,0x000000e139000000) (1024K)]
  0x00000290365c5b90 WorkerThread "GC Thread#6"                     [id=9200, stack(0x000000e139000000,0x000000e139100000) (1024K)]
  0x00000290365c71b0 WorkerThread "GC Thread#7"                     [id=12776, stack(0x000000e139100000,0x000000e139200000) (1024K)]
  0x0000028fbf9ed760 ConcurrentGCThread "G1 Main Marker"            [id=24764, stack(0x000000e137100000,0x000000e137200000) (1024K)]
  0x0000028fbf9ee180 WorkerThread "G1 Conc#0"                       [id=11384, stack(0x000000e137200000,0x000000e137300000) (1024K)]
  0x00000290365c7910 WorkerThread "G1 Conc#1"                       [id=616, stack(0x000000e139600000,0x000000e139700000) (1024K)]
  0x0000028fef1e2390 ConcurrentGCThread "G1 Refine#0"               [id=28212, stack(0x000000e137300000,0x000000e137400000) (1024K)]
  0x0000028fef1e3cd0 ConcurrentGCThread "G1 Service"                [id=28540, stack(0x000000e137400000,0x000000e137500000) (1024K)]
Total: 15

Threads with active compile tasks:
C2 CompilerThread0  120340 5264       4       org.gradle.internal.service.DefaultServiceRegistry$ClassInspector::getDetailsForClass (50 bytes)
Total: 1

VM state: not at safepoint (normal execution)

VM Mutex/Monitor currently owned by a thread: None

Heap address: 0x0000000600000000, size: 8192 MB, Compressed Oops mode: Zero based, Oop shift amount: 3

CDS archive(s) mapped at: [0x0000028ff0000000-0x0000028ff0ba0000-0x0000028ff0ba0000), size 12189696, SharedBaseAddress: 0x0000028ff0000000, ArchiveRelocationMode: 1.
Compressed class space mapped at: 0x0000028ff1000000-0x0000029031000000, reserved size: 1073741824
Narrow klass base: 0x0000028ff0000000, Narrow klass shift: 0, Narrow klass range: 0x100000000

GC Precious Log:
 CardTable entry size: 512
 Card Set container configuration: InlinePtr #cards 4 size 8 Array Of Cards #cards 32 size 80 Howl #buckets 8 coarsen threshold 7372 Howl Bitmap #cards 1024 size 144 coarsen threshold 921 Card regions per heap region 1 cards per card region 8192
 CPUs: 8 total, 8 available
 Memory: 7886M
 Large Page Support: Disabled
 NUMA Support: Disabled
 Compressed Oops: Enabled (Zero based)
 Heap Region Size: 4M
 Heap Min Capacity: 8M
 Heap Initial Capacity: 124M
 Heap Max Capacity: 8G
 Pre-touch: Disabled
 Parallel Workers: 8
 Concurrent Workers: 2
 Concurrent Refinement Workers: 8
 Periodic GC: Disabled

Heap:
 garbage-first heap   total 110592K, used 63719K [0x0000000600000000, 0x0000000800000000)
  region size 4096K, 10 young (40960K), 2 survivors (8192K)
 Metaspace       used 43210K, committed 44800K, reserved 1114112K
  class space    used 6216K, committed 6976K, reserved 1048576K

Heap Regions: E=young(eden), S=young(survivor), O=old, HS=humongous(starts), HC=humongous(continues), CS=collection set, F=free, TAMS=top-at-mark-start, PB=parsable bottom
|   0|0x0000000600000000, 0x0000000600400000, 0x0000000600400000|100%|HS|  |TAMS 0x0000000600000000| PB 0x0000000600000000| Complete 
|   1|0x0000000600400000, 0x0000000600800000, 0x0000000600800000|100%| O|  |TAMS 0x0000000600400000| PB 0x0000000600400000| Untracked 
|   2|0x0000000600800000, 0x0000000600c00000, 0x0000000600c00000|100%| O|  |TAMS 0x0000000600800000| PB 0x0000000600800000| Untracked 
|   3|0x0000000600c00000, 0x0000000601000000, 0x0000000601000000|100%| O|  |TAMS 0x0000000600c00000| PB 0x0000000600c00000| Untracked 
|   4|0x0000000601000000, 0x0000000601000000, 0x0000000601400000|  0%| F|  |TAMS 0x0000000601000000| PB 0x0000000601000000| Untracked 
|   5|0x0000000601400000, 0x0000000601800000, 0x0000000601800000|100%| O|  |TAMS 0x0000000601400000| PB 0x0000000601400000| Untracked 
|   6|0x0000000601800000, 0x0000000601c00000, 0x0000000601c00000|100%| O|  |TAMS 0x0000000601800000| PB 0x0000000601800000| Untracked 
|   7|0x0000000601c00000, 0x0000000601cadb40, 0x0000000602000000| 16%| O|  |TAMS 0x0000000601c00000| PB 0x0000000601c00000| Untracked 
|   8|0x0000000602000000, 0x0000000602000000, 0x0000000602400000|  0%| F|  |TAMS 0x0000000602000000| PB 0x0000000602000000| Untracked 
|   9|0x0000000602400000, 0x000000060258c378, 0x0000000602800000| 38%| S|CS|TAMS 0x0000000602400000| PB 0x0000000602400000| Complete 
|  10|0x0000000602800000, 0x0000000602c00000, 0x0000000602c00000|100%| S|CS|TAMS 0x0000000602800000| PB 0x0000000602800000| Complete 
|  11|0x0000000602c00000, 0x0000000602c00000, 0x0000000603000000|  0%| F|  |TAMS 0x0000000602c00000| PB 0x0000000602c00000| Untracked 
|  12|0x0000000603000000, 0x0000000603000000, 0x0000000603400000|  0%| F|  |TAMS 0x0000000603000000| PB 0x0000000603000000| Untracked 
|  13|0x0000000603400000, 0x0000000603400000, 0x0000000603800000|  0%| F|  |TAMS 0x0000000603400000| PB 0x0000000603400000| Untracked 
|  14|0x0000000603800000, 0x0000000603800000, 0x0000000603c00000|  0%| F|  |TAMS 0x0000000603800000| PB 0x0000000603800000| Untracked 
|  15|0x0000000603c00000, 0x0000000603c00000, 0x0000000604000000|  0%| F|  |TAMS 0x0000000603c00000| PB 0x0000000603c00000| Untracked 
|  16|0x0000000604000000, 0x0000000604000000, 0x0000000604400000|  0%| F|  |TAMS 0x0000000604000000| PB 0x0000000604000000| Untracked 
|  17|0x0000000604400000, 0x0000000604400000, 0x0000000604800000|  0%| F|  |TAMS 0x0000000604400000| PB 0x0000000604400000| Untracked 
|  18|0x0000000604800000, 0x0000000604b7e4b0, 0x0000000604c00000| 87%| E|  |TAMS 0x0000000604800000| PB 0x0000000604800000| Complete 
|  19|0x0000000604c00000, 0x0000000605000000, 0x0000000605000000|100%| E|CS|TAMS 0x0000000604c00000| PB 0x0000000604c00000| Complete 
|  20|0x0000000605000000, 0x0000000605400000, 0x0000000605400000|100%| E|CS|TAMS 0x0000000605000000| PB 0x0000000605000000| Complete 
|  21|0x0000000605400000, 0x0000000605800000, 0x0000000605800000|100%| E|CS|TAMS 0x0000000605400000| PB 0x0000000605400000| Complete 
|  22|0x0000000605800000, 0x0000000605c00000, 0x0000000605c00000|100%| E|CS|TAMS 0x0000000605800000| PB 0x0000000605800000| Complete 
|  23|0x0000000605c00000, 0x0000000606000000, 0x0000000606000000|100%| E|CS|TAMS 0x0000000605c00000| PB 0x0000000605c00000| Complete 
|  24|0x0000000606000000, 0x0000000606400000, 0x0000000606400000|100%| E|CS|TAMS 0x0000000606000000| PB 0x0000000606000000| Complete 
|  30|0x0000000607800000, 0x0000000607c00000, 0x0000000607c00000|100%| E|CS|TAMS 0x0000000607800000| PB 0x0000000607800000| Complete 
|2047|0x00000007ffc00000, 0x0000000800000000, 0x0000000800000000|100%| O|  |TAMS 0x00000007ffc00000| PB 0x00000007ffc00000| Untracked 

Card table byte_map: [0x0000028fe4080000,0x0000028fe5080000] _byte_map_base: 0x0000028fe1080000

Marking Bits: (CMBitMap*) 0x0000028fbf9dce80
 Bits: [0x0000028fe5080000, 0x0000028fed080000)

Polling page: 0x0000028fbd680000

Metaspace:

Usage:
  Non-class:     36.13 MB used.
      Class:      6.07 MB used.
       Both:     42.20 MB used.

Virtual space:
  Non-class space:       64.00 MB reserved,      36.94 MB ( 58%) committed,  1 nodes.
      Class space:        1.00 GB reserved,       6.81 MB ( <1%) committed,  1 nodes.
             Both:        1.06 GB reserved,      43.75 MB (  4%) committed. 

Chunk freelists:
   Non-Class:  10.91 MB
       Class:  9.19 MB
        Both:  20.10 MB

MaxMetaspaceSize: 4.00 GB
CompressedClassSpaceSize: 1.00 GB
Initial GC threshold: 21.00 MB
Current GC threshold: 59.31 MB
CDS: on
 - commit_granule_bytes: 65536.
 - commit_granule_words: 8192.
 - virtual_space_node_default_size: 8388608.
 - enlarge_chunks_in_place: 1.
 - use_allocation_guard: 0.


Internal statistics:

num_allocs_failed_limit: 9.
num_arena_births: 2766.
num_arena_deaths: 0.
num_vsnodes_births: 2.
num_vsnodes_deaths: 0.
num_space_committed: 700.
num_space_uncommitted: 0.
num_chunks_returned_to_freelist: 9.
num_chunks_taken_from_freelist: 4840.
num_chunk_merges: 9.
num_chunk_splits: 3122.
num_chunks_enlarged: 1885.
num_inconsistent_stats: 0.

CodeHeap 'non-profiled nmethods': size=259264Kb used=2776Kb max_used=2776Kb free=256487Kb
 bounds [0x0000028fd2e00000, 0x0000028fd30c0000, 0x0000028fe2b30000]
CodeHeap 'profiled nmethods': size=259264Kb used=8962Kb max_used=9256Kb free=250301Kb
 bounds [0x0000028fc2b30000, 0x0000028fc3440000, 0x0000028fd2860000]
CodeHeap 'non-nmethods': size=5760Kb used=2784Kb max_used=2823Kb free=2975Kb
 bounds [0x0000028fd2860000, 0x0000028fd2b30000, 0x0000028fd2e00000]
CodeCache: size=524288Kb, used=14522Kb, max_used=14855Kb, free=509763Kb
 total_blobs=5576, nmethods=4726, adapters=754, full_count=0
Compilation: enabled, stopped_count=0, restarted_count=0

Compilation events (20 events):
Event: 117.831 Thread 0x0000028fef34f470 nmethod 5256 0x0000028fd30b4f90 code [0x0000028fd30b51c0, 0x0000028fd30b5cb8]
Event: 118.145 Thread 0x0000028fef353960 5258       3       java.lang.invoke.SimpleMethodHandle::make (10 bytes)
Event: 118.145 Thread 0x0000028fef353960 nmethod 5258 0x0000028fc2c45490 code [0x0000028fc2c45640, 0x0000028fc2c45830]
Event: 118.145 Thread 0x0000028fef353960 5257       3       java.lang.invoke.MethodHandles::identity (87 bytes)
Event: 118.146 Thread 0x0000028fef353960 nmethod 5257 0x0000028fc2c44c90 code [0x0000028fc2c44ea0, 0x0000028fc2c452d0]
Event: 118.263 Thread 0x0000028fef353960 5259       3       org.gradle.internal.time.MonotonicClock::getCurrentTime (70 bytes)
Event: 118.264 Thread 0x0000028fef353960 nmethod 5259 0x0000028fc2c44490 code [0x0000028fc2c446a0, 0x0000028fc2c44a80]
Event: 118.264 Thread 0x0000028fef353960 5260       3       org.gradle.internal.time.MonotonicClock::syncIsDue (28 bytes)
Event: 118.265 Thread 0x0000028fef353960 nmethod 5260 0x0000028fc2c44010 code [0x0000028fc2c441c0, 0x0000028fc2c44398]
Event: 118.665 Thread 0x0000028fef353960 5261       3       org.gradle.internal.service.DefaultServiceRegistry$1::add (31 bytes)
Event: 118.666 Thread 0x0000028fef353960 nmethod 5261 0x0000028fc2c43a10 code [0x0000028fc2c43be0, 0x0000028fc2c43ea0]
Event: 118.666 Thread 0x0000028fef353960 5262       3       org.gradle.internal.service.DefaultServiceRegistry$ConstructorService::<init> (10 bytes)
Event: 118.667 Thread 0x0000028fef353960 nmethod 5262 0x0000028fc2c43610 code [0x0000028fc2c437c0, 0x0000028fc2c438f8]
Event: 118.713 Thread 0x0000028fef353960 5263       3       org.gradle.internal.service.TypeStringFormatter::format (178 bytes)
Event: 118.716 Thread 0x0000028fef353960 nmethod 5263 0x0000028fc2b52890 code [0x0000028fc2b52ce0, 0x0000028fc2b545e8]
Event: 118.801 Thread 0x0000028fef34f470 5264       4       org.gradle.internal.service.DefaultServiceRegistry$ClassInspector::getDetailsForClass (50 bytes)
Event: 118.831 Thread 0x0000028fef353960 5266       3       jdk.internal.misc.PreviewFeatures::isEnabled (4 bytes)
Event: 119.144 Thread 0x0000028fef353960 nmethod 5266 0x0000028fc2c43310 code [0x0000028fc2c434a0, 0x0000028fc2c43590]
Event: 119.144 Thread 0x0000028fef353960 5267       3       java.lang.Class::isUnnamedClass (36 bytes)
Event: 119.144 Thread 0x0000028fef353960 nmethod 5267 0x0000028fc2c42e90 code [0x0000028fc2c43040, 0x0000028fc2c431b8]

GC Heap History (18 events):
Event: 4.225 GC heap before
{Heap before GC invocations=0 (full 0):
 garbage-first heap   total 126976K, used 20480K [0x0000000600000000, 0x0000000800000000)
  region size 4096K, 5 young (20480K), 0 survivors (0K)
 Metaspace       used 877K, committed 1024K, reserved 1114112K
  class space    used 71K, committed 128K, reserved 1048576K
}
Event: 4.355 GC heap after
{Heap after GC invocations=1 (full 0):
 garbage-first heap   total 126976K, used 1536K [0x0000000600000000, 0x0000000800000000)
  region size 4096K, 1 young (4096K), 1 survivors (4096K)
 Metaspace       used 877K, committed 1024K, reserved 1114112K
  class space    used 71K, committed 128K, reserved 1048576K
}
Event: 10.502 GC heap before
{Heap before GC invocations=1 (full 0):
 garbage-first heap   total 126976K, used 42496K [0x0000000600000000, 0x0000000800000000)
  region size 4096K, 10 young (40960K), 1 survivors (4096K)
 Metaspace       used 4383K, committed 4544K, reserved 1114112K
  class space    used 559K, committed 640K, reserved 1048576K
}
Event: 10.531 GC heap after
{Heap after GC invocations=2 (full 0):
 garbage-first heap   total 126976K, used 11566K [0x0000000600000000, 0x0000000800000000)
  region size 4096K, 2 young (8192K), 2 survivors (8192K)
 Metaspace       used 4383K, committed 4544K, reserved 1114112K
  class space    used 559K, committed 640K, reserved 1048576K
}
Event: 15.497 GC heap before
{Heap before GC invocations=2 (full 0):
 garbage-first heap   total 126976K, used 44334K [0x0000000600000000, 0x0000000800000000)
  region size 4096K, 11 young (45056K), 2 survivors (8192K)
 Metaspace       used 4460K, committed 4672K, reserved 1114112K
  class space    used 561K, committed 640K, reserved 1048576K
}
Event: 15.529 GC heap after
{Heap after GC invocations=3 (full 0):
 garbage-first heap   total 126976K, used 16650K [0x0000000600000000, 0x0000000800000000)
  region size 4096K, 2 young (8192K), 2 survivors (8192K)
 Metaspace       used 4460K, committed 4672K, reserved 1114112K
  class space    used 561K, committed 640K, reserved 1048576K
}
Event: 33.856 GC heap before
{Heap before GC invocations=3 (full 0):
 garbage-first heap   total 126976K, used 65802K [0x0000000600000000, 0x0000000800000000)
  region size 4096K, 14 young (57344K), 2 survivors (8192K)
 Metaspace       used 14026K, committed 14464K, reserved 1114112K
  class space    used 1956K, committed 2176K, reserved 1048576K
}
Event: 33.941 GC heap after
{Heap after GC invocations=4 (full 0):
 garbage-first heap   total 126976K, used 21491K [0x0000000600000000, 0x0000000800000000)
  region size 4096K, 2 young (8192K), 2 survivors (8192K)
 Metaspace       used 14026K, committed 14464K, reserved 1114112K
  class space    used 1956K, committed 2176K, reserved 1048576K
}
Event: 52.926 GC heap before
{Heap before GC invocations=4 (full 0):
 garbage-first heap   total 126976K, used 70643K [0x0000000600000000, 0x0000000800000000)
  region size 4096K, 15 young (61440K), 2 survivors (8192K)
 Metaspace       used 20817K, committed 21504K, reserved 1114112K
  class space    used 3078K, committed 3392K, reserved 1048576K
}
Event: 52.946 GC heap after
{Heap after GC invocations=5 (full 0):
 garbage-first heap   total 126976K, used 24646K [0x0000000600000000, 0x0000000800000000)
  region size 4096K, 2 young (8192K), 2 survivors (8192K)
 Metaspace       used 20817K, committed 21504K, reserved 1114112K
  class space    used 3078K, committed 3392K, reserved 1048576K
}
Event: 80.845 GC heap before
{Heap before GC invocations=6 (full 0):
 garbage-first heap   total 98304K, used 90182K [0x0000000600000000, 0x0000000800000000)
  region size 4096K, 18 young (73728K), 2 survivors (8192K)
 Metaspace       used 31356K, committed 32320K, reserved 1114112K
  class space    used 4600K, committed 5056K, reserved 1048576K
}
Event: 80.884 GC heap after
{Heap after GC invocations=7 (full 0):
 garbage-first heap   total 110592K, used 29401K [0x0000000600000000, 0x0000000800000000)
  region size 4096K, 2 young (8192K), 2 survivors (8192K)
 Metaspace       used 31356K, committed 32320K, reserved 1114112K
  class space    used 4600K, committed 5056K, reserved 1048576K
}
Event: 87.956 GC heap before
{Heap before GC invocations=7 (full 0):
 garbage-first heap   total 110592K, used 70361K [0x0000000600000000, 0x0000000800000000)
  region size 4096K, 14 young (57344K), 2 survivors (8192K)
 Metaspace       used 34954K, committed 35968K, reserved 1114112K
  class space    used 4983K, committed 5440K, reserved 1048576K
}
Event: 87.976 GC heap after
{Heap after GC invocations=8 (full 0):
 garbage-first heap   total 110592K, used 33935K [0x0000000600000000, 0x0000000800000000)
  region size 4096K, 2 young (8192K), 2 survivors (8192K)
 Metaspace       used 34954K, committed 35968K, reserved 1114112K
  class space    used 4983K, committed 5440K, reserved 1048576K
}
Event: 88.864 GC heap before
{Heap before GC invocations=8 (full 0):
 garbage-first heap   total 110592K, used 33935K [0x0000000600000000, 0x0000000800000000)
  region size 4096K, 3 young (12288K), 2 survivors (8192K)
 Metaspace       used 35263K, committed 36288K, reserved 1114112K
  class space    used 5029K, committed 5504K, reserved 1048576K
}
Event: 88.871 GC heap after
{Heap after GC invocations=9 (full 0):
 garbage-first heap   total 110592K, used 32809K [0x0000000600000000, 0x0000000800000000)
  region size 4096K, 1 young (4096K), 1 survivors (4096K)
 Metaspace       used 35263K, committed 36288K, reserved 1114112K
  class space    used 5029K, committed 5504K, reserved 1048576K
}
Event: 103.274 GC heap before
{Heap before GC invocations=10 (full 0):
 garbage-first heap   total 110592K, used 86057K [0x0000000600000000, 0x0000000800000000)
  region size 4096K, 15 young (61440K), 1 survivors (4096K)
 Metaspace       used 39337K, committed 40704K, reserved 1114112K
  class space    used 5589K, committed 6272K, reserved 1048576K
}
Event: 103.296 GC heap after
{Heap after GC invocations=11 (full 0):
 garbage-first heap   total 110592K, used 35047K [0x0000000600000000, 0x0000000800000000)
  region size 4096K, 2 young (8192K), 2 survivors (8192K)
 Metaspace       used 39337K, committed 40704K, reserved 1114112K
  class space    used 5589K, committed 6272K, reserved 1048576K
}

Dll operation events (20 events):
Event: 1.790 Attempting to load shared library C:\Users\badya\.vscode\extensions\redhat.java-1.56.0-win32-x64\jre\21.0.12.1-win32-x86_64\bin\zip.dll
Event: 1.790 Loaded shared library C:\Users\badya\.vscode\extensions\redhat.java-1.56.0-win32-x64\jre\21.0.12.1-win32-x86_64\bin\zip.dll
Event: 4.213 Attempting to load shared library C:\Users\badya\.vscode\extensions\redhat.java-1.56.0-win32-x64\jre\21.0.12.1-win32-x86_64\bin\jimage.dll
Event: 4.213 Loaded shared library C:\Users\badya\.vscode\extensions\redhat.java-1.56.0-win32-x64\jre\21.0.12.1-win32-x86_64\bin\jimage.dll
Event: 6.225 Attempting to load shared library C:\Users\badya\.vscode\extensions\redhat.java-1.56.0-win32-x64\jre\21.0.12.1-win32-x86_64\bin\verify.dll
Event: 6.230 Loaded shared library C:\Users\badya\.vscode\extensions\redhat.java-1.56.0-win32-x64\jre\21.0.12.1-win32-x86_64\bin\verify.dll
Event: 7.128 Attempting to load shared library C:\Users\badya\.gradle\native\1def1411415f61bf3af743bc5b6707747c0891f09f0c88961ee8f79bc544acac\windows-amd64\native-platform.dll
Event: 7.170 Loaded shared library C:\Users\badya\.gradle\native\1def1411415f61bf3af743bc5b6707747c0891f09f0c88961ee8f79bc544acac\windows-amd64\native-platform.dll
Event: 7.191 Attempting to load shared library C:\Users\badya\.gradle\native\0.2.5\x86_64-windows-gnu\gradle-fileevents.dll
Event: 7.204 Loaded shared library C:\Users\badya\.gradle\native\0.2.5\x86_64-windows-gnu\gradle-fileevents.dll
Event: 18.209 Attempting to load shared library C:\Users\badya\.vscode\extensions\redhat.java-1.56.0-win32-x64\jre\21.0.12.1-win32-x86_64\bin\management.dll
Event: 18.261 Loaded shared library C:\Users\badya\.vscode\extensions\redhat.java-1.56.0-win32-x64\jre\21.0.12.1-win32-x86_64\bin\management.dll
Event: 18.366 Attempting to load shared library C:\Users\badya\.vscode\extensions\redhat.java-1.56.0-win32-x64\jre\21.0.12.1-win32-x86_64\bin\management_ext.dll
Event: 18.493 Loaded shared library C:\Users\badya\.vscode\extensions\redhat.java-1.56.0-win32-x64\jre\21.0.12.1-win32-x86_64\bin\management_ext.dll
Event: 22.203 Attempting to load shared library C:\Users\badya\.vscode\extensions\redhat.java-1.56.0-win32-x64\jre\21.0.12.1-win32-x86_64\bin\extnet.dll
Event: 22.241 Loaded shared library C:\Users\badya\.vscode\extensions\redhat.java-1.56.0-win32-x64\jre\21.0.12.1-win32-x86_64\bin\extnet.dll
Event: 24.320 Attempting to load shared library C:\Users\badya\.vscode\extensions\redhat.java-1.56.0-win32-x64\jre\21.0.12.1-win32-x86_64\bin\sunmscapi.dll
Event: 24.742 Loaded shared library C:\Users\badya\.vscode\extensions\redhat.java-1.56.0-win32-x64\jre\21.0.12.1-win32-x86_64\bin\sunmscapi.dll
Event: 39.096 Attempting to load shared library C:\Users\badya\AppData\Local\Temp\native-platform11095253988640250903dir\gradle-fileevents.dll
Event: 39.642 Loaded shared library C:\Users\badya\AppData\Local\Temp\native-platform11095253988640250903dir\gradle-fileevents.dll

Deoptimization events (20 events):
Event: 112.897 Thread 0x0000029035c35870 Uncommon trap: trap_request=0xffffff45 fr.pc=0x0000028fd30416d0 relative=0x0000000000000130
Event: 112.897 Thread 0x0000029035c35870 Uncommon trap: reason=unstable_if action=reinterpret pc=0x0000028fd30416d0 method=java.util.Arrays.hashCode([Ljava/lang/Object;)I @ 34 c2
Event: 112.897 Thread 0x0000029035c35870 DEOPT PACKING pc=0x0000028fd30416d0 sp=0x000000e138bf9810
Event: 112.904 Thread 0x0000029035c35870 DEOPT UNPACKING pc=0x0000028fd28b7ba2 sp=0x000000e138bf9788 mode 2
Event: 117.061 Thread 0x0000029035c35870 Uncommon trap: trap_request=0xffffffc6 fr.pc=0x0000028fd2fd646c relative=0x000000000000030c
Event: 117.061 Thread 0x0000029035c35870 Uncommon trap: reason=bimorphic_or_optimized_type_check action=maybe_recompile pc=0x0000028fd2fd646c method=com.google.common.base.CharMatcher.indexIn(Ljava/lang/CharSequence;I)I @ 31 c2
Event: 117.061 Thread 0x0000029035c35870 DEOPT PACKING pc=0x0000028fd2fd646c sp=0x000000e138bf9a40
Event: 117.062 Thread 0x0000029035c35870 DEOPT UNPACKING pc=0x0000028fd28b7ba2 sp=0x000000e138bf99e8 mode 2
Event: 117.066 Thread 0x0000029035c35870 Uncommon trap: trap_request=0xffffffc6 fr.pc=0x0000028fd2fd646c relative=0x000000000000030c
Event: 117.066 Thread 0x0000029035c35870 Uncommon trap: reason=bimorphic_or_optimized_type_check action=maybe_recompile pc=0x0000028fd2fd646c method=com.google.common.base.CharMatcher.indexIn(Ljava/lang/CharSequence;I)I @ 31 c2
Event: 117.066 Thread 0x0000029035c35870 DEOPT PACKING pc=0x0000028fd2fd646c sp=0x000000e138bf9a40
Event: 117.066 Thread 0x0000029035c35870 DEOPT UNPACKING pc=0x0000028fd28b7ba2 sp=0x000000e138bf99e8 mode 2
Event: 117.066 Thread 0x0000029035c35870 Uncommon trap: trap_request=0xffffffc6 fr.pc=0x0000028fd2fd646c relative=0x000000000000030c
Event: 117.066 Thread 0x0000029035c35870 Uncommon trap: reason=bimorphic_or_optimized_type_check action=maybe_recompile pc=0x0000028fd2fd646c method=com.google.common.base.CharMatcher.indexIn(Ljava/lang/CharSequence;I)I @ 31 c2
Event: 117.066 Thread 0x0000029035c35870 DEOPT PACKING pc=0x0000028fd2fd646c sp=0x000000e138bf9a40
Event: 117.066 Thread 0x0000029035c35870 DEOPT UNPACKING pc=0x0000028fd28b7ba2 sp=0x000000e138bf99e8 mode 2
Event: 117.791 Thread 0x0000029035c35870 Uncommon trap: trap_request=0xffffffc6 fr.pc=0x0000028fd2fd646c relative=0x000000000000030c
Event: 117.791 Thread 0x0000029035c35870 Uncommon trap: reason=bimorphic_or_optimized_type_check action=maybe_recompile pc=0x0000028fd2fd646c method=com.google.common.base.CharMatcher.indexIn(Ljava/lang/CharSequence;I)I @ 31 c2
Event: 117.791 Thread 0x0000029035c35870 DEOPT PACKING pc=0x0000028fd2fd646c sp=0x000000e138bf9300
Event: 117.791 Thread 0x0000029035c35870 DEOPT UNPACKING pc=0x0000028fd28b7ba2 sp=0x000000e138bf92a8 mode 2

Classes loaded (20 events):
Event: 104.368 Loading class java/lang/invoke/BoundMethodHandle$Species_LLLLLLLLLLLLLLLLLLLLLLLLLLLLLLLLL
Event: 104.368 Loading class java/lang/invoke/BoundMethodHandle$Species_LLLLLLLLLLLLLLLLLLLLLLLLLLLLLLLLL done
Event: 113.011 Loading class java/util/PrimitiveIterator$OfInt
Event: 113.025 Loading class java/util/PrimitiveIterator
Event: 113.025 Loading class java/util/PrimitiveIterator done
Event: 113.025 Loading class java/util/PrimitiveIterator$OfInt done
Event: 113.169 Loading class java/util/concurrent/RecursiveAction
Event: 113.170 Loading class java/util/concurrent/RecursiveAction done
Event: 113.936 Loading class java/util/concurrent/atomic/AtomicReferenceFieldUpdater
Event: 113.960 Loading class java/util/concurrent/atomic/AtomicReferenceFieldUpdater done
Event: 113.960 Loading class java/util/concurrent/atomic/AtomicReferenceFieldUpdater$AtomicReferenceFieldUpdaterImpl
Event: 113.961 Loading class java/util/concurrent/atomic/AtomicReferenceFieldUpdater$AtomicReferenceFieldUpdaterImpl done
Event: 113.961 Loading class java/util/concurrent/atomic/AtomicReferenceFieldUpdater$AtomicReferenceFieldUpdaterImpl$1
Event: 113.961 Loading class java/util/concurrent/atomic/AtomicReferenceFieldUpdater$AtomicReferenceFieldUpdaterImpl$1 done
Event: 117.058 Loading class java/util/DualPivotQuicksort
Event: 117.060 Loading class java/util/DualPivotQuicksort done
Event: 118.145 Loading class java/util/stream/ReduceOps$2
Event: 118.177 Loading class java/util/stream/ReduceOps$2 done
Event: 118.177 Loading class java/util/stream/ReduceOps$2ReducingSink
Event: 118.177 Loading class java/util/stream/ReduceOps$2ReducingSink done

Classes unloaded (0 events):
No events

Classes redefined (0 events):
No events

Internal exceptions (20 events):
Event: 104.370 Thread 0x0000029035c35870 Exception <a 'java/lang/NoSuchMethodError'{0x0000000607aa4460}: 'java.lang.Object java.lang.invoke.DirectMethodHandle$Holder.invokeStatic(java.lang.Object, java.lang.Object, java.lang.Object, java.lang.Object, java.lang.Object, java.lang.Object, java.lang.Object, java.lang.Object, java.lang.Object, java.lang.Object, java.lang.Object, java.lang.Object, java.lang.Object, java.lang.Object, java.lang.Object, java.lang.Object, java.lang.Object, java.lang.Object, java.lang.Object, java.lang.Object, java.lang.Obj
Event: 104.427 Thread 0x0000029035c35870 Exception <a 'java/lang/NoSuchMethodError'{0x0000000607aeded8}: 'java.lang.Object java.lang.invoke.DirectMethodHandle$Holder.newInvokeSpecial(java.lang.Object, java.lang.Object, java.lang.Object, java.lang.Object, java.lang.Object, java.lang.Object, java.lang.Object, java.lang.Object, java.lang.Object, java.lang.Object, java.lang.Object, java.lang.Object, java.lang.Object, java.lang.Object, java.lang.Object, java.lang.Object, java.lang.Object, java.lang.Object, java.lang.Object)'> (0x0000000607aeded8) 
thr
Event: 104.429 Thread 0x0000029035c35870 Exception <a 'java/lang/NoSuchMethodError'{0x0000000607af4b80}: 'java.lang.Object java.lang.invoke.DirectMethodHandle$Holder.invokeSpecial(java.lang.Object, java.lang.Object, java.lang.Object, java.lang.Object, java.lang.Object, java.lang.Object, java.lang.Object, java.lang.Object, java.lang.Object, java.lang.Object, java.lang.Object, java.lang.Object, java.lang.Object, java.lang.Object, java.lang.Object, java.lang.Object, java.lang.Object, java.lang.Object, java.lang.Object, java.lang.Object)'> (0x0000000
Event: 104.429 Thread 0x0000029035c35870 Exception <a 'java/lang/NoSuchMethodError'{0x0000000607afa440}: 'java.lang.Object java.lang.invoke.DelegatingMethodHandle$Holder.reinvoke_L(java.lang.Object, java.lang.Object, java.lang.Object, java.lang.Object, java.lang.Object, java.lang.Object, java.lang.Object, java.lang.Object, java.lang.Object, java.lang.Object, java.lang.Object, java.lang.Object, java.lang.Object, java.lang.Object, java.lang.Object, java.lang.Object, java.lang.Object, java.lang.Object, java.lang.Object)'> (0x0000000607afa440) 
throw
Event: 105.400 Thread 0x0000029035c35870 Exception <a 'java/lang/NoSuchMethodError'{0x0000000606339cc0}: 'java.lang.Object java.lang.invoke.DirectMethodHandle$Holder.invokeVirtual(java.lang.Object, java.lang.Object, java.lang.Object, java.lang.Object, java.lang.Object, java.lang.Object, java.lang.Object, java.lang.Object, java.lang.Object, java.lang.Object, java.lang.Object, java.lang.Object, java.lang.Object, java.lang.Object, java.lang.Object)'> (0x0000000606339cc0) 
thrown [s\src\hotspot\share\interpreter\linkResolver.cpp, line 773]
Event: 105.613 Thread 0x0000029035c35870 Exception <a 'java/lang/NoSuchMethodError'{0x0000000605c17ba8}: 'java.lang.Object java.lang.invoke.DirectMethodHandle$Holder.newInvokeSpecial(java.lang.Object, java.lang.Object, java.lang.Object, java.lang.Object, java.lang.Object, java.lang.Object, java.lang.Object, java.lang.Object, java.lang.Object, java.lang.Object, java.lang.Object, java.lang.Object, java.lang.Object)'> (0x0000000605c17ba8) 
thrown [s\src\hotspot\share\interpreter\linkResolver.cpp, line 773]
Event: 108.393 Thread 0x0000029035c35870 Exception <a 'java/lang/NoSuchMethodError'{0x0000000605f28788}: 'java.lang.Object java.lang.invoke.DirectMethodHandle$Holder.newInvokeSpecial(java.lang.Object, java.lang.Object, java.lang.Object, java.lang.Object, int)'> (0x0000000605f28788) 
thrown [s\src\hotspot\share\interpreter\linkResolver.cpp, line 773]
Event: 108.394 Thread 0x0000029035c35870 Exception <a 'java/lang/NoSuchMethodError'{0x0000000605f2d6f8}: 'java.lang.Object java.lang.invoke.DirectMethodHandle$Holder.invokeSpecial(java.lang.Object, java.lang.Object, java.lang.Object, java.lang.Object, java.lang.Object, int)'> (0x0000000605f2d6f8) 
thrown [s\src\hotspot\share\interpreter\linkResolver.cpp, line 773]
Event: 108.395 Thread 0x0000029035c35870 Exception <a 'java/lang/NoSuchMethodError'{0x0000000605f31e30}: 'java.lang.Object java.lang.invoke.Invokers$Holder.linkToTargetMethod(java.lang.Object, java.lang.Object, java.lang.Object, int, java.lang.Object)'> (0x0000000605f31e30) 
thrown [s\src\hotspot\share\interpreter\linkResolver.cpp, line 773]
Event: 109.814 Thread 0x0000029035c35870 Exception <a 'java/lang/NoSuchMethodError'{0x0000000605925e70}: 'int java.lang.invoke.DirectMethodHandle$Holder.invokeInterface(java.lang.Object, java.lang.Object, java.lang.Object, java.lang.Object)'> (0x0000000605925e70) 
thrown [s\src\hotspot\share\interpreter\linkResolver.cpp, line 773]
Event: 110.822 Thread 0x0000029035c35870 Exception <a 'java/lang/NoSuchMethodError'{0x0000000605b8c950}: 'java.lang.Object java.lang.invoke.DirectMethodHandle$Holder.invokeStatic(java.lang.Object, long, java.lang.Object)'> (0x0000000605b8c950) 
thrown [s\src\hotspot\share\interpreter\linkResolver.cpp, line 773]
Event: 110.824 Thread 0x0000029035c35870 Exception <a 'java/lang/NoSuchMethodError'{0x0000000605b93a28}: 'java.lang.Object java.lang.invoke.DirectMethodHandle$Holder.newInvokeSpecial(java.lang.Object, long)'> (0x0000000605b93a28) 
thrown [s\src\hotspot\share\interpreter\linkResolver.cpp, line 773]
Event: 111.203 Thread 0x0000029035c35870 Exception <a 'java/lang/NoSuchMethodError'{0x0000000605bf7070}: 'java.lang.Object java.lang.invoke.DirectMethodHandle$Holder.newInvokeSpecial(java.lang.Object, java.lang.Object, java.lang.Object, java.lang.Object, java.lang.Object, long, java.lang.Object)'> (0x0000000605bf7070) 
thrown [s\src\hotspot\share\interpreter\linkResolver.cpp, line 773]
Event: 111.205 Thread 0x0000029035c35870 Exception <a 'java/lang/NoSuchMethodError'{0x0000000605bff778}: 'java.lang.Object java.lang.invoke.Invokers$Holder.linkToTargetMethod(java.lang.Object, java.lang.Object, java.lang.Object, java.lang.Object, long, java.lang.Object, java.lang.Object)'> (0x0000000605bff778) 
thrown [s\src\hotspot\share\interpreter\linkResolver.cpp, line 773]
Event: 111.238 Thread 0x0000029035c35870 Exception <a 'java/lang/NoSuchMethodError'{0x0000000605444d08}: 'java.lang.Object java.lang.invoke.DirectMethodHandle$Holder.newInvokeSpecial(java.lang.Object, java.lang.Object, java.lang.Object, long, java.lang.Object)'> (0x0000000605444d08) 
thrown [s\src\hotspot\share\interpreter\linkResolver.cpp, line 773]
Event: 111.242 Thread 0x0000029035c35870 Exception <a 'java/lang/NoSuchMethodError'{0x00000006054498c0}: 'java.lang.Object java.lang.invoke.DirectMethodHandle$Holder.invokeSpecial(java.lang.Object, java.lang.Object, java.lang.Object, java.lang.Object, long, java.lang.Object)'> (0x00000006054498c0) 
thrown [s\src\hotspot\share\interpreter\linkResolver.cpp, line 773]
Event: 111.243 Thread 0x0000029035c35870 Exception <a 'java/lang/NoSuchMethodError'{0x000000060544db48}: 'java.lang.Object java.lang.invoke.Invokers$Holder.linkToTargetMethod(java.lang.Object, java.lang.Object, long, java.lang.Object, java.lang.Object)'> (0x000000060544db48) 
thrown [s\src\hotspot\share\interpreter\linkResolver.cpp, line 773]
Event: 112.098 Thread 0x0000029035c35870 Exception <a 'java/lang/NoSuchMethodError'{0x00000006056aab90}: 'java.lang.Object java.lang.invoke.DirectMethodHandle$Holder.newInvokeSpecial(java.lang.Object, java.lang.Object, java.lang.Object, java.lang.Object, java.lang.Object, java.lang.Object, java.lang.Object, java.lang.Object, java.lang.Object, java.lang.Object, java.lang.Object, java.lang.Object, java.lang.Object, java.lang.Object, java.lang.Object, java.lang.Object, java.lang.Object, java.lang.Object, java.lang.Object, java.lang.Object, java.lang
Event: 112.897 Thread 0x0000029035c35870 Implicit null exception at 0x0000028fd30415fc to 0x0000028fd30416b4
Event: 117.107 Thread 0x0000029035c35870 Exception <a 'java/lang/IncompatibleClassChangeError'{0x0000000604957688}: Found class java.lang.Object, but interface was expected> (0x0000000604957688) 
thrown [s\src\hotspot\share\interpreter\linkResolver.cpp, line 840]

ZGC Phase Switch (0 events):
No events

VM Operations (20 events):
Event: 109.319 Executing safepoint VM operation: Cleanup
Event: 109.320 Executing safepoint VM operation: Cleanup done
Event: 109.808 Executing non-safepoint VM operation: HandshakeAllThreads (Deoptimize)
Event: 109.809 Executing non-safepoint VM operation: HandshakeAllThreads (Deoptimize) done
Event: 110.817 Executing safepoint VM operation: Cleanup
Event: 110.817 Executing safepoint VM operation: Cleanup done
Event: 111.823 Executing safepoint VM operation: Cleanup
Event: 111.823 Executing safepoint VM operation: Cleanup done
Event: 112.826 Executing safepoint VM operation: Cleanup
Event: 112.826 Executing safepoint VM operation: Cleanup done
Event: 114.851 Executing safepoint VM operation: Cleanup
Event: 114.870 Executing safepoint VM operation: Cleanup done
Event: 115.875 Executing safepoint VM operation: Cleanup
Event: 115.876 Executing safepoint VM operation: Cleanup done
Event: 116.881 Executing safepoint VM operation: Cleanup
Event: 116.928 Executing safepoint VM operation: Cleanup done
Event: 117.932 Executing safepoint VM operation: Cleanup
Event: 117.951 Executing safepoint VM operation: Cleanup done
Event: 118.954 Executing safepoint VM operation: Cleanup
Event: 119.144 Executing safepoint VM operation: Cleanup done

Memory protections (0 events):
No events

Nmethod flushes (20 events):
Event: 88.957 Thread 0x0000028fef3221e0 flushing  nmethod 0x0000028fc2f01d90
Event: 88.957 Thread 0x0000028fef3221e0 flushing  nmethod 0x0000028fc3025d90
Event: 88.957 Thread 0x0000028fef3221e0 flushing  nmethod 0x0000028fc302a290
Event: 88.957 Thread 0x0000028fef3221e0 flushing  nmethod 0x0000028fc302c790
Event: 88.957 Thread 0x0000028fef3221e0 flushing  nmethod 0x0000028fd2f1cc90
Event: 88.957 Thread 0x0000028fef3221e0 flushing  nmethod 0x0000028fd2faa710
Event: 88.957 Thread 0x0000028fef3221e0 flushing  nmethod 0x0000028fc2c6c990
Event: 88.957 Thread 0x0000028fef3221e0 flushing  nmethod 0x0000028fc2c6d210
Event: 88.957 Thread 0x0000028fef3221e0 flushing  nmethod 0x0000028fc2c72090
Event: 88.957 Thread 0x0000028fef3221e0 flushing  nmethod 0x0000028fc2c74f90
Event: 88.957 Thread 0x0000028fef3221e0 flushing  nmethod 0x0000028fc2e53b90
Event: 88.957 Thread 0x0000028fef3221e0 flushing  nmethod 0x0000028fc2e59190
Event: 88.957 Thread 0x0000028fef3221e0 flushing  nmethod 0x0000028fc2e59790
Event: 88.957 Thread 0x0000028fef3221e0 flushing  nmethod 0x0000028fc2e5be90
Event: 88.957 Thread 0x0000028fef3221e0 flushing  nmethod 0x0000028fc2eef410
Event: 88.957 Thread 0x0000028fef3221e0 flushing  nmethod 0x0000028fc2f5a810
Event: 88.957 Thread 0x0000028fef3221e0 flushing  nmethod 0x0000028fc2f96810
Event: 88.957 Thread 0x0000028fef3221e0 flushing  nmethod 0x0000028fc2f99610
Event: 88.957 Thread 0x0000028fef3221e0 flushing  nmethod 0x0000028fc2f99b10
Event: 88.957 Thread 0x0000028fef3221e0 flushing  nmethod 0x0000028fc2f9c910

Events (20 events):
Event: 25.361 Thread 0x00000290359d3af0 Thread added: 0x0000029036769070
Event: 28.425 Thread 0x00000290359d3af0 Thread added: 0x0000029035d0c020
Event: 28.966 Thread 0x00000290359d3af0 Thread added: 0x0000029035c35870
Event: 29.105 Thread 0x0000029035c35870 Thread added: 0x0000028fefb83300
Event: 29.124 Thread 0x0000029035c35870 Thread added: 0x0000028fefb82c70
Event: 29.159 Thread 0x0000029035c35870 Thread added: 0x0000028fefb80510
Event: 36.077 Thread 0x0000029035c35870 Thread added: 0x0000028fefb81230
Event: 36.719 Thread 0x0000029035c35870 Thread added: 0x0000028fefb80ba0
Event: 37.139 Thread 0x0000029035c35870 Thread added: 0x0000028fefb825e0
Event: 39.173 Thread 0x0000028fefb80ba0 Thread added: 0x0000028fefb83990
Event: 53.864 Thread 0x0000029035c35870 Thread added: 0x0000028fefb81f50
Event: 54.156 Thread 0x0000029035c35870 Thread added: 0x0000029037357d30
Event: 57.826 Thread 0x0000029035c35870 Thread added: 0x000002903735ab20
Event: 57.931 Thread 0x0000029035c35870 Thread added: 0x000002903735b1b0
Event: 69.438 Thread 0x0000029035c35870 Thread added: 0x000002903735b840
Event: 71.876 Thread 0x0000029035c35870 Thread added: 0x0000029037359e00
Event: 83.624 Thread 0x0000029035c35870 Thread added: 0x0000029037359770
Event: 85.448 Thread 0x0000029035c35870 Thread added: 0x0000029037358a50
Event: 100.446 Thread 0x0000029035c35870 Thread added: 0x00000290373590e0
Event: 102.298 Thread 0x0000029035c35870 Thread added: 0x000002903735cbf0


Dynamic libraries:
0x00007ff789510000 - 0x00007ff78951e000 	C:\Users\badya\.vscode\extensions\redhat.java-1.56.0-win32-x64\jre\21.0.12.1-win32-x86_64\bin\java.exe
0x00007ffdee340000 - 0x00007ffdee5a7000 	C:\WINDOWS\SYSTEM32\ntdll.dll
0x00007ffdecda0000 - 0x00007ffdece6b000 	C:\WINDOWS\System32\KERNEL32.DLL
0x00007ffdebb20000 - 0x00007ffdebf22000 	C:\WINDOWS\System32\KERNELBASE.dll
0x00007ffdeb740000 - 0x00007ffdeb88c000 	C:\WINDOWS\System32\ucrtbase.dll
0x00007ffdc1590000 - 0x00007ffdc15a8000 	C:\Users\badya\.vscode\extensions\redhat.java-1.56.0-win32-x64\jre\21.0.12.1-win32-x86_64\bin\jli.dll
0x00007ffdec0f0000 - 0x00007ffdec2bf000 	C:\WINDOWS\System32\USER32.dll
0x00007ffdeb8a0000 - 0x00007ffdeb8c7000 	C:\WINDOWS\System32\win32u.dll
0x00007ffded360000 - 0x00007ffded38b000 	C:\WINDOWS\System32\GDI32.dll
0x00007ffdebf30000 - 0x00007ffdec059000 	C:\WINDOWS\System32\gdi32full.dll
0x00007ffdeb690000 - 0x00007ffdeb733000 	C:\WINDOWS\System32\msvcp_win.dll
0x00007ffdc49f0000 - 0x00007ffdc4a0e000 	C:\Users\badya\.vscode\extensions\redhat.java-1.56.0-win32-x64\jre\21.0.12.1-win32-x86_64\bin\VCRUNTIME140.dll
0x00007ffdd11d0000 - 0x00007ffdd1460000 	C:\WINDOWS\WinSxS\amd64_microsoft.windows.common-controls_6595b64144ccf1df_6.0.26100.9278_none_3e0d1ba8e3303201\COMCTL32.dll
0x00007ffded3a0000 - 0x00007ffded449000 	C:\WINDOWS\System32\msvcrt.dll
0x00007ffdec0b0000 - 0x00007ffdec0e1000 	C:\WINDOWS\System32\IMM32.DLL
0x00007ffdd6850000 - 0x00007ffdd685c000 	C:\Users\badya\.vscode\extensions\redhat.java-1.56.0-win32-x64\jre\21.0.12.1-win32-x86_64\bin\vcruntime140_1.dll
0x00007ffd85180000 - 0x00007ffd8520d000 	C:\Users\badya\.vscode\extensions\redhat.java-1.56.0-win32-x64\jre\21.0.12.1-win32-x86_64\bin\msvcp140.dll
0x00007ffd269e0000 - 0x00007ffd27782000 	C:\Users\badya\.vscode\extensions\redhat.java-1.56.0-win32-x64\jre\21.0.12.1-win32-x86_64\bin\server\jvm.dll
0x00007ffdec2d0000 - 0x00007ffdec38c000 	C:\WINDOWS\System32\ADVAPI32.dll
0x00007ffded0e0000 - 0x00007ffded189000 	C:\WINDOWS\System32\sechost.dll
0x00007ffdec9a0000 - 0x00007ffdecab8000 	C:\WINDOWS\System32\RPCRT4.dll
0x00007ffdec580000 - 0x00007ffdec600000 	C:\WINDOWS\System32\WS2_32.dll
0x00007ffdeb3a0000 - 0x00007ffdeb3fe000 	C:\WINDOWS\SYSTEM32\POWRPROF.dll
0x00007ffdd1db0000 - 0x00007ffdd1de6000 	C:\WINDOWS\SYSTEM32\WINMM.dll
0x00007ffdd9690000 - 0x00007ffdd969b000 	C:\WINDOWS\SYSTEM32\VERSION.dll
0x00007ffdeb380000 - 0x00007ffdeb395000 	C:\WINDOWS\SYSTEM32\UMPDC.dll
0x00007ffdea210000 - 0x00007ffdea22b000 	C:\WINDOWS\SYSTEM32\kernel.appcore.dll
0x00007ffdd67e0000 - 0x00007ffdd67ea000 	C:\Users\badya\.vscode\extensions\redhat.java-1.56.0-win32-x64\jre\21.0.12.1-win32-x86_64\bin\jimage.dll
0x00007ffde8a30000 - 0x00007ffde8c7c000 	C:\WINDOWS\SYSTEM32\DBGHELP.DLL
0x00007ffdec610000 - 0x00007ffdec995000 	C:\WINDOWS\System32\combase.dll
0x00007ffded190000 - 0x00007ffded269000 	C:\WINDOWS\System32\OLEAUT32.dll
0x00007ffdd2e80000 - 0x00007ffdd2ebb000 	C:\WINDOWS\SYSTEM32\dbgcore.DLL
0x00007ffdeba60000 - 0x00007ffdebb0c000 	C:\WINDOWS\System32\bcryptPrimitives.dll
0x00007ffdc8ed0000 - 0x00007ffdc8edf000 	C:\Users\badya\.vscode\extensions\redhat.java-1.56.0-win32-x64\jre\21.0.12.1-win32-x86_64\bin\instrument.dll
0x00007ffdc1570000 - 0x00007ffdc1590000 	C:\Users\badya\.vscode\extensions\redhat.java-1.56.0-win32-x64\jre\21.0.12.1-win32-x86_64\bin\java.dll
0x00007ffdedab0000 - 0x00007ffdee248000 	C:\WINDOWS\System32\SHELL32.dll
0x00007ffde8f70000 - 0x00007ffde981e000 	C:\WINDOWS\SYSTEM32\windows.storage.dll
0x00007ffdece70000 - 0x00007ffdecf6b000 	C:\WINDOWS\System32\SHCORE.dll
0x00007ffded900000 - 0x00007ffded966000 	C:\WINDOWS\System32\shlwapi.dll
0x00007ffdeb460000 - 0x00007ffdeb489000 	C:\WINDOWS\SYSTEM32\profapi.dll
0x00007ffdc0f80000 - 0x00007ffdc0f98000 	C:\Users\badya\.vscode\extensions\redhat.java-1.56.0-win32-x64\jre\21.0.12.1-win32-x86_64\bin\zip.dll
0x00007ffdd4ab0000 - 0x00007ffdd4ac0000 	C:\Users\badya\.vscode\extensions\redhat.java-1.56.0-win32-x64\jre\21.0.12.1-win32-x86_64\bin\net.dll
0x00007ffddbbf0000 - 0x00007ffddbd1a000 	C:\WINDOWS\SYSTEM32\WINHTTP.dll
0x00007ffdea7d0000 - 0x00007ffdea83c000 	C:\WINDOWS\system32\mswsock.dll
0x00007ffdbcf80000 - 0x00007ffdbcf96000 	C:\Users\badya\.vscode\extensions\redhat.java-1.56.0-win32-x64\jre\21.0.12.1-win32-x86_64\bin\nio.dll
0x00007ffdd3590000 - 0x00007ffdd35a0000 	C:\Users\badya\.vscode\extensions\redhat.java-1.56.0-win32-x64\jre\21.0.12.1-win32-x86_64\bin\verify.dll
0x00007ffdb3bd0000 - 0x00007ffdb3bf7000 	C:\Users\badya\.gradle\native\1def1411415f61bf3af743bc5b6707747c0891f09f0c88961ee8f79bc544acac\windows-amd64\native-platform.dll
0x00000000529b0000 - 0x0000000052a23000 	C:\Users\badya\.gradle\native\0.2.5\x86_64-windows-gnu\gradle-fileevents.dll
0x00007ffdd1970000 - 0x00007ffdd197a000 	C:\Users\badya\.vscode\extensions\redhat.java-1.56.0-win32-x64\jre\21.0.12.1-win32-x86_64\bin\management.dll
0x00007ffdd18b0000 - 0x00007ffdd18bc000 	C:\Users\badya\.vscode\extensions\redhat.java-1.56.0-win32-x64\jre\21.0.12.1-win32-x86_64\bin\management_ext.dll
0x00007ffded390000 - 0x00007ffded398000 	C:\WINDOWS\System32\PSAPI.DLL
0x00007ffdeaac0000 - 0x00007ffdeaadb000 	C:\WINDOWS\SYSTEM32\CRYPTSP.dll
0x00007ffdea170000 - 0x00007ffdea1a9000 	C:\WINDOWS\system32\rsaenh.dll
0x00007ffdea880000 - 0x00007ffdea8b4000 	C:\WINDOWS\SYSTEM32\USERENV.dll
0x00007ffdeb430000 - 0x00007ffdeb45a000 	C:\WINDOWS\SYSTEM32\bcrypt.dll
0x00007ffdeaae0000 - 0x00007ffdeaaec000 	C:\WINDOWS\SYSTEM32\CRYPTBASE.dll
0x00007ffde9be0000 - 0x00007ffde9c13000 	C:\WINDOWS\SYSTEM32\IPHLPAPI.DLL
0x00007ffdedaa0000 - 0x00007ffdedaaa000 	C:\WINDOWS\System32\NSI.dll
0x00007ffdcb340000 - 0x00007ffdcb349000 	C:\Users\badya\.vscode\extensions\redhat.java-1.56.0-win32-x64\jre\21.0.12.1-win32-x86_64\bin\extnet.dll
0x00007ffdc8dc0000 - 0x00007ffdc8dce000 	C:\Users\badya\.vscode\extensions\redhat.java-1.56.0-win32-x64\jre\21.0.12.1-win32-x86_64\bin\sunmscapi.dll
0x00007ffdeb8d0000 - 0x00007ffdeba4e000 	C:\WINDOWS\System32\CRYPT32.dll
0x00007ffdead00000 - 0x00007ffdead30000 	C:\WINDOWS\SYSTEM32\ncrypt.dll
0x00007ffdeacb0000 - 0x00007ffdeacef000 	C:\WINDOWS\SYSTEM32\NTASN1.dll
0x00007ffdd1e00000 - 0x00007ffdd1e08000 	C:\WINDOWS\system32\wshunix.dll
0x0000000051fb0000 - 0x0000000052023000 	C:\Users\badya\AppData\Local\Temp\native-platform11095253988640250903dir\gradle-fileevents.dll

JVMTI agents:
C:\Users\badya\.gradle\wrapper\dists\gradle-8.12-all\ejduaidbjup3bmmkhw3rie4zb\gradle-8.12\lib\agents\gradle-instrumentation-agent-8.12.jar path:C:\Users\badya\.vscode\extensions\redhat.java-1.56.0-win32-x64\jre\21.0.12.1-win32-x86_64\bin\instrument.dll, loaded, initialized, instrumentlib options:none

dbghelp: loaded successfully - version: 4.0.5 - missing functions: none
symbol engine: initialized successfully - sym options: 0x614 - pdb path: .;C:\Users\badya\.vscode\extensions\redhat.java-1.56.0-win32-x64\jre\21.0.12.1-win32-x86_64\bin;C:\WINDOWS\SYSTEM32;C:\WINDOWS\WinSxS\amd64_microsoft.windows.common-controls_6595b64144ccf1df_6.0.26100.9278_none_3e0d1ba8e3303201;C:\Users\badya\.vscode\extensions\redhat.java-1.56.0-win32-x64\jre\21.0.12.1-win32-x86_64\bin\server;C:\Users\badya\.gradle\native\1def1411415f61bf3af743bc5b6707747c0891f09f0c88961ee8f79bc544acac\windows-amd64;C:\Users\badya\.gradle\native\0.2.5\x86_64-windows-gnu;C:\Users\badya\AppData\Local\Temp\native-platform11095253988640250903dir

VM Arguments:
jvm_args: --add-opens=java.base/java.lang=ALL-UNNAMED --add-opens=java.base/java.lang.invoke=ALL-UNNAMED --add-opens=java.base/java.util=ALL-UNNAMED --add-opens=java.prefs/java.util.prefs=ALL-UNNAMED --add-exports=jdk.compiler/com.sun.tools.javac.api=ALL-UNNAMED --add-exports=jdk.compiler/com.sun.tools.javac.util=ALL-UNNAMED --add-opens=java.base/java.util=ALL-UNNAMED --add-opens=java.prefs/java.util.prefs=ALL-UNNAMED --add-opens=java.base/java.nio.charset=ALL-UNNAMED --add-opens=java.base/java.net=ALL-UNNAMED --add-opens=java.base/java.util.concurrent.atomic=ALL-UNNAMED --add-opens=java.xml/javax.xml.namespace=ALL-UNNAMED -XX:MaxMetaspaceSize=4G -XX:ReservedCodeCacheSize=512m -XX:+HeapDumpOnOutOfMemoryError -Xmx8G -Dfile.encoding=UTF-8 -Duser.country=FR -Duser.language=fr -Duser.variant -javaagent:C:\Users\badya\.gradle\wrapper\dists\gradle-8.12-all\ejduaidbjup3bmmkhw3rie4zb\gradle-8.12\lib\agents\gradle-instrumentation-agent-8.12.jar 
java_command: org.gradle.launcher.daemon.bootstrap.GradleDaemon 8.12
java_class_path (initial): C:\Users\badya\.gradle\wrapper\dists\gradle-8.12-all\ejduaidbjup3bmmkhw3rie4zb\gradle-8.12\lib\gradle-daemon-main-8.12.jar
Launcher Type: SUN_STANDARD

[Global flags]
     intx CICompilerCount                          = 4                                         {product} {ergonomic}
     uint ConcGCThreads                            = 2                                         {product} {ergonomic}
     uint G1ConcRefinementThreads                  = 8                                         {product} {ergonomic}
   size_t G1HeapRegionSize                         = 4194304                                   {product} {ergonomic}
    uintx GCDrainStackTargetSize                   = 64                                        {product} {ergonomic}
     bool HeapDumpOnOutOfMemoryError               = true                                   {manageable} {command line}
   size_t InitialHeapSize                          = 130023424                                 {product} {ergonomic}
   size_t MarkStackSize                            = 4194304                                   {product} {ergonomic}
   size_t MaxHeapSize                              = 8589934592                                {product} {command line}
   size_t MaxMetaspaceSize                         = 4294967296                                {product} {command line}
   size_t MaxNewSize                               = 5150605312                                {product} {ergonomic}
   size_t MinHeapDeltaBytes                        = 4194304                                   {product} {ergonomic}
   size_t MinHeapSize                              = 8388608                                   {product} {ergonomic}
    uintx NonNMethodCodeHeapSize                   = 5839372                                {pd product} {ergonomic}
    uintx NonProfiledCodeHeapSize                  = 265515770                              {pd product} {ergonomic}
    uintx ProfiledCodeHeapSize                     = 265515770                              {pd product} {ergonomic}
    uintx ReservedCodeCacheSize                    = 536870912                              {pd product} {command line}
     bool SegmentedCodeCache                       = true                                      {product} {ergonomic}
   size_t SoftMaxHeapSize                          = 8589934592                             {manageable} {ergonomic}
     bool UseCompressedOops                        = true                           {product lp64_product} {ergonomic}
     bool UseG1GC                                  = true                                      {product} {ergonomic}
     bool UseLargePagesIndividualAllocation        = false                                  {pd product} {ergonomic}

Logging:
Log output configuration:
 #0: stdout all=warning uptime,level,tags foldmultilines=false
 #1: stderr all=off uptime,level,tags foldmultilines=false

Release file:
JAVA_VERSION="21.0.12.1" 
MODULES="java.base java.compiler java.datatransfer java.xml java.prefs java.desktop java.instrument java.logging java.management java.security.sasl java.naming java.rmi java.management.rmi java.net.http java.scripting java.security.jgss java.transaction.xa java.sql java.sql.rowset java.xml.crypto java.se java.smartcardio jdk.accessibility jdk.internal.jvmstat jdk.attach jdk.charsets jdk.internal.opt jdk.zipfs jdk.compiler jdk.crypto.ec jdk.crypto.cryptoki jdk.crypto.mscapi jdk.dynalink jdk.internal.ed jdk.editpad jdk.hotspot.agent jdk.httpserver jdk.internal.le jdk.internal.vm.ci jdk.internal.vm.compiler jdk.internal.vm.compiler.management jdk.jartool jdk.javadoc jdk.jcmd jdk.management jdk.management.agent jdk.jconsole jdk.jdeps jdk.jdwp.agent jdk.jdi jdk.jfr jdk.jshell jdk.jsobject jdk.jstatd jdk.localedata jdk.management.jfr jdk.naming.dns jdk.naming.rmi jdk.net jdk.nio.mapmode jdk.random jdk.sctp jdk.security.auth jdk.security.jgss jdk.unsupported jdk.unsupported.desktop jdk.xml.dom" 

Environment Variables:
JAVA_HOME=C:\Users\badya\.jdk\jdk-21.0.8
PATH=C:\Program Files\Python310\Scripts\;C:\Program Files\Python310\;C:\Program Files\Eclipse Adoptium\jdk-25.0.2.10-hotspot\bin;C:\Program Files\Eclipse Adoptium\jdk-8.0.472.8-hotspot\bin;C:\Program Files\Common Files\Oracle\Java\javapath;C:\Program Files\Eclipse Adoptium\jdk-17.0.13.11-hotspot\bin;C:\app\badya\product\21c\dbhomeXE\bin;C:\Windows\system32;C:\Windows;C:\Windows\System32\Wbem;C:\Windows\System32\WindowsPowerShell\v1.0\;C:\Windows\System32\OpenSSH\;C:\Program Files (x86)\NVIDIA Corporation\PhysX\Common;C:\Program Files\NVIDIA Corporation\NVIDIA NvDLISR;C:\WINDOWS\system32;C:\WINDOWS;C:\WINDOWS\System32\Wbem;C:\WINDOWS\System32\WindowsPowerShell\v1.0\;C:\WINDOWS\System32\OpenSSH\;C:\Program Files\Git\cmd;C:\Program Files\nodejs\;C:\ProgramData\chocolatey\bin;C:\Program Files\Docker\Docker\resources\bin;C:\Program Files\CMake\bin;C:\Program Files (x86)\Windows Kits\10\Windows Performance Toolkit\;C:\Program Files\Eclipse Adoptium\jdk-8.0.472.8-hotspot\bin;C:\Program Files\Common Files\Oracle\Java\javapath;C:\Program Files\Eclipse Adoptium\jdk-17.0.13.11-hotspot\bin;C:\app\badya\product\21c\dbhomeXE\bin;C:\Windows\system32;C:\Windows;C:\Windows\System32\Wbem;C:\Windows\System32\WindowsPowerShell\v1.0\;C:\Windows\System32\OpenSSH\;C:\Program Files (x86)\NVIDIA Corporation\PhysX\Common;C:\Program Files\NVIDIA Corporation\NVIDIA NvDLISR;C:\WINDOWS\system32;C:\WINDOWS;C:\WINDOWS\System32\Wbem;C:\WINDOWS\System32\WindowsPowerShell\v1.0\;C:\WINDOWS\System32\OpenSSH\;C:\Program Files\Git\cmd;C:\Program Files\nodejs\;C:\ProgramData\chocolatey\bin;C:\Program Files (x86)\Windows Kits\10\Windows Performance Toolkit\;C:\Program Files\Docker\Docker\resources\bin;C:\Program Files\Eclipse Adoptium\jdk-8.0.472.8-hotspot\bin;C:\Program Files\Common Files\Oracle\Java\javapath;C:\Program Files\Eclipse Adoptium\jdk-17.0.13.11-hotspot\bin;C:\app\badya\product\21c\dbhomeXE\bin;C:\Windows\system32;C:\Windows;C:\Windows\Syste;C:\Program Files\apache-maven-3.9.11\bin;C:\Flutter\flutter\bin;C:\Users\badya\AppData\Local\Programs\Antigravity\bin;C:\Users\badya\.local\bin;C:\Users\badya\AppData\Local\Programs\Microsoft VS Code\bin;C:\Users\badya\AppData\Local\Programs\MiKTeX\miktex\bin\x64\
USERNAME=badya
OS=Windows_NT
PROCESSOR_IDENTIFIER=Intel64 Family 6 Model 140 Stepping 1, GenuineIntel
TMP=C:\Users\badya\AppData\Local\Temp
TEMP=C:\Users\badya\AppData\Local\Temp




Periodic native trim disabled

---------------  S Y S T E M  ---------------

OS:
 Windows 11 , 64 bit Build 26100 (10.0.26100.9444)
OS uptime: 2 days 9:14 hours
Hyper-V role detected

CPU: total 8 (initial active 8) (4 cores per cpu, 2 threads per core) family 6 model 140 stepping 1 microcode 0xa6, cx8, cmov, fxsr, ht, mmx, 3dnowpref, sse, sse2, sse3, ssse3, sse4.1, sse4.2, popcnt, lzcnt, tsc, tscinvbit, avx, avx2, aes, erms, clmul, bmi1, bmi2, adx, avx512f, avx512dq, avx512cd, avx512bw, avx512vl, sha, fma, vzeroupper, avx512_vpopcntdq, avx512_vpclmulqdq, avx512_vaes, avx512_vnni, clflush, clflushopt, clwb, avx512_vbmi2, avx512_vbmi, hv, rdtscp, rdpid, fsrm, gfni, avx512_bitalg, f16c, cet_ibt, cet_ss, avx512_ifma
Processor Information for the first 8 processors :
  Max Mhz: 2803, Current Mhz: 2803, Mhz Limit: 2803

Memory: 4k page, system-wide physical 7886M (133M free)
TotalPageFile size 32462M (AvailPageFile size 20M)
current process WorkingSet (physical memory assigned to process): 135M, peak: 195M
current process commit charge ("private bytes"): 294M, peak: 301M

vm_info: OpenJDK 64-Bit Server VM (21.0.12.1+1-LTS) for windows-amd64 JRE (21.0.12.1+1-LTS), built on 2026-08-18T00:00:00Z by "admin" with MS VC++ 17.12 (VS2022)

END.
