#
# There is insufficient memory for the Java Runtime Environment to continue.
# Native memory allocation (malloc) failed to allocate 1011840 bytes. Error detail: Chunk::new
# Possible reasons:
#   The system is out of physical RAM or swap space
#   This process is running with CompressedOops enabled, and the Java Heap may be blocking the growth of the native heap
# Possible solutions:
#   Reduce memory load on the system
#   Increase physical memory or swap space
#   Check if swap backing store is full
#   Decrease Java heap size (-Xmx/-Xms)
#   Decrease number of Java threads
#   Decrease Java thread stack sizes (-Xss)
#   Set larger code cache with -XX:ReservedCodeCacheSize=
#   JVM is running with Zero Based Compressed Oops mode in which the Java heap is
#     placed in the first 32GB address space. The Java Heap base address is the
#     maximum limit for the native heap growth. Please use -XX:HeapBaseMinAddress
#     to set the Java Heap base and to place the Java Heap above 32GB virtual address.
# This output file may be truncated or incomplete.
#
#  Out of Memory Error (arena.cpp:168), pid=26184, tid=23952
#
# JRE version: OpenJDK Runtime Environment Temurin-21.0.12.1+1 (21.0.12.1+1) (build 21.0.12.1+1-LTS)
# Java VM: OpenJDK 64-Bit Server VM Temurin-21.0.12.1+1 (21.0.12.1+1-LTS, mixed mode, sharing, tiered, compressed oops, compressed class ptrs, g1 gc, windows-amd64)
# No core dump will be written. Minidumps are not enabled by default on client versions of Windows
#

---------------  S U M M A R Y ------------

Command Line: --add-opens=java.base/java.lang=ALL-UNNAMED --add-opens=java.base/java.lang.invoke=ALL-UNNAMED --add-opens=java.base/java.util=ALL-UNNAMED --add-opens=java.prefs/java.util.prefs=ALL-UNNAMED --add-exports=jdk.compiler/com.sun.tools.javac.api=ALL-UNNAMED --add-exports=jdk.compiler/com.sun.tools.javac.util=ALL-UNNAMED --add-opens=java.base/java.util=ALL-UNNAMED --add-opens=java.prefs/java.util.prefs=ALL-UNNAMED --add-opens=java.base/java.nio.charset=ALL-UNNAMED --add-opens=java.base/java.net=ALL-UNNAMED --add-opens=java.base/java.util.concurrent.atomic=ALL-UNNAMED --add-opens=java.xml/javax.xml.namespace=ALL-UNNAMED -XX:MaxMetaspaceSize=4G -XX:ReservedCodeCacheSize=512m -XX:+HeapDumpOnOutOfMemoryError -Xmx8G -Dfile.encoding=UTF-8 -Duser.country=FR -Duser.language=fr -Duser.variant -javaagent:C:\Users\badya\.gradle\wrapper\dists\gradle-8.12-all\ejduaidbjup3bmmkhw3rie4zb\gradle-8.12\lib\agents\gradle-instrumentation-agent-8.12.jar org.gradle.launcher.daemon.bootstrap.GradleDaemon 8.12

Host: 11th Gen Intel(R) Core(TM) i7-1165G7 @ 2.80GHz, 8 cores, 7G,  Windows 11 , 64 bit Build 26100 (10.0.26100.9444)
Time: Thu Sep 24 09:33:29 2026 Afr. centrale Ouest elapsed time: 248.834455 seconds (0d 0h 4m 8s)

---------------  T H R E A D  ---------------

Current thread (0x0000016be4610dc0):  JavaThread "C2 CompilerThread0" daemon [_thread_in_native, id=23952, stack(0x0000000157d00000,0x0000000157e00000) (1024K)]


Current CompileTask:
C2:248834 11163   !   4       java.util.jar.Attributes::read (494 bytes)

Stack: [0x0000000157d00000,0x0000000157e00000]
Native frames: (J=compiled Java code, j=interpreted, Vv=VM code, C=native code)
V  [jvm.dll+0x6d83e9]
V  [jvm.dll+0x8b5736]
V  [jvm.dll+0x8b7cee]
V  [jvm.dll+0x8b83d3]
V  [jvm.dll+0x284596]
V  [jvm.dll+0xc685d]
V  [jvm.dll+0xc6da1]
V  [jvm.dll+0x3bf18b]
V  [jvm.dll+0x38b6d2]
V  [jvm.dll+0x38ab1a]
V  [jvm.dll+0x24c700]
V  [jvm.dll+0x24bce0]
V  [jvm.dll+0x1cb4ae]
V  [jvm.dll+0x25baad]
V  [jvm.dll+0x25a03a]
V  [jvm.dll+0x3f8aae]
V  [jvm.dll+0x8600cd]
V  [jvm.dll+0x6d6c1d]
C  [ucrtbase.dll+0x2cd30]
C  [KERNEL32.DLL+0x2cd87]
C  [ntdll.dll+0xacaec]


---------------  P R O C E S S  ---------------

Threads class SMR info:
_java_thread_list=0x0000016c30afa3e0, length=110, elements={
0x0000016bb4c31340, 0x0000016be4605040, 0x0000016be4606610, 0x0000016be4609580,
0x0000016be460eb70, 0x0000016be460f5d0, 0x0000016be4610030, 0x0000016be4610dc0,
0x0000016be4617cd0, 0x0000016c2c29f3a0, 0x0000016c2c216ee0, 0x0000016c2c48c350,
0x0000016c2d05dda0, 0x0000016c2c0eb650, 0x0000016c2d195920, 0x0000016c2c020f30,
0x0000016c2cf080f0, 0x0000016c2cf07a60, 0x0000016c2cf08780, 0x0000016c2cf08e10,
0x0000016c2cf0a850, 0x0000016c2cf094a0, 0x0000016c2cf09b30, 0x0000016c2fa66020,
0x0000016c2fa673d0, 0x0000016c2fa6a1c0, 0x0000016c2fa66d40, 0x0000016c2fa6a850,
0x0000016c2fa6b570, 0x0000016c2fa680f0, 0x0000016c2fa6bc00, 0x0000016c2fa68780,
0x0000016c2fa6c920, 0x0000016c2f602f70, 0x0000016c2f601bc0, 0x0000016c2f6028e0,
0x0000016c2f603600, 0x0000016c2f603c90, 0x0000016c2f600ea0, 0x0000016c2f607110,
0x0000016c2f606a80, 0x0000016c2f6077a0, 0x0000016c2f605d60, 0x0000016c2f605040,
0x0000016c2f6063f0, 0x0000016c2f6056d0, 0x0000016c2f6049b0, 0x0000016c2f607e30,
0x0000016c2f6084c0, 0x0000016c3048b570, 0x0000016c304880f0, 0x0000016c304894a0,
0x0000016c30489b30, 0x0000016c3048aee0, 0x0000016c30488e10, 0x0000016c304044e0,
0x0000016c30405890, 0x0000016c30405f20, 0x0000016c2fa68e10, 0x0000016c300aaa10,
0x0000016c300ab730, 0x0000016c300abdc0, 0x0000016c300ab0a0, 0x0000016c300ac450,
0x0000016c300ad800, 0x0000016c300acae0, 0x0000016c300ad170, 0x0000016c300ade90,
0x0000016c301e89e0, 0x0000016c301e7cc0, 0x0000016c301ea420, 0x0000016c301e9d90,
0x0000016c301e9070, 0x0000016c301e9700, 0x0000016c301eaab0, 0x0000016c301eb140,
0x0000016c301eb7d0, 0x0000016c301e8350, 0x0000016c301edf30, 0x0000016c301ed210,
0x0000016c301ee5c0, 0x0000016c301ebe60, 0x0000016c301ec4f0, 0x0000016c301ed8a0,
0x0000016c301ecb80, 0x0000016c301eec50, 0x0000016c301ef2e0, 0x0000016c306b7040,
0x0000016c306b5c90, 0x0000016c306b48e0, 0x0000016c306b69b0, 0x0000016c306b7d60,
0x0000016c306b4f70, 0x0000016c306b83f0, 0x0000016c306b6320, 0x0000016c306b76d0,
0x0000016c306b8a80, 0x0000016c306b5600, 0x0000016c306b9110, 0x0000016c306bab50,
0x0000016c306bb1e0, 0x0000016c306b9e30, 0x0000016c306bbf00, 0x0000016c306b97a0,
0x0000016c306ba4c0, 0x0000016c306bb870, 0x0000016c30c1f390, 0x0000016c30c1fa20,
0x0000016c30c20740, 0x0000016c30c20dd0
}

Java Threads: ( => current thread )
  0x0000016bb4c31340 JavaThread "main"                              [_thread_blocked, id=10400, stack(0x0000000156f00000,0x0000000157000000) (1024K)]
  0x0000016be4605040 JavaThread "Reference Handler"          daemon [_thread_blocked, id=19240, stack(0x0000000157700000,0x0000000157800000) (1024K)]
  0x0000016be4606610 JavaThread "Finalizer"                  daemon [_thread_blocked, id=15712, stack(0x0000000157800000,0x0000000157900000) (1024K)]
  0x0000016be4609580 JavaThread "Signal Dispatcher"          daemon [_thread_blocked, id=18240, stack(0x0000000157900000,0x0000000157a00000) (1024K)]
  0x0000016be460eb70 JavaThread "Attach Listener"            daemon [_thread_blocked, id=2400, stack(0x0000000157a00000,0x0000000157b00000) (1024K)]
  0x0000016be460f5d0 JavaThread "Service Thread"             daemon [_thread_blocked, id=25960, stack(0x0000000157b00000,0x0000000157c00000) (1024K)]
  0x0000016be4610030 JavaThread "Monitor Deflation Thread"   daemon [_thread_blocked, id=13204, stack(0x0000000157c00000,0x0000000157d00000) (1024K)]
=>0x0000016be4610dc0 JavaThread "C2 CompilerThread0"         daemon [_thread_in_native, id=23952, stack(0x0000000157d00000,0x0000000157e00000) (1024K)]
  0x0000016be4617cd0 JavaThread "C1 CompilerThread0"         daemon [_thread_blocked, id=3536, stack(0x0000000157e00000,0x0000000157f00000) (1024K)]
  0x0000016c2c29f3a0 JavaThread "Common-Cleaner"             daemon [_thread_blocked, id=14232, stack(0x0000000157f00000,0x0000000158000000) (1024K)]
  0x0000016c2c216ee0 JavaThread "Notification Thread"        daemon [_thread_blocked, id=18908, stack(0x0000000158000000,0x0000000158100000) (1024K)]
  0x0000016c2c48c350 JavaThread "Daemon health stats"               [_thread_blocked, id=26488, stack(0x0000000158500000,0x0000000158600000) (1024K)]
  0x0000016c2d05dda0 JavaThread "Incoming local TCP Connector on port 60939"        [_thread_in_native, id=25764, stack(0x0000000158600000,0x0000000158700000) (1024K)]
  0x0000016c2c0eb650 JavaThread "Daemon periodic checks"            [_thread_blocked, id=15132, stack(0x0000000158700000,0x0000000158800000) (1024K)]
  0x0000016c2d195920 JavaThread "Daemon"                            [_thread_blocked, id=740, stack(0x0000000158800000,0x0000000158900000) (1024K)]
  0x0000016c2c020f30 JavaThread "Daemon worker"                     [_thread_in_vm, id=18576, stack(0x0000000158b00000,0x0000000158c00000) (1024K)]
  0x0000016c2cf080f0 JavaThread "Handler for socket connection from /127.0.0.1:60939 to /127.0.0.1:60945"        [_thread_in_native, id=25660, stack(0x0000000158900000,0x0000000158a00000) (1024K)]
  0x0000016c2cf07a60 JavaThread "Cancel handler"                    [_thread_blocked, id=11068, stack(0x0000000158a00000,0x0000000158b00000) (1024K)]
  0x0000016c2cf08780 JavaThread "Asynchronous log dispatcher for DefaultDaemonConnection: socket connection from /127.0.0.1:60939 to /127.0.0.1:60945"        [_thread_blocked, id=20860, stack(0x0000000158c00000,0x0000000158d00000) (1024K)]
  0x0000016c2cf08e10 JavaThread "Stdin handler"                     [_thread_blocked, id=25496, stack(0x0000000158d00000,0x0000000158e00000) (1024K)]
  0x0000016c2cf0a850 JavaThread "Daemon client event forwarder"        [_thread_blocked, id=16956, stack(0x0000000158e00000,0x0000000158f00000) (1024K)]
  0x0000016c2cf094a0 JavaThread "Cache worker for journal cache (C:\Users\badya\.gradle\caches\journal-1)"        [_thread_blocked, id=24372, stack(0x0000000158f00000,0x0000000159000000) (1024K)]
  0x0000016c2cf09b30 JavaThread "File lock request listener"        [_thread_in_native, id=22884, stack(0x0000000159000000,0x0000000159100000) (1024K)]
  0x0000016c2fa66020 JavaThread "Cache worker for file hash cache (C:\Users\badya\.gradle\caches\8.12\fileHashes)"        [_thread_blocked, id=22956, stack(0x0000000159100000,0x0000000159200000) (1024K)]
  0x0000016c2fa673d0 JavaThread "Cache worker for file hash cache (C:\test2-final-adas-dms\couche4_mobile\android\.gradle\8.12\fileHashes)"        [_thread_blocked, id=13812, stack(0x0000000159700000,0x0000000159800000) (1024K)]
  0x0000016c2fa6a1c0 JavaThread "Cache worker for Build Output Cleanup Cache (C:\test2-final-adas-dms\couche4_mobile\android\.gradle\buildOutputCleanup)"        [_thread_blocked, id=18692, stack(0x0000000159800000,0x0000000159900000) (1024K)]
  0x0000016c2fa66d40 JavaThread "File watcher server"        daemon [_thread_in_native, id=17096, stack(0x0000000159900000,0x0000000159a00000) (1024K)]
  0x0000016c2fa6a850 JavaThread "File watcher consumer"      daemon [_thread_blocked, id=10692, stack(0x0000000159a00000,0x0000000159b00000) (1024K)]
  0x0000016c2fa6b570 JavaThread "Cache worker for checksums cache (C:\test2-final-adas-dms\couche4_mobile\android\.gradle\8.12\checksums)"        [_thread_blocked, id=9168, stack(0x0000000159b00000,0x0000000159c00000) (1024K)]
  0x0000016c2fa680f0 JavaThread "Cache worker for file content cache (C:\Users\badya\.gradle\caches\8.12\fileContent)"        [_thread_blocked, id=21272, stack(0x0000000159c00000,0x0000000159d00000) (1024K)]
  0x0000016c2fa6bc00 JavaThread "Cache worker for cache directory md-rule (C:\Users\badya\.gradle\caches\8.12\md-rule)"        [_thread_blocked, id=9564, stack(0x0000000159d00000,0x0000000159e00000) (1024K)]
  0x0000016c2fa68780 JavaThread "Cache worker for cache directory md-supplier (C:\Users\badya\.gradle\caches\8.12\md-supplier)"        [_thread_blocked, id=9048, stack(0x0000000159e00000,0x0000000159f00000) (1024K)]
  0x0000016c2fa6c920 JavaThread "Cache worker for Build Output Cleanup Cache (C:\Flutter\flutter\packages\flutter_tools\gradle\.gradle\buildOutputCleanup)"        [_thread_blocked, id=24188, stack(0x0000000156c00000,0x0000000156d00000) (1024K)]
  0x0000016c2f602f70 JavaThread "Unconstrained build operations"        [_thread_blocked, id=10704, stack(0x0000000156d00000,0x0000000156e00000) (1024K)]
  0x0000016c2f601bc0 JavaThread "Unconstrained build operations Thread 2"        [_thread_blocked, id=25828, stack(0x0000000156e00000,0x0000000156f00000) (1024K)]
  0x0000016c2f6028e0 JavaThread "Unconstrained build operations Thread 3"        [_thread_blocked, id=23764, stack(0x0000000159f00000,0x000000015a000000) (1024K)]
  0x0000016c2f603600 JavaThread "Unconstrained build operations Thread 4"        [_thread_blocked, id=10988, stack(0x000000015a000000,0x000000015a100000) (1024K)]
  0x0000016c2f603c90 JavaThread "Unconstrained build operations Thread 5"        [_thread_blocked, id=14504, stack(0x000000015a100000,0x000000015a200000) (1024K)]
  0x0000016c2f600ea0 JavaThread "Unconstrained build operations Thread 6"        [_thread_blocked, id=25424, stack(0x000000015a200000,0x000000015a300000) (1024K)]
  0x0000016c2f607110 JavaThread "Unconstrained build operations Thread 7"        [_thread_blocked, id=6272, stack(0x000000015a300000,0x000000015a400000) (1024K)]
  0x0000016c2f606a80 JavaThread "Unconstrained build operations Thread 8"        [_thread_blocked, id=8544, stack(0x000000015a400000,0x000000015a500000) (1024K)]
  0x0000016c2f6077a0 JavaThread "Unconstrained build operations Thread 9"        [_thread_blocked, id=8096, stack(0x000000015a500000,0x000000015a600000) (1024K)]
  0x0000016c2f605d60 JavaThread "Unconstrained build operations Thread 10"        [_thread_blocked, id=26472, stack(0x000000015a600000,0x000000015a700000) (1024K)]
  0x0000016c2f605040 JavaThread "Unconstrained build operations Thread 11"        [_thread_blocked, id=16720, stack(0x000000015a700000,0x000000015a800000) (1024K)]
  0x0000016c2f6063f0 JavaThread "Unconstrained build operations Thread 12"        [_thread_blocked, id=21724, stack(0x000000015a800000,0x000000015a900000) (1024K)]
  0x0000016c2f6056d0 JavaThread "Unconstrained build operations Thread 13"        [_thread_blocked, id=22268, stack(0x000000015a900000,0x000000015aa00000) (1024K)]
  0x0000016c2f6049b0 JavaThread "Unconstrained build operations Thread 14"        [_thread_blocked, id=7688, stack(0x000000015aa00000,0x000000015ab00000) (1024K)]
  0x0000016c2f607e30 JavaThread "Unconstrained build operations Thread 15"        [_thread_blocked, id=4668, stack(0x000000015ab00000,0x000000015ac00000) (1024K)]
  0x0000016c2f6084c0 JavaThread "Unconstrained build operations Thread 16"        [_thread_blocked, id=16860, stack(0x000000015ac00000,0x000000015ad00000) (1024K)]
  0x0000016c3048b570 JavaThread "Unconstrained build operations Thread 17"        [_thread_blocked, id=17620, stack(0x000000015ad00000,0x000000015ae00000) (1024K)]
  0x0000016c304880f0 JavaThread "Unconstrained build operations Thread 18"        [_thread_blocked, id=21092, stack(0x000000015ae00000,0x000000015af00000) (1024K)]
  0x0000016c304894a0 JavaThread "Unconstrained build operations Thread 19"        [_thread_blocked, id=13352, stack(0x000000015af00000,0x000000015b000000) (1024K)]
  0x0000016c30489b30 JavaThread "Unconstrained build operations Thread 20"        [_thread_blocked, id=23888, stack(0x000000015b000000,0x000000015b100000) (1024K)]
  0x0000016c3048aee0 JavaThread "Unconstrained build operations Thread 21"        [_thread_blocked, id=21332, stack(0x000000015b100000,0x000000015b200000) (1024K)]
  0x0000016c30488e10 JavaThread "Memory manager"                    [_thread_blocked, id=18556, stack(0x000000015b200000,0x000000015b300000) (1024K)]
  0x0000016c304044e0 JavaThread "build event listener"              [_thread_blocked, id=24308, stack(0x000000015b300000,0x000000015b400000) (1024K)]
  0x0000016c30405890 JavaThread "File lock release action executor Thread 2"        [_thread_blocked, id=2204, stack(0x0000000159200000,0x0000000159300000) (1024K)]
  0x0000016c30405f20 JavaThread "included builds"                   [_thread_blocked, id=24700, stack(0x000000015b400000,0x000000015b500000) (1024K)]
  0x0000016c2fa68e10 JavaThread "Execution worker"                  [_thread_blocked, id=8696, stack(0x000000015b500000,0x000000015b600000) (1024K)]
  0x0000016c300aaa10 JavaThread "Execution worker Thread 2"         [_thread_blocked, id=21224, stack(0x000000015b800000,0x000000015b900000) (1024K)]
  0x0000016c300ab730 JavaThread "Execution worker Thread 3"         [_thread_blocked, id=1388, stack(0x000000015b900000,0x000000015ba00000) (1024K)]
  0x0000016c300abdc0 JavaThread "Execution worker Thread 4"         [_thread_blocked, id=5280, stack(0x000000015ba00000,0x000000015bb00000) (1024K)]
  0x0000016c300ab0a0 JavaThread "Execution worker Thread 5"         [_thread_blocked, id=25636, stack(0x000000015bb00000,0x000000015bc00000) (1024K)]
  0x0000016c300ac450 JavaThread "Execution worker Thread 6"         [_thread_blocked, id=8408, stack(0x000000015bc00000,0x000000015bd00000) (1024K)]
  0x0000016c300ad800 JavaThread "Execution worker Thread 7"         [_thread_blocked, id=18344, stack(0x000000015bd00000,0x000000015be00000) (1024K)]
  0x0000016c300acae0 JavaThread "Cache worker for execution history cache (C:\Flutter\flutter\packages\flutter_tools\gradle\.gradle\8.12\executionHistory)"        [_thread_blocked, id=15776, stack(0x000000015be00000,0x000000015bf00000) (1024K)]
  0x0000016c300ad170 JavaThread "Unconstrained build operations Thread 22"        [_thread_blocked, id=15080, stack(0x000000015bf00000,0x000000015c000000) (1024K)]
  0x0000016c300ade90 JavaThread "Unconstrained build operations Thread 23"        [_thread_blocked, id=4212, stack(0x000000015c000000,0x000000015c100000) (1024K)]
  0x0000016c301e89e0 JavaThread "Unconstrained build operations Thread 24"        [_thread_blocked, id=26188, stack(0x000000015c100000,0x000000015c200000) (1024K)]
  0x0000016c301e7cc0 JavaThread "Unconstrained build operations Thread 25"        [_thread_blocked, id=11412, stack(0x000000015c200000,0x000000015c300000) (1024K)]
  0x0000016c301ea420 JavaThread "Unconstrained build operations Thread 26"        [_thread_blocked, id=20744, stack(0x000000015c300000,0x000000015c400000) (1024K)]
  0x0000016c301e9d90 JavaThread "Unconstrained build operations Thread 27"        [_thread_blocked, id=14992, stack(0x000000015c400000,0x000000015c500000) (1024K)]
  0x0000016c301e9070 JavaThread "Unconstrained build operations Thread 28"        [_thread_blocked, id=24544, stack(0x000000015c500000,0x000000015c600000) (1024K)]
  0x0000016c301e9700 JavaThread "Unconstrained build operations Thread 29"        [_thread_blocked, id=3460, stack(0x000000015c600000,0x000000015c700000) (1024K)]
  0x0000016c301eaab0 JavaThread "Unconstrained build operations Thread 30"        [_thread_blocked, id=19680, stack(0x000000015c700000,0x000000015c800000) (1024K)]
  0x0000016c301eb140 JavaThread "Unconstrained build operations Thread 31"        [_thread_blocked, id=25204, stack(0x000000015c800000,0x000000015c900000) (1024K)]
  0x0000016c301eb7d0 JavaThread "Unconstrained build operations Thread 32"        [_thread_blocked, id=7584, stack(0x000000015c900000,0x000000015ca00000) (1024K)]
  0x0000016c301e8350 JavaThread "Unconstrained build operations Thread 33"        [_thread_blocked, id=23864, stack(0x000000015ca00000,0x000000015cb00000) (1024K)]
  0x0000016c301edf30 JavaThread "Unconstrained build operations Thread 34"        [_thread_blocked, id=24940, stack(0x000000015cb00000,0x000000015cc00000) (1024K)]
  0x0000016c301ed210 JavaThread "Unconstrained build operations Thread 35"        [_thread_blocked, id=14892, stack(0x000000015cc00000,0x000000015cd00000) (1024K)]
  0x0000016c301ee5c0 JavaThread "Unconstrained build operations Thread 36"        [_thread_blocked, id=5484, stack(0x000000015cd00000,0x000000015ce00000) (1024K)]
  0x0000016c301ebe60 JavaThread "Unconstrained build operations Thread 37"        [_thread_blocked, id=20396, stack(0x000000015ce00000,0x000000015cf00000) (1024K)]
  0x0000016c301ec4f0 JavaThread "Unconstrained build operations Thread 38"        [_thread_blocked, id=15176, stack(0x000000015cf00000,0x000000015d000000) (1024K)]
  0x0000016c301ed8a0 JavaThread "Unconstrained build operations Thread 39"        [_thread_blocked, id=23852, stack(0x000000015d000000,0x000000015d100000) (1024K)]
  0x0000016c301ecb80 JavaThread "Unconstrained build operations Thread 40"        [_thread_blocked, id=22748, stack(0x000000015d100000,0x000000015d200000) (1024K)]
  0x0000016c301eec50 JavaThread "Unconstrained build operations Thread 41"        [_thread_blocked, id=17644, stack(0x000000015d200000,0x000000015d300000) (1024K)]
  0x0000016c301ef2e0 JavaThread "Unconstrained build operations Thread 42"        [_thread_blocked, id=14840, stack(0x000000015d300000,0x000000015d400000) (1024K)]
  0x0000016c306b7040 JavaThread "Unconstrained build operations Thread 43"        [_thread_blocked, id=21772, stack(0x000000015d400000,0x000000015d500000) (1024K)]
  0x0000016c306b5c90 JavaThread "Unconstrained build operations Thread 44"        [_thread_blocked, id=25564, stack(0x000000015d500000,0x000000015d600000) (1024K)]
  0x0000016c306b48e0 JavaThread "Unconstrained build operations Thread 45"        [_thread_blocked, id=24800, stack(0x000000015d600000,0x000000015d700000) (1024K)]
  0x0000016c306b69b0 JavaThread "Unconstrained build operations Thread 46"        [_thread_blocked, id=5660, stack(0x000000015d700000,0x000000015d800000) (1024K)]
  0x0000016c306b7d60 JavaThread "Unconstrained build operations Thread 47"        [_thread_blocked, id=8376, stack(0x000000015d800000,0x000000015d900000) (1024K)]
  0x0000016c306b4f70 JavaThread "Unconstrained build operations Thread 48"        [_thread_blocked, id=8236, stack(0x000000015d900000,0x000000015da00000) (1024K)]
  0x0000016c306b83f0 JavaThread "Unconstrained build operations Thread 49"        [_thread_blocked, id=16684, stack(0x000000015da00000,0x000000015db00000) (1024K)]
  0x0000016c306b6320 JavaThread "Unconstrained build operations Thread 50"        [_thread_blocked, id=5620, stack(0x000000015db00000,0x000000015dc00000) (1024K)]
  0x0000016c306b76d0 JavaThread "Unconstrained build operations Thread 51"        [_thread_blocked, id=19948, stack(0x000000015dc00000,0x000000015dd00000) (1024K)]
  0x0000016c306b8a80 JavaThread "Unconstrained build operations Thread 52"        [_thread_blocked, id=22072, stack(0x000000015dd00000,0x000000015de00000) (1024K)]
  0x0000016c306b5600 JavaThread "Unconstrained build operations Thread 53"        [_thread_blocked, id=17616, stack(0x000000015de00000,0x000000015df00000) (1024K)]
  0x0000016c306b9110 JavaThread "Unconstrained build operations Thread 54"        [_thread_blocked, id=5132, stack(0x000000015df00000,0x000000015e000000) (1024K)]
  0x0000016c306bab50 JavaThread "Unconstrained build operations Thread 55"        [_thread_blocked, id=4296, stack(0x000000015e000000,0x000000015e100000) (1024K)]
  0x0000016c306bb1e0 JavaThread "Unconstrained build operations Thread 56"        [_thread_blocked, id=24232, stack(0x000000015e100000,0x000000015e200000) (1024K)]
  0x0000016c306b9e30 JavaThread "Unconstrained build operations Thread 57"        [_thread_blocked, id=9316, stack(0x000000015e200000,0x000000015e300000) (1024K)]
  0x0000016c306bbf00 JavaThread "Unconstrained build operations Thread 58"        [_thread_blocked, id=22808, stack(0x000000015e300000,0x000000015e400000) (1024K)]
  0x0000016c306b97a0 JavaThread "Unconstrained build operations Thread 59"        [_thread_blocked, id=2372, stack(0x000000015e400000,0x000000015e500000) (1024K)]
  0x0000016c306ba4c0 JavaThread "Unconstrained build operations Thread 60"        [_thread_blocked, id=23776, stack(0x000000015e500000,0x000000015e600000) (1024K)]
  0x0000016c306bb870 JavaThread "Unconstrained build operations Thread 61"        [_thread_blocked, id=26364, stack(0x000000015e600000,0x000000015e700000) (1024K)]
  0x0000016c30c1f390 JavaThread "Unconstrained build operations Thread 62"        [_thread_blocked, id=20988, stack(0x000000015e700000,0x000000015e800000) (1024K)]
  0x0000016c30c1fa20 JavaThread "Unconstrained build operations Thread 63"        [_thread_blocked, id=16000, stack(0x000000015e800000,0x000000015e900000) (1024K)]
  0x0000016c30c20740 JavaThread "Unconstrained build operations Thread 64"        [_thread_blocked, id=25124, stack(0x000000015e900000,0x000000015ea00000) (1024K)]
  0x0000016c30c20dd0 JavaThread "Unconstrained build operations Thread 65"        [_thread_blocked, id=7488, stack(0x000000015ea00000,0x000000015eb00000) (1024K)]
Total: 110

Other Threads:
  0x0000016be45e28f0 VMThread "VM Thread"                           [id=24444, stack(0x0000000157600000,0x0000000157700000) (1024K)]
  0x0000016be45d2a40 WatcherThread "VM Periodic Task Thread"        [id=12984, stack(0x0000000157500000,0x0000000157600000) (1024K)]
  0x0000016bb4cdca90 WorkerThread "GC Thread#0"                     [id=12764, stack(0x0000000157000000,0x0000000157100000) (1024K)]
  0x0000016c2c2c8450 WorkerThread "GC Thread#1"                     [id=5548, stack(0x0000000158100000,0x0000000158200000) (1024K)]
  0x0000016c2c33f210 WorkerThread "GC Thread#2"                     [id=5388, stack(0x0000000158200000,0x0000000158300000) (1024K)]
  0x0000016c2d043a10 WorkerThread "GC Thread#3"                     [id=13356, stack(0x0000000158300000,0x0000000158400000) (1024K)]
  0x0000016c2ced65d0 WorkerThread "GC Thread#4"                     [id=8188, stack(0x0000000158400000,0x0000000158500000) (1024K)]
  0x0000016c2d9062b0 WorkerThread "GC Thread#5"                     [id=25160, stack(0x0000000159300000,0x0000000159400000) (1024K)]
  0x0000016c2d9ba3a0 WorkerThread "GC Thread#6"                     [id=24740, stack(0x0000000159400000,0x0000000159500000) (1024K)]
  0x0000016c2d9ba750 WorkerThread "GC Thread#7"                     [id=23984, stack(0x0000000159500000,0x0000000159600000) (1024K)]
  0x0000016bb4ced990 ConcurrentGCThread "G1 Main Marker"            [id=12176, stack(0x0000000157100000,0x0000000157200000) (1024K)]
  0x0000016bb4cee3b0 WorkerThread "G1 Conc#0"                       [id=25488, stack(0x0000000157200000,0x0000000157300000) (1024K)]
  0x0000016c2f861050 WorkerThread "G1 Conc#1"                       [id=19888, stack(0x0000000159600000,0x0000000159700000) (1024K)]
  0x0000016be44a3410 ConcurrentGCThread "G1 Refine#0"               [id=3932, stack(0x0000000157300000,0x0000000157400000) (1024K)]
  0x0000016be44a3ea0 ConcurrentGCThread "G1 Service"                [id=23040, stack(0x0000000157400000,0x0000000157500000) (1024K)]
Total: 15

Threads with active compile tasks:
C2 CompilerThread0  248874 11163   !   4       java.util.jar.Attributes::read (494 bytes)
Total: 1

VM state: not at safepoint (normal execution)

VM Mutex/Monitor currently owned by a thread: None

Heap address: 0x0000000600000000, size: 8192 MB, Compressed Oops mode: Zero based, Oop shift amount: 3

CDS archive(s) mapped at: [0x0000016be7000000-0x0000016be7ba0000-0x0000016be7ba0000), size 12189696, SharedBaseAddress: 0x0000016be7000000, ArchiveRelocationMode: 1.
Compressed class space mapped at: 0x0000016be8000000-0x0000016c28000000, reserved size: 1073741824
Narrow klass base: 0x0000016be7000000, Narrow klass shift: 0, Narrow klass range: 0x100000000

GC Precious Log:
 CardTable entry size: 512
 Card Set container configuration: InlinePtr #cards 4 size 8 Array Of Cards #cards 32 size 80 Howl #buckets 8 coarsen threshold 7372 Howl Bitmap #cards 1024 size 144 coarsen threshold 921 Card regions per heap region 1 cards per card region 8192
 CPUs: 8 total, 8 available
 Memory: 7886M
 Large Page Support: Disabled
 NUMA Support: Disabled
 Compressed Oops: Enabled (Zero based)
 Heap Region Size: 4M
 Heap Min Capacity: 8M
 Heap Initial Capacity: 124M
 Heap Max Capacity: 8G
 Pre-touch: Disabled
 Parallel Workers: 8
 Concurrent Workers: 2
 Concurrent Refinement Workers: 8
 Periodic GC: Disabled

Heap:
 garbage-first heap   total 172032K, used 105224K [0x0000000600000000, 0x0000000800000000)
  region size 4096K, 5 young (20480K), 1 survivors (4096K)
 Metaspace       used 80542K, committed 82688K, reserved 1179648K
  class space    used 11553K, committed 12608K, reserved 1048576K

Heap Regions: E=young(eden), S=young(survivor), O=old, HS=humongous(starts), HC=humongous(continues), CS=collection set, F=free, TAMS=top-at-mark-start, PB=parsable bottom
|   0|0x0000000600000000, 0x0000000600400000, 0x0000000600400000|100%|HS|  |TAMS 0x0000000600000000| PB 0x0000000600000000| Complete 
|   1|0x0000000600400000, 0x0000000600800000, 0x0000000600800000|100%| O|  |TAMS 0x0000000600400000| PB 0x0000000600400000| Untracked 
|   2|0x0000000600800000, 0x0000000600c00000, 0x0000000600c00000|100%| O|  |TAMS 0x0000000600800000| PB 0x0000000600800000| Untracked 
|   3|0x0000000600c00000, 0x0000000600feda58, 0x0000000601000000| 98%| O|  |TAMS 0x0000000600c00000| PB 0x0000000600c00000| Untracked 
|   4|0x0000000601000000, 0x0000000601400000, 0x0000000601400000|100%| O|  |TAMS 0x0000000601000000| PB 0x0000000601000000| Untracked 
|   5|0x0000000601400000, 0x0000000601800000, 0x0000000601800000|100%| O|  |TAMS 0x0000000601400000| PB 0x0000000601400000| Untracked 
|   6|0x0000000601800000, 0x0000000601c00000, 0x0000000601c00000|100%| O|  |TAMS 0x0000000601800000| PB 0x0000000601800000| Untracked 
|   7|0x0000000601c00000, 0x0000000602000000, 0x0000000602000000|100%| O|  |TAMS 0x0000000601c00000| PB 0x0000000601c00000| Untracked 
|   8|0x0000000602000000, 0x0000000602400000, 0x0000000602400000|100%| O|  |TAMS 0x0000000602000000| PB 0x0000000602000000| Untracked 
|   9|0x0000000602400000, 0x0000000602800000, 0x0000000602800000|100%|HS|  |TAMS 0x0000000602400000| PB 0x0000000602400000| Complete 
|  10|0x0000000602800000, 0x0000000602c00000, 0x0000000602c00000|100%| O|  |TAMS 0x0000000602800000| PB 0x0000000602800000| Untracked 
|  11|0x0000000602c00000, 0x0000000603000000, 0x0000000603000000|100%|HS|  |TAMS 0x0000000602c00000| PB 0x0000000602c00000| Complete 
|  12|0x0000000603000000, 0x0000000603400000, 0x0000000603400000|100%| O|  |TAMS 0x0000000603000000| PB 0x0000000603000000| Untracked 
|  13|0x0000000603400000, 0x0000000603800000, 0x0000000603800000|100%| O|  |TAMS 0x0000000603400000| PB 0x0000000603400000| Untracked 
|  14|0x0000000603800000, 0x0000000603c00000, 0x0000000603c00000|100%| O|  |TAMS 0x0000000603800000| PB 0x0000000603800000| Untracked 
|  15|0x0000000603c00000, 0x0000000604000000, 0x0000000604000000|100%| O|  |TAMS 0x0000000603c00000| PB 0x0000000603c00000| Untracked 
|  16|0x0000000604000000, 0x0000000604400000, 0x0000000604400000|100%| O|  |TAMS 0x0000000604000000| PB 0x0000000604000000| Untracked 
|  17|0x0000000604400000, 0x0000000604400000, 0x0000000604800000|  0%| F|  |TAMS 0x0000000604400000| PB 0x0000000604400000| Untracked 
|  18|0x0000000604800000, 0x0000000604c00000, 0x0000000604c00000|100%| O|  |TAMS 0x0000000604800000| PB 0x0000000604800000| Untracked 
|  19|0x0000000604c00000, 0x0000000605000000, 0x0000000605000000|100%| O|  |TAMS 0x0000000604c00000| PB 0x0000000604c00000| Untracked 
|  20|0x0000000605000000, 0x0000000605074730, 0x0000000605400000| 11%| O|  |TAMS 0x0000000605000000| PB 0x0000000605000000| Untracked 
|  21|0x0000000605400000, 0x0000000605800000, 0x0000000605800000|100%| O|  |TAMS 0x0000000605400000| PB 0x0000000605400000| Untracked 
|  22|0x0000000605800000, 0x0000000605800000, 0x0000000605c00000|  0%| F|  |TAMS 0x0000000605800000| PB 0x0000000605800000| Untracked 
|  23|0x0000000605c00000, 0x0000000605c00000, 0x0000000606000000|  0%| F|  |TAMS 0x0000000605c00000| PB 0x0000000605c00000| Untracked 
|  24|0x0000000606000000, 0x0000000606000000, 0x0000000606400000|  0%| F|  |TAMS 0x0000000606000000| PB 0x0000000606000000| Untracked 
|  25|0x0000000606400000, 0x0000000606400000, 0x0000000606800000|  0%| F|  |TAMS 0x0000000606400000| PB 0x0000000606400000| Untracked 
|  26|0x0000000606800000, 0x0000000606a5ff08, 0x0000000606c00000| 59%| S|CS|TAMS 0x0000000606800000| PB 0x0000000606800000| Complete 
|  27|0x0000000606c00000, 0x0000000606c00000, 0x0000000607000000|  0%| F|  |TAMS 0x0000000606c00000| PB 0x0000000606c00000| Untracked 
|  28|0x0000000607000000, 0x0000000607000000, 0x0000000607400000|  0%| F|  |TAMS 0x0000000607000000| PB 0x0000000607000000| Untracked 
|  29|0x0000000607400000, 0x0000000607400000, 0x0000000607800000|  0%| F|  |TAMS 0x0000000607400000| PB 0x0000000607400000| Untracked 
|  30|0x0000000607800000, 0x0000000607800000, 0x0000000607c00000|  0%| F|  |TAMS 0x0000000607800000| PB 0x0000000607800000| Untracked 
|  31|0x0000000607c00000, 0x0000000607c00000, 0x0000000608000000|  0%| F|  |TAMS 0x0000000607c00000| PB 0x0000000607c00000| Untracked 
|  32|0x0000000608000000, 0x0000000608000000, 0x0000000608400000|  0%| F|  |TAMS 0x0000000608000000| PB 0x0000000608000000| Untracked 
|  33|0x0000000608400000, 0x0000000608400000, 0x0000000608800000|  0%| F|  |TAMS 0x0000000608400000| PB 0x0000000608400000| Untracked 
|  34|0x0000000608800000, 0x0000000608800000, 0x0000000608c00000|  0%| F|  |TAMS 0x0000000608800000| PB 0x0000000608800000| Untracked 
|  35|0x0000000608c00000, 0x0000000608c00000, 0x0000000609000000|  0%| F|  |TAMS 0x0000000608c00000| PB 0x0000000608c00000| Untracked 
|  36|0x0000000609000000, 0x00000006091b7530, 0x0000000609400000| 42%| E|  |TAMS 0x0000000609000000| PB 0x0000000609000000| Complete 
|  37|0x0000000609400000, 0x0000000609800000, 0x0000000609800000|100%| E|CS|TAMS 0x0000000609400000| PB 0x0000000609400000| Complete 
|  38|0x0000000609800000, 0x0000000609c00000, 0x0000000609c00000|100%| E|CS|TAMS 0x0000000609800000| PB 0x0000000609800000| Complete 
|2045|0x00000007ff400000, 0x00000007ff800000, 0x00000007ff800000|100%| O|Cm|TAMS 0x00000007ff400000| PB 0x00000007ff400000| Complete 
|2046|0x00000007ff800000, 0x00000007ffc00000, 0x00000007ffc00000|100%| E|CS|TAMS 0x00000007ff800000| PB 0x00000007ff800000| Complete 
|2047|0x00000007ffc00000, 0x0000000800000000, 0x0000000800000000|100%| O|  |TAMS 0x00000007ffc00000| PB 0x00000007ffc00000| Untracked 

Card table byte_map: [0x0000016bdb3c0000,0x0000016bdc3c0000] _byte_map_base: 0x0000016bd83c0000

Marking Bits: (CMBitMap*) 0x0000016bb4cdd0b0
 Bits: [0x0000016bdc3c0000, 0x0000016be43c0000)

Polling page: 0x0000016bb4bb0000

Metaspace:

Usage:
  Non-class:     67.37 MB used.
      Class:     11.28 MB used.
       Both:     78.66 MB used.

Virtual space:
  Non-class space:      128.00 MB reserved,      68.44 MB ( 53%) committed,  2 nodes.
      Class space:        1.00 GB reserved,      12.31 MB (  1%) committed,  1 nodes.
             Both:        1.12 GB reserved,      80.75 MB (  7%) committed. 

Chunk freelists:
   Non-Class:  11.59 MB
       Class:  3.53 MB
        Both:  15.12 MB

MaxMetaspaceSize: 4.00 GB
CompressedClassSpaceSize: 1.00 GB
Initial GC threshold: 21.00 MB
Current GC threshold: 132.50 MB
CDS: on
 - commit_granule_bytes: 65536.
 - commit_granule_words: 8192.
 - virtual_space_node_default_size: 8388608.
 - enlarge_chunks_in_place: 1.
 - use_allocation_guard: 0.


Internal statistics:

num_allocs_failed_limit: 9.
num_arena_births: 3800.
num_arena_deaths: 0.
num_vsnodes_births: 3.
num_vsnodes_deaths: 0.
num_space_committed: 1292.
num_space_uncommitted: 0.
num_chunks_returned_to_freelist: 9.
num_chunks_taken_from_freelist: 7636.
num_chunk_merges: 6.
num_chunk_splits: 4954.
num_chunks_enlarged: 3049.
num_inconsistent_stats: 0.

CodeHeap 'non-profiled nmethods': size=259264Kb used=5402Kb max_used=5442Kb free=253861Kb
 bounds [0x0000016bc9a10000, 0x0000016bc9f70000, 0x0000016bd9740000]
CodeHeap 'profiled nmethods': size=259264Kb used=16950Kb max_used=17156Kb free=242313Kb
 bounds [0x0000016bb9740000, 0x0000016bba810000, 0x0000016bc9470000]
CodeHeap 'non-nmethods': size=5760Kb used=2150Kb max_used=2177Kb free=3609Kb
 bounds [0x0000016bc9470000, 0x0000016bc96e0000, 0x0000016bc9a10000]
CodeCache: size=524288Kb, used=24502Kb, max_used=24775Kb, free=499783Kb
 total_blobs=10229, nmethods=9412, adapters=721, full_count=0
Compilation: enabled, stopped_count=0, restarted_count=0

Compilation events (20 events):
Event: 248.773 Thread 0x0000016be4617cd0 11169       3       sun.security.util.ManifestDigester$Section::<init> (26 bytes)
Event: 248.773 Thread 0x0000016be4617cd0 nmethod 11169 0x0000016bba136590 code [0x0000016bba136740, 0x0000016bba136910]
Event: 248.773 Thread 0x0000016be4617cd0 11170       3       sun.security.util.ManifestDigester$Entry::addSection (13 bytes)
Event: 248.773 Thread 0x0000016be4617cd0 nmethod 11170 0x0000016bba181810 code [0x0000016bba1819c0, 0x0000016bba181ba8]
Event: 248.773 Thread 0x0000016be4617cd0 11171       3       sun.security.util.ManifestDigester::isNameAttr (102 bytes)
Event: 248.774 Thread 0x0000016be4617cd0 nmethod 11171 0x0000016bba277390 code [0x0000016bba277560, 0x0000016bba277950]
Event: 248.774 Thread 0x0000016be4617cd0 11172       3       sun.security.util.ManifestDigester$$Lambda/0x0000016be8974a88::apply (8 bytes)
Event: 248.774 Thread 0x0000016be4617cd0 nmethod 11172 0x0000016bba12d890 code [0x0000016bba12da80, 0x0000016bba12e0b0]
Event: 248.774 Thread 0x0000016be4617cd0 11173       3       sun.security.util.ManifestDigester::lambda$new$0 (8 bytes)
Event: 248.774 Thread 0x0000016be4617cd0 nmethod 11173 0x0000016bb9e20110 code [0x0000016bb9e202e0, 0x0000016bb9e207a0]
Event: 248.782 Thread 0x0000016be4617cd0 11175       3       sun.security.util.ObjectIdentifier::checkOtherComponent (41 bytes)
Event: 248.783 Thread 0x0000016be4617cd0 nmethod 11175 0x0000016bb9f38e90 code [0x0000016bb9f390e0, 0x0000016bb9f39770]
Event: 248.783 Thread 0x0000016be4617cd0 11176       3       sun.security.util.ObjectIdentifier::checkOidSize (86 bytes)
Event: 248.784 Thread 0x0000016be4617cd0 nmethod 11176 0x0000016bba08ca10 code [0x0000016bba08cd00, 0x0000016bba08d990]
Event: 248.789 Thread 0x0000016be4617cd0 11177       3       sun.security.util.ObjectIdentifier::pack7Oid (42 bytes)
Event: 248.789 Thread 0x0000016be4617cd0 nmethod 11177 0x0000016bb999e890 code [0x0000016bb999ea40, 0x0000016bb999ec28]
Event: 248.789 Thread 0x0000016be4617cd0 11178       3       sun.security.util.ObjectIdentifier::pack (222 bytes)
Event: 248.790 Thread 0x0000016be4617cd0 nmethod 11178 0x0000016bba7dd990 code [0x0000016bba7ddb80, 0x0000016bba7de1a8]
Event: 248.790 Thread 0x0000016be4617cd0 11179       3       sun.security.util.ObjectIdentifier::pack7Oid (83 bytes)
Event: 248.790 Thread 0x0000016be4617cd0 nmethod 11179 0x0000016bb9bd7310 code [0x0000016bb9bd74e0, 0x0000016bb9bd7810]

GC Heap History (20 events):
Event: 104.127 GC heap before
{Heap before GC invocations=18 (full 0):
 garbage-first heap   total 122880K, used 102791K [0x0000000600000000, 0x0000000800000000)
  region size 4096K, 13 young (53248K), 1 survivors (4096K)
 Metaspace       used 65331K, committed 67264K, reserved 1114112K
  class space    used 9593K, committed 10560K, reserved 1048576K
}
Event: 104.236 GC heap after
{Heap after GC invocations=19 (full 0):
 garbage-first heap   total 122880K, used 61301K [0x0000000600000000, 0x0000000800000000)
  region size 4096K, 2 young (8192K), 2 survivors (8192K)
 Metaspace       used 65331K, committed 67264K, reserved 1114112K
  class space    used 9593K, committed 10560K, reserved 1048576K
}
Event: 113.993 GC heap before
{Heap before GC invocations=19 (full 0):
 garbage-first heap   total 122880K, used 102261K [0x0000000600000000, 0x0000000800000000)
  region size 4096K, 13 young (53248K), 2 survivors (8192K)
 Metaspace       used 68385K, committed 70336K, reserved 1114112K
  class space    used 10047K, committed 11008K, reserved 1048576K
}
Event: 114.868 GC heap after
{Heap after GC invocations=20 (full 0):
 garbage-first heap   total 122880K, used 61993K [0x0000000600000000, 0x0000000800000000)
  region size 4096K, 1 young (4096K), 1 survivors (4096K)
 Metaspace       used 68385K, committed 70336K, reserved 1114112K
  class space    used 10047K, committed 11008K, reserved 1048576K
}
Event: 230.975 GC heap before
{Heap before GC invocations=21 (full 0):
 garbage-first heap   total 122880K, used 102953K [0x0000000600000000, 0x0000000800000000)
  region size 4096K, 12 young (49152K), 1 survivors (4096K)
 Metaspace       used 71044K, committed 73088K, reserved 1114112K
  class space    used 10507K, committed 11520K, reserved 1048576K
}
Event: 231.004 GC heap after
{Heap after GC invocations=22 (full 0):
 garbage-first heap   total 122880K, used 67136K [0x0000000600000000, 0x0000000800000000)
  region size 4096K, 2 young (8192K), 2 survivors (8192K)
 Metaspace       used 71044K, committed 73088K, reserved 1114112K
  class space    used 10507K, committed 11520K, reserved 1048576K
}
Event: 232.326 GC heap before
{Heap before GC invocations=22 (full 0):
 garbage-first heap   total 122880K, used 104000K [0x0000000600000000, 0x0000000800000000)
  region size 4096K, 12 young (49152K), 2 survivors (8192K)
 Metaspace       used 71824K, committed 73856K, reserved 1114112K
  class space    used 10576K, committed 11584K, reserved 1048576K
}
Event: 232.360 GC heap after
{Heap after GC invocations=23 (full 0):
 garbage-first heap   total 126976K, used 69876K [0x0000000600000000, 0x0000000800000000)
  region size 4096K, 2 young (8192K), 2 survivors (8192K)
 Metaspace       used 71824K, committed 73856K, reserved 1114112K
  class space    used 10576K, committed 11584K, reserved 1048576K
}
Event: 232.703 GC heap before
{Heap before GC invocations=23 (full 0):
 garbage-first heap   total 126976K, used 106740K [0x0000000600000000, 0x0000000800000000)
  region size 4096K, 12 young (49152K), 2 survivors (8192K)
 Metaspace       used 71922K, committed 73984K, reserved 1114112K
  class space    used 10577K, committed 11584K, reserved 1048576K
}
Event: 232.721 GC heap after
{Heap after GC invocations=24 (full 0):
 garbage-first heap   total 126976K, used 71935K [0x0000000600000000, 0x0000000800000000)
  region size 4096K, 1 young (4096K), 1 survivors (4096K)
 Metaspace       used 71922K, committed 73984K, reserved 1114112K
  class space    used 10577K, committed 11584K, reserved 1048576K
}
Event: 233.305 GC heap before
{Heap before GC invocations=25 (full 0):
 garbage-first heap   total 126976K, used 112895K [0x0000000600000000, 0x0000000800000000)
  region size 4096K, 11 young (45056K), 1 survivors (4096K)
 Metaspace       used 71928K, committed 73984K, reserved 1114112K
  class space    used 10578K, committed 11584K, reserved 1048576K
}
Event: 233.313 GC heap after
{Heap after GC invocations=26 (full 0):
 garbage-first heap   total 126976K, used 73489K [0x0000000600000000, 0x0000000800000000)
  region size 4096K, 2 young (8192K), 2 survivors (8192K)
 Metaspace       used 71928K, committed 73984K, reserved 1114112K
  class space    used 10578K, committed 11584K, reserved 1048576K
}
Event: 234.459 GC heap before
{Heap before GC invocations=26 (full 0):
 garbage-first heap   total 126976K, used 106257K [0x0000000600000000, 0x0000000800000000)
  region size 4096K, 11 young (45056K), 2 survivors (8192K)
 Metaspace       used 72796K, committed 74816K, reserved 1114112K
  class space    used 10685K, committed 11712K, reserved 1048576K
}
Event: 234.476 GC heap after
{Heap after GC invocations=27 (full 0):
 garbage-first heap   total 131072K, used 85707K [0x0000000600000000, 0x0000000800000000)
  region size 4096K, 2 young (8192K), 2 survivors (8192K)
 Metaspace       used 72796K, committed 74816K, reserved 1114112K
  class space    used 10685K, committed 11712K, reserved 1048576K
}
Event: 235.706 GC heap before
{Heap before GC invocations=28 (full 0):
 garbage-first heap   total 143360K, used 106187K [0x0000000600000000, 0x0000000800000000)
  region size 4096K, 8 young (32768K), 2 survivors (8192K)
 Metaspace       used 74235K, committed 76416K, reserved 1114112K
  class space    used 10889K, committed 11968K, reserved 1048576K
}
Event: 235.717 GC heap after
{Heap after GC invocations=29 (full 0):
 garbage-first heap   total 143360K, used 93252K [0x0000000600000000, 0x0000000800000000)
  region size 4096K, 1 young (4096K), 1 survivors (4096K)
 Metaspace       used 74235K, committed 76416K, reserved 1114112K
  class space    used 10889K, committed 11968K, reserved 1048576K
}
Event: 235.850 GC heap before
{Heap before GC invocations=29 (full 0):
 garbage-first heap   total 143360K, used 97348K [0x0000000600000000, 0x0000000800000000)
  region size 4096K, 2 young (8192K), 1 survivors (4096K)
 Metaspace       used 74489K, committed 76608K, reserved 1114112K
  class space    used 10923K, committed 11968K, reserved 1048576K
}
Event: 235.859 GC heap after
{Heap after GC invocations=30 (full 0):
 garbage-first heap   total 172032K, used 91450K [0x0000000600000000, 0x0000000800000000)
  region size 4096K, 1 young (4096K), 1 survivors (4096K)
 Metaspace       used 74489K, committed 76608K, reserved 1114112K
  class space    used 10923K, committed 11968K, reserved 1048576K
}
Event: 245.296 GC heap before
{Heap before GC invocations=30 (full 0):
 garbage-first heap   total 172032K, used 136506K [0x0000000600000000, 0x0000000800000000)
  region size 4096K, 13 young (53248K), 1 survivors (4096K)
 Metaspace       used 79267K, committed 81344K, reserved 1179648K
  class space    used 11383K, committed 12416K, reserved 1048576K
}
Event: 245.329 GC heap after
{Heap after GC invocations=31 (full 0):
 garbage-first heap   total 172032K, used 92936K [0x0000000600000000, 0x0000000800000000)
  region size 4096K, 1 young (4096K), 1 survivors (4096K)
 Metaspace       used 79267K, committed 81344K, reserved 1179648K
  class space    used 11383K, committed 12416K, reserved 1048576K
}

Dll operation events (20 events):
Event: 0.694 Attempting to load shared library C:\Users\badya\.vscode\extensions\redhat.java-1.56.0-win32-x64\jre\21.0.12.1-win32-x86_64\bin\zip.dll
Event: 0.695 Loaded shared library C:\Users\badya\.vscode\extensions\redhat.java-1.56.0-win32-x64\jre\21.0.12.1-win32-x86_64\bin\zip.dll
Event: 2.248 Attempting to load shared library C:\Users\badya\.vscode\extensions\redhat.java-1.56.0-win32-x64\jre\21.0.12.1-win32-x86_64\bin\jimage.dll
Event: 2.248 Loaded shared library C:\Users\badya\.vscode\extensions\redhat.java-1.56.0-win32-x64\jre\21.0.12.1-win32-x86_64\bin\jimage.dll
Event: 3.646 Attempting to load shared library C:\Users\badya\.vscode\extensions\redhat.java-1.56.0-win32-x64\jre\21.0.12.1-win32-x86_64\bin\verify.dll
Event: 3.661 Loaded shared library C:\Users\badya\.vscode\extensions\redhat.java-1.56.0-win32-x64\jre\21.0.12.1-win32-x86_64\bin\verify.dll
Event: 4.817 Attempting to load shared library C:\Users\badya\.gradle\native\1def1411415f61bf3af743bc5b6707747c0891f09f0c88961ee8f79bc544acac\windows-amd64\native-platform.dll
Event: 4.821 Loaded shared library C:\Users\badya\.gradle\native\1def1411415f61bf3af743bc5b6707747c0891f09f0c88961ee8f79bc544acac\windows-amd64\native-platform.dll
Event: 4.828 Attempting to load shared library C:\Users\badya\.gradle\native\0.2.5\x86_64-windows-gnu\gradle-fileevents.dll
Event: 4.831 Loaded shared library C:\Users\badya\.gradle\native\0.2.5\x86_64-windows-gnu\gradle-fileevents.dll
Event: 12.890 Attempting to load shared library C:\Users\badya\.vscode\extensions\redhat.java-1.56.0-win32-x64\jre\21.0.12.1-win32-x86_64\bin\management.dll
Event: 12.908 Loaded shared library C:\Users\badya\.vscode\extensions\redhat.java-1.56.0-win32-x64\jre\21.0.12.1-win32-x86_64\bin\management.dll
Event: 12.912 Attempting to load shared library C:\Users\badya\.vscode\extensions\redhat.java-1.56.0-win32-x64\jre\21.0.12.1-win32-x86_64\bin\management_ext.dll
Event: 12.914 Loaded shared library C:\Users\badya\.vscode\extensions\redhat.java-1.56.0-win32-x64\jre\21.0.12.1-win32-x86_64\bin\management_ext.dll
Event: 14.111 Attempting to load shared library C:\Users\badya\.vscode\extensions\redhat.java-1.56.0-win32-x64\jre\21.0.12.1-win32-x86_64\bin\extnet.dll
Event: 14.128 Loaded shared library C:\Users\badya\.vscode\extensions\redhat.java-1.56.0-win32-x64\jre\21.0.12.1-win32-x86_64\bin\extnet.dll
Event: 17.103 Attempting to load shared library C:\Users\badya\.vscode\extensions\redhat.java-1.56.0-win32-x64\jre\21.0.12.1-win32-x86_64\bin\sunmscapi.dll
Event: 17.107 Loaded shared library C:\Users\badya\.vscode\extensions\redhat.java-1.56.0-win32-x64\jre\21.0.12.1-win32-x86_64\bin\sunmscapi.dll
Event: 27.098 Attempting to load shared library C:\Users\badya\AppData\Local\Temp\native-platform7774372893913609679dir\gradle-fileevents.dll
Event: 27.131 Loaded shared library C:\Users\badya\AppData\Local\Temp\native-platform7774372893913609679dir\gradle-fileevents.dll

Deoptimization events (20 events):
Event: 248.752 Thread 0x0000016c2c020f30 Uncommon trap: trap_request=0xffffff45 fr.pc=0x0000016bc9a6435c relative=0x000000000000075c
Event: 248.752 Thread 0x0000016c2c020f30 Uncommon trap: reason=unstable_if action=reinterpret pc=0x0000016bc9a6435c method=java.util.jar.Manifest$FastInputStream.readLine([BII)I @ 130 c2
Event: 248.752 Thread 0x0000016c2c020f30 DEOPT PACKING pc=0x0000016bc9a6435c sp=0x0000000158beffd0
Event: 248.752 Thread 0x0000016c2c020f30 DEOPT UNPACKING pc=0x0000016bc94c7ba2 sp=0x0000000158beff60 mode 2
Event: 248.754 Thread 0x0000016c2c020f30 DEOPT PACKING pc=0x0000016bba17785a sp=0x0000000158beffd0
Event: 248.755 Thread 0x0000016c2c020f30 DEOPT UNPACKING pc=0x0000016bc94c86e2 sp=0x0000000158bef460 mode 0
Event: 248.755 Thread 0x0000016c2c020f30 DEOPT PACKING pc=0x0000016bba17785a sp=0x0000000158beffd0
Event: 248.755 Thread 0x0000016c2c020f30 DEOPT UNPACKING pc=0x0000016bc94c86e2 sp=0x0000000158bef460 mode 0
Event: 248.756 Thread 0x0000016c2c020f30 DEOPT PACKING pc=0x0000016bba17785a sp=0x0000000158bf01a0
Event: 248.756 Thread 0x0000016c2c020f30 DEOPT UNPACKING pc=0x0000016bc94c86e2 sp=0x0000000158bef630 mode 0
Event: 248.757 Thread 0x0000016c2c020f30 DEOPT PACKING pc=0x0000016bba17785a sp=0x0000000158bf01a0
Event: 248.757 Thread 0x0000016c2c020f30 DEOPT UNPACKING pc=0x0000016bc94c86e2 sp=0x0000000158bef630 mode 0
Event: 248.758 Thread 0x0000016c2c020f30 DEOPT PACKING pc=0x0000016bba17785a sp=0x0000000158bf01a0
Event: 248.758 Thread 0x0000016c2c020f30 DEOPT UNPACKING pc=0x0000016bc94c86e2 sp=0x0000000158bef630 mode 0
Event: 248.758 Thread 0x0000016c2c020f30 DEOPT PACKING pc=0x0000016bba17785a sp=0x0000000158bf01a0
Event: 248.758 Thread 0x0000016c2c020f30 DEOPT UNPACKING pc=0x0000016bc94c86e2 sp=0x0000000158bef630 mode 0
Event: 248.758 Thread 0x0000016c2c020f30 DEOPT PACKING pc=0x0000016bba17785a sp=0x0000000158beffd0
Event: 248.758 Thread 0x0000016c2c020f30 DEOPT UNPACKING pc=0x0000016bc94c86e2 sp=0x0000000158bef460 mode 0
Event: 248.758 Thread 0x0000016c2c020f30 DEOPT PACKING pc=0x0000016bba17785a sp=0x0000000158bf01a0
Event: 248.758 Thread 0x0000016c2c020f30 DEOPT UNPACKING pc=0x0000016bc94c86e2 sp=0x0000000158bef630 mode 0

Classes loaded (20 events):
Event: 248.812 Loading class sun/security/x509/X509CertInfo done
Event: 248.812 Loading class sun/security/x509/CertificateVersion
Event: 248.813 Loading class sun/security/x509/CertificateVersion done
Event: 248.813 Loading class sun/security/x509/CertificateSerialNumber
Event: 248.813 Loading class sun/security/x509/CertificateSerialNumber done
Event: 248.813 Loading class sun/security/x509/SerialNumber
Event: 248.813 Loading class sun/security/x509/SerialNumber done
Event: 248.813 Loading class sun/security/x509/CertificateAlgorithmId
Event: 248.813 Loading class sun/security/x509/CertificateAlgorithmId done
Event: 248.813 Loading class sun/security/x509/X500Name
Event: 248.814 Loading class sun/security/x509/GeneralNameInterface
Event: 248.814 Loading class sun/security/x509/GeneralNameInterface done
Event: 248.815 Loading class sun/security/x509/X500Name done
Event: 248.815 Loading class javax/security/auth/x500/X500Principal
Event: 248.819 Loading class javax/security/auth/x500/X500Principal done
Event: 248.822 Loading class sun/security/x509/RDN
Event: 248.823 Loading class sun/security/x509/RDN done
Event: 248.823 Loading class sun/security/x509/AVA
Event: 248.825 Loading class sun/security/x509/AVA done
Event: 248.825 Loading class sun/security/x509/CertificateValidity

Classes unloaded (0 events):
No events

Classes redefined (0 events):
No events

Internal exceptions (20 events):
Event: 229.227 Thread 0x0000016c304044e0 Exception <a 'java/lang/NoSuchMethodError'{0x0000000605c1bf90}: static Ljava/lang/Object;.<clinit>()V> (0x0000000605c1bf90) 
thrown [s\src\hotspot\share\prims\jni.cpp, line 1111]
Event: 229.266 Thread 0x0000016c304044e0 Exception <a 'java/lang/NoSuchMethodError'{0x0000000605c5c368}: static Lorg/jetbrains/kotlin/gradle/plugin/statistics/MetricContainer;.<clinit>()V> (0x0000000605c5c368) 
thrown [s\src\hotspot\share\prims\jni.cpp, line 1111]
Event: 229.500 Thread 0x0000016c30405f20 Exception <a 'java/lang/NoSuchMethodError'{0x0000000605e64968}: 'int java.lang.invoke.DirectMethodHandle$Holder.invokeSpecial(java.lang.Object, java.lang.Object, java.lang.Object, java.lang.Object, java.lang.Object)'> (0x0000000605e64968) 
thrown [s\src\hotspot\share\interpreter\linkResolver.cpp, line 773]
Event: 229.770 Thread 0x0000016c30405f20 Exception <a 'java/lang/IncompatibleClassChangeError'{0x0000000605967a68}: Found class java.lang.Object, but interface was expected> (0x0000000605967a68) 
thrown [s\src\hotspot\share\interpreter\linkResolver.cpp, line 840]
Event: 230.633 Thread 0x0000016c30405f20 Exception <a 'java/lang/NoSuchMethodError'{0x00000006050e0b08}: static Ljava/lang/Object;.<clinit>()V> (0x00000006050e0b08) 
thrown [s\src\hotspot\share\prims\jni.cpp, line 1111]
Event: 230.946 Thread 0x0000016c30405f20 Exception <a 'java/lang/NoSuchMethodError'{0x0000000604b60b60}: 'int java.lang.invoke.DirectMethodHandle$Holder.invokeStaticInit(java.lang.Object, java.lang.Object, java.lang.Object, java.lang.Object, java.lang.Object)'> (0x0000000604b60b60) 
thrown [s\src\hotspot\share\interpreter\linkResolver.cpp, line 773]
Event: 231.071 Thread 0x0000016c30405f20 Exception <a 'sun/nio/fs/WindowsException'{0x00000007ff8f18d0}> (0x00000007ff8f18d0) 
thrown [s\src\hotspot\share\prims\jni.cpp, line 520]
Event: 231.073 Thread 0x0000016c30405f20 Exception <a 'sun/nio/fs/WindowsException'{0x00000007ff8f3e80}> (0x00000007ff8f3e80) 
thrown [s\src\hotspot\share\prims\jni.cpp, line 520]
Event: 231.073 Thread 0x0000016c30405f20 Exception <a 'sun/nio/fs/WindowsException'{0x00000007ff8f61c0}> (0x00000007ff8f61c0) 
thrown [s\src\hotspot\share\prims\jni.cpp, line 520]
Event: 231.074 Thread 0x0000016c30405f20 Exception <a 'sun/nio/fs/WindowsException'{0x00000007ff8f8238}> (0x00000007ff8f8238) 
thrown [s\src\hotspot\share\prims\jni.cpp, line 520]
Event: 231.085 Thread 0x0000016c30405f20 Exception <a 'sun/nio/fs/WindowsException'{0x00000007ff99ab50}> (0x00000007ff99ab50) 
thrown [s\src\hotspot\share\prims\jni.cpp, line 520]
Event: 231.085 Thread 0x0000016c30405f20 Exception <a 'sun/nio/fs/WindowsException'{0x00000007ff99cd58}> (0x00000007ff99cd58) 
thrown [s\src\hotspot\share\prims\jni.cpp, line 520]
Event: 231.086 Thread 0x0000016c30405f20 Exception <a 'sun/nio/fs/WindowsException'{0x00000007ff99ebf8}> (0x00000007ff99ebf8) 
thrown [s\src\hotspot\share\prims\jni.cpp, line 520]
Event: 232.489 Thread 0x0000016c306b97a0 Implicit null exception at 0x0000016bc9f1d6ea to 0x0000016bc9f1d79c
Event: 232.975 Thread 0x0000016c2c020f30 Implicit null exception at 0x0000016bc9daa757 to 0x0000016bc9dab0d0
Event: 233.788 Thread 0x0000016c2c020f30 Exception <a 'java/lang/NoSuchMethodError'{0x00000006064c9db0}: 'java.lang.Object java.lang.invoke.Invokers$Holder.invokeExact_MT(java.lang.Object, java.lang.Object, java.lang.Object, int, java.lang.Object, java.lang.Object)'> (0x00000006064c9db0) 
thrown [s\src\hotspot\share\interpreter\linkResolver.cpp, line 773]
Event: 234.826 Thread 0x0000016c2c020f30 Exception <a 'java/lang/NoSuchMethodError'{0x0000000607e54dd8}: 'void java.lang.invoke.Invokers$Holder.invoke_MT(java.lang.Object, java.lang.Object, java.lang.Object, java.lang.Object)'> (0x0000000607e54dd8) 
thrown [s\src\hotspot\share\interpreter\linkResolver.cpp, line 773]
Event: 234.857 Thread 0x0000016c2c020f30 Exception <a 'java/lang/NoSuchMethodError'{0x0000000607ec7ab0}: 'java.lang.Object java.lang.invoke.DirectMethodHandle$Holder.invokeStaticInit(java.lang.Object, java.lang.Object, java.lang.Object, java.lang.Object, java.lang.Object, java.lang.Object, java.lang.Object)'> (0x0000000607ec7ab0) 
thrown [s\src\hotspot\share\interpreter\linkResolver.cpp, line 773]
Event: 235.063 Thread 0x0000016c2c020f30 Exception <a 'java/lang/ClassNotFoundException'{0x00000006079cb078}: org/gradle/api/internal/plugins/DefaultObjectConfigurationActionBeanInfo> (0x00000006079cb078) 
thrown [s\src\hotspot\share\classfile\systemDictionary.cpp, line 313]
Event: 235.066 Thread 0x0000016c2c020f30 Exception <a 'java/lang/ClassNotFoundException'{0x00000006079e27c0}: org/gradle/api/internal/plugins/DefaultObjectConfigurationActionCustomizer> (0x00000006079e27c0) 
thrown [s\src\hotspot\share\classfile\systemDictionary.cpp, line 313]

ZGC Phase Switch (0 events):
No events

VM Operations (20 events):
Event: 240.530 Executing non-safepoint VM operation: RendezvousGCThreads
Event: 240.530 Executing non-safepoint VM operation: RendezvousGCThreads done
Event: 241.544 Executing safepoint VM operation: Cleanup
Event: 241.544 Executing safepoint VM operation: Cleanup done
Event: 243.572 Executing safepoint VM operation: Cleanup
Event: 243.572 Executing safepoint VM operation: Cleanup done
Event: 244.584 Executing safepoint VM operation: Cleanup
Event: 244.584 Executing safepoint VM operation: Cleanup done
Event: 245.296 Executing safepoint VM operation: G1CollectForAllocation (G1 Evacuation Pause)
Event: 245.329 Executing safepoint VM operation: G1CollectForAllocation (G1 Evacuation Pause) done
Event: 245.920 Executing safepoint VM operation: G1PauseRemark
Event: 246.080 Executing safepoint VM operation: G1PauseRemark done
Event: 246.108 Executing safepoint VM operation: G1PauseCleanup
Event: 246.108 Executing safepoint VM operation: G1PauseCleanup done
Event: 247.109 Executing safepoint VM operation: Cleanup
Event: 247.110 Executing safepoint VM operation: Cleanup done
Event: 248.117 Executing safepoint VM operation: Cleanup
Event: 248.117 Executing safepoint VM operation: Cleanup done
Event: 248.808 Executing non-safepoint VM operation: HandshakeAllThreads (Deoptimize)
Event: 248.808 Executing non-safepoint VM operation: HandshakeAllThreads (Deoptimize) done

Memory protections (0 events):
No events

Nmethod flushes (20 events):
Event: 246.078 Thread 0x0000016be45e28f0 flushing  nmethod 0x0000016bb99f7110
Event: 246.078 Thread 0x0000016be45e28f0 flushing  nmethod 0x0000016bb9a44e90
Event: 246.078 Thread 0x0000016be45e28f0 flushing  nmethod 0x0000016bb9af4c10
Event: 246.078 Thread 0x0000016be45e28f0 flushing  nmethod 0x0000016bb9b55e90
Event: 246.078 Thread 0x0000016be45e28f0 flushing  nmethod 0x0000016bba026790
Event: 246.078 Thread 0x0000016be45e28f0 flushing  nmethod 0x0000016bba060e90
Event: 246.078 Thread 0x0000016be45e28f0 flushing  nmethod 0x0000016bba21bc90
Event: 246.078 Thread 0x0000016be45e28f0 flushing  nmethod 0x0000016bba277390
Event: 246.078 Thread 0x0000016be45e28f0 flushing  nmethod 0x0000016bb980f890
Event: 246.078 Thread 0x0000016be45e28f0 flushing  nmethod 0x0000016bb9a25890
Event: 246.078 Thread 0x0000016be45e28f0 flushing  nmethod 0x0000016bb9b3ed90
Event: 246.078 Thread 0x0000016be45e28f0 flushing  nmethod 0x0000016bb9c2b710
Event: 246.078 Thread 0x0000016be45e28f0 flushing  nmethod 0x0000016bb9e20110
Event: 246.078 Thread 0x0000016be45e28f0 flushing osr nmethod 0x0000016bb9f38e90
Event: 246.078 Thread 0x0000016be45e28f0 flushing  nmethod 0x0000016bba068390
Event: 246.078 Thread 0x0000016be45e28f0 flushing  nmethod 0x0000016bba06b490
Event: 246.078 Thread 0x0000016be45e28f0 flushing  nmethod 0x0000016bba1a3790
Event: 246.078 Thread 0x0000016be45e28f0 flushing  nmethod 0x0000016bba1a4690
Event: 246.078 Thread 0x0000016be45e28f0 flushing  nmethod 0x0000016bba1a7190
Event: 246.078 Thread 0x0000016be45e28f0 flushing  nmethod 0x0000016bba22e490

Events (20 events):
Event: 231.876 Thread 0x0000016c2c020f30 Thread added: 0x0000016c306b69b0
Event: 231.876 Thread 0x0000016c2c020f30 Thread added: 0x0000016c306b7d60
Event: 231.877 Thread 0x0000016c2c020f30 Thread added: 0x0000016c306b4f70
Event: 231.877 Thread 0x0000016c2c020f30 Thread added: 0x0000016c306b83f0
Event: 231.877 Thread 0x0000016c2c020f30 Thread added: 0x0000016c306b6320
Event: 231.877 Thread 0x0000016c2c020f30 Thread added: 0x0000016c306b76d0
Event: 232.032 Thread 0x0000016c2c020f30 Thread added: 0x0000016c306b8a80
Event: 232.033 Thread 0x0000016c2c020f30 Thread added: 0x0000016c306b5600
Event: 232.034 Thread 0x0000016c2c020f30 Thread added: 0x0000016c306b9110
Event: 232.037 Thread 0x0000016c2c020f30 Thread added: 0x0000016c306bab50
Event: 232.037 Thread 0x0000016c2c020f30 Thread added: 0x0000016c306bb1e0
Event: 232.038 Thread 0x0000016c2c020f30 Thread added: 0x0000016c306b9e30
Event: 232.039 Thread 0x0000016c2c020f30 Thread added: 0x0000016c306bbf00
Event: 232.389 Thread 0x0000016c2c020f30 Thread added: 0x0000016c306b97a0
Event: 232.390 Thread 0x0000016c2c020f30 Thread added: 0x0000016c306ba4c0
Event: 232.391 Thread 0x0000016c2c020f30 Thread added: 0x0000016c306bb870
Event: 232.391 Thread 0x0000016c2c020f30 Thread added: 0x0000016c30c1f390
Event: 232.391 Thread 0x0000016c2c020f30 Thread added: 0x0000016c30c1fa20
Event: 232.392 Thread 0x0000016c2c020f30 Thread added: 0x0000016c30c20740
Event: 232.392 Thread 0x0000016c2c020f30 Thread added: 0x0000016c30c20dd0


Dynamic libraries:
0x00007ff79f980000 - 0x00007ff79f98e000 	C:\Users\badya\.vscode\extensions\redhat.java-1.56.0-win32-x64\jre\21.0.12.1-win32-x86_64\bin\java.exe
0x00007ff8ab600000 - 0x00007ff8ab867000 	C:\WINDOWS\SYSTEM32\ntdll.dll
0x00007ff8aa6a0000 - 0x00007ff8aa76b000 	C:\WINDOWS\System32\KERNEL32.DLL
0x00007ff8a8dc0000 - 0x00007ff8a91c2000 	C:\WINDOWS\System32\KERNELBASE.dll
0x00007ff8a89c0000 - 0x00007ff8a8b0c000 	C:\WINDOWS\System32\ucrtbase.dll
0x00007ff887680000 - 0x00007ff887698000 	C:\Users\badya\.vscode\extensions\redhat.java-1.56.0-win32-x64\jre\21.0.12.1-win32-x86_64\bin\jli.dll
0x00007ff8868f0000 - 0x00007ff88690e000 	C:\Users\badya\.vscode\extensions\redhat.java-1.56.0-win32-x64\jre\21.0.12.1-win32-x86_64\bin\VCRUNTIME140.dll
0x00007ff8a9540000 - 0x00007ff8a970f000 	C:\WINDOWS\System32\USER32.dll
0x00007ff8a8800000 - 0x00007ff8a8827000 	C:\WINDOWS\System32\win32u.dll
0x00007ff8aa3c0000 - 0x00007ff8aa3eb000 	C:\WINDOWS\System32\GDI32.dll
0x00007ff8a8b20000 - 0x00007ff8a8c49000 	C:\WINDOWS\System32\gdi32full.dll
0x00007ff88f880000 - 0x00007ff88fb10000 	C:\WINDOWS\WinSxS\amd64_microsoft.windows.common-controls_6595b64144ccf1df_6.0.26100.9278_none_3e0d1ba8e3303201\COMCTL32.dll
0x00007ff8a8c50000 - 0x00007ff8a8cf3000 	C:\WINDOWS\System32\msvcp_win.dll
0x00007ff8aaf90000 - 0x00007ff8ab039000 	C:\WINDOWS\System32\msvcrt.dll
0x00007ff8aaf50000 - 0x00007ff8aaf81000 	C:\WINDOWS\System32\IMM32.DLL
0x00007ff8a09b0000 - 0x00007ff8a09bc000 	C:\Users\badya\.vscode\extensions\redhat.java-1.56.0-win32-x64\jre\21.0.12.1-win32-x86_64\bin\vcruntime140_1.dll
0x00007ff883f60000 - 0x00007ff883fed000 	C:\Users\badya\.vscode\extensions\redhat.java-1.56.0-win32-x64\jre\21.0.12.1-win32-x86_64\bin\msvcp140.dll
0x00007ff800000000 - 0x00007ff800da2000 	C:\Users\badya\.vscode\extensions\redhat.java-1.56.0-win32-x64\jre\21.0.12.1-win32-x86_64\bin\server\jvm.dll
0x00007ff8ab4f0000 - 0x00007ff8ab5ac000 	C:\WINDOWS\System32\ADVAPI32.dll
0x00007ff8a9320000 - 0x00007ff8a93c9000 	C:\WINDOWS\System32\sechost.dll
0x00007ff8aa570000 - 0x00007ff8aa688000 	C:\WINDOWS\System32\RPCRT4.dll
0x00007ff8ab1b0000 - 0x00007ff8ab230000 	C:\WINDOWS\System32\WS2_32.dll
0x00007ff8a8660000 - 0x00007ff8a86be000 	C:\WINDOWS\SYSTEM32\POWRPROF.dll
0x00007ff88d5f0000 - 0x00007ff88d626000 	C:\WINDOWS\SYSTEM32\WINMM.dll
0x00007ff895c40000 - 0x00007ff895c4b000 	C:\WINDOWS\SYSTEM32\VERSION.dll
0x00007ff8a8640000 - 0x00007ff8a8655000 	C:\WINDOWS\SYSTEM32\UMPDC.dll
0x00007ff8a74d0000 - 0x00007ff8a74eb000 	C:\WINDOWS\SYSTEM32\kernel.appcore.dll
0x00007ff8a0930000 - 0x00007ff8a093a000 	C:\Users\badya\.vscode\extensions\redhat.java-1.56.0-win32-x64\jre\21.0.12.1-win32-x86_64\bin\jimage.dll
0x00007ff8a5ce0000 - 0x00007ff8a5f2c000 	C:\WINDOWS\SYSTEM32\DBGHELP.DLL
0x00007ff8a9f70000 - 0x00007ff8aa2f5000 	C:\WINDOWS\System32\combase.dll
0x00007ff8aa770000 - 0x00007ff8aa849000 	C:\WINDOWS\System32\OLEAUT32.dll
0x00007ff88aba0000 - 0x00007ff88abdb000 	C:\WINDOWS\SYSTEM32\dbgcore.DLL
0x00007ff8a8d00000 - 0x00007ff8a8dac000 	C:\WINDOWS\System32\bcryptPrimitives.dll
0x00007ff896790000 - 0x00007ff89679f000 	C:\Users\badya\.vscode\extensions\redhat.java-1.56.0-win32-x64\jre\21.0.12.1-win32-x86_64\bin\instrument.dll
0x00007ff88b480000 - 0x00007ff88b4a0000 	C:\Users\badya\.vscode\extensions\redhat.java-1.56.0-win32-x64\jre\21.0.12.1-win32-x86_64\bin\java.dll
0x00007ff8a97b0000 - 0x00007ff8a9f48000 	C:\WINDOWS\System32\SHELL32.dll
0x00007ff8a6230000 - 0x00007ff8a6ade000 	C:\WINDOWS\SYSTEM32\windows.storage.dll
0x00007ff8a9440000 - 0x00007ff8a953b000 	C:\WINDOWS\System32\SHCORE.dll
0x00007ff8a93d0000 - 0x00007ff8a9436000 	C:\WINDOWS\System32\shlwapi.dll
0x00007ff8a8720000 - 0x00007ff8a8749000 	C:\WINDOWS\SYSTEM32\profapi.dll
0x00007ff8876a0000 - 0x00007ff8876b8000 	C:\Users\badya\.vscode\extensions\redhat.java-1.56.0-win32-x64\jre\21.0.12.1-win32-x86_64\bin\zip.dll
0x00007ff897fc0000 - 0x00007ff897fd0000 	C:\Users\badya\.vscode\extensions\redhat.java-1.56.0-win32-x64\jre\21.0.12.1-win32-x86_64\bin\net.dll
0x00007ff899560000 - 0x00007ff89968a000 	C:\WINDOWS\SYSTEM32\WINHTTP.dll
0x00007ff8a7a90000 - 0x00007ff8a7afc000 	C:\WINDOWS\system32\mswsock.dll
0x00007ff88b460000 - 0x00007ff88b476000 	C:\Users\badya\.vscode\extensions\redhat.java-1.56.0-win32-x64\jre\21.0.12.1-win32-x86_64\bin\nio.dll
0x00007ff897f90000 - 0x00007ff897fa0000 	C:\Users\badya\.vscode\extensions\redhat.java-1.56.0-win32-x64\jre\21.0.12.1-win32-x86_64\bin\verify.dll
0x00007ff883d60000 - 0x00007ff883d87000 	C:\Users\badya\.gradle\native\1def1411415f61bf3af743bc5b6707747c0891f09f0c88961ee8f79bc544acac\windows-amd64\native-platform.dll
0x00000000738e0000 - 0x0000000073953000 	C:\Users\badya\.gradle\native\0.2.5\x86_64-windows-gnu\gradle-fileevents.dll
0x00007ff897dc0000 - 0x00007ff897dca000 	C:\Users\badya\.vscode\extensions\redhat.java-1.56.0-win32-x64\jre\21.0.12.1-win32-x86_64\bin\management.dll
0x00007ff896d50000 - 0x00007ff896d5c000 	C:\Users\badya\.vscode\extensions\redhat.java-1.56.0-win32-x64\jre\21.0.12.1-win32-x86_64\bin\management_ext.dll
0x00007ff8ab4e0000 - 0x00007ff8ab4e8000 	C:\WINDOWS\System32\PSAPI.DLL
0x00007ff8a7d80000 - 0x00007ff8a7d9b000 	C:\WINDOWS\SYSTEM32\CRYPTSP.dll
0x00007ff8a7430000 - 0x00007ff8a7469000 	C:\WINDOWS\system32\rsaenh.dll
0x00007ff8a7b40000 - 0x00007ff8a7b74000 	C:\WINDOWS\SYSTEM32\USERENV.dll
0x00007ff8a86f0000 - 0x00007ff8a871a000 	C:\WINDOWS\SYSTEM32\bcrypt.dll
0x00007ff8a7da0000 - 0x00007ff8a7dac000 	C:\WINDOWS\SYSTEM32\CRYPTBASE.dll
0x00007ff8a6ea0000 - 0x00007ff8a6ed3000 	C:\WINDOWS\SYSTEM32\IPHLPAPI.DLL
0x00007ff8aa690000 - 0x00007ff8aa69a000 	C:\WINDOWS\System32\NSI.dll
0x00007ff896aa0000 - 0x00007ff896aa9000 	C:\Users\badya\.vscode\extensions\redhat.java-1.56.0-win32-x64\jre\21.0.12.1-win32-x86_64\bin\extnet.dll
0x00007ff8965b0000 - 0x00007ff8965be000 	C:\Users\badya\.vscode\extensions\redhat.java-1.56.0-win32-x64\jre\21.0.12.1-win32-x86_64\bin\sunmscapi.dll
0x00007ff8a8830000 - 0x00007ff8a89ae000 	C:\WINDOWS\System32\CRYPT32.dll
0x00007ff8a7fc0000 - 0x00007ff8a7ff0000 	C:\WINDOWS\SYSTEM32\ncrypt.dll
0x00007ff8a7f70000 - 0x00007ff8a7faf000 	C:\WINDOWS\SYSTEM32\NTASN1.dll
0x00007ff8986c0000 - 0x00007ff8986c8000 	C:\WINDOWS\system32\wshunix.dll
0x0000000073460000 - 0x00000000734d3000 	C:\Users\badya\AppData\Local\Temp\native-platform7774372893913609679dir\gradle-fileevents.dll
0x00007ff86b890000 - 0x00007ff86b8a8000 	C:\WINDOWS\system32\napinsp.dll
0x00007ff8a6f40000 - 0x00007ff8a7098000 	C:\WINDOWS\SYSTEM32\DNSAPI.dll
0x00007ff8a7890000 - 0x00007ff8a789d000 	C:\WINDOWS\SYSTEM32\DSPARSE.dll
0x00007ff86b640000 - 0x00007ff86b653000 	C:\WINDOWS\System32\winrnr.dll
0x00007ff86b5a0000 - 0x00007ff86b5c7000 	C:\WINDOWS\system32\nlansp_c.dll
0x00007ff86d660000 - 0x00007ff86d676000 	C:\WINDOWS\system32\wshbth.dll
0x00007ff89dcd0000 - 0x00007ff89dcdb000 	C:\Windows\System32\rasadhlp.dll
0x00007ff89ddb0000 - 0x00007ff89de36000 	C:\WINDOWS\System32\fwpuclnt.dll

JVMTI agents:
C:\Users\badya\.gradle\wrapper\dists\gradle-8.12-all\ejduaidbjup3bmmkhw3rie4zb\gradle-8.12\lib\agents\gradle-instrumentation-agent-8.12.jar path:C:\Users\badya\.vscode\extensions\redhat.java-1.56.0-win32-x64\jre\21.0.12.1-win32-x86_64\bin\instrument.dll, loaded, initialized, instrumentlib options:none

dbghelp: loaded successfully - version: 4.0.5 - missing functions: none
symbol engine: initialized successfully - sym options: 0x614 - pdb path: .;C:\Users\badya\.vscode\extensions\redhat.java-1.56.0-win32-x64\jre\21.0.12.1-win32-x86_64\bin;C:\WINDOWS\SYSTEM32;C:\WINDOWS\WinSxS\amd64_microsoft.windows.common-controls_6595b64144ccf1df_6.0.26100.9278_none_3e0d1ba8e3303201;C:\Users\badya\.vscode\extensions\redhat.java-1.56.0-win32-x64\jre\21.0.12.1-win32-x86_64\bin\server;C:\Users\badya\.gradle\native\1def1411415f61bf3af743bc5b6707747c0891f09f0c88961ee8f79bc544acac\windows-amd64;C:\Users\badya\.gradle\native\0.2.5\x86_64-windows-gnu;C:\Users\badya\AppData\Local\Temp\native-platform7774372893913609679dir

VM Arguments:
jvm_args: --add-opens=java.base/java.lang=ALL-UNNAMED --add-opens=java.base/java.lang.invoke=ALL-UNNAMED --add-opens=java.base/java.util=ALL-UNNAMED --add-opens=java.prefs/java.util.prefs=ALL-UNNAMED --add-exports=jdk.compiler/com.sun.tools.javac.api=ALL-UNNAMED --add-exports=jdk.compiler/com.sun.tools.javac.util=ALL-UNNAMED --add-opens=java.base/java.util=ALL-UNNAMED --add-opens=java.prefs/java.util.prefs=ALL-UNNAMED --add-opens=java.base/java.nio.charset=ALL-UNNAMED --add-opens=java.base/java.net=ALL-UNNAMED --add-opens=java.base/java.util.concurrent.atomic=ALL-UNNAMED --add-opens=java.xml/javax.xml.namespace=ALL-UNNAMED -XX:MaxMetaspaceSize=4G -XX:ReservedCodeCacheSize=512m -XX:+HeapDumpOnOutOfMemoryError -Xmx8G -Dfile.encoding=UTF-8 -Duser.country=FR -Duser.language=fr -Duser.variant -javaagent:C:\Users\badya\.gradle\wrapper\dists\gradle-8.12-all\ejduaidbjup3bmmkhw3rie4zb\gradle-8.12\lib\agents\gradle-instrumentation-agent-8.12.jar 
java_command: org.gradle.launcher.daemon.bootstrap.GradleDaemon 8.12
java_class_path (initial): C:\Users\badya\.gradle\wrapper\dists\gradle-8.12-all\ejduaidbjup3bmmkhw3rie4zb\gradle-8.12\lib\gradle-daemon-main-8.12.jar
Launcher Type: SUN_STANDARD

[Global flags]
     intx CICompilerCount                          = 4                                         {product} {ergonomic}
     uint ConcGCThreads                            = 2                                         {product} {ergonomic}
     uint G1ConcRefinementThreads                  = 8                                         {product} {ergonomic}
   size_t G1HeapRegionSize                         = 4194304                                   {product} {ergonomic}
    uintx GCDrainStackTargetSize                   = 64                                        {product} {ergonomic}
     bool HeapDumpOnOutOfMemoryError               = true                                   {manageable} {command line}
   size_t InitialHeapSize                          = 130023424                                 {product} {ergonomic}
   size_t MarkStackSize                            = 4194304                                   {product} {ergonomic}
   size_t MaxHeapSize                              = 8589934592                                {product} {command line}
   size_t MaxMetaspaceSize                         = 4294967296                                {product} {command line}
   size_t MaxNewSize                               = 5150605312                                {product} {ergonomic}
   size_t MinHeapDeltaBytes                        = 4194304                                   {product} {ergonomic}
   size_t MinHeapSize                              = 8388608                                   {product} {ergonomic}
    uintx NonNMethodCodeHeapSize                   = 5839372                                {pd product} {ergonomic}
    uintx NonProfiledCodeHeapSize                  = 265515770                              {pd product} {ergonomic}
    uintx ProfiledCodeHeapSize                     = 265515770                              {pd product} {ergonomic}
    uintx ReservedCodeCacheSize                    = 536870912                              {pd product} {command line}
     bool SegmentedCodeCache                       = true                                      {product} {ergonomic}
   size_t SoftMaxHeapSize                          = 8589934592                             {manageable} {ergonomic}
     bool UseCompressedOops                        = true                           {product lp64_product} {ergonomic}
     bool UseG1GC                                  = true                                      {product} {ergonomic}
     bool UseLargePagesIndividualAllocation        = false                                  {pd product} {ergonomic}

Logging:
Log output configuration:
 #0: stdout all=warning uptime,level,tags foldmultilines=false
 #1: stderr all=off uptime,level,tags foldmultilines=false

Release file:
JAVA_VERSION="21.0.12.1" 
MODULES="java.base java.compiler java.datatransfer java.xml java.prefs java.desktop java.instrument java.logging java.management java.security.sasl java.naming java.rmi java.management.rmi java.net.http java.scripting java.security.jgss java.transaction.xa java.sql java.sql.rowset java.xml.crypto java.se java.smartcardio jdk.accessibility jdk.internal.jvmstat jdk.attach jdk.charsets jdk.internal.opt jdk.zipfs jdk.compiler jdk.crypto.ec jdk.crypto.cryptoki jdk.crypto.mscapi jdk.dynalink jdk.internal.ed jdk.editpad jdk.hotspot.agent jdk.httpserver jdk.internal.le jdk.internal.vm.ci jdk.internal.vm.compiler jdk.internal.vm.compiler.management jdk.jartool jdk.javadoc jdk.jcmd jdk.management jdk.management.agent jdk.jconsole jdk.jdeps jdk.jdwp.agent jdk.jdi jdk.jfr jdk.jshell jdk.jsobject jdk.jstatd jdk.localedata jdk.management.jfr jdk.naming.dns jdk.naming.rmi jdk.net jdk.nio.mapmode jdk.random jdk.sctp jdk.security.auth jdk.security.jgss jdk.unsupported jdk.unsupported.desktop jdk.xml.dom" 

Environment Variables:
JAVA_HOME=C:\Users\badya\.jdk\jdk-21.0.8
PATH=C:\Program Files\Python310\Scripts\;C:\Program Files\Python310\;C:\Program Files\Eclipse Adoptium\jdk-25.0.2.10-hotspot\bin;C:\Program Files\Eclipse Adoptium\jdk-8.0.472.8-hotspot\bin;C:\Program Files\Common Files\Oracle\Java\javapath;C:\Program Files\Eclipse Adoptium\jdk-17.0.13.11-hotspot\bin;C:\app\badya\product\21c\dbhomeXE\bin;C:\Windows\system32;C:\Windows;C:\Windows\System32\Wbem;C:\Windows\System32\WindowsPowerShell\v1.0\;C:\Windows\System32\OpenSSH\;C:\Program Files (x86)\NVIDIA Corporation\PhysX\Common;C:\Program Files\NVIDIA Corporation\NVIDIA NvDLISR;C:\WINDOWS\system32;C:\WINDOWS;C:\WINDOWS\System32\Wbem;C:\WINDOWS\System32\WindowsPowerShell\v1.0\;C:\WINDOWS\System32\OpenSSH\;C:\Program Files\Git\cmd;C:\Program Files\nodejs\;C:\ProgramData\chocolatey\bin;C:\Program Files\Docker\Docker\resources\bin;C:\Program Files\CMake\bin;C:\Program Files (x86)\Windows Kits\10\Windows Performance Toolkit\;C:\Program Files\Eclipse Adoptium\jdk-8.0.472.8-hotspot\bin;C:\Program Files\Common Files\Oracle\Java\javapath;C:\Program Files\Eclipse Adoptium\jdk-17.0.13.11-hotspot\bin;C:\app\badya\product\21c\dbhomeXE\bin;C:\Windows\system32;C:\Windows;C:\Windows\System32\Wbem;C:\Windows\System32\WindowsPowerShell\v1.0\;C:\Windows\System32\OpenSSH\;C:\Program Files (x86)\NVIDIA Corporation\PhysX\Common;C:\Program Files\NVIDIA Corporation\NVIDIA NvDLISR;C:\WINDOWS\system32;C:\WINDOWS;C:\WINDOWS\System32\Wbem;C:\WINDOWS\System32\WindowsPowerShell\v1.0\;C:\WINDOWS\System32\OpenSSH\;C:\Program Files\Git\cmd;C:\Program Files\nodejs\;C:\ProgramData\chocolatey\bin;C:\Program Files (x86)\Windows Kits\10\Windows Performance Toolkit\;C:\Program Files\Docker\Docker\resources\bin;C:\Program Files\Eclipse Adoptium\jdk-8.0.472.8-hotspot\bin;C:\Program Files\Common Files\Oracle\Java\javapath;C:\Program Files\Eclipse Adoptium\jdk-17.0.13.11-hotspot\bin;C:\app\badya\product\21c\dbhomeXE\bin;C:\Windows\system32;C:\Windows;C:\Windows\Syste;C:\Program Files\apache-maven-3.9.11\bin;C:\Flutter\flutter\bin;C:\Users\badya\AppData\Local\Programs\Antigravity\bin;C:\Users\badya\.local\bin;C:\Users\badya\AppData\Local\Programs\Microsoft VS Code\bin;C:\Users\badya\AppData\Local\Programs\MiKTeX\miktex\bin\x64\
USERNAME=badya
OS=Windows_NT
PROCESSOR_IDENTIFIER=Intel64 Family 6 Model 140 Stepping 1, GenuineIntel
TMP=C:\Users\badya\AppData\Local\Temp
TEMP=C:\Users\badya\AppData\Local\Temp




Periodic native trim disabled

---------------  S Y S T E M  ---------------

OS:
 Windows 11 , 64 bit Build 26100 (10.0.26100.9444)
OS uptime: 3 days 1:45 hours
Hyper-V role detected

CPU: total 8 (initial active 8) (4 cores per cpu, 2 threads per core) family 6 model 140 stepping 1 microcode 0xa6, cx8, cmov, fxsr, ht, mmx, 3dnowpref, sse, sse2, sse3, ssse3, sse4.1, sse4.2, popcnt, lzcnt, tsc, tscinvbit, avx, avx2, aes, erms, clmul, bmi1, bmi2, adx, avx512f, avx512dq, avx512cd, avx512bw, avx512vl, sha, fma, vzeroupper, avx512_vpopcntdq, avx512_vpclmulqdq, avx512_vaes, avx512_vnni, clflush, clflushopt, clwb, avx512_vbmi2, avx512_vbmi, hv, rdtscp, rdpid, fsrm, gfni, avx512_bitalg, f16c, cet_ibt, cet_ss, avx512_ifma
Processor Information for the first 8 processors :
  Max Mhz: 2803, Current Mhz: 2803, Mhz Limit: 2803

Memory: 4k page, system-wide physical 7886M (675M free)
TotalPageFile size 32462M (AvailPageFile size 0M)
current process WorkingSet (physical memory assigned to process): 291M, peak: 319M
current process commit charge ("private bytes"): 441M, peak: 446M

vm_info: OpenJDK 64-Bit Server VM (21.0.12.1+1-LTS) for windows-amd64 JRE (21.0.12.1+1-LTS), built on 2026-08-18T00:00:00Z by "admin" with MS VC++ 17.12 (VS2022)

END.
