#
# There is insufficient memory for the Java Runtime Environment to continue.
# Native memory allocation (mmap) failed to map 184549376 bytes. Error detail: G1 virtual space
# Possible reasons:
#   The system is out of physical RAM or swap space
#   This process is running with CompressedOops enabled, and the Java Heap may be blocking the growth of the native heap
# Possible solutions:
#   Reduce memory load on the system
#   Increase physical memory or swap space
#   Check if swap backing store is full
#   Decrease Java heap size (-Xmx/-Xms)
#   Decrease number of Java threads
#   Decrease Java thread stack sizes (-Xss)
#   Set larger code cache with -XX:ReservedCodeCacheSize=
#   JVM is running with Zero Based Compressed Oops mode in which the Java heap is
#     placed in the first 32GB address space. The Java Heap base address is the
#     maximum limit for the native heap growth. Please use -XX:HeapBaseMinAddress
#     to set the Java Heap base and to place the Java Heap above 32GB virtual address.
# This output file may be truncated or incomplete.
#
#  Out of Memory Error (os_windows.cpp:3732), pid=28108, tid=9172
#
# JRE version: OpenJDK Runtime Environment Temurin-21.0.12.1+1 (21.0.12.1+1) (build 21.0.12.1+1-LTS)
# Java VM: OpenJDK 64-Bit Server VM Temurin-21.0.12.1+1 (21.0.12.1+1-LTS, mixed mode, sharing, tiered, compressed oops, compressed class ptrs, g1 gc, windows-amd64)
# No core dump will be written. Minidumps are not enabled by default on client versions of Windows
#

---------------  S U M M A R Y ------------

Command Line: --add-opens=java.base/java.lang=ALL-UNNAMED --add-opens=java.base/java.lang.invoke=ALL-UNNAMED --add-opens=java.base/java.util=ALL-UNNAMED --add-opens=java.prefs/java.util.prefs=ALL-UNNAMED --add-exports=jdk.compiler/com.sun.tools.javac.api=ALL-UNNAMED --add-exports=jdk.compiler/com.sun.tools.javac.util=ALL-UNNAMED --add-opens=java.base/java.util=ALL-UNNAMED --add-opens=java.prefs/java.util.prefs=ALL-UNNAMED --add-opens=java.base/java.nio.charset=ALL-UNNAMED --add-opens=java.base/java.net=ALL-UNNAMED --add-opens=java.base/java.util.concurrent.atomic=ALL-UNNAMED --add-opens=java.xml/javax.xml.namespace=ALL-UNNAMED -XX:MaxMetaspaceSize=4G -XX:ReservedCodeCacheSize=512m -XX:+HeapDumpOnOutOfMemoryError -Xmx8G -Dfile.encoding=UTF-8 -Duser.country=FR -Duser.language=fr -Duser.variant -javaagent:C:\Users\badya\.gradle\wrapper\dists\gradle-8.12-all\ejduaidbjup3bmmkhw3rie4zb\gradle-8.12\lib\agents\gradle-instrumentation-agent-8.12.jar org.gradle.launcher.daemon.bootstrap.GradleDaemon 8.12

Host: 11th Gen Intel(R) Core(TM) i7-1165G7 @ 2.80GHz, 8 cores, 7G,  Windows 11 , 64 bit Build 26100 (10.0.26100.9444)
Time: Mon Sep 21 07:36:07 2026 Afr. centrale Ouest elapsed time: 13154.945945 seconds (0d 3h 39m 14s)

---------------  T H R E A D  ---------------

Current thread (0x000001c75315ff60):  VMThread "VM Thread"          [id=9172, stack(0x0000005a88500000,0x0000005a88600000) (1024K)]

Stack: [0x0000005a88500000,0x0000005a88600000]
Native frames: (J=compiled Java code, j=interpreted, Vv=VM code, C=native code)
V  [jvm.dll+0x6d83e9]
V  [jvm.dll+0x8b5736]
V  [jvm.dll+0x8b7cee]
V  [jvm.dll+0x8b83d3]
V  [jvm.dll+0x284596]
V  [jvm.dll+0x6d4d05]
V  [jvm.dll+0x6c898a]
V  [jvm.dll+0x35f2f8]
V  [jvm.dll+0x366f36]
V  [jvm.dll+0x3b804e]
V  [jvm.dll+0x3b82f8]
V  [jvm.dll+0x33320c]
V  [jvm.dll+0x33329a]
V  [jvm.dll+0x377382]
V  [jvm.dll+0x375b1a]
V  [jvm.dll+0x332951]
V  [jvm.dll+0x37517a]
V  [jvm.dll+0x8be0c0]
V  [jvm.dll+0x8bf434]
V  [jvm.dll+0x8bf960]
V  [jvm.dll+0x8bfc03]
V  [jvm.dll+0x8600cd]
V  [jvm.dll+0x6d6c1d]
C  [ucrtbase.dll+0x2cd30]
C  [KERNEL32.DLL+0x2cd87]
C  [ntdll.dll+0xacaec]

VM_Operation (0x0000005a893ff080): G1CollectForAllocation, mode: safepoint, requested by thread 0x000001c79bc0b7d0


---------------  P R O C E S S  ---------------

Threads class SMR info:
_java_thread_list=0x000001c79eb28590, length=56, elements={
0x000001c723791900, 0x000001c753180380, 0x000001c753180de0, 0x000001c753183950,
0x000001c753186ef0, 0x000001c753188700, 0x000001c753189160, 0x000001c75318bf00,
0x000001c75318e9b0, 0x000001c755c027b0, 0x000001c755c86550, 0x000001c79bc0b7d0,
0x000001c79c1b1040, 0x000001c79c0be860, 0x000001c79bb92000, 0x000001c79bb631a0,
0x000001c79c0bcc20, 0x000001c79c32c590, 0x000001c79bb89510, 0x000001c79bb86090,
0x000001c79bb86db0, 0x000001c79bb86720, 0x000001c79bb87440, 0x000001c79bb887f0,
0x000001c79bb88e80, 0x000001c79d405260, 0x000001c79d406ca0, 0x000001c79d407330,
0x000001c79d406610, 0x000001c79d408050, 0x000001c79d404bd0, 0x000001c79d40bb60,
0x000001c79d40ae40, 0x000001c79d40a7b0, 0x000001c79d40c1f0, 0x000001c79d408d70,
0x000001c79d409400, 0x000001c79d312d30, 0x000001c79d3133c0, 0x000001c79d313a50,
0x000001c79d312010, 0x000001c79d3126a0, 0x000001c79d3140e0, 0x000001c79d314770,
0x000001c79d314e00, 0x000001c79d315490, 0x000001c79d31bcc0, 0x000001c79d318ed0,
0x000001c79d319560, 0x000001c79d319bf0, 0x000001c79d318840, 0x000001c79d31c350,
0x000001c79d31d070, 0x000001c79d31a280, 0x000001c79d31dd90, 0x000001c79d31a910
}

Java Threads: ( => current thread )
  0x000001c723791900 JavaThread "main"                              [_thread_blocked, id=19232, stack(0x0000005a87d00000,0x0000005a87e00000) (1024K)]
  0x000001c753180380 JavaThread "Reference Handler"          daemon [_thread_blocked, id=29416, stack(0x0000005a88600000,0x0000005a88700000) (1024K)]
  0x000001c753180de0 JavaThread "Finalizer"                  daemon [_thread_blocked, id=13288, stack(0x0000005a88700000,0x0000005a88800000) (1024K)]
  0x000001c753183950 JavaThread "Signal Dispatcher"          daemon [_thread_blocked, id=21652, stack(0x0000005a88800000,0x0000005a88900000) (1024K)]
  0x000001c753186ef0 JavaThread "Attach Listener"            daemon [_thread_blocked, id=12904, stack(0x0000005a88900000,0x0000005a88a00000) (1024K)]
  0x000001c753188700 JavaThread "Service Thread"             daemon [_thread_blocked, id=24200, stack(0x0000005a88a00000,0x0000005a88b00000) (1024K)]
  0x000001c753189160 JavaThread "Monitor Deflation Thread"   daemon [_thread_blocked, id=18096, stack(0x0000005a88b00000,0x0000005a88c00000) (1024K)]
  0x000001c75318bf00 JavaThread "C2 CompilerThread0"         daemon [_thread_blocked, id=9308, stack(0x0000005a88c00000,0x0000005a88d00000) (1024K)]
  0x000001c75318e9b0 JavaThread "C1 CompilerThread0"         daemon [_thread_blocked, id=19384, stack(0x0000005a88d00000,0x0000005a88e00000) (1024K)]
  0x000001c755c027b0 JavaThread "Common-Cleaner"             daemon [_thread_blocked, id=27240, stack(0x0000005a88e00000,0x0000005a88f00000) (1024K)]
  0x000001c755c86550 JavaThread "Notification Thread"        daemon [_thread_blocked, id=27216, stack(0x0000005a88f00000,0x0000005a89000000) (1024K)]
  0x000001c79bc0b7d0 JavaThread "Daemon health stats"               [_thread_blocked, id=19088, stack(0x0000005a89300000,0x0000005a89400000) (1024K)]
  0x000001c79c1b1040 JavaThread "Incoming local TCP Connector on port 53634"        [_thread_in_native, id=24440, stack(0x0000005a89600000,0x0000005a89700000) (1024K)]
  0x000001c79c0be860 JavaThread "Daemon periodic checks"            [_thread_blocked, id=6396, stack(0x0000005a89700000,0x0000005a89800000) (1024K)]
  0x000001c79bb92000 JavaThread "Daemon"                            [_thread_blocked, id=12940, stack(0x0000005a89800000,0x0000005a89900000) (1024K)]
  0x000001c79bb631a0 JavaThread "Handler for socket connection from /127.0.0.1:53634 to /127.0.0.1:53635"        [_thread_in_native, id=23516, stack(0x0000005a89900000,0x0000005a89a00000) (1024K)]
  0x000001c79c0bcc20 JavaThread "Cancel handler"                    [_thread_blocked, id=24796, stack(0x0000005a89a00000,0x0000005a89b00000) (1024K)]
  0x000001c79c32c590 JavaThread "Daemon worker"                     [_thread_blocked, id=28308, stack(0x0000005a89b00000,0x0000005a89c00000) (1024K)]
  0x000001c79bb89510 JavaThread "Asynchronous log dispatcher for DefaultDaemonConnection: socket connection from /127.0.0.1:53634 to /127.0.0.1:53635"        [_thread_blocked, id=12176, stack(0x0000005a89c00000,0x0000005a89d00000) (1024K)]
  0x000001c79bb86090 JavaThread "Stdin handler"                     [_thread_blocked, id=20500, stack(0x0000005a89d00000,0x0000005a89e00000) (1024K)]
  0x000001c79bb86db0 JavaThread "Daemon client event forwarder"        [_thread_blocked, id=21328, stack(0x0000005a89e00000,0x0000005a89f00000) (1024K)]
  0x000001c79bb86720 JavaThread "Cache worker for journal cache (C:\Users\badya\.gradle\caches\journal-1)"        [_thread_blocked, id=21292, stack(0x0000005a8a200000,0x0000005a8a300000) (1024K)]
  0x000001c79bb87440 JavaThread "File lock request listener"        [_thread_in_native, id=22364, stack(0x0000005a8a300000,0x0000005a8a400000) (1024K)]
  0x000001c79bb887f0 JavaThread "Cache worker for file hash cache (C:\Users\badya\.gradle\caches\8.12\fileHashes)"        [_thread_blocked, id=28752, stack(0x0000005a8a400000,0x0000005a8a500000) (1024K)]
  0x000001c79bb88e80 JavaThread "Cache worker for file hash cache (C:\test2-final-adas-dms\couche4_mobile\android\.gradle\8.12\fileHashes)"        [_thread_blocked, id=28236, stack(0x0000005a89400000,0x0000005a89500000) (1024K)]
  0x000001c79d405260 JavaThread "Cache worker for Build Output Cleanup Cache (C:\test2-final-adas-dms\couche4_mobile\android\.gradle\buildOutputCleanup)"        [_thread_blocked, id=24448, stack(0x0000005a89500000,0x0000005a89600000) (1024K)]
  0x000001c79d406ca0 JavaThread "File watcher server"        daemon [_thread_in_native, id=7584, stack(0x0000005a8a600000,0x0000005a8a700000) (1024K)]
  0x000001c79d407330 JavaThread "File watcher consumer"      daemon [_thread_blocked, id=25436, stack(0x0000005a8a700000,0x0000005a8a800000) (1024K)]
  0x000001c79d406610 JavaThread "Cache worker for checksums cache (C:\test2-final-adas-dms\couche4_mobile\android\.gradle\8.12\checksums)"        [_thread_blocked, id=26696, stack(0x0000005a8a800000,0x0000005a8a900000) (1024K)]
  0x000001c79d408050 JavaThread "Cache worker for file content cache (C:\Users\badya\.gradle\caches\8.12\fileContent)"        [_thread_blocked, id=20260, stack(0x0000005a8a900000,0x0000005a8aa00000) (1024K)]
  0x000001c79d404bd0 JavaThread "Cache worker for cache directory md-rule (C:\Users\badya\.gradle\caches\8.12\md-rule)"        [_thread_blocked, id=24988, stack(0x0000005a8aa00000,0x0000005a8ab00000) (1024K)]
  0x000001c79d40bb60 JavaThread "Cache worker for cache directory md-supplier (C:\Users\badya\.gradle\caches\8.12\md-supplier)"        [_thread_blocked, id=29360, stack(0x0000005a8ab00000,0x0000005a8ac00000) (1024K)]
  0x000001c79d40ae40 JavaThread "Cache worker for Build Output Cleanup Cache (C:\Flutter\flutter\packages\flutter_tools\gradle\.gradle\buildOutputCleanup)"        [_thread_blocked, id=27304, stack(0x0000005a8ae00000,0x0000005a8af00000) (1024K)]
  0x000001c79d40a7b0 JavaThread "Unconstrained build operations"        [_thread_blocked, id=25228, stack(0x0000005a8af00000,0x0000005a8b000000) (1024K)]
  0x000001c79d40c1f0 JavaThread "Unconstrained build operations Thread 2"        [_thread_blocked, id=27916, stack(0x0000005a8b000000,0x0000005a8b100000) (1024K)]
  0x000001c79d408d70 JavaThread "Unconstrained build operations Thread 3"        [_thread_blocked, id=24776, stack(0x0000005a8b100000,0x0000005a8b200000) (1024K)]
  0x000001c79d409400 JavaThread "Unconstrained build operations Thread 4"        [_thread_blocked, id=9104, stack(0x0000005a8b200000,0x0000005a8b300000) (1024K)]
  0x000001c79d312d30 JavaThread "Unconstrained build operations Thread 5"        [_thread_blocked, id=27852, stack(0x0000005a8b300000,0x0000005a8b400000) (1024K)]
  0x000001c79d3133c0 JavaThread "Unconstrained build operations Thread 6"        [_thread_blocked, id=21920, stack(0x0000005a8b400000,0x0000005a8b500000) (1024K)]
  0x000001c79d313a50 JavaThread "Unconstrained build operations Thread 7"        [_thread_blocked, id=29112, stack(0x0000005a8b500000,0x0000005a8b600000) (1024K)]
  0x000001c79d312010 JavaThread "Unconstrained build operations Thread 8"        [_thread_blocked, id=25076, stack(0x0000005a8b600000,0x0000005a8b700000) (1024K)]
  0x000001c79d3126a0 JavaThread "Unconstrained build operations Thread 9"        [_thread_blocked, id=25940, stack(0x0000005a8b700000,0x0000005a8b800000) (1024K)]
  0x000001c79d3140e0 JavaThread "Unconstrained build operations Thread 10"        [_thread_blocked, id=14900, stack(0x0000005a8b800000,0x0000005a8b900000) (1024K)]
  0x000001c79d314770 JavaThread "Unconstrained build operations Thread 11"        [_thread_blocked, id=812, stack(0x0000005a8b900000,0x0000005a8ba00000) (1024K)]
  0x000001c79d314e00 JavaThread "Unconstrained build operations Thread 12"        [_thread_blocked, id=24820, stack(0x0000005a8ba00000,0x0000005a8bb00000) (1024K)]
  0x000001c79d315490 JavaThread "Unconstrained build operations Thread 13"        [_thread_blocked, id=14544, stack(0x0000005a8bb00000,0x0000005a8bc00000) (1024K)]
  0x000001c79d31bcc0 JavaThread "Unconstrained build operations Thread 14"        [_thread_blocked, id=29160, stack(0x0000005a8bc00000,0x0000005a8bd00000) (1024K)]
  0x000001c79d318ed0 JavaThread "Unconstrained build operations Thread 15"        [_thread_blocked, id=5228, stack(0x0000005a8bd00000,0x0000005a8be00000) (1024K)]
  0x000001c79d319560 JavaThread "Unconstrained build operations Thread 16"        [_thread_blocked, id=26792, stack(0x0000005a8be00000,0x0000005a8bf00000) (1024K)]
  0x000001c79d319bf0 JavaThread "Unconstrained build operations Thread 17"        [_thread_blocked, id=20000, stack(0x0000005a8bf00000,0x0000005a8c000000) (1024K)]
  0x000001c79d318840 JavaThread "Unconstrained build operations Thread 18"        [_thread_blocked, id=24276, stack(0x0000005a8c000000,0x0000005a8c100000) (1024K)]
  0x000001c79d31c350 JavaThread "Unconstrained build operations Thread 19"        [_thread_blocked, id=29268, stack(0x0000005a8c100000,0x0000005a8c200000) (1024K)]
  0x000001c79d31d070 JavaThread "Unconstrained build operations Thread 20"        [_thread_blocked, id=13732, stack(0x0000005a8c200000,0x0000005a8c300000) (1024K)]
  0x000001c79d31a280 JavaThread "Unconstrained build operations Thread 21"        [_thread_blocked, id=4204, stack(0x0000005a8c300000,0x0000005a8c400000) (1024K)]
  0x000001c79d31dd90 JavaThread "Memory manager"                    [_thread_blocked, id=21416, stack(0x0000005a8ad00000,0x0000005a8ae00000) (1024K)]
  0x000001c79d31a910 JavaThread "build event listener"              [_thread_blocked, id=6728, stack(0x0000005a8ac00000,0x0000005a8ad00000) (1024K)]
Total: 56

Other Threads:
=>0x000001c75315ff60 VMThread "VM Thread"                           [id=9172, stack(0x0000005a88500000,0x0000005a88600000) (1024K)]
  0x000001c753150230 WatcherThread "VM Periodic Task Thread"        [id=22644, stack(0x0000005a88400000,0x0000005a88500000) (1024K)]
  0x000001c72383ce90 WorkerThread "GC Thread#0"                     [id=27456, stack(0x0000005a87f00000,0x0000005a88000000) (1024K)]
  0x000001c755b26e70 WorkerThread "GC Thread#1"                     [id=26052, stack(0x0000005a89000000,0x0000005a89100000) (1024K)]
  0x000001c755cef980 WorkerThread "GC Thread#2"                     [id=23624, stack(0x0000005a89100000,0x0000005a89200000) (1024K)]
  0x000001c79ba85f90 WorkerThread "GC Thread#3"                     [id=3464, stack(0x0000005a87c00000,0x0000005a87d00000) (1024K)]
  0x000001c79ba9a900 WorkerThread "GC Thread#4"                     [id=29084, stack(0x0000005a87e00000,0x0000005a87f00000) (1024K)]
  0x000001c79bbf2810 WorkerThread "GC Thread#5"                     [id=29184, stack(0x0000005a89f00000,0x0000005a8a000000) (1024K)]
  0x000001c79bbf2bc0 WorkerThread "GC Thread#6"                     [id=1556, stack(0x0000005a8a000000,0x0000005a8a100000) (1024K)]
  0x000001c755b52f10 WorkerThread "GC Thread#7"                     [id=27328, stack(0x0000005a8a100000,0x0000005a8a200000) (1024K)]
  0x000001c72384dd90 ConcurrentGCThread "G1 Main Marker"            [id=3160, stack(0x0000005a88000000,0x0000005a88100000) (1024K)]
  0x000001c72384eac0 WorkerThread "G1 Conc#0"                       [id=7140, stack(0x0000005a88100000,0x0000005a88200000) (1024K)]
  0x000001c79e81f180 WorkerThread "G1 Conc#1"                       [id=20544, stack(0x0000005a89200000,0x0000005a89300000) (1024K)]
  0x000001c753019650 ConcurrentGCThread "G1 Refine#0"               [id=12660, stack(0x0000005a88200000,0x0000005a88300000) (1024K)]
  0x000001c75301a0e0 ConcurrentGCThread "G1 Service"                [id=23716, stack(0x0000005a88300000,0x0000005a88400000) (1024K)]
Total: 15

Threads with active compile tasks:
C2 CompilerThread0  13154997 8472       4       jdk.management.jfr.internal.FlightRecorderMXBeanProvider$SingleMBeanComponent::mbeanInterfaceNames (11 bytes)
C1 CompilerThread0  13154997 8481       3       org.gradle.internal.time.ExponentialBackoff::of (22 bytes)
Total: 2

VM state: at safepoint (normal execution)

VM Mutex/Monitor currently owned by a thread:  ([mutex/lock_event])
[0x00007ffd2769f5b0] Threads_lock - owner thread: 0x000001c75315ff60
[0x00007ffd2769f6b0] Heap_lock - owner thread: 0x000001c79bc0b7d0

Heap address: 0x0000000600000000, size: 8192 MB, Compressed Oops mode: Zero based, Oop shift amount: 3

CDS archive(s) mapped at: [0x000001c756000000-0x000001c756ba0000-0x000001c756ba0000), size 12189696, SharedBaseAddress: 0x000001c756000000, ArchiveRelocationMode: 1.
Compressed class space mapped at: 0x000001c757000000-0x000001c797000000, reserved size: 1073741824
Narrow klass base: 0x000001c756000000, Narrow klass shift: 0, Narrow klass range: 0x100000000

GC Precious Log:
 CardTable entry size: 512
 Card Set container configuration: InlinePtr #cards 4 size 8 Array Of Cards #cards 32 size 80 Howl #buckets 8 coarsen threshold 7372 Howl Bitmap #cards 1024 size 144 coarsen threshold 921 Card regions per heap region 1 cards per card region 8192
 CPUs: 8 total, 8 available
 Memory: 7886M
 Large Page Support: Disabled
 NUMA Support: Disabled
 Compressed Oops: Enabled (Zero based)
 Heap Region Size: 4M
 Heap Min Capacity: 8M
 Heap Initial Capacity: 124M
 Heap Max Capacity: 8G
 Pre-touch: Disabled
 Parallel Workers: 8
 Concurrent Workers: 2
 Concurrent Refinement Workers: 8
 Periodic GC: Disabled

Heap:
 garbage-first heap   total 131072K, used 57680K [0x0000000600000000, 0x0000000800000000)
  region size 4096K, 1 young (4096K), 1 survivors (4096K)
 Metaspace       used 62925K, committed 67264K, reserved 1114112K
  class space    used 9008K, committed 10560K, reserved 1048576K

Heap Regions: E=young(eden), S=young(survivor), O=old, HS=humongous(starts), HC=humongous(continues), CS=collection set, F=free, TAMS=top-at-mark-start, PB=parsable bottom
|   0|0x0000000600000000, 0x0000000600400000, 0x0000000600400000|100%|HS|  |TAMS 0x0000000600400000| PB 0x0000000600000000| Complete 
|   1|0x0000000600400000, 0x0000000600800000, 0x0000000600800000|100%| O|  |TAMS 0x0000000600800000| PB 0x0000000600400000| Untracked 
|   2|0x0000000600800000, 0x0000000600c00000, 0x0000000600c00000|100%| O|  |TAMS 0x0000000600c00000| PB 0x0000000600800000| Untracked 
|   3|0x0000000600c00000, 0x0000000601000000, 0x0000000601000000|100%| O|  |TAMS 0x0000000601000000| PB 0x0000000600c00000| Untracked 
|   4|0x0000000601000000, 0x0000000601400000, 0x0000000601400000|100%| O|  |TAMS 0x0000000601400000| PB 0x0000000601000000| Untracked 
|   5|0x0000000601400000, 0x0000000601800000, 0x0000000601800000|100%| O|  |TAMS 0x0000000601800000| PB 0x0000000601400000| Untracked 
|   6|0x0000000601800000, 0x0000000601c00000, 0x0000000601c00000|100%| O|  |TAMS 0x0000000601c00000| PB 0x0000000601800000| Untracked 
|   7|0x0000000601c00000, 0x0000000602000000, 0x0000000602000000|100%|HS|  |TAMS 0x0000000602000000| PB 0x0000000601c00000| Complete 
|   8|0x0000000602000000, 0x0000000602400000, 0x0000000602400000|100%| O|  |TAMS 0x0000000602400000| PB 0x0000000602000000| Untracked 
|   9|0x0000000602400000, 0x0000000602400000, 0x0000000602800000|  0%| F|  |TAMS 0x0000000602400000| PB 0x0000000602400000| Untracked 
|  10|0x0000000602800000, 0x0000000602c00000, 0x0000000602c00000|100%|HS|  |TAMS 0x0000000602c00000| PB 0x0000000602800000| Complete 
|  11|0x0000000602c00000, 0x0000000603000000, 0x0000000603000000|100%| O|  |TAMS 0x0000000603000000| PB 0x0000000602c00000| Untracked 
|  12|0x0000000603000000, 0x0000000603400000, 0x0000000603400000|100%| O|  |TAMS 0x0000000603400000| PB 0x0000000603000000| Untracked 
|  13|0x0000000603400000, 0x00000006037b17d0, 0x0000000603800000| 92%| O|  |TAMS 0x00000006037b17d0| PB 0x0000000603400000| Untracked 
|  14|0x0000000603800000, 0x00000006038a28e8, 0x0000000603c00000| 15%| S|CS|TAMS 0x0000000603800000| PB 0x0000000603800000| Complete 
|  15|0x0000000603c00000, 0x0000000603c00000, 0x0000000604000000|  0%| F|  |TAMS 0x0000000603c00000| PB 0x0000000603c00000| Untracked 
|  16|0x0000000604000000, 0x0000000604000000, 0x0000000604400000|  0%| F|  |TAMS 0x0000000604000000| PB 0x0000000604000000| Untracked 
|  17|0x0000000604400000, 0x0000000604400000, 0x0000000604800000|  0%| F|  |TAMS 0x0000000604400000| PB 0x0000000604400000| Untracked 
|  18|0x0000000604800000, 0x0000000604800000, 0x0000000604c00000|  0%| F|  |TAMS 0x0000000604800000| PB 0x0000000604800000| Untracked 
|  19|0x0000000604c00000, 0x0000000604c00000, 0x0000000605000000|  0%| F|  |TAMS 0x0000000604c00000| PB 0x0000000604c00000| Untracked 
|  20|0x0000000605000000, 0x0000000605000000, 0x0000000605400000|  0%| F|  |TAMS 0x0000000605000000| PB 0x0000000605000000| Untracked 
|  21|0x0000000605400000, 0x0000000605400000, 0x0000000605800000|  0%| F|  |TAMS 0x0000000605400000| PB 0x0000000605400000| Untracked 
|  22|0x0000000605800000, 0x0000000605800000, 0x0000000605c00000|  0%| F|  |TAMS 0x0000000605800000| PB 0x0000000605800000| Untracked 
|  23|0x0000000605c00000, 0x0000000605c00000, 0x0000000606000000|  0%| F|  |TAMS 0x0000000605c00000| PB 0x0000000605c00000| Untracked 
|  24|0x0000000606000000, 0x0000000606000000, 0x0000000606400000|  0%| F|  |TAMS 0x0000000606000000| PB 0x0000000606000000| Untracked 
|  25|0x0000000606400000, 0x0000000606400000, 0x0000000606800000|  0%| F|  |TAMS 0x0000000606400000| PB 0x0000000606400000| Untracked 
|  26|0x0000000606800000, 0x0000000606800000, 0x0000000606c00000|  0%| F|  |TAMS 0x0000000606800000| PB 0x0000000606800000| Untracked 
|  27|0x0000000606c00000, 0x0000000606c00000, 0x0000000607000000|  0%| F|  |TAMS 0x0000000606c00000| PB 0x0000000606c00000| Untracked 
|  28|0x0000000607000000, 0x0000000607000000, 0x0000000607400000|  0%| F|  |TAMS 0x0000000607000000| PB 0x0000000607000000| Untracked 
|  29|0x0000000607400000, 0x0000000607400000, 0x0000000607800000|  0%| F|  |TAMS 0x0000000607400000| PB 0x0000000607400000| Untracked 
|  30|0x0000000607800000, 0x0000000607800000, 0x0000000607c00000|  0%| F|  |TAMS 0x0000000607800000| PB 0x0000000607800000| Untracked 
|2047|0x00000007ffc00000, 0x0000000800000000, 0x0000000800000000|100%| O|  |TAMS 0x0000000800000000| PB 0x00000007ffc00000| Untracked 

Card table byte_map: [0x000001c749f40000,0x000001c74af40000] _byte_map_base: 0x000001c746f40000

Marking Bits: (CMBitMap*) 0x000001c72383d4b0
 Bits: [0x000001c74af40000, 0x000001c752f40000)

Polling page: 0x000001c723850000

Metaspace:

Usage:
  Non-class:     52.65 MB used.
      Class:      8.80 MB used.
       Both:     61.45 MB used.

Virtual space:
  Non-class space:       64.00 MB reserved,      55.38 MB ( 87%) committed,  1 nodes.
      Class space:        1.00 GB reserved,      10.31 MB (  1%) committed,  1 nodes.
             Both:        1.06 GB reserved,      65.69 MB (  6%) committed. 

Chunk freelists:
   Non-Class:  10.14 MB
       Class:  6.78 MB
        Both:  16.92 MB

MaxMetaspaceSize: 4.00 GB
CompressedClassSpaceSize: 1.00 GB
Initial GC threshold: 21.00 MB
Current GC threshold: 109.50 MB
CDS: on
 - commit_granule_bytes: 65536.
 - commit_granule_words: 8192.
 - virtual_space_node_default_size: 8388608.
 - enlarge_chunks_in_place: 1.
 - use_allocation_guard: 0.


Internal statistics:

num_allocs_failed_limit: 9.
num_arena_births: 3554.
num_arena_deaths: 2332.
num_vsnodes_births: 2.
num_vsnodes_deaths: 0.
num_space_committed: 1052.
num_space_uncommitted: 1.
num_chunks_returned_to_freelist: 2649.
num_chunks_taken_from_freelist: 6701.
num_chunk_merges: 996.
num_chunk_splits: 4287.
num_chunks_enlarged: 2596.
num_inconsistent_stats: 0.

CodeHeap 'non-profiled nmethods': size=259264Kb used=4344Kb max_used=4344Kb free=254919Kb
 bounds [0x000001c738570000, 0x000001c7389b0000, 0x000001c7482a0000]
CodeHeap 'profiled nmethods': size=259264Kb used=12941Kb max_used=13582Kb free=246322Kb
 bounds [0x000001c7282a0000, 0x000001c728ff0000, 0x000001c737fd0000]
CodeHeap 'non-nmethods': size=5760Kb used=2115Kb max_used=2155Kb free=3644Kb
 bounds [0x000001c737fd0000, 0x000001c738240000, 0x000001c738570000]
CodeCache: size=524288Kb, used=19400Kb, max_used=20081Kb, free=504885Kb
 total_blobs=7899, nmethods=7108, adapters=695, full_count=0
Compilation: enabled, stopped_count=0, restarted_count=0

Compilation events (20 events):
Event: 13124.680 Thread 0x000001c75318e9b0 nmethod 8470 0x000001c72851d910 code [0x000001c72851daa0, 0x000001c72851db98]
Event: 13125.021 Thread 0x000001c75318bf00 nmethod 8465 0x000001c7389a9b10 code [0x000001c7389a9ec0, 0x000001c7389aaf48]
Event: 13125.021 Thread 0x000001c75318bf00 8471       4       org.gradle.internal.remote.internal.inet.MultiChoiceAddress::hashCode (8 bytes)
Event: 13125.210 Thread 0x000001c75318bf00 nmethod 8471 0x000001c7389abf90 code [0x000001c7389ac120, 0x000001c7389ac1d8]
Event: 13125.210 Thread 0x000001c75318bf00 8466       4       org.gradle.internal.dispatch.ProxyDispatchAdapter$DispatchingInvocationHandler::invoke (184 bytes)
Event: 13126.259 Thread 0x000001c75318e9b0 8473       3       org.gradle.cache.internal.filelock.DefaultLockOptions::mode (10 bytes)
Event: 13126.596 Thread 0x000001c75318e9b0 nmethod 8473 0x000001c72843ed90 code [0x000001c72843ef40, 0x000001c72843f1a8]
Event: 13127.416 Thread 0x000001c75318bf00 nmethod 8466 0x000001c7389ac290 code [0x000001c7389ac4c0, 0x000001c7389acca8]
Event: 13127.416 Thread 0x000001c75318e9b0 8476       3       java.util.LinkedList::addAll (10 bytes)
Event: 13127.416 Thread 0x000001c75318bf00 8475       4       java.util.stream.ReferencePipeline$7::opWrapSink (10 bytes)
Event: 13127.417 Thread 0x000001c75318e9b0 nmethod 8476 0x000001c7284dcd10 code [0x000001c7284dcec0, 0x000001c7284dd020]
Event: 13139.875 Thread 0x000001c75318e9b0 8478       3       java.util.Random::seedUniquifier (29 bytes)
Event: 13140.215 Thread 0x000001c75318e9b0 nmethod 8478 0x000001c7285c1210 code [0x000001c7285c13c0, 0x000001c7285c15c8]
Event: 13140.215 Thread 0x000001c75318e9b0 8481       3       org.gradle.internal.time.ExponentialBackoff::of (22 bytes)
Event: 13140.217 Thread 0x000001c75318bf00 nmethod 8475 0x000001c7389ad110 code [0x000001c7389ad2a0, 0x000001c7389ad4d0]
Event: 13140.217 Thread 0x000001c75318bf00 8477       4       java.util.stream.ReferencePipeline$7$1::begin (13 bytes)
Event: 13142.230 Thread 0x000001c75318bf00 nmethod 8477 0x000001c7389ada10 code [0x000001c7389adba0, 0x000001c7389add78]
Event: 13142.230 Thread 0x000001c75318bf00 8487       4       java.util.stream.FindOps$FindSink::accept (18 bytes)
Event: 13142.231 Thread 0x000001c75318bf00 nmethod 8487 0x000001c7389ade90 code [0x000001c7389ae020, 0x000001c7389ae1a8]
Event: 13142.622 Thread 0x000001c75318bf00 8472       4       jdk.management.jfr.internal.FlightRecorderMXBeanProvider$SingleMBeanComponent::mbeanInterfaceNames (11 bytes)

GC Heap History (20 events):
Event: 574.305 GC heap after
{Heap after GC invocations=18 (full 0):
 garbage-first heap   total 106496K, used 49850K [0x0000000600000000, 0x0000000800000000)
  region size 4096K, 2 young (8192K), 2 survivors (8192K)
 Metaspace       used 55562K, committed 57472K, reserved 1114112K
  class space    used 8213K, committed 9152K, reserved 1048576K
}
Event: 588.022 GC heap before
{Heap before GC invocations=18 (full 0):
 garbage-first heap   total 106496K, used 70330K [0x0000000600000000, 0x0000000800000000)
  region size 4096K, 7 young (28672K), 2 survivors (8192K)
 Metaspace       used 57573K, committed 59520K, reserved 1114112K
  class space    used 8489K, committed 9472K, reserved 1048576K
}
Event: 588.074 GC heap after
{Heap after GC invocations=19 (full 0):
 garbage-first heap   total 106496K, used 49898K [0x0000000600000000, 0x0000000800000000)
  region size 4096K, 1 young (4096K), 1 survivors (4096K)
 Metaspace       used 57573K, committed 59520K, reserved 1114112K
  class space    used 8489K, committed 9472K, reserved 1048576K
}
Event: 589.928 GC heap before
{Heap before GC invocations=19 (full 0):
 garbage-first heap   total 106496K, used 49898K [0x0000000600000000, 0x0000000800000000)
  region size 4096K, 2 young (8192K), 1 survivors (4096K)
 Metaspace       used 58278K, committed 60160K, reserved 1114112K
  class space    used 8572K, committed 9536K, reserved 1048576K
}
Event: 589.959 GC heap after
{Heap after GC invocations=20 (full 0):
 garbage-first heap   total 106496K, used 49980K [0x0000000600000000, 0x0000000800000000)
  region size 4096K, 1 young (4096K), 1 survivors (4096K)
 Metaspace       used 58278K, committed 60160K, reserved 1114112K
  class space    used 8572K, committed 9536K, reserved 1048576K
}
Event: 620.853 GC heap before
{Heap before GC invocations=21 (full 0):
 garbage-first heap   total 106496K, used 86844K [0x0000000600000000, 0x0000000800000000)
  region size 4096K, 11 young (45056K), 1 survivors (4096K)
 Metaspace       used 61536K, committed 63488K, reserved 1114112K
  class space    used 9038K, committed 9984K, reserved 1048576K
}
Event: 620.889 GC heap after
{Heap after GC invocations=22 (full 0):
 garbage-first heap   total 106496K, used 51856K [0x0000000600000000, 0x0000000800000000)
  region size 4096K, 1 young (4096K), 1 survivors (4096K)
 Metaspace       used 61536K, committed 63488K, reserved 1114112K
  class space    used 9038K, committed 9984K, reserved 1048576K
}
Event: 629.531 GC heap before
{Heap before GC invocations=22 (full 0):
 garbage-first heap   total 106496K, used 64144K [0x0000000600000000, 0x0000000800000000)
  region size 4096K, 5 young (20480K), 1 survivors (4096K)
 Metaspace       used 62372K, committed 64320K, reserved 1114112K
  class space    used 9153K, committed 10112K, reserved 1048576K
}
Event: 629.627 GC heap after
{Heap after GC invocations=23 (full 0):
 garbage-first heap   total 106496K, used 52267K [0x0000000600000000, 0x0000000800000000)
  region size 4096K, 1 young (4096K), 1 survivors (4096K)
 Metaspace       used 62372K, committed 64320K, reserved 1114112K
  class space    used 9153K, committed 10112K, reserved 1048576K
}
Event: 676.290 GC heap before
{Heap before GC invocations=24 (full 0):
 garbage-first heap   total 106496K, used 97323K [0x0000000600000000, 0x0000000800000000)
  region size 4096K, 11 young (45056K), 1 survivors (4096K)
 Metaspace       used 64911K, committed 66880K, reserved 1114112K
  class space    used 9532K, committed 10496K, reserved 1048576K
}
Event: 676.356 GC heap after
{Heap after GC invocations=25 (full 0):
 garbage-first heap   total 110592K, used 58257K [0x0000000600000000, 0x0000000800000000)
  region size 4096K, 2 young (8192K), 2 survivors (8192K)
 Metaspace       used 64911K, committed 66880K, reserved 1114112K
  class space    used 9532K, committed 10496K, reserved 1048576K
}
Event: 13111.097 GC heap before
{Heap before GC invocations=25 (full 0):
 garbage-first heap   total 110592K, used 95121K [0x0000000600000000, 0x0000000800000000)
  region size 4096K, 11 young (45056K), 2 survivors (8192K)
 Metaspace       used 65397K, committed 67328K, reserved 1114112K
  class space    used 9590K, committed 10560K, reserved 1048576K
}
Event: 13112.002 GC heap after
{Heap after GC invocations=26 (full 0):
 garbage-first heap   total 110592K, used 59190K [0x0000000600000000, 0x0000000800000000)
  region size 4096K, 2 young (8192K), 2 survivors (8192K)
 Metaspace       used 65397K, committed 67328K, reserved 1114112K
  class space    used 9590K, committed 10560K, reserved 1048576K
}
Event: 13116.833 GC heap before
{Heap before GC invocations=26 (full 0):
 garbage-first heap   total 110592K, used 63286K [0x0000000600000000, 0x0000000800000000)
  region size 4096K, 3 young (12288K), 2 survivors (8192K)
 Metaspace       used 62862K, committed 67264K, reserved 1114112K
  class space    used 8998K, committed 10560K, reserved 1048576K
}
Event: 13116.851 GC heap after
{Heap after GC invocations=27 (full 0):
 garbage-first heap   total 110592K, used 58960K [0x0000000600000000, 0x0000000800000000)
  region size 4096K, 1 young (4096K), 1 survivors (4096K)
 Metaspace       used 62862K, committed 67264K, reserved 1114112K
  class space    used 8998K, committed 10560K, reserved 1048576K
}
Event: 13117.160 GC heap before
{Heap before GC invocations=28 (full 0):
 garbage-first heap   total 110592K, used 63056K [0x0000000600000000, 0x0000000800000000)
  region size 4096K, 2 young (8192K), 1 survivors (4096K)
 Metaspace       used 62871K, committed 67264K, reserved 1114112K
  class space    used 8999K, committed 10560K, reserved 1048576K
}
Event: 13117.167 GC heap after
{Heap after GC invocations=29 (full 0):
 garbage-first heap   total 110592K, used 58510K [0x0000000600000000, 0x0000000800000000)
  region size 4096K, 1 young (4096K), 1 survivors (4096K)
 Metaspace       used 62871K, committed 67264K, reserved 1114112K
  class space    used 8999K, committed 10560K, reserved 1048576K
}
Event: 13127.630 GC heap before
{Heap before GC invocations=29 (full 0):
 garbage-first heap   total 110592K, used 95374K [0x0000000600000000, 0x0000000800000000)
  region size 4096K, 10 young (40960K), 1 survivors (4096K)
 Metaspace       used 62924K, committed 67264K, reserved 1114112K
  class space    used 9008K, committed 10560K, reserved 1048576K
}
Event: 13139.692 GC heap after
{Heap after GC invocations=30 (full 0):
 garbage-first heap   total 110592K, used 57588K [0x0000000600000000, 0x0000000800000000)
  region size 4096K, 1 young (4096K), 1 survivors (4096K)
 Metaspace       used 62924K, committed 67264K, reserved 1114112K
  class space    used 9008K, committed 10560K, reserved 1048576K
}
Event: 13144.023 GC heap before
{Heap before GC invocations=30 (full 0):
 garbage-first heap   total 110592K, used 98548K [0x0000000600000000, 0x0000000800000000)
  region size 4096K, 11 young (45056K), 1 survivors (4096K)
 Metaspace       used 62925K, committed 67264K, reserved 1114112K
  class space    used 9008K, committed 10560K, reserved 1048576K
}

Dll operation events (20 events):
Event: 7.643 Attempting to load shared library C:\Users\badya\.vscode\extensions\redhat.java-1.56.0-win32-x64\jre\21.0.12.1-win32-x86_64\bin\zip.dll
Event: 7.643 Loaded shared library C:\Users\badya\.vscode\extensions\redhat.java-1.56.0-win32-x64\jre\21.0.12.1-win32-x86_64\bin\zip.dll
Event: 32.454 Attempting to load shared library C:\Users\badya\.vscode\extensions\redhat.java-1.56.0-win32-x64\jre\21.0.12.1-win32-x86_64\bin\jimage.dll
Event: 32.455 Loaded shared library C:\Users\badya\.vscode\extensions\redhat.java-1.56.0-win32-x64\jre\21.0.12.1-win32-x86_64\bin\jimage.dll
Event: 39.641 Attempting to load shared library C:\Users\badya\.vscode\extensions\redhat.java-1.56.0-win32-x64\jre\21.0.12.1-win32-x86_64\bin\verify.dll
Event: 39.718 Loaded shared library C:\Users\badya\.vscode\extensions\redhat.java-1.56.0-win32-x64\jre\21.0.12.1-win32-x86_64\bin\verify.dll
Event: 51.558 Attempting to load shared library C:\Users\badya\.gradle\native\1def1411415f61bf3af743bc5b6707747c0891f09f0c88961ee8f79bc544acac\windows-amd64\native-platform.dll
Event: 51.612 Loaded shared library C:\Users\badya\.gradle\native\1def1411415f61bf3af743bc5b6707747c0891f09f0c88961ee8f79bc544acac\windows-amd64\native-platform.dll
Event: 52.159 Attempting to load shared library C:\Users\badya\.gradle\native\0.2.5\x86_64-windows-gnu\gradle-fileevents.dll
Event: 52.322 Loaded shared library C:\Users\badya\.gradle\native\0.2.5\x86_64-windows-gnu\gradle-fileevents.dll
Event: 112.569 Attempting to load shared library C:\Users\badya\.vscode\extensions\redhat.java-1.56.0-win32-x64\jre\21.0.12.1-win32-x86_64\bin\management.dll
Event: 112.571 Loaded shared library C:\Users\badya\.vscode\extensions\redhat.java-1.56.0-win32-x64\jre\21.0.12.1-win32-x86_64\bin\management.dll
Event: 112.592 Attempting to load shared library C:\Users\badya\.vscode\extensions\redhat.java-1.56.0-win32-x64\jre\21.0.12.1-win32-x86_64\bin\management_ext.dll
Event: 112.605 Loaded shared library C:\Users\badya\.vscode\extensions\redhat.java-1.56.0-win32-x64\jre\21.0.12.1-win32-x86_64\bin\management_ext.dll
Event: 128.338 Attempting to load shared library C:\Users\badya\.vscode\extensions\redhat.java-1.56.0-win32-x64\jre\21.0.12.1-win32-x86_64\bin\extnet.dll
Event: 128.339 Loaded shared library C:\Users\badya\.vscode\extensions\redhat.java-1.56.0-win32-x64\jre\21.0.12.1-win32-x86_64\bin\extnet.dll
Event: 139.400 Attempting to load shared library C:\Users\badya\.vscode\extensions\redhat.java-1.56.0-win32-x64\jre\21.0.12.1-win32-x86_64\bin\sunmscapi.dll
Event: 140.132 Loaded shared library C:\Users\badya\.vscode\extensions\redhat.java-1.56.0-win32-x64\jre\21.0.12.1-win32-x86_64\bin\sunmscapi.dll
Event: 171.200 Attempting to load shared library C:\Users\badya\AppData\Local\Temp\native-platform5190033491912611073dir\gradle-fileevents.dll
Event: 171.381 Loaded shared library C:\Users\badya\AppData\Local\Temp\native-platform5190033491912611073dir\gradle-fileevents.dll

Deoptimization events (20 events):
Event: 13118.514 Thread 0x000001c79c0be860 Uncommon trap: trap_request=0xffffffd6 fr.pc=0x000001c738892790 relative=0x00000000000005b0
Event: 13118.514 Thread 0x000001c79c0be860 Uncommon trap: reason=array_check action=maybe_recompile pc=0x000001c738892790 method=java.util.concurrent.ScheduledThreadPoolExecutor$DelayedWorkQueue.offer(Ljava/lang/Runnable;)Z @ 65 c2
Event: 13118.514 Thread 0x000001c79c0be860 DEOPT PACKING pc=0x000001c738892790 sp=0x0000005a897fef20
Event: 13118.514 Thread 0x000001c79c0be860 DEOPT UNPACKING pc=0x000001c738027ba2 sp=0x0000005a897fede0 mode 2
Event: 13118.557 Thread 0x000001c79c0be860 Uncommon trap: trap_request=0xffffffd6 fr.pc=0x000001c738892790 relative=0x00000000000005b0
Event: 13118.557 Thread 0x000001c79c0be860 Uncommon trap: reason=array_check action=maybe_recompile pc=0x000001c738892790 method=java.util.concurrent.ScheduledThreadPoolExecutor$DelayedWorkQueue.offer(Ljava/lang/Runnable;)Z @ 65 c2
Event: 13118.557 Thread 0x000001c79c0be860 DEOPT PACKING pc=0x000001c738892790 sp=0x0000005a897fef20
Event: 13118.557 Thread 0x000001c79c0be860 DEOPT UNPACKING pc=0x000001c738027ba2 sp=0x0000005a897fede0 mode 2
Event: 13118.941 Thread 0x000001c79d31dd90 Uncommon trap: trap_request=0xffffffd6 fr.pc=0x000001c738892790 relative=0x00000000000005b0
Event: 13118.941 Thread 0x000001c79d31dd90 Uncommon trap: reason=array_check action=maybe_recompile pc=0x000001c738892790 method=java.util.concurrent.ScheduledThreadPoolExecutor$DelayedWorkQueue.offer(Ljava/lang/Runnable;)Z @ 65 c2
Event: 13118.941 Thread 0x000001c79d31dd90 DEOPT PACKING pc=0x000001c738892790 sp=0x0000005a8adff4b0
Event: 13118.941 Thread 0x000001c79d31dd90 DEOPT UNPACKING pc=0x000001c738027ba2 sp=0x0000005a8adff370 mode 2
Event: 13118.963 Thread 0x000001c79c0be860 Uncommon trap: trap_request=0xffffffd6 fr.pc=0x000001c738892790 relative=0x00000000000005b0
Event: 13118.963 Thread 0x000001c79c0be860 Uncommon trap: reason=array_check action=maybe_recompile pc=0x000001c738892790 method=java.util.concurrent.ScheduledThreadPoolExecutor$DelayedWorkQueue.offer(Ljava/lang/Runnable;)Z @ 65 c2
Event: 13118.963 Thread 0x000001c79c0be860 DEOPT PACKING pc=0x000001c738892790 sp=0x0000005a897fef20
Event: 13118.963 Thread 0x000001c79c0be860 DEOPT UNPACKING pc=0x000001c738027ba2 sp=0x0000005a897fede0 mode 2
Event: 13119.002 Thread 0x000001c79bc0b7d0 Uncommon trap: trap_request=0xffffffd6 fr.pc=0x000001c738892790 relative=0x00000000000005b0
Event: 13119.009 Thread 0x000001c79bc0b7d0 Uncommon trap: reason=array_check action=maybe_recompile pc=0x000001c738892790 method=java.util.concurrent.ScheduledThreadPoolExecutor$DelayedWorkQueue.offer(Ljava/lang/Runnable;)Z @ 65 c2
Event: 13119.009 Thread 0x000001c79bc0b7d0 DEOPT PACKING pc=0x000001c738892790 sp=0x0000005a893ff3d0
Event: 13119.009 Thread 0x000001c79bc0b7d0 DEOPT UNPACKING pc=0x000001c738027ba2 sp=0x0000005a893ff290 mode 2

Classes loaded (20 events):
Event: 594.951 Loading class jdk/jfr/FlightRecorderListener done
Event: 594.951 Loading class jdk/management/jfr/FlightRecorderMXBeanImpl$MXBeanListener done
Event: 596.062 Loading class com/sun/jmx/mbeanserver/StandardMBeanSupport
Event: 596.103 Loading class com/sun/jmx/mbeanserver/StandardMBeanSupport done
Event: 596.124 Loading class com/sun/jmx/mbeanserver/StandardMBeanIntrospector
Event: 596.131 Loading class com/sun/jmx/mbeanserver/StandardMBeanIntrospector done
Event: 650.259 Loading class java/lang/ThreadDeath
Event: 650.275 Loading class java/lang/ThreadDeath done
Event: 650.276 Loading class sun/misc/SharedSecrets
Event: 650.276 Loading class sun/misc/SharedSecrets done
Event: 651.795 Loading class com/sun/beans/finder/MethodFinder
Event: 651.797 Loading class com/sun/beans/finder/AbstractFinder
Event: 651.903 Loading class com/sun/beans/finder/AbstractFinder done
Event: 651.903 Loading class com/sun/beans/finder/MethodFinder done
Event: 651.915 Loading class com/sun/beans/finder/MethodFinder$1
Event: 651.916 Loading class com/sun/beans/finder/MethodFinder$1 done
Event: 651.917 Loading class com/sun/beans/finder/FinderUtils
Event: 651.918 Loading class com/sun/beans/finder/FinderUtils done
Event: 673.667 Loading class java/nio/file/FileTreeWalker$1
Event: 673.677 Loading class java/nio/file/FileTreeWalker$1 done

Classes unloaded (20 events):
Event: 13115.884 Thread 0x000001c75315ff60 Unloading class 0x000001c7570b0c00 'java/lang/invoke/LambdaForm$MH+0x000001c7570b0c00'
Event: 13115.884 Thread 0x000001c75315ff60 Unloading class 0x000001c7570b0800 'java/lang/invoke/LambdaForm$MH+0x000001c7570b0800'
Event: 13115.885 Thread 0x000001c75315ff60 Unloading class 0x000001c757099c00 'java/lang/invoke/LambdaForm$MH+0x000001c757099c00'
Event: 13115.885 Thread 0x000001c75315ff60 Unloading class 0x000001c757099800 'java/lang/invoke/LambdaForm$MH+0x000001c757099800'
Event: 13115.886 Thread 0x000001c75315ff60 Unloading class 0x000001c757099000 'java/lang/invoke/LambdaForm$MH+0x000001c757099000'
Event: 13115.887 Thread 0x000001c75315ff60 Unloading class 0x000001c757098c00 'java/lang/invoke/LambdaForm$MH+0x000001c757098c00'
Event: 13115.887 Thread 0x000001c75315ff60 Unloading class 0x000001c757098000 'java/lang/invoke/LambdaForm$MH+0x000001c757098000'
Event: 13115.889 Thread 0x000001c75315ff60 Unloading class 0x000001c757084000 'java/lang/invoke/LambdaForm$DMH+0x000001c757084000'
Event: 13115.890 Thread 0x000001c75315ff60 Unloading class 0x000001c75702ec00 'java/lang/invoke/LambdaForm$MH+0x000001c75702ec00'
Event: 13115.890 Thread 0x000001c75315ff60 Unloading class 0x000001c75702e800 'java/lang/invoke/LambdaForm$MH+0x000001c75702e800'
Event: 13115.890 Thread 0x000001c75315ff60 Unloading class 0x000001c75702e000 'java/lang/invoke/LambdaForm$MH+0x000001c75702e000'
Event: 13115.891 Thread 0x000001c75315ff60 Unloading class 0x000001c75702dc00 'java/lang/invoke/LambdaForm$MH+0x000001c75702dc00'
Event: 13115.891 Thread 0x000001c75315ff60 Unloading class 0x000001c75702d800 'java/lang/invoke/LambdaForm$MH+0x000001c75702d800'
Event: 13115.892 Thread 0x000001c75315ff60 Unloading class 0x000001c75702c000 'java/lang/invoke/LambdaForm$MH+0x000001c75702c000'
Event: 13115.892 Thread 0x000001c75315ff60 Unloading class 0x000001c75701c800 'java/lang/invoke/LambdaForm$MH+0x000001c75701c800'
Event: 13115.893 Thread 0x000001c75315ff60 Unloading class 0x000001c75701c400 'java/lang/invoke/LambdaForm$MH+0x000001c75701c400'
Event: 13115.893 Thread 0x000001c75315ff60 Unloading class 0x000001c757002400 'java/lang/invoke/LambdaForm$MH+0x000001c757002400'
Event: 13115.893 Thread 0x000001c75315ff60 Unloading class 0x000001c757002000 'java/lang/invoke/LambdaForm$MH+0x000001c757002000'
Event: 13115.893 Thread 0x000001c75315ff60 Unloading class 0x000001c757001c00 'java/lang/invoke/LambdaForm$MH+0x000001c757001c00'
Event: 13115.893 Thread 0x000001c75315ff60 Unloading class 0x000001c757001400 'java/lang/invoke/LambdaForm$MH+0x000001c757001400'

Classes redefined (0 events):
No events

Internal exceptions (20 events):
Event: 653.315 Thread 0x000001c79c32c590 Exception <a 'java/lang/ClassNotFoundException'{0x000000060491d658}: org/jetbrains/kotlin/gradle/targets/js/npm/DefaultNpmDependencyExtensionBeanInfo> (0x000000060491d658) 
thrown [s\src\hotspot\share\classfile\systemDictionary.cpp, line 313]
Event: 653.332 Thread 0x000001c79c32c590 Exception <a 'java/lang/ClassNotFoundException'{0x000000060492c498}: org/jetbrains/kotlin/gradle/targets/js/npm/DefaultNpmDependencyExtensionCustomizer> (0x000000060492c498) 
thrown [s\src\hotspot\share\classfile\systemDictionary.cpp, line 313]
Event: 653.816 Thread 0x000001c79c32c590 Exception <a 'java/lang/ClassNotFoundException'{0x00000006049d6788}: org/jetbrains/kotlin/gradle/targets/js/npm/NpmDependencyExtensionKt$defaultNpmDependencyDelegate$1BeanInfo> (0x00000006049d6788) 
thrown [s\src\hotspot\share\classfile\systemDictionary.cpp, line 313]
Event: 653.844 Thread 0x000001c79c32c590 Exception <a 'java/lang/ClassNotFoundException'{0x00000006049e5608}: org/jetbrains/kotlin/gradle/targets/js/npm/NpmDependencyExtensionDelegateBeanInfo> (0x00000006049e5608) 
thrown [s\src\hotspot\share\classfile\systemDictionary.cpp, line 313]
Event: 653.848 Thread 0x000001c79c32c590 Exception <a 'java/lang/ClassNotFoundException'{0x00000006049f4458}: org/jetbrains/kotlin/gradle/targets/js/npm/NpmDependencyExtensionDelegateCustomizer> (0x00000006049f4458) 
thrown [s\src\hotspot\share\classfile\systemDictionary.cpp, line 313]
Event: 653.945 Thread 0x000001c79c32c590 Exception <a 'java/lang/ClassNotFoundException'{0x0000000604a34c00}: org/jetbrains/kotlin/gradle/targets/js/npm/NpmDependencyExtensionKt$defaultNpmDependencyDelegate$1Customizer> (0x0000000604a34c00) 
thrown [s\src\hotspot\share\classfile\systemDictionary.cpp, line 313]
Event: 654.154 Thread 0x000001c79c32c590 Exception <a 'java/lang/ClassNotFoundException'{0x0000000604a80f60}: org/jetbrains/kotlin/gradle/targets/js/npm/DefaultDevNpmDependencyExtensionBeanInfo> (0x0000000604a80f60) 
thrown [s\src\hotspot\share\classfile\systemDictionary.cpp, line 313]
Event: 654.160 Thread 0x000001c79c32c590 Exception <a 'java/lang/ClassNotFoundException'{0x0000000604a8fdb8}: org/jetbrains/kotlin/gradle/targets/js/npm/DefaultDevNpmDependencyExtensionCustomizer> (0x0000000604a8fdb8) 
thrown [s\src\hotspot\share\classfile\systemDictionary.cpp, line 313]
Event: 654.418 Thread 0x000001c79c32c590 Exception <a 'java/lang/ClassNotFoundException'{0x0000000604ae6fc8}: org/jetbrains/kotlin/gradle/targets/js/npm/DefaultPeerNpmDependencyExtensionBeanInfo> (0x0000000604ae6fc8) 
thrown [s\src\hotspot\share\classfile\systemDictionary.cpp, line 313]
Event: 654.633 Thread 0x000001c79c32c590 Exception <a 'java/lang/ClassNotFoundException'{0x0000000604af5e28}: org/jetbrains/kotlin/gradle/targets/js/npm/DefaultPeerNpmDependencyExtensionCustomizer> (0x0000000604af5e28) 
thrown [s\src\hotspot\share\classfile\systemDictionary.cpp, line 313]
Event: 655.106 Thread 0x000001c79c32c590 Exception <a 'java/lang/ClassNotFoundException'{0x0000000604b59bc8}: org/jetbrains/kotlin/gradle/targets/js/npm/DefaultPeerNpmDependencyExtension$delegate$1BeanInfo> (0x0000000604b59bc8) 
thrown [s\src\hotspot\share\classfile\systemDictionary.cpp, line 313]
Event: 655.112 Thread 0x000001c79c32c590 Exception <a 'java/lang/ClassNotFoundException'{0x0000000604b68b18}: org/jetbrains/kotlin/gradle/targets/js/npm/DefaultPeerNpmDependencyExtension$delegate$1Customizer> (0x0000000604b68b18) 
thrown [s\src\hotspot\share\classfile\systemDictionary.cpp, line 313]
Event: 673.383 Thread 0x000001c79c32c590 Exception <a 'java/lang/NoSuchMethodError'{0x0000000603908b10}: 'int java.lang.invoke.DirectMethodHandle$Holder.invokeSpecialIFC(java.lang.Object, java.lang.Object, java.lang.Object, java.lang.Object, java.lang.Object)'> (0x0000000603908b10) 
thrown [s\src\hotspot\share\interpreter\linkResolver.cpp, line 773]
Event: 13079.790 Thread 0x000001c79c32c590 Exception <a 'java/lang/NoSuchMethodError'{0x0000000606d39818}: 'void java.lang.invoke.DirectMethodHandle$Holder.invokeInterface(java.lang.Object, java.lang.Object, java.lang.Object, java.lang.Object)'> (0x0000000606d39818) 
thrown [s\src\hotspot\share\interpreter\linkResolver.cpp, line 773]
Event: 13117.217 Thread 0x000001c79c32c590 Implicit null exception at 0x000001c7387f0cce to 0x000001c7387f7c30
Event: 13117.820 Thread 0x000001c79c32c590 Implicit null exception at 0x000001c73883d9e4 to 0x000001c73883e388
Event: 13117.820 Thread 0x000001c79c32c590 Implicit null exception at 0x000001c738812a64 to 0x000001c738813d7c
Event: 13117.821 Thread 0x000001c79c32c590 Implicit null exception at 0x000001c73861b558 to 0x000001c73861b9dc
Event: 13117.821 Thread 0x000001c79c32c590 Implicit null exception at 0x000001c7385bea5c to 0x000001c7385beee8
Event: 13117.821 Thread 0x000001c79c32c590 Implicit null exception at 0x000001c73875290c to 0x000001c738752b54

ZGC Phase Switch (0 events):
No events

VM Operations (20 events):
Event: 13116.783 Executing safepoint VM operation: G1PauseRemark done
Event: 13116.810 Executing safepoint VM operation: G1CollectForAllocation (G1 Evacuation Pause)
Event: 13116.852 Executing safepoint VM operation: G1CollectForAllocation (G1 Evacuation Pause) done
Event: 13116.911 Executing safepoint VM operation: G1PauseCleanup
Event: 13117.130 Executing safepoint VM operation: G1PauseCleanup done
Event: 13117.140 Executing safepoint VM operation: G1CollectForAllocation (G1 Evacuation Pause)
Event: 13117.167 Executing safepoint VM operation: G1CollectForAllocation (G1 Evacuation Pause) done
Event: 13118.173 Executing safepoint VM operation: Cleanup
Event: 13118.392 Executing safepoint VM operation: Cleanup done
Event: 13119.396 Executing safepoint VM operation: Cleanup
Event: 13119.599 Executing safepoint VM operation: Cleanup done
Event: 13120.599 Executing safepoint VM operation: Cleanup
Event: 13120.723 Executing safepoint VM operation: Cleanup done
Event: 13121.730 Executing safepoint VM operation: Cleanup
Event: 13122.430 Executing safepoint VM operation: Cleanup done
Event: 13127.418 Executing safepoint VM operation: G1CollectForAllocation (G1 Evacuation Pause)
Event: 13139.692 Executing safepoint VM operation: G1CollectForAllocation (G1 Evacuation Pause) done
Event: 13140.707 Executing safepoint VM operation: Cleanup
Event: 13142.134 Executing safepoint VM operation: Cleanup done
Event: 13142.576 Executing safepoint VM operation: G1CollectForAllocation (G1 Evacuation Pause)

Memory protections (0 events):
No events

Nmethod flushes (20 events):
Event: 13116.673 Thread 0x000001c75315ff60 flushing  nmethod 0x000001c728b6ac10
Event: 13116.673 Thread 0x000001c75315ff60 flushing  nmethod 0x000001c728d45510
Event: 13116.673 Thread 0x000001c75315ff60 flushing  nmethod 0x000001c728e16f10
Event: 13116.673 Thread 0x000001c75315ff60 flushing  nmethod 0x000001c7386abf10
Event: 13116.674 Thread 0x000001c75315ff60 flushing  nmethod 0x000001c738729790
Event: 13116.674 Thread 0x000001c75315ff60 flushing  nmethod 0x000001c7282c5a10
Event: 13116.674 Thread 0x000001c75315ff60 flushing  nmethod 0x000001c72842dd10
Event: 13116.674 Thread 0x000001c75315ff60 flushing  nmethod 0x000001c7284c1c10
Event: 13116.675 Thread 0x000001c75315ff60 flushing  nmethod 0x000001c728631890
Event: 13116.675 Thread 0x000001c75315ff60 flushing  nmethod 0x000001c728714c90
Event: 13116.675 Thread 0x000001c75315ff60 flushing  nmethod 0x000001c728b92890
Event: 13116.675 Thread 0x000001c75315ff60 flushing  nmethod 0x000001c73859f390
Event: 13116.675 Thread 0x000001c75315ff60 flushing  nmethod 0x000001c738901910
Event: 13116.675 Thread 0x000001c75315ff60 flushing  nmethod 0x000001c73895f290
Event: 13116.676 Thread 0x000001c75315ff60 flushing  nmethod 0x000001c728306e90
Event: 13116.676 Thread 0x000001c75315ff60 flushing  nmethod 0x000001c728463b10
Event: 13116.676 Thread 0x000001c75315ff60 flushing  nmethod 0x000001c7285a4e90
Event: 13116.676 Thread 0x000001c75315ff60 flushing  nmethod 0x000001c7285ca390
Event: 13116.677 Thread 0x000001c75315ff60 flushing  nmethod 0x000001c7289ab110
Event: 13116.677 Thread 0x000001c75315ff60 flushing osr nmethod 0x000001c728ecff90

Events (20 events):
Event: 387.269 Thread 0x000001c79c32c590 Thread added: 0x000001c79d313a50
Event: 394.812 Thread 0x000001c79c32c590 Thread added: 0x000001c79d312010
Event: 394.827 Thread 0x000001c79c32c590 Thread added: 0x000001c79d3126a0
Event: 394.856 Thread 0x000001c79c32c590 Thread added: 0x000001c79d3140e0
Event: 394.865 Thread 0x000001c79c32c590 Thread added: 0x000001c79d314770
Event: 394.887 Thread 0x000001c79c32c590 Thread added: 0x000001c79d314e00
Event: 394.945 Thread 0x000001c79c32c590 Thread added: 0x000001c79d315490
Event: 394.951 Thread 0x000001c79c32c590 Thread added: 0x000001c79d31bcc0
Event: 398.443 Thread 0x000001c79c32c590 Thread added: 0x000001c79d318ed0
Event: 398.481 Thread 0x000001c79c32c590 Thread added: 0x000001c79d319560
Event: 398.487 Thread 0x000001c79c32c590 Thread added: 0x000001c79d319bf0
Event: 398.492 Thread 0x000001c79c32c590 Thread added: 0x000001c79d318840
Event: 398.585 Thread 0x000001c79c32c590 Thread added: 0x000001c79d31c350
Event: 398.590 Thread 0x000001c79c32c590 Thread added: 0x000001c79d31d070
Event: 398.658 Thread 0x000001c79c32c590 Thread added: 0x000001c79d31a280
Event: 516.398 Thread 0x000001c79c32c590 Thread added: 0x000001c79d31dd90
Event: 520.921 Thread 0x000001c79bb87ad0 Thread exited: 0x000001c79bb87ad0
Event: 523.923 Thread 0x000001c79bb87440 Thread added: 0x000001c79d31c9e0
Event: 597.411 Thread 0x000001c79c32c590 Thread added: 0x000001c79d31a910
Event: 617.770 Thread 0x000001c79d31c9e0 Thread exited: 0x000001c79d31c9e0


Dynamic libraries:
0x00007ff789510000 - 0x00007ff78951e000 	C:\Users\badya\.vscode\extensions\redhat.java-1.56.0-win32-x64\jre\21.0.12.1-win32-x86_64\bin\java.exe
0x00007ffdee340000 - 0x00007ffdee5a7000 	C:\WINDOWS\SYSTEM32\ntdll.dll
0x00007ffdecda0000 - 0x00007ffdece6b000 	C:\WINDOWS\System32\KERNEL32.DLL
0x00007ffdebb20000 - 0x00007ffdebf22000 	C:\WINDOWS\System32\KERNELBASE.dll
0x00007ffdeb740000 - 0x00007ffdeb88c000 	C:\WINDOWS\System32\ucrtbase.dll
0x00007ffdc1590000 - 0x00007ffdc15a8000 	C:\Users\badya\.vscode\extensions\redhat.java-1.56.0-win32-x64\jre\21.0.12.1-win32-x86_64\bin\jli.dll
0x00007ffdec0f0000 - 0x00007ffdec2bf000 	C:\WINDOWS\System32\USER32.dll
0x00007ffdeb8a0000 - 0x00007ffdeb8c7000 	C:\WINDOWS\System32\win32u.dll
0x00007ffded360000 - 0x00007ffded38b000 	C:\WINDOWS\System32\GDI32.dll
0x00007ffdebf30000 - 0x00007ffdec059000 	C:\WINDOWS\System32\gdi32full.dll
0x00007ffdeb690000 - 0x00007ffdeb733000 	C:\WINDOWS\System32\msvcp_win.dll
0x00007ffdc49f0000 - 0x00007ffdc4a0e000 	C:\Users\badya\.vscode\extensions\redhat.java-1.56.0-win32-x64\jre\21.0.12.1-win32-x86_64\bin\VCRUNTIME140.dll
0x00007ffdd11d0000 - 0x00007ffdd1460000 	C:\WINDOWS\WinSxS\amd64_microsoft.windows.common-controls_6595b64144ccf1df_6.0.26100.9278_none_3e0d1ba8e3303201\COMCTL32.dll
0x00007ffded3a0000 - 0x00007ffded449000 	C:\WINDOWS\System32\msvcrt.dll
0x00007ffdec0b0000 - 0x00007ffdec0e1000 	C:\WINDOWS\System32\IMM32.DLL
0x00007ffdd6850000 - 0x00007ffdd685c000 	C:\Users\badya\.vscode\extensions\redhat.java-1.56.0-win32-x64\jre\21.0.12.1-win32-x86_64\bin\vcruntime140_1.dll
0x00007ffd85180000 - 0x00007ffd8520d000 	C:\Users\badya\.vscode\extensions\redhat.java-1.56.0-win32-x64\jre\21.0.12.1-win32-x86_64\bin\msvcp140.dll
0x00007ffd269e0000 - 0x00007ffd27782000 	C:\Users\badya\.vscode\extensions\redhat.java-1.56.0-win32-x64\jre\21.0.12.1-win32-x86_64\bin\server\jvm.dll
0x00007ffdec2d0000 - 0x00007ffdec38c000 	C:\WINDOWS\System32\ADVAPI32.dll
0x00007ffded0e0000 - 0x00007ffded189000 	C:\WINDOWS\System32\sechost.dll
0x00007ffdec9a0000 - 0x00007ffdecab8000 	C:\WINDOWS\System32\RPCRT4.dll
0x00007ffdec580000 - 0x00007ffdec600000 	C:\WINDOWS\System32\WS2_32.dll
0x00007ffdeb3a0000 - 0x00007ffdeb3fe000 	C:\WINDOWS\SYSTEM32\POWRPROF.dll
0x00007ffdd1db0000 - 0x00007ffdd1de6000 	C:\WINDOWS\SYSTEM32\WINMM.dll
0x00007ffdd9690000 - 0x00007ffdd969b000 	C:\WINDOWS\SYSTEM32\VERSION.dll
0x00007ffdeb380000 - 0x00007ffdeb395000 	C:\WINDOWS\SYSTEM32\UMPDC.dll
0x00007ffdea210000 - 0x00007ffdea22b000 	C:\WINDOWS\SYSTEM32\kernel.appcore.dll
0x00007ffdd67e0000 - 0x00007ffdd67ea000 	C:\Users\badya\.vscode\extensions\redhat.java-1.56.0-win32-x64\jre\21.0.12.1-win32-x86_64\bin\jimage.dll
0x00007ffde8a30000 - 0x00007ffde8c7c000 	C:\WINDOWS\SYSTEM32\DBGHELP.DLL
0x00007ffdec610000 - 0x00007ffdec995000 	C:\WINDOWS\System32\combase.dll
0x00007ffded190000 - 0x00007ffded269000 	C:\WINDOWS\System32\OLEAUT32.dll
0x00007ffdd2e80000 - 0x00007ffdd2ebb000 	C:\WINDOWS\SYSTEM32\dbgcore.DLL
0x00007ffdeba60000 - 0x00007ffdebb0c000 	C:\WINDOWS\System32\bcryptPrimitives.dll
0x00007ffdc8ed0000 - 0x00007ffdc8edf000 	C:\Users\badya\.vscode\extensions\redhat.java-1.56.0-win32-x64\jre\21.0.12.1-win32-x86_64\bin\instrument.dll
0x00007ffdc1570000 - 0x00007ffdc1590000 	C:\Users\badya\.vscode\extensions\redhat.java-1.56.0-win32-x64\jre\21.0.12.1-win32-x86_64\bin\java.dll
0x00007ffdedab0000 - 0x00007ffdee248000 	C:\WINDOWS\System32\SHELL32.dll
0x00007ffde8f70000 - 0x00007ffde981e000 	C:\WINDOWS\SYSTEM32\windows.storage.dll
0x00007ffdece70000 - 0x00007ffdecf6b000 	C:\WINDOWS\System32\SHCORE.dll
0x00007ffded900000 - 0x00007ffded966000 	C:\WINDOWS\System32\shlwapi.dll
0x00007ffdeb460000 - 0x00007ffdeb489000 	C:\WINDOWS\SYSTEM32\profapi.dll
0x00007ffdc0f80000 - 0x00007ffdc0f98000 	C:\Users\badya\.vscode\extensions\redhat.java-1.56.0-win32-x64\jre\21.0.12.1-win32-x86_64\bin\zip.dll
0x00007ffdd4ab0000 - 0x00007ffdd4ac0000 	C:\Users\badya\.vscode\extensions\redhat.java-1.56.0-win32-x64\jre\21.0.12.1-win32-x86_64\bin\net.dll
0x00007ffddbbf0000 - 0x00007ffddbd1a000 	C:\WINDOWS\SYSTEM32\WINHTTP.dll
0x00007ffdea7d0000 - 0x00007ffdea83c000 	C:\WINDOWS\system32\mswsock.dll
0x00007ffdbcf80000 - 0x00007ffdbcf96000 	C:\Users\badya\.vscode\extensions\redhat.java-1.56.0-win32-x64\jre\21.0.12.1-win32-x86_64\bin\nio.dll
0x00007ffdd3590000 - 0x00007ffdd35a0000 	C:\Users\badya\.vscode\extensions\redhat.java-1.56.0-win32-x64\jre\21.0.12.1-win32-x86_64\bin\verify.dll
0x00007ffdb3bd0000 - 0x00007ffdb3bf7000 	C:\Users\badya\.gradle\native\1def1411415f61bf3af743bc5b6707747c0891f09f0c88961ee8f79bc544acac\windows-amd64\native-platform.dll
0x00000000529b0000 - 0x0000000052a23000 	C:\Users\badya\.gradle\native\0.2.5\x86_64-windows-gnu\gradle-fileevents.dll
0x00007ffdd1970000 - 0x00007ffdd197a000 	C:\Users\badya\.vscode\extensions\redhat.java-1.56.0-win32-x64\jre\21.0.12.1-win32-x86_64\bin\management.dll
0x00007ffdd18b0000 - 0x00007ffdd18bc000 	C:\Users\badya\.vscode\extensions\redhat.java-1.56.0-win32-x64\jre\21.0.12.1-win32-x86_64\bin\management_ext.dll
0x00007ffded390000 - 0x00007ffded398000 	C:\WINDOWS\System32\PSAPI.DLL
0x00007ffdeaac0000 - 0x00007ffdeaadb000 	C:\WINDOWS\SYSTEM32\CRYPTSP.dll
0x00007ffdea170000 - 0x00007ffdea1a9000 	C:\WINDOWS\system32\rsaenh.dll
0x00007ffdea880000 - 0x00007ffdea8b4000 	C:\WINDOWS\SYSTEM32\USERENV.dll
0x00007ffdeb430000 - 0x00007ffdeb45a000 	C:\WINDOWS\SYSTEM32\bcrypt.dll
0x00007ffdeaae0000 - 0x00007ffdeaaec000 	C:\WINDOWS\SYSTEM32\CRYPTBASE.dll
0x00007ffde9be0000 - 0x00007ffde9c13000 	C:\WINDOWS\SYSTEM32\IPHLPAPI.DLL
0x00007ffdedaa0000 - 0x00007ffdedaaa000 	C:\WINDOWS\System32\NSI.dll
0x00007ffdcb340000 - 0x00007ffdcb349000 	C:\Users\badya\.vscode\extensions\redhat.java-1.56.0-win32-x64\jre\21.0.12.1-win32-x86_64\bin\extnet.dll
0x00007ffdc8dc0000 - 0x00007ffdc8dce000 	C:\Users\badya\.vscode\extensions\redhat.java-1.56.0-win32-x64\jre\21.0.12.1-win32-x86_64\bin\sunmscapi.dll
0x00007ffdeb8d0000 - 0x00007ffdeba4e000 	C:\WINDOWS\System32\CRYPT32.dll
0x00007ffdead00000 - 0x00007ffdead30000 	C:\WINDOWS\SYSTEM32\ncrypt.dll
0x00007ffdeacb0000 - 0x00007ffdeacef000 	C:\WINDOWS\SYSTEM32\NTASN1.dll
0x00007ffdd1e00000 - 0x00007ffdd1e08000 	C:\WINDOWS\system32\wshunix.dll
0x0000000052830000 - 0x00000000528a3000 	C:\Users\badya\AppData\Local\Temp\native-platform5190033491912611073dir\gradle-fileevents.dll

JVMTI agents:
C:\Users\badya\.gradle\wrapper\dists\gradle-8.12-all\ejduaidbjup3bmmkhw3rie4zb\gradle-8.12\lib\agents\gradle-instrumentation-agent-8.12.jar path:C:\Users\badya\.vscode\extensions\redhat.java-1.56.0-win32-x64\jre\21.0.12.1-win32-x86_64\bin\instrument.dll, loaded, initialized, instrumentlib options:none

dbghelp: loaded successfully - version: 4.0.5 - missing functions: none
symbol engine: initialized successfully - sym options: 0x614 - pdb path: .;C:\Users\badya\.vscode\extensions\redhat.java-1.56.0-win32-x64\jre\21.0.12.1-win32-x86_64\bin;C:\WINDOWS\SYSTEM32;C:\WINDOWS\WinSxS\amd64_microsoft.windows.common-controls_6595b64144ccf1df_6.0.26100.9278_none_3e0d1ba8e3303201;C:\Users\badya\.vscode\extensions\redhat.java-1.56.0-win32-x64\jre\21.0.12.1-win32-x86_64\bin\server;C:\Users\badya\.gradle\native\1def1411415f61bf3af743bc5b6707747c0891f09f0c88961ee8f79bc544acac\windows-amd64;C:\Users\badya\.gradle\native\0.2.5\x86_64-windows-gnu;C:\Users\badya\AppData\Local\Temp\native-platform5190033491912611073dir

VM Arguments:
jvm_args: --add-opens=java.base/java.lang=ALL-UNNAMED --add-opens=java.base/java.lang.invoke=ALL-UNNAMED --add-opens=java.base/java.util=ALL-UNNAMED --add-opens=java.prefs/java.util.prefs=ALL-UNNAMED --add-exports=jdk.compiler/com.sun.tools.javac.api=ALL-UNNAMED --add-exports=jdk.compiler/com.sun.tools.javac.util=ALL-UNNAMED --add-opens=java.base/java.util=ALL-UNNAMED --add-opens=java.prefs/java.util.prefs=ALL-UNNAMED --add-opens=java.base/java.nio.charset=ALL-UNNAMED --add-opens=java.base/java.net=ALL-UNNAMED --add-opens=java.base/java.util.concurrent.atomic=ALL-UNNAMED --add-opens=java.xml/javax.xml.namespace=ALL-UNNAMED -XX:MaxMetaspaceSize=4G -XX:ReservedCodeCacheSize=512m -XX:+HeapDumpOnOutOfMemoryError -Xmx8G -Dfile.encoding=UTF-8 -Duser.country=FR -Duser.language=fr -Duser.variant -javaagent:C:\Users\badya\.gradle\wrapper\dists\gradle-8.12-all\ejduaidbjup3bmmkhw3rie4zb\gradle-8.12\lib\agents\gradle-instrumentation-agent-8.12.jar 
java_command: org.gradle.launcher.daemon.bootstrap.GradleDaemon 8.12
java_class_path (initial): C:\Users\badya\.gradle\wrapper\dists\gradle-8.12-all\ejduaidbjup3bmmkhw3rie4zb\gradle-8.12\lib\gradle-daemon-main-8.12.jar
Launcher Type: SUN_STANDARD

[Global flags]
     intx CICompilerCount                          = 4                                         {product} {ergonomic}
     uint ConcGCThreads                            = 2                                         {product} {ergonomic}
     uint G1ConcRefinementThreads                  = 8                                         {product} {ergonomic}
   size_t G1HeapRegionSize                         = 4194304                                   {product} {ergonomic}
    uintx GCDrainStackTargetSize                   = 64                                        {product} {ergonomic}
     bool HeapDumpOnOutOfMemoryError               = true                                   {manageable} {command line}
   size_t InitialHeapSize                          = 130023424                                 {product} {ergonomic}
   size_t MarkStackSize                            = 4194304                                   {product} {ergonomic}
   size_t MaxHeapSize                              = 8589934592                                {product} {command line}
   size_t MaxMetaspaceSize                         = 4294967296                                {product} {command line}
   size_t MaxNewSize                               = 5150605312                                {product} {ergonomic}
   size_t MinHeapDeltaBytes                        = 4194304                                   {product} {ergonomic}
   size_t MinHeapSize                              = 8388608                                   {product} {ergonomic}
    uintx NonNMethodCodeHeapSize                   = 5839372                                {pd product} {ergonomic}
    uintx NonProfiledCodeHeapSize                  = 265515770                              {pd product} {ergonomic}
    uintx ProfiledCodeHeapSize                     = 265515770                              {pd product} {ergonomic}
    uintx ReservedCodeCacheSize                    = 536870912                              {pd product} {command line}
     bool SegmentedCodeCache                       = true                                      {product} {ergonomic}
   size_t SoftMaxHeapSize                          = 8589934592                             {manageable} {ergonomic}
     bool UseCompressedOops                        = true                           {product lp64_product} {ergonomic}
     bool UseG1GC                                  = true                                      {product} {ergonomic}
     bool UseLargePagesIndividualAllocation        = false                                  {pd product} {ergonomic}

Logging:
Log output configuration:
 #0: stdout all=warning uptime,level,tags foldmultilines=false
 #1: stderr all=off uptime,level,tags foldmultilines=false

Release file:
JAVA_VERSION="21.0.12.1" 
MODULES="java.base java.compiler java.datatransfer java.xml java.prefs java.desktop java.instrument java.logging java.management java.security.sasl java.naming java.rmi java.management.rmi java.net.http java.scripting java.security.jgss java.transaction.xa java.sql java.sql.rowset java.xml.crypto java.se java.smartcardio jdk.accessibility jdk.internal.jvmstat jdk.attach jdk.charsets jdk.internal.opt jdk.zipfs jdk.compiler jdk.crypto.ec jdk.crypto.cryptoki jdk.crypto.mscapi jdk.dynalink jdk.internal.ed jdk.editpad jdk.hotspot.agent jdk.httpserver jdk.internal.le jdk.internal.vm.ci jdk.internal.vm.compiler jdk.internal.vm.compiler.management jdk.jartool jdk.javadoc jdk.jcmd jdk.management jdk.management.agent jdk.jconsole jdk.jdeps jdk.jdwp.agent jdk.jdi jdk.jfr jdk.jshell jdk.jsobject jdk.jstatd jdk.localedata jdk.management.jfr jdk.naming.dns jdk.naming.rmi jdk.net jdk.nio.mapmode jdk.random jdk.sctp jdk.security.auth jdk.security.jgss jdk.unsupported jdk.unsupported.desktop jdk.xml.dom" 

Environment Variables:
JAVA_HOME=C:\Users\badya\.jdk\jdk-21.0.8
PATH=C:\Program Files\Python310\Scripts\;C:\Program Files\Python310\;C:\Program Files\Eclipse Adoptium\jdk-25.0.2.10-hotspot\bin;C:\Program Files\Eclipse Adoptium\jdk-8.0.472.8-hotspot\bin;C:\Program Files\Common Files\Oracle\Java\javapath;C:\Program Files\Eclipse Adoptium\jdk-17.0.13.11-hotspot\bin;C:\app\badya\product\21c\dbhomeXE\bin;C:\Windows\system32;C:\Windows;C:\Windows\System32\Wbem;C:\Windows\System32\WindowsPowerShell\v1.0\;C:\Windows\System32\OpenSSH\;C:\Program Files (x86)\NVIDIA Corporation\PhysX\Common;C:\Program Files\NVIDIA Corporation\NVIDIA NvDLISR;C:\WINDOWS\system32;C:\WINDOWS;C:\WINDOWS\System32\Wbem;C:\WINDOWS\System32\WindowsPowerShell\v1.0\;C:\WINDOWS\System32\OpenSSH\;C:\Program Files\Git\cmd;C:\Program Files\nodejs\;C:\ProgramData\chocolatey\bin;C:\Program Files\Docker\Docker\resources\bin;C:\Program Files\CMake\bin;C:\Program Files (x86)\Windows Kits\10\Windows Performance Toolkit\;C:\Program Files\Eclipse Adoptium\jdk-8.0.472.8-hotspot\bin;C:\Program Files\Common Files\Oracle\Java\javapath;C:\Program Files\Eclipse Adoptium\jdk-17.0.13.11-hotspot\bin;C:\app\badya\product\21c\dbhomeXE\bin;C:\Windows\system32;C:\Windows;C:\Windows\System32\Wbem;C:\Windows\System32\WindowsPowerShell\v1.0\;C:\Windows\System32\OpenSSH\;C:\Program Files (x86)\NVIDIA Corporation\PhysX\Common;C:\Program Files\NVIDIA Corporation\NVIDIA NvDLISR;C:\WINDOWS\system32;C:\WINDOWS;C:\WINDOWS\System32\Wbem;C:\WINDOWS\System32\WindowsPowerShell\v1.0\;C:\WINDOWS\System32\OpenSSH\;C:\Program Files\Git\cmd;C:\Program Files\nodejs\;C:\ProgramData\chocolatey\bin;C:\Program Files (x86)\Windows Kits\10\Windows Performance Toolkit\;C:\Program Files\Docker\Docker\resources\bin;C:\Program Files\Eclipse Adoptium\jdk-8.0.472.8-hotspot\bin;C:\Program Files\Common Files\Oracle\Java\javapath;C:\Program Files\Eclipse Adoptium\jdk-17.0.13.11-hotspot\bin;C:\app\badya\product\21c\dbhomeXE\bin;C:\Windows\system32;C:\Windows;C:\Windows\Syste;C:\Program Files\apache-maven-3.9.11\bin;C:\Flutter\flutter\bin;C:\Users\badya\AppData\Local\Programs\Antigravity\bin;C:\Users\badya\.local\bin;C:\Users\badya\AppData\Local\Programs\Microsoft VS Code\bin;C:\Users\badya\AppData\Local\Programs\MiKTeX\miktex\bin\x64\
USERNAME=badya
OS=Windows_NT
PROCESSOR_IDENTIFIER=Intel64 Family 6 Model 140 Stepping 1, GenuineIntel
TMP=C:\Users\badya\AppData\Local\Temp
TEMP=C:\Users\badya\AppData\Local\Temp




Periodic native trim disabled

---------------  S Y S T E M  ---------------

OS:
 Windows 11 , 64 bit Build 26100 (10.0.26100.9444)
OS uptime: 2 days 12:53 hours
Hyper-V role detected

CPU: total 8 (initial active 8) (4 cores per cpu, 2 threads per core) family 6 model 140 stepping 1 microcode 0xa6, cx8, cmov, fxsr, ht, mmx, 3dnowpref, sse, sse2, sse3, ssse3, sse4.1, sse4.2, popcnt, lzcnt, tsc, tscinvbit, avx, avx2, aes, erms, clmul, bmi1, bmi2, adx, avx512f, avx512dq, avx512cd, avx512bw, avx512vl, sha, fma, vzeroupper, avx512_vpopcntdq, avx512_vpclmulqdq, avx512_vaes, avx512_vnni, clflush, clflushopt, clwb, avx512_vbmi2, avx512_vbmi, hv, rdtscp, rdpid, fsrm, gfni, avx512_bitalg, f16c, cet_ibt, cet_ss, avx512_ifma
Processor Information for the first 8 processors :
  Max Mhz: 2803, Current Mhz: 2803, Mhz Limit: 2803

Memory: 4k page, system-wide physical 7886M (105M free)
TotalPageFile size 32462M (AvailPageFile size 11M)
current process WorkingSet (physical memory assigned to process): 49M, peak: 195M
current process commit charge ("private bytes"): 357M, peak: 533M

vm_info: OpenJDK 64-Bit Server VM (21.0.12.1+1-LTS) for windows-amd64 JRE (21.0.12.1+1-LTS), built on 2026-08-18T00:00:00Z by "admin" with MS VC++ 17.12 (VS2022)

END.
