#
# There is insufficient memory for the Java Runtime Environment to continue.
# Native memory allocation (mmap) failed to map 314572800 bytes. Error detail: G1 virtual space
# Possible reasons:
#   The system is out of physical RAM or swap space
#   This process is running with CompressedOops enabled, and the Java Heap may be blocking the growth of the native heap
# Possible solutions:
#   Reduce memory load on the system
#   Increase physical memory or swap space
#   Check if swap backing store is full
#   Decrease Java heap size (-Xmx/-Xms)
#   Decrease number of Java threads
#   Decrease Java thread stack sizes (-Xss)
#   Set larger code cache with -XX:ReservedCodeCacheSize=
#   JVM is running with Zero Based Compressed Oops mode in which the Java heap is
#     placed in the first 32GB address space. The Java Heap base address is the
#     maximum limit for the native heap growth. Please use -XX:HeapBaseMinAddress
#     to set the Java Heap base and to place the Java Heap above 32GB virtual address.
# This output file may be truncated or incomplete.
#
#  Out of Memory Error (os_windows.cpp:3732), pid=11844, tid=27184
#
# JRE version: OpenJDK Runtime Environment Temurin-21.0.12.1+1 (21.0.12.1+1) (build 21.0.12.1+1-LTS)
# Java VM: OpenJDK 64-Bit Server VM Temurin-21.0.12.1+1 (21.0.12.1+1-LTS, mixed mode, sharing, tiered, compressed oops, compressed class ptrs, g1 gc, windows-amd64)
# No core dump will be written. Minidumps are not enabled by default on client versions of Windows
#

---------------  S U M M A R Y ------------

Command Line: --add-opens=java.base/java.lang=ALL-UNNAMED --add-opens=java.base/java.lang.invoke=ALL-UNNAMED --add-opens=java.base/java.util=ALL-UNNAMED --add-opens=java.prefs/java.util.prefs=ALL-UNNAMED --add-exports=jdk.compiler/com.sun.tools.javac.api=ALL-UNNAMED --add-exports=jdk.compiler/com.sun.tools.javac.util=ALL-UNNAMED --add-opens=java.base/java.util=ALL-UNNAMED --add-opens=java.prefs/java.util.prefs=ALL-UNNAMED --add-opens=java.base/java.nio.charset=ALL-UNNAMED --add-opens=java.base/java.net=ALL-UNNAMED --add-opens=java.base/java.util.concurrent.atomic=ALL-UNNAMED --add-opens=java.xml/javax.xml.namespace=ALL-UNNAMED -XX:MaxMetaspaceSize=4G -XX:ReservedCodeCacheSize=512m -XX:+HeapDumpOnOutOfMemoryError -Xmx8G -Dfile.encoding=UTF-8 -Duser.country=FR -Duser.language=fr -Duser.variant -javaagent:C:\Users\badya\.gradle\wrapper\dists\gradle-8.12-all\ejduaidbjup3bmmkhw3rie4zb\gradle-8.12\lib\agents\gradle-instrumentation-agent-8.12.jar org.gradle.launcher.daemon.bootstrap.GradleDaemon 8.12

Host: 11th Gen Intel(R) Core(TM) i7-1165G7 @ 2.80GHz, 8 cores, 7G,  Windows 11 , 64 bit Build 26100 (10.0.26100.9444)
Time: Mon Sep 21 03:58:44 2026 Afr. centrale Ouest elapsed time: 714.188759 seconds (0d 0h 11m 54s)

---------------  T H R E A D  ---------------

Current thread (0x000001a736dc1df0):  VMThread "VM Thread"          [id=27184, stack(0x0000000231f00000,0x0000000232000000) (1024K)]

Stack: [0x0000000231f00000,0x0000000232000000]
Native frames: (J=compiled Java code, j=interpreted, Vv=VM code, C=native code)
V  [jvm.dll+0x6d83e9]
V  [jvm.dll+0x8b5736]
V  [jvm.dll+0x8b7cee]
V  [jvm.dll+0x8b83d3]
V  [jvm.dll+0x284596]
V  [jvm.dll+0x6d4d05]
V  [jvm.dll+0x6c898a]
V  [jvm.dll+0x35f2f8]
V  [jvm.dll+0x366f36]
V  [jvm.dll+0x3b804e]
V  [jvm.dll+0x3b82f8]
V  [jvm.dll+0x33320c]
V  [jvm.dll+0x33329a]
V  [jvm.dll+0x377382]
V  [jvm.dll+0x375b1a]
V  [jvm.dll+0x332951]
V  [jvm.dll+0x37517a]
V  [jvm.dll+0x8be0c0]
V  [jvm.dll+0x8bf434]
V  [jvm.dll+0x8bf960]
V  [jvm.dll+0x8bfc03]
V  [jvm.dll+0x8600cd]
V  [jvm.dll+0x6d6c1d]
C  [ucrtbase.dll+0x2cd30]
C  [KERNEL32.DLL+0x2cd87]
C  [ntdll.dll+0xacaec]

VM_Operation (0x00000002334f9d50): G1CollectForAllocation, mode: safepoint, requested by thread 0x000001a70031cfe0


---------------  P R O C E S S  ---------------

Threads class SMR info:
_java_thread_list=0x000001a703cb5dd0, length=126, elements={
0x000001a707402c40, 0x000001a736de3fe0, 0x000001a736de5760, 0x000001a736dea2e0,
0x000001a736dead40, 0x000001a736deb7a0, 0x000001a736dec200, 0x000001a736decf90,
0x000001a736df32c0, 0x000001a739885070, 0x000001a7398d80b0, 0x000001a7397226f0,
0x000001a73987bb00, 0x000001a700e07b40, 0x000001a77f790790, 0x000001a7003210b0,
0x000001a77f7150e0, 0x000001a70031cfe0, 0x000001a77f7e64b0, 0x000001a77f7e8580,
0x000001a77f7e5e20, 0x000001a77f7e7ef0, 0x000001a77f7e6b40, 0x000001a77f7e7860,
0x000001a77f7e5790, 0x000001a7025c86f0, 0x000001a7025c8d80, 0x000001a7025c9410,
0x000001a7025cb4e0, 0x000001a7025ca7c0, 0x000001a7025cae50, 0x000001a7025c8060,
0x000001a7025cdc40, 0x000001a7025ce960, 0x000001a7025cf680, 0x000001a7032dd140,
0x000001a7032dc420, 0x000001a7032dde60, 0x000001a7032dbd90, 0x000001a7032de4f0,
0x000001a7032db070, 0x000001a7032dd7d0, 0x000001a7032db700, 0x000001a70219b5e0,
0x000001a702199ba0, 0x000001a70219a230, 0x000001a70219bc70, 0x000001a702199510,
0x000001a70219a8c0, 0x000001a70219af50, 0x000001a70219c300, 0x000001a702198e80,
0x000001a70219dd40, 0x000001a70219f0f0, 0x000001a70219c990, 0x000001a70219f780,
0x000001a7021a04a0, 0x000001a70219d020, 0x000001a7031cd920, 0x000001a7031cd290,
0x000001a7031cdfb0, 0x000001a7031cbee0, 0x000001a7031cecd0, 0x000001a7031cf9f0,
0x000001a7031cc570, 0x000001a7031d27e0, 0x000001a7031d2e70, 0x000001a7031d1430,
0x000001a7031d1ac0, 0x000001a7031d2150, 0x000001a7031d0710, 0x000001a7031d3500,
0x000001a7031d0080, 0x000001a7031d0da0, 0x000001a77f7e71d0, 0x000001a703a0a810,
0x000001a703a0b530, 0x000001a703a080b0, 0x000001a703a08740, 0x000001a703a09460,
0x000001a703a09af0, 0x000001a703a0a180, 0x000001a703a0aea0, 0x000001a7036ca4e0,
0x000001a7036cbf20, 0x000001a7036cab70, 0x000001a7036cb200, 0x000001a7036cb890,
0x000001a7036c8aa0, 0x000001a7036c9130, 0x000001a7036c97c0, 0x000001a7036c9e50,
0x000001a703f7b6c0, 0x000001a703f79c80, 0x000001a703f795f0, 0x000001a703f78f60,
0x000001a703f7bd50, 0x000001a703f7b030, 0x000001a703f7c3e0, 0x000001a703f7a310,
0x000001a703f7d100, 0x000001a703f7d790, 0x000001a703f7ca70, 0x000001a703f7a9a0,
0x000001a703f7de20, 0x000001a703f7e4b0, 0x000001a703f7eb40, 0x000001a703f7f1d0,
0x000001a703f7fef0, 0x000001a703f7f860, 0x000001a703b73640, 0x000001a7025cc890,
0x000001a703b7a5d0, 0x000001a7031ccc00, 0x000001a703a08dd0, 0x000001a704a89d40,
0x000001a704a89020, 0x000001a704a8aa60, 0x000001a704a896b0, 0x000001a704a8cb30,
0x000001a704a8b780, 0x000001a704a8b0f0, 0x000001a704a8be10, 0x000001a704a8c4a0,
0x000001a704a8d1c0, 0x000001a704a8d850
}

Java Threads: ( => current thread )
  0x000001a707402c40 JavaThread "main"                              [_thread_blocked, id=17344, stack(0x0000000231800000,0x0000000231900000) (1024K)]
  0x000001a736de3fe0 JavaThread "Reference Handler"          daemon [_thread_blocked, id=28004, stack(0x0000000232000000,0x0000000232100000) (1024K)]
  0x000001a736de5760 JavaThread "Finalizer"                  daemon [_thread_blocked, id=25396, stack(0x0000000232100000,0x0000000232200000) (1024K)]
  0x000001a736dea2e0 JavaThread "Signal Dispatcher"          daemon [_thread_blocked, id=11040, stack(0x0000000232200000,0x0000000232300000) (1024K)]
  0x000001a736dead40 JavaThread "Attach Listener"            daemon [_thread_blocked, id=8756, stack(0x0000000232300000,0x0000000232400000) (1024K)]
  0x000001a736deb7a0 JavaThread "Service Thread"             daemon [_thread_blocked, id=26156, stack(0x0000000232400000,0x0000000232500000) (1024K)]
  0x000001a736dec200 JavaThread "Monitor Deflation Thread"   daemon [_thread_blocked, id=24096, stack(0x0000000232500000,0x0000000232600000) (1024K)]
  0x000001a736decf90 JavaThread "C2 CompilerThread0"         daemon [_thread_blocked, id=18996, stack(0x0000000232600000,0x0000000232700000) (1024K)]
  0x000001a736df32c0 JavaThread "C1 CompilerThread0"         daemon [_thread_blocked, id=22012, stack(0x0000000232700000,0x0000000232800000) (1024K)]
  0x000001a739885070 JavaThread "Common-Cleaner"             daemon [_thread_blocked, id=26424, stack(0x0000000232800000,0x0000000232900000) (1024K)]
  0x000001a7398d80b0 JavaThread "Notification Thread"        daemon [_thread_blocked, id=21292, stack(0x0000000232900000,0x0000000232a00000) (1024K)]
  0x000001a7397226f0 JavaThread "Daemon health stats"               [_thread_blocked, id=12900, stack(0x0000000232e00000,0x0000000232f00000) (1024K)]
  0x000001a73987bb00 JavaThread "Incoming local TCP Connector on port 65519"        [_thread_in_native, id=27808, stack(0x0000000232f00000,0x0000000233000000) (1024K)]
  0x000001a700e07b40 JavaThread "Daemon periodic checks"            [_thread_blocked, id=10964, stack(0x0000000233000000,0x0000000233100000) (1024K)]
  0x000001a77f790790 JavaThread "Daemon"                            [_thread_blocked, id=22364, stack(0x0000000233100000,0x0000000233200000) (1024K)]
  0x000001a7003210b0 JavaThread "Handler for socket connection from /127.0.0.1:65519 to /127.0.0.1:65520"        [_thread_in_native, id=23584, stack(0x0000000233200000,0x0000000233300000) (1024K)]
  0x000001a77f7150e0 JavaThread "Cancel handler"                    [_thread_blocked, id=24584, stack(0x0000000233300000,0x0000000233400000) (1024K)]
  0x000001a70031cfe0 JavaThread "Daemon worker"                     [_thread_blocked, id=28592, stack(0x0000000233400000,0x0000000233500000) (1024K)]
  0x000001a77f7e64b0 JavaThread "Asynchronous log dispatcher for DefaultDaemonConnection: socket connection from /127.0.0.1:65519 to /127.0.0.1:65520"        [_thread_blocked, id=24964, stack(0x0000000233500000,0x0000000233600000) (1024K)]
  0x000001a77f7e8580 JavaThread "Stdin handler"                     [_thread_blocked, id=27896, stack(0x0000000233600000,0x0000000233700000) (1024K)]
  0x000001a77f7e5e20 JavaThread "Daemon client event forwarder"        [_thread_blocked, id=23748, stack(0x0000000233700000,0x0000000233800000) (1024K)]
  0x000001a77f7e7ef0 JavaThread "Cache worker for journal cache (C:\Users\badya\.gradle\caches\journal-1)"        [_thread_blocked, id=27520, stack(0x0000000231600000,0x0000000231700000) (1024K)]
  0x000001a77f7e6b40 JavaThread "File lock request listener"        [_thread_in_native, id=21920, stack(0x0000000233b00000,0x0000000233c00000) (1024K)]
  0x000001a77f7e7860 JavaThread "Cache worker for file hash cache (C:\Users\badya\.gradle\caches\8.12\fileHashes)"        [_thread_blocked, id=28964, stack(0x0000000233d00000,0x0000000233e00000) (1024K)]
  0x000001a77f7e5790 JavaThread "Cache worker for file hash cache (C:\test2-final-adas-dms\couche4_mobile\android\.gradle\8.12\fileHashes)"        [_thread_blocked, id=22324, stack(0x0000000233f00000,0x0000000234000000) (1024K)]
  0x000001a7025c86f0 JavaThread "Cache worker for Build Output Cleanup Cache (C:\test2-final-adas-dms\couche4_mobile\android\.gradle\buildOutputCleanup)"        [_thread_blocked, id=29112, stack(0x0000000234000000,0x0000000234100000) (1024K)]
  0x000001a7025c8d80 JavaThread "File watcher server"        daemon [_thread_in_native, id=9572, stack(0x0000000234100000,0x0000000234200000) (1024K)]
  0x000001a7025c9410 JavaThread "File watcher consumer"      daemon [_thread_blocked, id=9884, stack(0x0000000234200000,0x0000000234300000) (1024K)]
  0x000001a7025cb4e0 JavaThread "jar transforms"                    [_thread_blocked, id=2088, stack(0x0000000234300000,0x0000000234400000) (1024K)]
  0x000001a7025ca7c0 JavaThread "jar transforms Thread 2"           [_thread_blocked, id=27916, stack(0x0000000234400000,0x0000000234500000) (1024K)]
  0x000001a7025cae50 JavaThread "Cache worker for checksums cache (C:\test2-final-adas-dms\couche4_mobile\android\.gradle\8.12\checksums)"        [_thread_blocked, id=19572, stack(0x0000000234500000,0x0000000234600000) (1024K)]
  0x000001a7025c8060 JavaThread "Cache worker for file content cache (C:\Users\badya\.gradle\caches\8.12\fileContent)"        [_thread_blocked, id=13328, stack(0x0000000234600000,0x0000000234700000) (1024K)]
  0x000001a7025cdc40 JavaThread "Cache worker for cache directory md-rule (C:\Users\badya\.gradle\caches\8.12\md-rule)"        [_thread_blocked, id=22448, stack(0x0000000231500000,0x0000000231600000) (1024K)]
  0x000001a7025ce960 JavaThread "Cache worker for cache directory md-supplier (C:\Users\badya\.gradle\caches\8.12\md-supplier)"        [_thread_blocked, id=19316, stack(0x0000000231700000,0x0000000231800000) (1024K)]
  0x000001a7025cf680 JavaThread "Cache worker for Build Output Cleanup Cache (C:\Flutter\flutter\packages\flutter_tools\gradle\.gradle\buildOutputCleanup)"        [_thread_blocked, id=28620, stack(0x0000000234700000,0x0000000234800000) (1024K)]
  0x000001a7032dd140 JavaThread "Unconstrained build operations"        [_thread_blocked, id=26512, stack(0x0000000234800000,0x0000000234900000) (1024K)]
  0x000001a7032dc420 JavaThread "Unconstrained build operations Thread 2"        [_thread_blocked, id=9136, stack(0x0000000234900000,0x0000000234a00000) (1024K)]
  0x000001a7032dde60 JavaThread "Unconstrained build operations Thread 3"        [_thread_blocked, id=15536, stack(0x0000000234a00000,0x0000000234b00000) (1024K)]
  0x000001a7032dbd90 JavaThread "Unconstrained build operations Thread 4"        [_thread_blocked, id=29472, stack(0x0000000234b00000,0x0000000234c00000) (1024K)]
  0x000001a7032de4f0 JavaThread "Unconstrained build operations Thread 5"        [_thread_blocked, id=22968, stack(0x0000000234c00000,0x0000000234d00000) (1024K)]
  0x000001a7032db070 JavaThread "Unconstrained build operations Thread 6"        [_thread_blocked, id=9616, stack(0x0000000234d00000,0x0000000234e00000) (1024K)]
  0x000001a7032dd7d0 JavaThread "Unconstrained build operations Thread 7"        [_thread_blocked, id=26904, stack(0x0000000234e00000,0x0000000234f00000) (1024K)]
  0x000001a7032db700 JavaThread "Unconstrained build operations Thread 8"        [_thread_blocked, id=28800, stack(0x0000000234f00000,0x0000000235000000) (1024K)]
  0x000001a70219b5e0 JavaThread "Unconstrained build operations Thread 9"        [_thread_blocked, id=22268, stack(0x0000000235000000,0x0000000235100000) (1024K)]
  0x000001a702199ba0 JavaThread "Unconstrained build operations Thread 10"        [_thread_blocked, id=18860, stack(0x0000000235100000,0x0000000235200000) (1024K)]
  0x000001a70219a230 JavaThread "Unconstrained build operations Thread 11"        [_thread_blocked, id=27952, stack(0x0000000235200000,0x0000000235300000) (1024K)]
  0x000001a70219bc70 JavaThread "Unconstrained build operations Thread 12"        [_thread_blocked, id=6872, stack(0x0000000235300000,0x0000000235400000) (1024K)]
  0x000001a702199510 JavaThread "Unconstrained build operations Thread 13"        [_thread_blocked, id=22052, stack(0x0000000235400000,0x0000000235500000) (1024K)]
  0x000001a70219a8c0 JavaThread "Unconstrained build operations Thread 14"        [_thread_blocked, id=23560, stack(0x0000000235500000,0x0000000235600000) (1024K)]
  0x000001a70219af50 JavaThread "Unconstrained build operations Thread 15"        [_thread_blocked, id=28444, stack(0x0000000235600000,0x0000000235700000) (1024K)]
  0x000001a70219c300 JavaThread "Unconstrained build operations Thread 16"        [_thread_blocked, id=7508, stack(0x0000000235700000,0x0000000235800000) (1024K)]
  0x000001a702198e80 JavaThread "Unconstrained build operations Thread 17"        [_thread_blocked, id=20024, stack(0x0000000235800000,0x0000000235900000) (1024K)]
  0x000001a70219dd40 JavaThread "Unconstrained build operations Thread 18"        [_thread_blocked, id=27360, stack(0x0000000235900000,0x0000000235a00000) (1024K)]
  0x000001a70219f0f0 JavaThread "Unconstrained build operations Thread 19"        [_thread_blocked, id=27104, stack(0x0000000235a00000,0x0000000235b00000) (1024K)]
  0x000001a70219c990 JavaThread "Unconstrained build operations Thread 20"        [_thread_blocked, id=24000, stack(0x0000000235b00000,0x0000000235c00000) (1024K)]
  0x000001a70219f780 JavaThread "Unconstrained build operations Thread 21"        [_thread_blocked, id=6704, stack(0x0000000235c00000,0x0000000235d00000) (1024K)]
  0x000001a7021a04a0 JavaThread "Memory manager"                    [_thread_blocked, id=26236, stack(0x0000000235d00000,0x0000000235e00000) (1024K)]
  0x000001a70219d020 JavaThread "build event listener"              [_thread_blocked, id=18484, stack(0x0000000235e00000,0x0000000235f00000) (1024K)]
  0x000001a7031cd920 JavaThread "Execution worker"                  [_thread_blocked, id=9272, stack(0x0000000235f00000,0x0000000236000000) (1024K)]
  0x000001a7031cd290 JavaThread "Execution worker Thread 2"         [_thread_blocked, id=23252, stack(0x0000000236000000,0x0000000236100000) (1024K)]
  0x000001a7031cdfb0 JavaThread "Execution worker Thread 3"         [_thread_blocked, id=16932, stack(0x0000000236200000,0x0000000236300000) (1024K)]
  0x000001a7031cbee0 JavaThread "Execution worker Thread 4"         [_thread_blocked, id=7380, stack(0x0000000236300000,0x0000000236400000) (1024K)]
  0x000001a7031cecd0 JavaThread "Execution worker Thread 5"         [_thread_blocked, id=23284, stack(0x0000000236400000,0x0000000236500000) (1024K)]
  0x000001a7031cf9f0 JavaThread "Execution worker Thread 6"         [_thread_blocked, id=9484, stack(0x0000000236500000,0x0000000236600000) (1024K)]
  0x000001a7031cc570 JavaThread "Execution worker Thread 7"         [_thread_blocked, id=10380, stack(0x0000000236600000,0x0000000236700000) (1024K)]
  0x000001a7031d27e0 JavaThread "Cache worker for execution history cache (C:\Flutter\flutter\packages\flutter_tools\gradle\.gradle\8.12\executionHistory)"        [_thread_blocked, id=26384, stack(0x0000000236700000,0x0000000236800000) (1024K)]
  0x000001a7031d2e70 JavaThread "Unconstrained build operations Thread 22"        [_thread_blocked, id=24940, stack(0x0000000236800000,0x0000000236900000) (1024K)]
  0x000001a7031d1430 JavaThread "Unconstrained build operations Thread 23"        [_thread_blocked, id=15144, stack(0x0000000236900000,0x0000000236a00000) (1024K)]
  0x000001a7031d1ac0 JavaThread "Unconstrained build operations Thread 24"        [_thread_blocked, id=28752, stack(0x0000000236a00000,0x0000000236b00000) (1024K)]
  0x000001a7031d2150 JavaThread "Unconstrained build operations Thread 25"        [_thread_blocked, id=27708, stack(0x0000000236b00000,0x0000000236c00000) (1024K)]
  0x000001a7031d0710 JavaThread "Unconstrained build operations Thread 26"        [_thread_blocked, id=19752, stack(0x0000000236c00000,0x0000000236d00000) (1024K)]
  0x000001a7031d3500 JavaThread "Unconstrained build operations Thread 27"        [_thread_blocked, id=27816, stack(0x0000000236d00000,0x0000000236e00000) (1024K)]
  0x000001a7031d0080 JavaThread "Unconstrained build operations Thread 28"        [_thread_blocked, id=25572, stack(0x0000000236e00000,0x0000000236f00000) (1024K)]
  0x000001a7031d0da0 JavaThread "Unconstrained build operations Thread 29"        [_thread_blocked, id=12140, stack(0x0000000236f00000,0x0000000237000000) (1024K)]
  0x000001a77f7e71d0 JavaThread "Unconstrained build operations Thread 30"        [_thread_blocked, id=11992, stack(0x0000000237000000,0x0000000237100000) (1024K)]
  0x000001a703a0a810 JavaThread "Unconstrained build operations Thread 31"        [_thread_blocked, id=12736, stack(0x0000000237100000,0x0000000237200000) (1024K)]
  0x000001a703a0b530 JavaThread "Unconstrained build operations Thread 32"        [_thread_blocked, id=22660, stack(0x0000000237200000,0x0000000237300000) (1024K)]
  0x000001a703a080b0 JavaThread "Unconstrained build operations Thread 33"        [_thread_blocked, id=21184, stack(0x0000000237300000,0x0000000237400000) (1024K)]
  0x000001a703a08740 JavaThread "Unconstrained build operations Thread 34"        [_thread_blocked, id=23300, stack(0x0000000237400000,0x0000000237500000) (1024K)]
  0x000001a703a09460 JavaThread "Unconstrained build operations Thread 35"        [_thread_blocked, id=25532, stack(0x0000000237500000,0x0000000237600000) (1024K)]
  0x000001a703a09af0 JavaThread "Unconstrained build operations Thread 36"        [_thread_blocked, id=18048, stack(0x0000000237700000,0x0000000237800000) (1024K)]
  0x000001a703a0a180 JavaThread "Unconstrained build operations Thread 37"        [_thread_blocked, id=21060, stack(0x0000000237800000,0x0000000237900000) (1024K)]
  0x000001a703a0aea0 JavaThread "Unconstrained build operations Thread 38"        [_thread_blocked, id=24248, stack(0x0000000237900000,0x0000000237a00000) (1024K)]
  0x000001a7036ca4e0 JavaThread "Unconstrained build operations Thread 39"        [_thread_blocked, id=11444, stack(0x0000000237a00000,0x0000000237b00000) (1024K)]
  0x000001a7036cbf20 JavaThread "Unconstrained build operations Thread 40"        [_thread_blocked, id=12252, stack(0x0000000237b00000,0x0000000237c00000) (1024K)]
  0x000001a7036cab70 JavaThread "Unconstrained build operations Thread 41"        [_thread_blocked, id=21972, stack(0x0000000237c00000,0x0000000237d00000) (1024K)]
  0x000001a7036cb200 JavaThread "Unconstrained build operations Thread 42"        [_thread_blocked, id=11460, stack(0x0000000237d00000,0x0000000237e00000) (1024K)]
  0x000001a7036cb890 JavaThread "Unconstrained build operations Thread 43"        [_thread_blocked, id=16608, stack(0x0000000237e00000,0x0000000237f00000) (1024K)]
  0x000001a7036c8aa0 JavaThread "Unconstrained build operations Thread 44"        [_thread_blocked, id=19980, stack(0x0000000237f00000,0x0000000238000000) (1024K)]
  0x000001a7036c9130 JavaThread "Unconstrained build operations Thread 45"        [_thread_blocked, id=22076, stack(0x0000000238000000,0x0000000238100000) (1024K)]
  0x000001a7036c97c0 JavaThread "Unconstrained build operations Thread 46"        [_thread_blocked, id=21856, stack(0x0000000238100000,0x0000000238200000) (1024K)]
  0x000001a7036c9e50 JavaThread "Unconstrained build operations Thread 47"        [_thread_blocked, id=7820, stack(0x0000000238200000,0x0000000238300000) (1024K)]
  0x000001a703f7b6c0 JavaThread "Unconstrained build operations Thread 48"        [_thread_blocked, id=20252, stack(0x0000000238300000,0x0000000238400000) (1024K)]
  0x000001a703f79c80 JavaThread "Unconstrained build operations Thread 49"        [_thread_blocked, id=24080, stack(0x0000000238400000,0x0000000238500000) (1024K)]
  0x000001a703f795f0 JavaThread "Unconstrained build operations Thread 50"        [_thread_blocked, id=29676, stack(0x0000000238500000,0x0000000238600000) (1024K)]
  0x000001a703f78f60 JavaThread "Unconstrained build operations Thread 51"        [_thread_blocked, id=3696, stack(0x0000000238600000,0x0000000238700000) (1024K)]
  0x000001a703f7bd50 JavaThread "Unconstrained build operations Thread 52"        [_thread_blocked, id=21416, stack(0x0000000238700000,0x0000000238800000) (1024K)]
  0x000001a703f7b030 JavaThread "Unconstrained build operations Thread 53"        [_thread_blocked, id=19836, stack(0x0000000238800000,0x0000000238900000) (1024K)]
  0x000001a703f7c3e0 JavaThread "Unconstrained build operations Thread 54"        [_thread_blocked, id=12228, stack(0x0000000238900000,0x0000000238a00000) (1024K)]
  0x000001a703f7a310 JavaThread "Unconstrained build operations Thread 55"        [_thread_blocked, id=27860, stack(0x0000000238a00000,0x0000000238b00000) (1024K)]
  0x000001a703f7d100 JavaThread "Unconstrained build operations Thread 56"        [_thread_blocked, id=4248, stack(0x0000000238b00000,0x0000000238c00000) (1024K)]
  0x000001a703f7d790 JavaThread "Unconstrained build operations Thread 57"        [_thread_blocked, id=12092, stack(0x0000000238c00000,0x0000000238d00000) (1024K)]
  0x000001a703f7ca70 JavaThread "Unconstrained build operations Thread 58"        [_thread_blocked, id=21864, stack(0x0000000238d00000,0x0000000238e00000) (1024K)]
  0x000001a703f7a9a0 JavaThread "Unconstrained build operations Thread 59"        [_thread_blocked, id=26984, stack(0x0000000238e00000,0x0000000238f00000) (1024K)]
  0x000001a703f7de20 JavaThread "Unconstrained build operations Thread 60"        [_thread_blocked, id=14668, stack(0x0000000238f00000,0x0000000239000000) (1024K)]
  0x000001a703f7e4b0 JavaThread "Unconstrained build operations Thread 61"        [_thread_blocked, id=29584, stack(0x0000000239000000,0x0000000239100000) (1024K)]
  0x000001a703f7eb40 JavaThread "Unconstrained build operations Thread 62"        [_thread_blocked, id=28368, stack(0x0000000239100000,0x0000000239200000) (1024K)]
  0x000001a703f7f1d0 JavaThread "Unconstrained build operations Thread 63"        [_thread_blocked, id=24380, stack(0x0000000239200000,0x0000000239300000) (1024K)]
  0x000001a703f7fef0 JavaThread "Unconstrained build operations Thread 64"        [_thread_blocked, id=6444, stack(0x0000000239300000,0x0000000239400000) (1024K)]
  0x000001a703f7f860 JavaThread "Unconstrained build operations Thread 65"        [_thread_blocked, id=6164, stack(0x0000000239400000,0x0000000239500000) (1024K)]
  0x000001a703b73640 JavaThread "build event listener"              [_thread_blocked, id=11488, stack(0x0000000236100000,0x0000000236200000) (1024K)]
  0x000001a7025cc890 JavaThread "Unconstrained build operations Thread 66"        [_thread_blocked, id=27300, stack(0x0000000239800000,0x0000000239900000) (1024K)]
  0x000001a703b7a5d0 JavaThread "Unconstrained build operations Thread 67"        [_thread_blocked, id=26840, stack(0x0000000239900000,0x0000000239a00000) (1024K)]
  0x000001a7031ccc00 JavaThread "Unconstrained build operations Thread 68"        [_thread_blocked, id=24672, stack(0x0000000239a00000,0x0000000239b00000) (1024K)]
  0x000001a703a08dd0 JavaThread "Unconstrained build operations Thread 69"        [_thread_blocked, id=24032, stack(0x0000000239b00000,0x0000000239c00000) (1024K)]
  0x000001a704a89d40 JavaThread "Unconstrained build operations Thread 70"        [_thread_blocked, id=26868, stack(0x0000000239c00000,0x0000000239d00000) (1024K)]
  0x000001a704a89020 JavaThread "Unconstrained build operations Thread 71"        [_thread_blocked, id=23780, stack(0x0000000239d00000,0x0000000239e00000) (1024K)]
  0x000001a704a8aa60 JavaThread "Unconstrained build operations Thread 72"        [_thread_blocked, id=25640, stack(0x0000000239e00000,0x0000000239f00000) (1024K)]
  0x000001a704a896b0 JavaThread "Unconstrained build operations Thread 73"        [_thread_blocked, id=4124, stack(0x0000000239f00000,0x000000023a000000) (1024K)]
  0x000001a704a8cb30 JavaThread "Unconstrained build operations Thread 74"        [_thread_blocked, id=11660, stack(0x000000023a000000,0x000000023a100000) (1024K)]
  0x000001a704a8b780 JavaThread "Unconstrained build operations Thread 75"        [_thread_blocked, id=27200, stack(0x000000023a100000,0x000000023a200000) (1024K)]
  0x000001a704a8b0f0 JavaThread "Unconstrained build operations Thread 76"        [_thread_blocked, id=20792, stack(0x000000023a200000,0x000000023a300000) (1024K)]
  0x000001a704a8be10 JavaThread "Unconstrained build operations Thread 77"        [_thread_blocked, id=15188, stack(0x000000023a300000,0x000000023a400000) (1024K)]
  0x000001a704a8c4a0 JavaThread "Unconstrained build operations Thread 78"        [_thread_blocked, id=22624, stack(0x000000023a400000,0x000000023a500000) (1024K)]
  0x000001a704a8d1c0 JavaThread "Unconstrained build operations Thread 79"        [_thread_blocked, id=8896, stack(0x000000023a500000,0x000000023a600000) (1024K)]
  0x000001a704a8d850 JavaThread "Unconstrained build operations Thread 80"        [_thread_blocked, id=25364, stack(0x000000023a600000,0x000000023a700000) (1024K)]
Total: 126

Other Threads:
=>0x000001a736dc1df0 VMThread "VM Thread"                           [id=27184, stack(0x0000000231f00000,0x0000000232000000) (1024K)]
  0x000001a736db17a0 WatcherThread "VM Periodic Task Thread"        [id=2628, stack(0x0000000231e00000,0x0000000231f00000) (1024K)]
  0x000001a7074ace90 WorkerThread "GC Thread#0"                     [id=13484, stack(0x0000000231900000,0x0000000231a00000) (1024K)]
  0x000001a73991ee50 WorkerThread "GC Thread#1"                     [id=20556, stack(0x0000000232a00000,0x0000000232b00000) (1024K)]
  0x000001a73997d0e0 WorkerThread "GC Thread#2"                     [id=2692, stack(0x0000000232b00000,0x0000000232c00000) (1024K)]
  0x000001a739783720 WorkerThread "GC Thread#3"                     [id=27356, stack(0x0000000232c00000,0x0000000232d00000) (1024K)]
  0x000001a739784750 WorkerThread "GC Thread#4"                     [id=12480, stack(0x0000000232d00000,0x0000000232e00000) (1024K)]
  0x000001a7001b60a0 WorkerThread "GC Thread#5"                     [id=29164, stack(0x0000000233800000,0x0000000233900000) (1024K)]
  0x000001a7001b6450 WorkerThread "GC Thread#6"                     [id=25148, stack(0x0000000233900000,0x0000000233a00000) (1024K)]
  0x000001a7001b6800 WorkerThread "GC Thread#7"                     [id=23768, stack(0x0000000233a00000,0x0000000233b00000) (1024K)]
  0x000001a7074bdd90 ConcurrentGCThread "G1 Main Marker"            [id=29052, stack(0x0000000231a00000,0x0000000231b00000) (1024K)]
  0x000001a7074be7b0 WorkerThread "G1 Conc#0"                       [id=24520, stack(0x0000000231b00000,0x0000000231c00000) (1024K)]
  0x000001a7018438c0 WorkerThread "G1 Conc#1"                       [id=26852, stack(0x0000000233e00000,0x0000000233f00000) (1024K)]
  0x000001a736c824f0 ConcurrentGCThread "G1 Refine#0"               [id=5224, stack(0x0000000231c00000,0x0000000231d00000) (1024K)]
  0x000001a736c82f80 ConcurrentGCThread "G1 Service"                [id=23880, stack(0x0000000231d00000,0x0000000231e00000) (1024K)]
Total: 15

Threads with active compile tasks:
Total: 0

VM state: at safepoint (normal execution)

VM Mutex/Monitor currently owned by a thread:  ([mutex/lock_event])
[0x00007ffd2769f5b0] Threads_lock - owner thread: 0x000001a736dc1df0
[0x00007ffd2769f6b0] Heap_lock - owner thread: 0x000001a70031cfe0

Heap address: 0x0000000600000000, size: 8192 MB, Compressed Oops mode: Zero based, Oop shift amount: 3

CDS archive(s) mapped at: [0x000001a73a000000-0x000001a73aba0000-0x000001a73aba0000), size 12189696, SharedBaseAddress: 0x000001a73a000000, ArchiveRelocationMode: 1.
Compressed class space mapped at: 0x000001a73b000000-0x000001a77b000000, reserved size: 1073741824
Narrow klass base: 0x000001a73a000000, Narrow klass shift: 0, Narrow klass range: 0x100000000

GC Precious Log:
 CardTable entry size: 512
 Card Set container configuration: InlinePtr #cards 4 size 8 Array Of Cards #cards 32 size 80 Howl #buckets 8 coarsen threshold 7372 Howl Bitmap #cards 1024 size 144 coarsen threshold 921 Card regions per heap region 1 cards per card region 8192
 CPUs: 8 total, 8 available
 Memory: 7886M
 Large Page Support: Disabled
 NUMA Support: Disabled
 Compressed Oops: Enabled (Zero based)
 Heap Region Size: 4M
 Heap Min Capacity: 8M
 Heap Initial Capacity: 124M
 Heap Max Capacity: 8G
 Pre-touch: Disabled
 Parallel Workers: 8
 Concurrent Workers: 2
 Concurrent Refinement Workers: 8
 Periodic GC: Disabled

Heap:
 garbage-first heap   total 225280K, used 137505K [0x0000000600000000, 0x0000000800000000)
  region size 4096K, 1 young (4096K), 1 survivors (4096K)
 Metaspace       used 107576K, committed 110016K, reserved 1179648K
  class space    used 15238K, committed 16448K, reserved 1048576K

Heap Regions: E=young(eden), S=young(survivor), O=old, HS=humongous(starts), HC=humongous(continues), CS=collection set, F=free, TAMS=top-at-mark-start, PB=parsable bottom
|   0|0x0000000600000000, 0x0000000600400000, 0x0000000600400000|100%|HS|  |TAMS 0x0000000600000000| PB 0x0000000600000000| Complete 
|   1|0x0000000600400000, 0x0000000600800000, 0x0000000600800000|100%| O|  |TAMS 0x0000000600400000| PB 0x0000000600400000| Untracked 
|   2|0x0000000600800000, 0x0000000600c00000, 0x0000000600c00000|100%| O|  |TAMS 0x0000000600800000| PB 0x0000000600800000| Untracked 
|   3|0x0000000600c00000, 0x0000000601000000, 0x0000000601000000|100%| O|  |TAMS 0x0000000600c00000| PB 0x0000000600c00000| Untracked 
|   4|0x0000000601000000, 0x0000000601400000, 0x0000000601400000|100%| O|  |TAMS 0x0000000601000000| PB 0x0000000601000000| Untracked 
|   5|0x0000000601400000, 0x0000000601800000, 0x0000000601800000|100%| O|  |TAMS 0x0000000601400000| PB 0x0000000601400000| Untracked 
|   6|0x0000000601800000, 0x0000000601c00000, 0x0000000601c00000|100%| O|  |TAMS 0x0000000601800000| PB 0x0000000601800000| Untracked 
|   7|0x0000000601c00000, 0x0000000602000000, 0x0000000602000000|100%| O|  |TAMS 0x0000000601c00000| PB 0x0000000601c00000| Untracked 
|   8|0x0000000602000000, 0x0000000602400000, 0x0000000602400000|100%| O|  |TAMS 0x0000000602000000| PB 0x0000000602000000| Untracked 
|   9|0x0000000602400000, 0x0000000602800000, 0x0000000602800000|100%|HS|  |TAMS 0x0000000602400000| PB 0x0000000602400000| Complete 
|  10|0x0000000602800000, 0x0000000602c00000, 0x0000000602c00000|100%|HS|  |TAMS 0x0000000602800000| PB 0x0000000602800000| Complete 
|  11|0x0000000602c00000, 0x0000000603000000, 0x0000000603000000|100%| O|  |TAMS 0x0000000602c00000| PB 0x0000000602c00000| Untracked 
|  12|0x0000000603000000, 0x0000000603400000, 0x0000000603400000|100%| O|  |TAMS 0x0000000603000000| PB 0x0000000603000000| Untracked 
|  13|0x0000000603400000, 0x0000000603800000, 0x0000000603800000|100%| O|  |TAMS 0x0000000603400000| PB 0x0000000603400000| Untracked 
|  14|0x0000000603800000, 0x0000000603c00000, 0x0000000603c00000|100%| O|  |TAMS 0x0000000603800000| PB 0x0000000603800000| Untracked 
|  15|0x0000000603c00000, 0x0000000604000000, 0x0000000604000000|100%| O|  |TAMS 0x0000000603c00000| PB 0x0000000603c00000| Untracked 
|  16|0x0000000604000000, 0x0000000604400000, 0x0000000604400000|100%| O|  |TAMS 0x0000000604000000| PB 0x0000000604000000| Untracked 
|  17|0x0000000604400000, 0x0000000604800000, 0x0000000604800000|100%| O|  |TAMS 0x0000000604400000| PB 0x0000000604400000| Untracked 
|  18|0x0000000604800000, 0x0000000604c00000, 0x0000000604c00000|100%| O|  |TAMS 0x0000000604800000| PB 0x0000000604800000| Untracked 
|  19|0x0000000604c00000, 0x0000000605000000, 0x0000000605000000|100%| O|  |TAMS 0x0000000604c00000| PB 0x0000000604c00000| Untracked 
|  20|0x0000000605000000, 0x0000000605400000, 0x0000000605400000|100%| O|  |TAMS 0x0000000605000000| PB 0x0000000605000000| Untracked 
|  21|0x0000000605400000, 0x0000000605800000, 0x0000000605800000|100%| O|  |TAMS 0x0000000605400000| PB 0x0000000605400000| Untracked 
|  22|0x0000000605800000, 0x0000000605c00000, 0x0000000605c00000|100%| O|  |TAMS 0x0000000605800000| PB 0x0000000605800000| Untracked 
|  23|0x0000000605c00000, 0x0000000606000000, 0x0000000606000000|100%| O|  |TAMS 0x0000000605c00000| PB 0x0000000605c00000| Untracked 
|  24|0x0000000606000000, 0x0000000606400000, 0x0000000606400000|100%| O|  |TAMS 0x0000000606000000| PB 0x0000000606000000| Untracked 
|  25|0x0000000606400000, 0x0000000606800000, 0x0000000606800000|100%| O|  |TAMS 0x0000000606400000| PB 0x0000000606400000| Untracked 
|  26|0x0000000606800000, 0x0000000606c00000, 0x0000000606c00000|100%| O|  |TAMS 0x0000000606800000| PB 0x0000000606800000| Untracked 
|  27|0x0000000606c00000, 0x0000000607000000, 0x0000000607000000|100%| O|  |TAMS 0x0000000606c00000| PB 0x0000000606c00000| Untracked 
|  28|0x0000000607000000, 0x0000000607400000, 0x0000000607400000|100%| O|Cm|TAMS 0x0000000607000000| PB 0x0000000607000000| Complete 
|  29|0x0000000607400000, 0x0000000607800000, 0x0000000607800000|100%| O|  |TAMS 0x0000000607400000| PB 0x0000000607400000| Untracked 
|  30|0x0000000607800000, 0x0000000607b3ca80, 0x0000000607c00000| 80%| O|  |TAMS 0x0000000607800000| PB 0x0000000607800000| Untracked 
|  31|0x0000000607c00000, 0x0000000607c00000, 0x0000000608000000|  0%| F|  |TAMS 0x0000000607c00000| PB 0x0000000607c00000| Untracked 
|  32|0x0000000608000000, 0x0000000608000000, 0x0000000608400000|  0%| F|  |TAMS 0x0000000608000000| PB 0x0000000608000000| Untracked 
|  33|0x0000000608400000, 0x0000000608400000, 0x0000000608800000|  0%| F|  |TAMS 0x0000000608400000| PB 0x0000000608400000| Untracked 
|  34|0x0000000608800000, 0x0000000608800000, 0x0000000608c00000|  0%| F|  |TAMS 0x0000000608800000| PB 0x0000000608800000| Untracked 
|  35|0x0000000608c00000, 0x0000000608c00000, 0x0000000609000000|  0%| F|  |TAMS 0x0000000608c00000| PB 0x0000000608c00000| Untracked 
|  36|0x0000000609000000, 0x0000000609000000, 0x0000000609400000|  0%| F|  |TAMS 0x0000000609000000| PB 0x0000000609000000| Untracked 
|  37|0x0000000609400000, 0x0000000609400000, 0x0000000609800000|  0%| F|  |TAMS 0x0000000609400000| PB 0x0000000609400000| Untracked 
|  38|0x0000000609800000, 0x0000000609800000, 0x0000000609c00000|  0%| F|  |TAMS 0x0000000609800000| PB 0x0000000609800000| Untracked 
|  39|0x0000000609c00000, 0x0000000609c00000, 0x000000060a000000|  0%| F|  |TAMS 0x0000000609c00000| PB 0x0000000609c00000| Untracked 
|  40|0x000000060a000000, 0x000000060a000000, 0x000000060a400000|  0%| F|  |TAMS 0x000000060a000000| PB 0x000000060a000000| Untracked 
|  41|0x000000060a400000, 0x000000060a400000, 0x000000060a800000|  0%| F|  |TAMS 0x000000060a400000| PB 0x000000060a400000| Untracked 
|  42|0x000000060a800000, 0x000000060a800000, 0x000000060ac00000|  0%| F|  |TAMS 0x000000060a800000| PB 0x000000060a800000| Untracked 
|  43|0x000000060ac00000, 0x000000060ac00000, 0x000000060b000000|  0%| F|  |TAMS 0x000000060ac00000| PB 0x000000060ac00000| Untracked 
|  44|0x000000060b000000, 0x000000060b000000, 0x000000060b400000|  0%| F|  |TAMS 0x000000060b000000| PB 0x000000060b000000| Untracked 
|  45|0x000000060b400000, 0x000000060b400000, 0x000000060b800000|  0%| F|  |TAMS 0x000000060b400000| PB 0x000000060b400000| Untracked 
|  46|0x000000060b800000, 0x000000060b800000, 0x000000060bc00000|  0%| F|  |TAMS 0x000000060b800000| PB 0x000000060b800000| Untracked 
|  47|0x000000060bc00000, 0x000000060bc00000, 0x000000060c000000|  0%| F|  |TAMS 0x000000060bc00000| PB 0x000000060bc00000| Untracked 
|  48|0x000000060c000000, 0x000000060c000000, 0x000000060c400000|  0%| F|  |TAMS 0x000000060c000000| PB 0x000000060c000000| Untracked 
|  49|0x000000060c400000, 0x000000060c400000, 0x000000060c800000|  0%| F|  |TAMS 0x000000060c400000| PB 0x000000060c400000| Untracked 
|  50|0x000000060c800000, 0x000000060c800000, 0x000000060cc00000|  0%| F|  |TAMS 0x000000060c800000| PB 0x000000060c800000| Untracked 
|  51|0x000000060cc00000, 0x000000060cc00000, 0x000000060d000000|  0%| F|  |TAMS 0x000000060cc00000| PB 0x000000060cc00000| Untracked 
|  52|0x000000060d000000, 0x000000060d30bd10, 0x000000060d400000| 76%| S|CS|TAMS 0x000000060d000000| PB 0x000000060d000000| Complete 
|2046|0x00000007ff800000, 0x00000007ffc00000, 0x00000007ffc00000|100%| O|  |TAMS 0x00000007ff800000| PB 0x00000007ff800000| Untracked 
|2047|0x00000007ffc00000, 0x0000000800000000, 0x0000000800000000|100%| O|  |TAMS 0x00000007ffc00000| PB 0x00000007ffc00000| Untracked 

Card table byte_map: [0x000001a72dba0000,0x000001a72eba0000] _byte_map_base: 0x000001a72aba0000

Marking Bits: (CMBitMap*) 0x000001a7074ad4b0
 Bits: [0x000001a72eba0000, 0x000001a736ba0000)

Polling page: 0x000001a7074c0000

Metaspace:

Usage:
  Non-class:     90.17 MB used.
      Class:     14.88 MB used.
       Both:    105.05 MB used.

Virtual space:
  Non-class space:      128.00 MB reserved,      91.38 MB ( 71%) committed,  2 nodes.
      Class space:        1.00 GB reserved,      16.06 MB (  2%) committed,  1 nodes.
             Both:        1.12 GB reserved,     107.44 MB (  9%) committed. 

Chunk freelists:
   Non-Class:  4.35 MB
       Class:  15.93 MB
        Both:  20.28 MB

MaxMetaspaceSize: 4.00 GB
CompressedClassSpaceSize: 1.00 GB
Initial GC threshold: 21.00 MB
Current GC threshold: 178.69 MB
CDS: on
 - commit_granule_bytes: 65536.
 - commit_granule_words: 8192.
 - virtual_space_node_default_size: 8388608.
 - enlarge_chunks_in_place: 1.
 - use_allocation_guard: 0.


Internal statistics:

num_allocs_failed_limit: 9.
num_arena_births: 4360.
num_arena_deaths: 0.
num_vsnodes_births: 3.
num_vsnodes_deaths: 0.
num_space_committed: 1719.
num_space_uncommitted: 0.
num_chunks_returned_to_freelist: 9.
num_chunks_taken_from_freelist: 9371.
num_chunk_merges: 6.
num_chunk_splits: 6180.
num_chunks_enlarged: 3928.
num_inconsistent_stats: 0.

CodeHeap 'non-profiled nmethods': size=259264Kb used=7739Kb max_used=7798Kb free=251524Kb
 bounds [0x000001a71c1e0000, 0x000001a71c980000, 0x000001a72bf10000]
CodeHeap 'profiled nmethods': size=259264Kb used=23813Kb max_used=24273Kb free=235450Kb
 bounds [0x000001a70bf10000, 0x000001a70d6d0000, 0x000001a71bc40000]
CodeHeap 'non-nmethods': size=5760Kb used=3010Kb max_used=3062Kb free=2750Kb
 bounds [0x000001a71bc40000, 0x000001a71bf50000, 0x000001a71c1e0000]
CodeCache: size=524288Kb, used=34562Kb, max_used=35133Kb, free=489724Kb
 total_blobs=13308, nmethods=12296, adapters=915, full_count=0
Compilation: enabled, stopped_count=0, restarted_count=0

Compilation events (20 events):
Event: 713.821 Thread 0x000001a736df32c0 14579   !   3       com.google.protobuf.CodedOutputStream$ArrayEncoder::writeUInt32NoTag (105 bytes)
Event: 713.824 Thread 0x000001a736df32c0 nmethod 14579 0x000001a70d0db610 code [0x000001a70d0db940, 0x000001a70d0dce50]
Event: 713.824 Thread 0x000001a736df32c0 14580       3       java.util.TreeMap::entrySet (27 bytes)
Event: 713.828 Thread 0x000001a736df32c0 nmethod 14580 0x000001a70c1af910 code [0x000001a70c1afae0, 0x000001a70c1afed8]
Event: 713.828 Thread 0x000001a736df32c0 14581       3       com.google.protobuf.CodedOutputStream$ArrayEncoder::writeTag (10 bytes)
Event: 713.828 Thread 0x000001a736df32c0 nmethod 14581 0x000001a70bf42290 code [0x000001a70bf42440, 0x000001a70bf425d8]
Event: 713.828 Thread 0x000001a736df32c0 14582       1       com.google.protobuf.GeneratedMessageV3::getUnknownFields (5 bytes)
Event: 713.828 Thread 0x000001a736df32c0 nmethod 14582 0x000001a71c83ce10 code [0x000001a71c83cfa0, 0x000001a71c83d070]
Event: 713.840 Thread 0x000001a736df32c0 14583       3       java.io.ObjectStreamField::getTypeCode (9 bytes)
Event: 713.841 Thread 0x000001a736df32c0 nmethod 14583 0x000001a70bf6ac10 code [0x000001a70bf6ae20, 0x000001a70bf6b3f0]
Event: 713.876 Thread 0x000001a736df32c0 14584       3       java.io.ObjectInputStream$BlockDataInputStream::peekByte (20 bytes)
Event: 713.877 Thread 0x000001a736df32c0 nmethod 14584 0x000001a70c12af10 code [0x000001a70c12b0e0, 0x000001a70c12b348]
Event: 713.877 Thread 0x000001a736df32c0 14585       3       java.io.ObjectInputStream$BlockDataInputStream::peek (55 bytes)
Event: 713.878 Thread 0x000001a736df32c0 nmethod 14585 0x000001a70c2ab710 code [0x000001a70c2ab8e0, 0x000001a70c2abbb0]
Event: 713.884 Thread 0x000001a736df32c0 14586   !   3       java.io.ObjectInputStream$BlockDataInputStream::readUTFSpan (502 bytes)
Event: 713.887 Thread 0x000001a736df32c0 nmethod 14586 0x000001a70c17a890 code [0x000001a70c17ab40, 0x000001a70c17b8c0]
Event: 713.923 Thread 0x000001a736df32c0 14587       3       com.google.protobuf.GeneratedMessageV3$Builder::markClean (6 bytes)
Event: 713.923 Thread 0x000001a736df32c0 nmethod 14587 0x000001a70d071790 code [0x000001a70d071920, 0x000001a70d071a30]
Event: 713.927 Thread 0x000001a736df32c0 14588       3       java.io.ObjectInputStream$PeekInputStream::read (47 bytes)
Event: 713.929 Thread 0x000001a736df32c0 nmethod 14588 0x000001a70c113190 code [0x000001a70c113340, 0x000001a70c1135e8]

GC Heap History (20 events):
Event: 485.841 GC heap after
{Heap after GC invocations=46 (full 0):
 garbage-first heap   total 172032K, used 104557K [0x0000000600000000, 0x0000000800000000)
  region size 4096K, 1 young (4096K), 1 survivors (4096K)
 Metaspace       used 90862K, committed 93056K, reserved 1179648K
  class space    used 12852K, committed 13952K, reserved 1048576K
}
Event: 514.920 GC heap before
{Heap before GC invocations=46 (full 0):
 garbage-first heap   total 172032K, used 149613K [0x0000000600000000, 0x0000000800000000)
  region size 4096K, 13 young (53248K), 1 survivors (4096K)
 Metaspace       used 92143K, committed 94336K, reserved 1179648K
  class space    used 13012K, committed 14144K, reserved 1048576K
}
Event: 515.012 GC heap after
{Heap after GC invocations=47 (full 0):
 garbage-first heap   total 172032K, used 107222K [0x0000000600000000, 0x0000000800000000)
  region size 4096K, 2 young (8192K), 2 survivors (8192K)
 Metaspace       used 92143K, committed 94336K, reserved 1179648K
  class space    used 13012K, committed 14144K, reserved 1048576K
}
Event: 530.608 GC heap before
{Heap before GC invocations=48 (full 0):
 garbage-first heap   total 184320K, used 152278K [0x0000000600000000, 0x0000000800000000)
  region size 4096K, 13 young (53248K), 2 survivors (8192K)
 Metaspace       used 95489K, committed 97728K, reserved 1179648K
  class space    used 13475K, committed 14592K, reserved 1048576K
}
Event: 530.636 GC heap after
{Heap after GC invocations=49 (full 0):
 garbage-first heap   total 184320K, used 110236K [0x0000000600000000, 0x0000000800000000)
  region size 4096K, 2 young (8192K), 2 survivors (8192K)
 Metaspace       used 95489K, committed 97728K, reserved 1179648K
  class space    used 13475K, committed 14592K, reserved 1048576K
}
Event: 551.755 GC heap before
{Heap before GC invocations=49 (full 0):
 garbage-first heap   total 184320K, used 163484K [0x0000000600000000, 0x0000000800000000)
  region size 4096K, 15 young (61440K), 2 survivors (8192K)
 Metaspace       used 99663K, committed 101952K, reserved 1179648K
  class space    used 14222K, committed 15360K, reserved 1048576K
}
Event: 552.413 GC heap after
{Heap after GC invocations=50 (full 0):
 garbage-first heap   total 184320K, used 110193K [0x0000000600000000, 0x0000000800000000)
  region size 4096K, 1 young (4096K), 1 survivors (4096K)
 Metaspace       used 99663K, committed 101952K, reserved 1179648K
  class space    used 14222K, committed 15360K, reserved 1048576K
}
Event: 577.895 GC heap before
{Heap before GC invocations=50 (full 0):
 garbage-first heap   total 184320K, used 167537K [0x0000000600000000, 0x0000000800000000)
  region size 4096K, 15 young (61440K), 1 survivors (4096K)
 Metaspace       used 103359K, committed 105664K, reserved 1179648K
  class space    used 14698K, committed 15872K, reserved 1048576K
}
Event: 577.987 GC heap after
{Heap after GC invocations=51 (full 0):
 garbage-first heap   total 184320K, used 111930K [0x0000000600000000, 0x0000000800000000)
  region size 4096K, 2 young (8192K), 2 survivors (8192K)
 Metaspace       used 103359K, committed 105664K, reserved 1179648K
  class space    used 14698K, committed 15872K, reserved 1048576K
}
Event: 611.780 GC heap before
{Heap before GC invocations=52 (full 0):
 garbage-first heap   total 192512K, used 169274K [0x0000000600000000, 0x0000000800000000)
  region size 4096K, 16 young (65536K), 2 survivors (8192K)
 Metaspace       used 104534K, committed 106944K, reserved 1179648K
  class space    used 14863K, committed 16064K, reserved 1048576K
}
Event: 611.937 GC heap after
{Heap after GC invocations=53 (full 0):
 garbage-first heap   total 192512K, used 117778K [0x0000000600000000, 0x0000000800000000)
  region size 4096K, 2 young (8192K), 2 survivors (8192K)
 Metaspace       used 104534K, committed 106944K, reserved 1179648K
  class space    used 14863K, committed 16064K, reserved 1048576K
}
Event: 612.731 GC heap before
{Heap before GC invocations=53 (full 0):
 garbage-first heap   total 192512K, used 121874K [0x0000000600000000, 0x0000000800000000)
  region size 4096K, 3 young (12288K), 2 survivors (8192K)
 Metaspace       used 104545K, committed 106944K, reserved 1179648K
  class space    used 14863K, committed 16064K, reserved 1048576K
}
Event: 612.830 GC heap after
{Heap after GC invocations=54 (full 0):
 garbage-first heap   total 192512K, used 119161K [0x0000000600000000, 0x0000000800000000)
  region size 4096K, 1 young (4096K), 1 survivors (4096K)
 Metaspace       used 104545K, committed 106944K, reserved 1179648K
  class space    used 14863K, committed 16064K, reserved 1048576K
}
Event: 619.980 GC heap before
{Heap before GC invocations=54 (full 0):
 garbage-first heap   total 192512K, used 168313K [0x0000000600000000, 0x0000000800000000)
  region size 4096K, 14 young (57344K), 1 survivors (4096K)
 Metaspace       used 104548K, committed 106944K, reserved 1179648K
  class space    used 14864K, committed 16064K, reserved 1048576K
}
Event: 620.001 GC heap after
{Heap after GC invocations=55 (full 0):
 garbage-first heap   total 192512K, used 120974K [0x0000000600000000, 0x0000000800000000)
  region size 4096K, 1 young (4096K), 1 survivors (4096K)
 Metaspace       used 104548K, committed 106944K, reserved 1179648K
  class space    used 14864K, committed 16064K, reserved 1048576K
}
Event: 637.267 GC heap before
{Heap before GC invocations=55 (full 0):
 garbage-first heap   total 192512K, used 174222K [0x0000000600000000, 0x0000000800000000)
  region size 4096K, 15 young (61440K), 1 survivors (4096K)
 Metaspace       used 105053K, committed 107392K, reserved 1179648K
  class space    used 14919K, committed 16064K, reserved 1048576K
}
Event: 637.608 GC heap after
{Heap after GC invocations=56 (full 0):
 garbage-first heap   total 192512K, used 124525K [0x0000000600000000, 0x0000000800000000)
  region size 4096K, 2 young (8192K), 2 survivors (8192K)
 Metaspace       used 105053K, committed 107392K, reserved 1179648K
  class space    used 14919K, committed 16064K, reserved 1048576K
}
Event: 694.184 GC heap before
{Heap before GC invocations=56 (full 0):
 garbage-first heap   total 192512K, used 173677K [0x0000000600000000, 0x0000000800000000)
  region size 4096K, 15 young (61440K), 2 survivors (8192K)
 Metaspace       used 107205K, committed 109632K, reserved 1179648K
  class space    used 15200K, committed 16384K, reserved 1048576K
}
Event: 694.282 GC heap after
{Heap after GC invocations=57 (full 0):
 garbage-first heap   total 196608K, used 134215K [0x0000000600000000, 0x0000000800000000)
  region size 4096K, 2 young (8192K), 2 survivors (8192K)
 Metaspace       used 107205K, committed 109632K, reserved 1179648K
  class space    used 15200K, committed 16384K, reserved 1048576K
}
Event: 714.088 GC heap before
{Heap before GC invocations=58 (full 0):
 garbage-first heap   total 225280K, used 142407K [0x0000000600000000, 0x0000000800000000)
  region size 4096K, 4 young (16384K), 2 survivors (8192K)
 Metaspace       used 107576K, committed 110016K, reserved 1179648K
  class space    used 15238K, committed 16448K, reserved 1048576K
}

Dll operation events (20 events):
Event: 1.444 Attempting to load shared library C:\Users\badya\.vscode\extensions\redhat.java-1.56.0-win32-x64\jre\21.0.12.1-win32-x86_64\bin\zip.dll
Event: 1.444 Loaded shared library C:\Users\badya\.vscode\extensions\redhat.java-1.56.0-win32-x64\jre\21.0.12.1-win32-x86_64\bin\zip.dll
Event: 3.600 Attempting to load shared library C:\Users\badya\.vscode\extensions\redhat.java-1.56.0-win32-x64\jre\21.0.12.1-win32-x86_64\bin\jimage.dll
Event: 3.600 Loaded shared library C:\Users\badya\.vscode\extensions\redhat.java-1.56.0-win32-x64\jre\21.0.12.1-win32-x86_64\bin\jimage.dll
Event: 5.102 Attempting to load shared library C:\Users\badya\.vscode\extensions\redhat.java-1.56.0-win32-x64\jre\21.0.12.1-win32-x86_64\bin\verify.dll
Event: 5.107 Loaded shared library C:\Users\badya\.vscode\extensions\redhat.java-1.56.0-win32-x64\jre\21.0.12.1-win32-x86_64\bin\verify.dll
Event: 6.225 Attempting to load shared library C:\Users\badya\.gradle\native\1def1411415f61bf3af743bc5b6707747c0891f09f0c88961ee8f79bc544acac\windows-amd64\native-platform.dll
Event: 6.237 Loaded shared library C:\Users\badya\.gradle\native\1def1411415f61bf3af743bc5b6707747c0891f09f0c88961ee8f79bc544acac\windows-amd64\native-platform.dll
Event: 6.269 Attempting to load shared library C:\Users\badya\.gradle\native\0.2.5\x86_64-windows-gnu\gradle-fileevents.dll
Event: 6.286 Loaded shared library C:\Users\badya\.gradle\native\0.2.5\x86_64-windows-gnu\gradle-fileevents.dll
Event: 19.025 Attempting to load shared library C:\Users\badya\.vscode\extensions\redhat.java-1.56.0-win32-x64\jre\21.0.12.1-win32-x86_64\bin\management.dll
Event: 19.043 Loaded shared library C:\Users\badya\.vscode\extensions\redhat.java-1.56.0-win32-x64\jre\21.0.12.1-win32-x86_64\bin\management.dll
Event: 19.054 Attempting to load shared library C:\Users\badya\.vscode\extensions\redhat.java-1.56.0-win32-x64\jre\21.0.12.1-win32-x86_64\bin\management_ext.dll
Event: 19.058 Loaded shared library C:\Users\badya\.vscode\extensions\redhat.java-1.56.0-win32-x64\jre\21.0.12.1-win32-x86_64\bin\management_ext.dll
Event: 22.658 Attempting to load shared library C:\Users\badya\.vscode\extensions\redhat.java-1.56.0-win32-x64\jre\21.0.12.1-win32-x86_64\bin\extnet.dll
Event: 22.760 Loaded shared library C:\Users\badya\.vscode\extensions\redhat.java-1.56.0-win32-x64\jre\21.0.12.1-win32-x86_64\bin\extnet.dll
Event: 24.719 Attempting to load shared library C:\Users\badya\.vscode\extensions\redhat.java-1.56.0-win32-x64\jre\21.0.12.1-win32-x86_64\bin\sunmscapi.dll
Event: 24.887 Loaded shared library C:\Users\badya\.vscode\extensions\redhat.java-1.56.0-win32-x64\jre\21.0.12.1-win32-x86_64\bin\sunmscapi.dll
Event: 35.060 Attempting to load shared library C:\Users\badya\AppData\Local\Temp\native-platform5812480403761018939dir\gradle-fileevents.dll
Event: 35.320 Loaded shared library C:\Users\badya\AppData\Local\Temp\native-platform5812480403761018939dir\gradle-fileevents.dll

Deoptimization events (20 events):
Event: 694.405 Thread 0x000001a70031cfe0 Uncommon trap: trap_request=0xffffffc6 fr.pc=0x000001a71c754628 relative=0x00000000000002a8
Event: 694.405 Thread 0x000001a70031cfe0 Uncommon trap: reason=bimorphic_or_optimized_type_check action=maybe_recompile pc=0x000001a71c754628 method=com.google.protobuf.Descriptors$DescriptorPool.validateSymbolName(Lcom/google/protobuf/Descriptors$GenericDescriptor;)V @ 1 c2
Event: 694.405 Thread 0x000001a70031cfe0 DEOPT PACKING pc=0x000001a71c754628 sp=0x00000002334f8b00
Event: 694.405 Thread 0x000001a70031cfe0 DEOPT UNPACKING pc=0x000001a71bc97ba2 sp=0x00000002334f8a90 mode 2
Event: 694.405 Thread 0x000001a70031cfe0 Uncommon trap: trap_request=0xffffffc6 fr.pc=0x000001a71c754628 relative=0x00000000000002a8
Event: 694.405 Thread 0x000001a70031cfe0 Uncommon trap: reason=bimorphic_or_optimized_type_check action=maybe_recompile pc=0x000001a71c754628 method=com.google.protobuf.Descriptors$DescriptorPool.validateSymbolName(Lcom/google/protobuf/Descriptors$GenericDescriptor;)V @ 1 c2
Event: 694.405 Thread 0x000001a70031cfe0 DEOPT PACKING pc=0x000001a71c754628 sp=0x00000002334f8c30
Event: 694.405 Thread 0x000001a70031cfe0 DEOPT UNPACKING pc=0x000001a71bc97ba2 sp=0x00000002334f8bc0 mode 2
Event: 694.406 Thread 0x000001a70031cfe0 Uncommon trap: trap_request=0xffffffc6 fr.pc=0x000001a71c754628 relative=0x00000000000002a8
Event: 694.406 Thread 0x000001a70031cfe0 Uncommon trap: reason=bimorphic_or_optimized_type_check action=maybe_recompile pc=0x000001a71c754628 method=com.google.protobuf.Descriptors$DescriptorPool.validateSymbolName(Lcom/google/protobuf/Descriptors$GenericDescriptor;)V @ 1 c2
Event: 694.406 Thread 0x000001a70031cfe0 DEOPT PACKING pc=0x000001a71c754628 sp=0x00000002334f8b00
Event: 694.406 Thread 0x000001a70031cfe0 DEOPT UNPACKING pc=0x000001a71bc97ba2 sp=0x00000002334f8a90 mode 2
Event: 705.734 Thread 0x000001a7397226f0 Uncommon trap: trap_request=0xffffffd6 fr.pc=0x000001a71c3a6b6c relative=0x000000000000090c
Event: 705.734 Thread 0x000001a7397226f0 Uncommon trap: reason=array_check action=maybe_recompile pc=0x000001a71c3a6b6c method=java.util.ComparableTimSort.reverseRange([Ljava/lang/Object;II)V @ 27 c2
Event: 705.734 Thread 0x000001a7397226f0 DEOPT PACKING pc=0x000001a71c3a6b6c sp=0x0000000232efe9e0
Event: 705.734 Thread 0x000001a7397226f0 DEOPT UNPACKING pc=0x000001a71bc97ba2 sp=0x0000000232efe9a0 mode 2
Event: 705.734 Thread 0x000001a7397226f0 Uncommon trap: trap_request=0xffffffd6 fr.pc=0x000001a71c3a6b6c relative=0x000000000000090c
Event: 705.734 Thread 0x000001a7397226f0 Uncommon trap: reason=array_check action=maybe_recompile pc=0x000001a71c3a6b6c method=java.util.ComparableTimSort.reverseRange([Ljava/lang/Object;II)V @ 27 c2
Event: 705.734 Thread 0x000001a7397226f0 DEOPT PACKING pc=0x000001a71c3a6b6c sp=0x0000000232efe9e0
Event: 705.734 Thread 0x000001a7397226f0 DEOPT UNPACKING pc=0x000001a71bc97ba2 sp=0x0000000232efe9a0 mode 2

Classes loaded (20 events):
Event: 468.935 Loading class javax/xml/stream/XMLStreamException
Event: 468.936 Loading class javax/xml/stream/XMLStreamException done
Event: 529.126 Loading class java/util/concurrent/atomic/AtomicIntegerArray
Event: 529.128 Loading class java/util/concurrent/atomic/AtomicIntegerArray done
Event: 529.286 Loading class java/util/Currency
Event: 529.293 Loading class java/util/Currency done
Event: 529.389 Loading class java/util/concurrent/atomic/AtomicLongArray
Event: 529.389 Loading class java/util/concurrent/atomic/AtomicLongArray done
Event: 530.038 Loading class sun/reflect/generics/repository/FieldRepository
Event: 530.039 Loading class sun/reflect/generics/repository/FieldRepository done
Event: 530.210 Loading class jdk/internal/vm/annotation/ForceInline
Event: 530.210 Loading class jdk/internal/vm/annotation/ForceInline done
Event: 531.240 Loading class java/util/regex/Pattern$Caret
Event: 531.240 Loading class java/util/regex/Pattern$Caret done
Event: 554.443 Loading class java/net/Proxy
Event: 554.444 Loading class java/net/Proxy done
Event: 554.444 Loading class java/net/Proxy$Type
Event: 554.444 Loading class java/net/Proxy$Type done
Event: 555.703 Loading class java/io/FileReader
Event: 555.703 Loading class java/io/FileReader done

Classes unloaded (0 events):
No events

Classes redefined (0 events):
No events

Internal exceptions (20 events):
Event: 574.862 Thread 0x000001a70031cfe0 Exception <a 'java/lang/ClassNotFoundException'{0x0000000607e7c4e8}: com/android/build/gradle/internal/api/ReadOnlyBuildTypeBeanInfo> (0x0000000607e7c4e8) 
thrown [s\src\hotspot\share\classfile\systemDictionary.cpp, line 313]
Event: 574.864 Thread 0x000001a70031cfe0 Exception <a 'java/lang/ClassNotFoundException'{0x0000000607e8cac8}: com/android/build/gradle/internal/api/ReadOnlyBaseConfigBeanInfo> (0x0000000607e8cac8) 
thrown [s\src\hotspot\share\classfile\systemDictionary.cpp, line 313]
Event: 574.866 Thread 0x000001a70031cfe0 Exception <a 'java/lang/ClassNotFoundException'{0x0000000607e9c610}: com/android/build/gradle/internal/api/ReadOnlyBaseConfigCustomizer> (0x0000000607e9c610) 
thrown [s\src\hotspot\share\classfile\systemDictionary.cpp, line 313]
Event: 574.920 Thread 0x000001a70031cfe0 Exception <a 'java/lang/ClassNotFoundException'{0x0000000607ebced8}: com/android/build/gradle/internal/api/ReadOnlyBuildTypeCustomizer> (0x0000000607ebced8) 
thrown [s\src\hotspot\share\classfile\systemDictionary.cpp, line 313]
Event: 591.154 Thread 0x000001a70031cfe0 Implicit null exception at 0x000001a71c6796e4 to 0x000001a71c67c28c
Event: 619.798 Thread 0x000001a77f7e7860 Implicit null exception at 0x000001a71c6c243d to 0x000001a71c6c24b1
Event: 653.005 Thread 0x000001a70031cfe0 Implicit null exception at 0x000001a71c94583e to 0x000001a71c945980
Event: 669.970 Thread 0x000001a70031cfe0 Implicit null exception at 0x000001a71c9511c7 to 0x000001a71c95136f
Event: 670.337 Thread 0x000001a70031cfe0 Exception <a 'java/lang/ClassNotFoundException'{0x00000006095c1470}: com/android/build/gradle/internal/api/LibraryVariantOutputImpl_DecoratedBeanInfo> (0x00000006095c1470) 
thrown [s\src\hotspot\share\classfile\systemDictionary.cpp, line 313]
Event: 670.344 Thread 0x000001a70031cfe0 Exception <a 'java/lang/ClassNotFoundException'{0x00000006095cd970}: com/android/build/gradle/internal/api/LibraryVariantOutputImplBeanInfo> (0x00000006095cd970) 
thrown [s\src\hotspot\share\classfile\systemDictionary.cpp, line 313]
Event: 670.351 Thread 0x000001a70031cfe0 Exception <a 'java/lang/ClassNotFoundException'{0x00000006095d9c10}: com/android/build/gradle/internal/api/LibraryVariantOutputImplCustomizer> (0x00000006095d9c10) 
thrown [s\src\hotspot\share\classfile\systemDictionary.cpp, line 313]
Event: 670.386 Thread 0x000001a70031cfe0 Exception <a 'java/lang/ClassNotFoundException'{0x00000006095edfd8}: com/android/build/gradle/internal/api/LibraryVariantOutputImpl_DecoratedCustomizer> (0x00000006095edfd8) 
thrown [s\src\hotspot\share\classfile\systemDictionary.cpp, line 313]
Event: 677.643 Thread 0x000001a70031cfe0 Exception <a 'java/lang/ClassNotFoundException'{0x0000000608c21e38}: org/gradle/api/DefaultTask_DecoratedBeanInfo> (0x0000000608c21e38) 
thrown [s\src\hotspot\share\classfile\systemDictionary.cpp, line 313]
Event: 677.648 Thread 0x000001a70031cfe0 Exception <a 'java/lang/ClassNotFoundException'{0x0000000608c2c9a8}: org/gradle/api/DefaultTaskBeanInfo> (0x0000000608c2c9a8) 
thrown [s\src\hotspot\share\classfile\systemDictionary.cpp, line 313]
Event: 677.650 Thread 0x000001a70031cfe0 Exception <a 'java/lang/ClassNotFoundException'{0x0000000608c376b0}: org/gradle/api/internal/AbstractTaskBeanInfo> (0x0000000608c376b0) 
thrown [s\src\hotspot\share\classfile\systemDictionary.cpp, line 313]
Event: 677.751 Thread 0x000001a70031cfe0 Exception <a 'java/lang/ClassNotFoundException'{0x0000000608c423b8}: org/gradle/api/internal/AbstractTaskCustomizer> (0x0000000608c423b8) 
thrown [s\src\hotspot\share\classfile\systemDictionary.cpp, line 313]
Event: 677.780 Thread 0x000001a70031cfe0 Exception <a 'java/lang/ClassNotFoundException'{0x0000000608ca47b0}: org/gradle/api/DefaultTaskCustomizer> (0x0000000608ca47b0) 
thrown [s\src\hotspot\share\classfile\systemDictionary.cpp, line 313]
Event: 677.971 Thread 0x000001a70031cfe0 Exception <a 'java/lang/ClassNotFoundException'{0x0000000608d0c498}: org/gradle/api/DefaultTask_DecoratedCustomizer> (0x0000000608d0c498) 
thrown [s\src\hotspot\share\classfile\systemDictionary.cpp, line 313]
Event: 713.630 Thread 0x000001a70031cfe0 Exception <a 'java/lang/NoSuchMethodError'{0x000000060b3848f8}: static Lcom/android/build/gradle/internal/profile/ProjectData;.<clinit>()V> (0x000000060b3848f8) 
thrown [s\src\hotspot\share\prims\jni.cpp, line 1111]
Event: 713.848 Thread 0x000001a70031cfe0 Exception <a 'java/lang/NoSuchMethodError'{0x000000060b3bdac8}: static Lcom/android/build/gradle/internal/profile/TaskMetadata;.<clinit>()V> (0x000000060b3bdac8) 
thrown [s\src\hotspot\share\prims\jni.cpp, line 1111]

ZGC Phase Switch (0 events):
No events

VM Operations (20 events):
Event: 678.156 Executing safepoint VM operation: Cleanup done
Event: 679.161 Executing safepoint VM operation: Cleanup
Event: 679.303 Executing safepoint VM operation: Cleanup done
Event: 681.318 Executing safepoint VM operation: Cleanup
Event: 682.211 Executing safepoint VM operation: Cleanup done
Event: 685.245 Executing safepoint VM operation: Cleanup
Event: 685.261 Executing safepoint VM operation: Cleanup done
Event: 688.297 Executing safepoint VM operation: Cleanup
Event: 688.486 Executing safepoint VM operation: Cleanup done
Event: 694.184 Executing safepoint VM operation: G1CollectForAllocation (G1 Evacuation Pause)
Event: 694.282 Executing safepoint VM operation: G1CollectForAllocation (G1 Evacuation Pause) done
Event: 695.009 Executing safepoint VM operation: G1PauseRemark
Event: 695.215 Executing safepoint VM operation: G1PauseRemark done
Event: 695.276 Executing safepoint VM operation: G1PauseCleanup
Event: 695.609 Executing safepoint VM operation: G1PauseCleanup done
Event: 696.621 Executing safepoint VM operation: Cleanup
Event: 697.895 Executing safepoint VM operation: Cleanup done
Event: 712.987 Executing safepoint VM operation: Cleanup
Event: 713.050 Executing safepoint VM operation: Cleanup done
Event: 714.047 Executing safepoint VM operation: G1CollectForAllocation (G1 Evacuation Pause)

Memory protections (0 events):
No events

Nmethod flushes (20 events):
Event: 695.210 Thread 0x000001a736dc1df0 flushing  nmethod 0x000001a70cb84310
Event: 695.210 Thread 0x000001a736dc1df0 flushing  nmethod 0x000001a70d080d90
Event: 695.210 Thread 0x000001a736dc1df0 flushing  nmethod 0x000001a70d085210
Event: 695.210 Thread 0x000001a736dc1df0 flushing  nmethod 0x000001a71c83ce10
Event: 695.210 Thread 0x000001a736dc1df0 flushing  nmethod 0x000001a71c845890
Event: 695.210 Thread 0x000001a736dc1df0 flushing  nmethod 0x000001a70bf55d10
Event: 695.210 Thread 0x000001a736dc1df0 flushing  nmethod 0x000001a70bf64c10
Event: 695.210 Thread 0x000001a736dc1df0 flushing  nmethod 0x000001a70bf6ac10
Event: 695.210 Thread 0x000001a736dc1df0 flushing  nmethod 0x000001a70c041090
Event: 695.210 Thread 0x000001a736dc1df0 flushing  nmethod 0x000001a70c1a5c10
Event: 695.210 Thread 0x000001a736dc1df0 flushing  nmethod 0x000001a70c216210
Event: 695.210 Thread 0x000001a736dc1df0 flushing  nmethod 0x000001a70c29e290
Event: 695.210 Thread 0x000001a736dc1df0 flushing  nmethod 0x000001a70c498290
Event: 695.210 Thread 0x000001a736dc1df0 flushing  nmethod 0x000001a70cb65410
Event: 695.210 Thread 0x000001a736dc1df0 flushing  nmethod 0x000001a70d0a8110
Event: 695.210 Thread 0x000001a736dc1df0 flushing  nmethod 0x000001a70d0b5790
Event: 695.210 Thread 0x000001a736dc1df0 flushing  nmethod 0x000001a70d10b190
Event: 695.210 Thread 0x000001a736dc1df0 flushing osr nmethod 0x000001a70d10d490
Event: 695.210 Thread 0x000001a736dc1df0 flushing  nmethod 0x000001a70d281d10
Event: 695.210 Thread 0x000001a736dc1df0 flushing  nmethod 0x000001a70d282510

Events (20 events):
Event: 475.506 Thread 0x000001a70031cfe0 Thread added: 0x000001a703b73640
Event: 493.254 Thread 0x000001a7031ccc00 Thread exited: 0x000001a7031ccc00
Event: 570.097 Thread 0x000001a703a08dd0 Thread exited: 0x000001a703a08dd0
Event: 591.248 Thread 0x000001a77f7e6b40 Thread added: 0x000001a7025c9aa0
Event: 602.171 Thread 0x000001a70031cfe0 Thread added: 0x000001a7025cc890
Event: 602.180 Thread 0x000001a70031cfe0 Thread added: 0x000001a703b7a5d0
Event: 602.181 Thread 0x000001a70031cfe0 Thread added: 0x000001a7031ccc00
Event: 602.182 Thread 0x000001a70031cfe0 Thread added: 0x000001a703a08dd0
Event: 602.183 Thread 0x000001a70031cfe0 Thread added: 0x000001a704a89d40
Event: 602.184 Thread 0x000001a70031cfe0 Thread added: 0x000001a704a89020
Event: 602.185 Thread 0x000001a70031cfe0 Thread added: 0x000001a704a8aa60
Event: 604.830 Thread 0x000001a70031cfe0 Thread added: 0x000001a704a896b0
Event: 604.868 Thread 0x000001a70031cfe0 Thread added: 0x000001a704a8cb30
Event: 604.881 Thread 0x000001a70031cfe0 Thread added: 0x000001a704a8b780
Event: 605.141 Thread 0x000001a70031cfe0 Thread added: 0x000001a704a8b0f0
Event: 605.243 Thread 0x000001a70031cfe0 Thread added: 0x000001a704a8be10
Event: 605.266 Thread 0x000001a70031cfe0 Thread added: 0x000001a704a8c4a0
Event: 605.284 Thread 0x000001a70031cfe0 Thread added: 0x000001a704a8d1c0
Event: 612.392 Thread 0x000001a70031cfe0 Thread added: 0x000001a704a8d850
Event: 713.266 Thread 0x000001a7025c9aa0 Thread exited: 0x000001a7025c9aa0


Dynamic libraries:
0x00007ff789510000 - 0x00007ff78951e000 	C:\Users\badya\.vscode\extensions\redhat.java-1.56.0-win32-x64\jre\21.0.12.1-win32-x86_64\bin\java.exe
0x00007ffdee340000 - 0x00007ffdee5a7000 	C:\WINDOWS\SYSTEM32\ntdll.dll
0x00007ffdecda0000 - 0x00007ffdece6b000 	C:\WINDOWS\System32\KERNEL32.DLL
0x00007ffdebb20000 - 0x00007ffdebf22000 	C:\WINDOWS\System32\KERNELBASE.dll
0x00007ffdeb740000 - 0x00007ffdeb88c000 	C:\WINDOWS\System32\ucrtbase.dll
0x00007ffdc1590000 - 0x00007ffdc15a8000 	C:\Users\badya\.vscode\extensions\redhat.java-1.56.0-win32-x64\jre\21.0.12.1-win32-x86_64\bin\jli.dll
0x00007ffdec0f0000 - 0x00007ffdec2bf000 	C:\WINDOWS\System32\USER32.dll
0x00007ffdc49f0000 - 0x00007ffdc4a0e000 	C:\Users\badya\.vscode\extensions\redhat.java-1.56.0-win32-x64\jre\21.0.12.1-win32-x86_64\bin\VCRUNTIME140.dll
0x00007ffdeb8a0000 - 0x00007ffdeb8c7000 	C:\WINDOWS\System32\win32u.dll
0x00007ffded360000 - 0x00007ffded38b000 	C:\WINDOWS\System32\GDI32.dll
0x00007ffdebf30000 - 0x00007ffdec059000 	C:\WINDOWS\System32\gdi32full.dll
0x00007ffdeb690000 - 0x00007ffdeb733000 	C:\WINDOWS\System32\msvcp_win.dll
0x00007ffdd11d0000 - 0x00007ffdd1460000 	C:\WINDOWS\WinSxS\amd64_microsoft.windows.common-controls_6595b64144ccf1df_6.0.26100.9278_none_3e0d1ba8e3303201\COMCTL32.dll
0x00007ffded3a0000 - 0x00007ffded449000 	C:\WINDOWS\System32\msvcrt.dll
0x00007ffdec0b0000 - 0x00007ffdec0e1000 	C:\WINDOWS\System32\IMM32.DLL
0x00007ffdd6850000 - 0x00007ffdd685c000 	C:\Users\badya\.vscode\extensions\redhat.java-1.56.0-win32-x64\jre\21.0.12.1-win32-x86_64\bin\vcruntime140_1.dll
0x00007ffd85180000 - 0x00007ffd8520d000 	C:\Users\badya\.vscode\extensions\redhat.java-1.56.0-win32-x64\jre\21.0.12.1-win32-x86_64\bin\msvcp140.dll
0x00007ffd269e0000 - 0x00007ffd27782000 	C:\Users\badya\.vscode\extensions\redhat.java-1.56.0-win32-x64\jre\21.0.12.1-win32-x86_64\bin\server\jvm.dll
0x00007ffdec2d0000 - 0x00007ffdec38c000 	C:\WINDOWS\System32\ADVAPI32.dll
0x00007ffded0e0000 - 0x00007ffded189000 	C:\WINDOWS\System32\sechost.dll
0x00007ffdec9a0000 - 0x00007ffdecab8000 	C:\WINDOWS\System32\RPCRT4.dll
0x00007ffdec580000 - 0x00007ffdec600000 	C:\WINDOWS\System32\WS2_32.dll
0x00007ffdeb3a0000 - 0x00007ffdeb3fe000 	C:\WINDOWS\SYSTEM32\POWRPROF.dll
0x00007ffdd1db0000 - 0x00007ffdd1de6000 	C:\WINDOWS\SYSTEM32\WINMM.dll
0x00007ffdd9690000 - 0x00007ffdd969b000 	C:\WINDOWS\SYSTEM32\VERSION.dll
0x00007ffdeb380000 - 0x00007ffdeb395000 	C:\WINDOWS\SYSTEM32\UMPDC.dll
0x00007ffdea210000 - 0x00007ffdea22b000 	C:\WINDOWS\SYSTEM32\kernel.appcore.dll
0x00007ffdd67e0000 - 0x00007ffdd67ea000 	C:\Users\badya\.vscode\extensions\redhat.java-1.56.0-win32-x64\jre\21.0.12.1-win32-x86_64\bin\jimage.dll
0x00007ffde8a30000 - 0x00007ffde8c7c000 	C:\WINDOWS\SYSTEM32\DBGHELP.DLL
0x00007ffdec610000 - 0x00007ffdec995000 	C:\WINDOWS\System32\combase.dll
0x00007ffded190000 - 0x00007ffded269000 	C:\WINDOWS\System32\OLEAUT32.dll
0x00007ffdd2e80000 - 0x00007ffdd2ebb000 	C:\WINDOWS\SYSTEM32\dbgcore.DLL
0x00007ffdeba60000 - 0x00007ffdebb0c000 	C:\WINDOWS\System32\bcryptPrimitives.dll
0x00007ffdc8ed0000 - 0x00007ffdc8edf000 	C:\Users\badya\.vscode\extensions\redhat.java-1.56.0-win32-x64\jre\21.0.12.1-win32-x86_64\bin\instrument.dll
0x00007ffdc1570000 - 0x00007ffdc1590000 	C:\Users\badya\.vscode\extensions\redhat.java-1.56.0-win32-x64\jre\21.0.12.1-win32-x86_64\bin\java.dll
0x00007ffdedab0000 - 0x00007ffdee248000 	C:\WINDOWS\System32\SHELL32.dll
0x00007ffde8f70000 - 0x00007ffde981e000 	C:\WINDOWS\SYSTEM32\windows.storage.dll
0x00007ffdece70000 - 0x00007ffdecf6b000 	C:\WINDOWS\System32\SHCORE.dll
0x00007ffded900000 - 0x00007ffded966000 	C:\WINDOWS\System32\shlwapi.dll
0x00007ffdeb460000 - 0x00007ffdeb489000 	C:\WINDOWS\SYSTEM32\profapi.dll
0x00007ffdc0f80000 - 0x00007ffdc0f98000 	C:\Users\badya\.vscode\extensions\redhat.java-1.56.0-win32-x64\jre\21.0.12.1-win32-x86_64\bin\zip.dll
0x00007ffdd4ab0000 - 0x00007ffdd4ac0000 	C:\Users\badya\.vscode\extensions\redhat.java-1.56.0-win32-x64\jre\21.0.12.1-win32-x86_64\bin\net.dll
0x00007ffddbbf0000 - 0x00007ffddbd1a000 	C:\WINDOWS\SYSTEM32\WINHTTP.dll
0x00007ffdea7d0000 - 0x00007ffdea83c000 	C:\WINDOWS\system32\mswsock.dll
0x00007ffdbcf80000 - 0x00007ffdbcf96000 	C:\Users\badya\.vscode\extensions\redhat.java-1.56.0-win32-x64\jre\21.0.12.1-win32-x86_64\bin\nio.dll
0x00007ffdd3590000 - 0x00007ffdd35a0000 	C:\Users\badya\.vscode\extensions\redhat.java-1.56.0-win32-x64\jre\21.0.12.1-win32-x86_64\bin\verify.dll
0x00007ffdb3bd0000 - 0x00007ffdb3bf7000 	C:\Users\badya\.gradle\native\1def1411415f61bf3af743bc5b6707747c0891f09f0c88961ee8f79bc544acac\windows-amd64\native-platform.dll
0x00000000529b0000 - 0x0000000052a23000 	C:\Users\badya\.gradle\native\0.2.5\x86_64-windows-gnu\gradle-fileevents.dll
0x00007ffdd1970000 - 0x00007ffdd197a000 	C:\Users\badya\.vscode\extensions\redhat.java-1.56.0-win32-x64\jre\21.0.12.1-win32-x86_64\bin\management.dll
0x00007ffdd18b0000 - 0x00007ffdd18bc000 	C:\Users\badya\.vscode\extensions\redhat.java-1.56.0-win32-x64\jre\21.0.12.1-win32-x86_64\bin\management_ext.dll
0x00007ffded390000 - 0x00007ffded398000 	C:\WINDOWS\System32\PSAPI.DLL
0x00007ffdeaac0000 - 0x00007ffdeaadb000 	C:\WINDOWS\SYSTEM32\CRYPTSP.dll
0x00007ffdea170000 - 0x00007ffdea1a9000 	C:\WINDOWS\system32\rsaenh.dll
0x00007ffdea880000 - 0x00007ffdea8b4000 	C:\WINDOWS\SYSTEM32\USERENV.dll
0x00007ffdeb430000 - 0x00007ffdeb45a000 	C:\WINDOWS\SYSTEM32\bcrypt.dll
0x00007ffdeaae0000 - 0x00007ffdeaaec000 	C:\WINDOWS\SYSTEM32\CRYPTBASE.dll
0x00007ffde9be0000 - 0x00007ffde9c13000 	C:\WINDOWS\SYSTEM32\IPHLPAPI.DLL
0x00007ffdedaa0000 - 0x00007ffdedaaa000 	C:\WINDOWS\System32\NSI.dll
0x00007ffdcb340000 - 0x00007ffdcb349000 	C:\Users\badya\.vscode\extensions\redhat.java-1.56.0-win32-x64\jre\21.0.12.1-win32-x86_64\bin\extnet.dll
0x00007ffdc8dc0000 - 0x00007ffdc8dce000 	C:\Users\badya\.vscode\extensions\redhat.java-1.56.0-win32-x64\jre\21.0.12.1-win32-x86_64\bin\sunmscapi.dll
0x00007ffdeb8d0000 - 0x00007ffdeba4e000 	C:\WINDOWS\System32\CRYPT32.dll
0x00007ffdead00000 - 0x00007ffdead30000 	C:\WINDOWS\SYSTEM32\ncrypt.dll
0x00007ffdeacb0000 - 0x00007ffdeacef000 	C:\WINDOWS\SYSTEM32\NTASN1.dll
0x00007ffdd1e00000 - 0x00007ffdd1e08000 	C:\WINDOWS\system32\wshunix.dll
0x0000000052630000 - 0x00000000526a3000 	C:\Users\badya\AppData\Local\Temp\native-platform5812480403761018939dir\gradle-fileevents.dll
0x00007ffdbdc60000 - 0x00007ffdbdc78000 	C:\WINDOWS\system32\napinsp.dll
0x00007ffde9c80000 - 0x00007ffde9dd8000 	C:\WINDOWS\SYSTEM32\DNSAPI.dll
0x00007ffdea5d0000 - 0x00007ffdea5dd000 	C:\WINDOWS\SYSTEM32\DSPARSE.dll
0x00007ffdbc8d0000 - 0x00007ffdbc8e3000 	C:\WINDOWS\System32\winrnr.dll
0x00007ffdb3610000 - 0x00007ffdb3637000 	C:\WINDOWS\system32\nlansp_c.dll
0x00007ffdb35f0000 - 0x00007ffdb3606000 	C:\WINDOWS\system32\wshbth.dll
0x00007ffddbdf0000 - 0x00007ffddbdfb000 	C:\Windows\System32\rasadhlp.dll
0x00007ffde2a80000 - 0x00007ffde2b06000 	C:\WINDOWS\System32\fwpuclnt.dll

JVMTI agents:
C:\Users\badya\.gradle\wrapper\dists\gradle-8.12-all\ejduaidbjup3bmmkhw3rie4zb\gradle-8.12\lib\agents\gradle-instrumentation-agent-8.12.jar path:C:\Users\badya\.vscode\extensions\redhat.java-1.56.0-win32-x64\jre\21.0.12.1-win32-x86_64\bin\instrument.dll, loaded, initialized, instrumentlib options:none

dbghelp: loaded successfully - version: 4.0.5 - missing functions: none
symbol engine: initialized successfully - sym options: 0x614 - pdb path: .;C:\Users\badya\.vscode\extensions\redhat.java-1.56.0-win32-x64\jre\21.0.12.1-win32-x86_64\bin;C:\WINDOWS\SYSTEM32;C:\WINDOWS\WinSxS\amd64_microsoft.windows.common-controls_6595b64144ccf1df_6.0.26100.9278_none_3e0d1ba8e3303201;C:\Users\badya\.vscode\extensions\redhat.java-1.56.0-win32-x64\jre\21.0.12.1-win32-x86_64\bin\server;C:\Users\badya\.gradle\native\1def1411415f61bf3af743bc5b6707747c0891f09f0c88961ee8f79bc544acac\windows-amd64;C:\Users\badya\.gradle\native\0.2.5\x86_64-windows-gnu;C:\Users\badya\AppData\Local\Temp\native-platform5812480403761018939dir

VM Arguments:
jvm_args: --add-opens=java.base/java.lang=ALL-UNNAMED --add-opens=java.base/java.lang.invoke=ALL-UNNAMED --add-opens=java.base/java.util=ALL-UNNAMED --add-opens=java.prefs/java.util.prefs=ALL-UNNAMED --add-exports=jdk.compiler/com.sun.tools.javac.api=ALL-UNNAMED --add-exports=jdk.compiler/com.sun.tools.javac.util=ALL-UNNAMED --add-opens=java.base/java.util=ALL-UNNAMED --add-opens=java.prefs/java.util.prefs=ALL-UNNAMED --add-opens=java.base/java.nio.charset=ALL-UNNAMED --add-opens=java.base/java.net=ALL-UNNAMED --add-opens=java.base/java.util.concurrent.atomic=ALL-UNNAMED --add-opens=java.xml/javax.xml.namespace=ALL-UNNAMED -XX:MaxMetaspaceSize=4G -XX:ReservedCodeCacheSize=512m -XX:+HeapDumpOnOutOfMemoryError -Xmx8G -Dfile.encoding=UTF-8 -Duser.country=FR -Duser.language=fr -Duser.variant -javaagent:C:\Users\badya\.gradle\wrapper\dists\gradle-8.12-all\ejduaidbjup3bmmkhw3rie4zb\gradle-8.12\lib\agents\gradle-instrumentation-agent-8.12.jar 
java_command: org.gradle.launcher.daemon.bootstrap.GradleDaemon 8.12
java_class_path (initial): C:\Users\badya\.gradle\wrapper\dists\gradle-8.12-all\ejduaidbjup3bmmkhw3rie4zb\gradle-8.12\lib\gradle-daemon-main-8.12.jar
Launcher Type: SUN_STANDARD

[Global flags]
     intx CICompilerCount                          = 4                                         {product} {ergonomic}
     uint ConcGCThreads                            = 2                                         {product} {ergonomic}
     uint G1ConcRefinementThreads                  = 8                                         {product} {ergonomic}
   size_t G1HeapRegionSize                         = 4194304                                   {product} {ergonomic}
    uintx GCDrainStackTargetSize                   = 64                                        {product} {ergonomic}
     bool HeapDumpOnOutOfMemoryError               = true                                   {manageable} {command line}
   size_t InitialHeapSize                          = 130023424                                 {product} {ergonomic}
   size_t MarkStackSize                            = 4194304                                   {product} {ergonomic}
   size_t MaxHeapSize                              = 8589934592                                {product} {command line}
   size_t MaxMetaspaceSize                         = 4294967296                                {product} {command line}
   size_t MaxNewSize                               = 5150605312                                {product} {ergonomic}
   size_t MinHeapDeltaBytes                        = 4194304                                   {product} {ergonomic}
   size_t MinHeapSize                              = 8388608                                   {product} {ergonomic}
    uintx NonNMethodCodeHeapSize                   = 5839372                                {pd product} {ergonomic}
    uintx NonProfiledCodeHeapSize                  = 265515770                              {pd product} {ergonomic}
    uintx ProfiledCodeHeapSize                     = 265515770                              {pd product} {ergonomic}
    uintx ReservedCodeCacheSize                    = 536870912                              {pd product} {command line}
     bool SegmentedCodeCache                       = true                                      {product} {ergonomic}
   size_t SoftMaxHeapSize                          = 8589934592                             {manageable} {ergonomic}
     bool UseCompressedOops                        = true                           {product lp64_product} {ergonomic}
     bool UseG1GC                                  = true                                      {product} {ergonomic}
     bool UseLargePagesIndividualAllocation        = false                                  {pd product} {ergonomic}

Logging:
Log output configuration:
 #0: stdout all=warning uptime,level,tags foldmultilines=false
 #1: stderr all=off uptime,level,tags foldmultilines=false

Release file:
JAVA_VERSION="21.0.12.1" 
MODULES="java.base java.compiler java.datatransfer java.xml java.prefs java.desktop java.instrument java.logging java.management java.security.sasl java.naming java.rmi java.management.rmi java.net.http java.scripting java.security.jgss java.transaction.xa java.sql java.sql.rowset java.xml.crypto java.se java.smartcardio jdk.accessibility jdk.internal.jvmstat jdk.attach jdk.charsets jdk.internal.opt jdk.zipfs jdk.compiler jdk.crypto.ec jdk.crypto.cryptoki jdk.crypto.mscapi jdk.dynalink jdk.internal.ed jdk.editpad jdk.hotspot.agent jdk.httpserver jdk.internal.le jdk.internal.vm.ci jdk.internal.vm.compiler jdk.internal.vm.compiler.management jdk.jartool jdk.javadoc jdk.jcmd jdk.management jdk.management.agent jdk.jconsole jdk.jdeps jdk.jdwp.agent jdk.jdi jdk.jfr jdk.jshell jdk.jsobject jdk.jstatd jdk.localedata jdk.management.jfr jdk.naming.dns jdk.naming.rmi jdk.net jdk.nio.mapmode jdk.random jdk.sctp jdk.security.auth jdk.security.jgss jdk.unsupported jdk.unsupported.desktop jdk.xml.dom" 

Environment Variables:
JAVA_HOME=C:\Users\badya\.jdk\jdk-21.0.8
PATH=C:\Program Files\Python310\Scripts\;C:\Program Files\Python310\;C:\Program Files\Eclipse Adoptium\jdk-25.0.2.10-hotspot\bin;C:\Program Files\Eclipse Adoptium\jdk-8.0.472.8-hotspot\bin;C:\Program Files\Common Files\Oracle\Java\javapath;C:\Program Files\Eclipse Adoptium\jdk-17.0.13.11-hotspot\bin;C:\app\badya\product\21c\dbhomeXE\bin;C:\Windows\system32;C:\Windows;C:\Windows\System32\Wbem;C:\Windows\System32\WindowsPowerShell\v1.0\;C:\Windows\System32\OpenSSH\;C:\Program Files (x86)\NVIDIA Corporation\PhysX\Common;C:\Program Files\NVIDIA Corporation\NVIDIA NvDLISR;C:\WINDOWS\system32;C:\WINDOWS;C:\WINDOWS\System32\Wbem;C:\WINDOWS\System32\WindowsPowerShell\v1.0\;C:\WINDOWS\System32\OpenSSH\;C:\Program Files\Git\cmd;C:\Program Files\nodejs\;C:\ProgramData\chocolatey\bin;C:\Program Files\Docker\Docker\resources\bin;C:\Program Files\CMake\bin;C:\Program Files (x86)\Windows Kits\10\Windows Performance Toolkit\;C:\Program Files\Eclipse Adoptium\jdk-8.0.472.8-hotspot\bin;C:\Program Files\Common Files\Oracle\Java\javapath;C:\Program Files\Eclipse Adoptium\jdk-17.0.13.11-hotspot\bin;C:\app\badya\product\21c\dbhomeXE\bin;C:\Windows\system32;C:\Windows;C:\Windows\System32\Wbem;C:\Windows\System32\WindowsPowerShell\v1.0\;C:\Windows\System32\OpenSSH\;C:\Program Files (x86)\NVIDIA Corporation\PhysX\Common;C:\Program Files\NVIDIA Corporation\NVIDIA NvDLISR;C:\WINDOWS\system32;C:\WINDOWS;C:\WINDOWS\System32\Wbem;C:\WINDOWS\System32\WindowsPowerShell\v1.0\;C:\WINDOWS\System32\OpenSSH\;C:\Program Files\Git\cmd;C:\Program Files\nodejs\;C:\ProgramData\chocolatey\bin;C:\Program Files (x86)\Windows Kits\10\Windows Performance Toolkit\;C:\Program Files\Docker\Docker\resources\bin;C:\Program Files\Eclipse Adoptium\jdk-8.0.472.8-hotspot\bin;C:\Program Files\Common Files\Oracle\Java\javapath;C:\Program Files\Eclipse Adoptium\jdk-17.0.13.11-hotspot\bin;C:\app\badya\product\21c\dbhomeXE\bin;C:\Windows\system32;C:\Windows;C:\Windows\Syste;C:\Program Files\apache-maven-3.9.11\bin;C:\Flutter\flutter\bin;C:\Users\badya\AppData\Local\Programs\Antigravity\bin;C:\Users\badya\.local\bin;C:\Users\badya\AppData\Local\Programs\Microsoft VS Code\bin;C:\Users\badya\AppData\Local\Programs\MiKTeX\miktex\bin\x64\
USERNAME=badya
OS=Windows_NT
PROCESSOR_IDENTIFIER=Intel64 Family 6 Model 140 Stepping 1, GenuineIntel
TMP=C:\Users\badya\AppData\Local\Temp
TEMP=C:\Users\badya\AppData\Local\Temp




Periodic native trim disabled

---------------  S Y S T E M  ---------------

OS:
 Windows 11 , 64 bit Build 26100 (10.0.26100.9444)
OS uptime: 2 days 9:16 hours
Hyper-V role detected

CPU: total 8 (initial active 8) (4 cores per cpu, 2 threads per core) family 6 model 140 stepping 1 microcode 0xa6, cx8, cmov, fxsr, ht, mmx, 3dnowpref, sse, sse2, sse3, ssse3, sse4.1, sse4.2, popcnt, lzcnt, tsc, tscinvbit, avx, avx2, aes, erms, clmul, bmi1, bmi2, adx, avx512f, avx512dq, avx512cd, avx512bw, avx512vl, sha, fma, vzeroupper, avx512_vpopcntdq, avx512_vpclmulqdq, avx512_vaes, avx512_vnni, clflush, clflushopt, clwb, avx512_vbmi2, avx512_vbmi, hv, rdtscp, rdpid, fsrm, gfni, avx512_bitalg, f16c, cet_ibt, cet_ss, avx512_ifma
Processor Information for the first 8 processors :
  Max Mhz: 2803, Current Mhz: 2803, Mhz Limit: 2803

Memory: 4k page, system-wide physical 7886M (1032M free)
TotalPageFile size 32462M (AvailPageFile size 737M)
current process WorkingSet (physical memory assigned to process): 147M, peak: 301M
current process commit charge ("private bytes"): 552M, peak: 852M

vm_info: OpenJDK 64-Bit Server VM (21.0.12.1+1-LTS) for windows-amd64 JRE (21.0.12.1+1-LTS), built on 2026-08-18T00:00:00Z by "admin" with MS VC++ 17.12 (VS2022)

END.
