#
# There is insufficient memory for the Java Runtime Environment to continue.
# Native memory allocation (malloc) failed to allocate 1100896 bytes. Error detail: Chunk::new
# Possible reasons:
#   The system is out of physical RAM or swap space
#   This process is running with CompressedOops enabled, and the Java Heap may be blocking the growth of the native heap
# Possible solutions:
#   Reduce memory load on the system
#   Increase physical memory or swap space
#   Check if swap backing store is full
#   Decrease Java heap size (-Xmx/-Xms)
#   Decrease number of Java threads
#   Decrease Java thread stack sizes (-Xss)
#   Set larger code cache with -XX:ReservedCodeCacheSize=
#   JVM is running with Zero Based Compressed Oops mode in which the Java heap is
#     placed in the first 32GB address space. The Java Heap base address is the
#     maximum limit for the native heap growth. Please use -XX:HeapBaseMinAddress
#     to set the Java Heap base and to place the Java Heap above 32GB virtual address.
# This output file may be truncated or incomplete.
#
#  Out of Memory Error (arena.cpp:168), pid=10424, tid=23688
#
# JRE version: OpenJDK Runtime Environment Temurin-21.0.12.1+1 (21.0.12.1+1) (build 21.0.12.1+1-LTS)
# Java VM: OpenJDK 64-Bit Server VM Temurin-21.0.12.1+1 (21.0.12.1+1-LTS, mixed mode, sharing, tiered, compressed oops, compressed class ptrs, g1 gc, windows-amd64)
# No core dump will be written. Minidumps are not enabled by default on client versions of Windows
#

---------------  S U M M A R Y ------------

Command Line: --add-opens=java.base/java.lang=ALL-UNNAMED --add-opens=java.base/java.lang.invoke=ALL-UNNAMED --add-opens=java.base/java.util=ALL-UNNAMED --add-opens=java.prefs/java.util.prefs=ALL-UNNAMED --add-exports=jdk.compiler/com.sun.tools.javac.api=ALL-UNNAMED --add-exports=jdk.compiler/com.sun.tools.javac.util=ALL-UNNAMED --add-opens=java.base/java.util=ALL-UNNAMED --add-opens=java.prefs/java.util.prefs=ALL-UNNAMED --add-opens=java.base/java.nio.charset=ALL-UNNAMED --add-opens=java.base/java.net=ALL-UNNAMED --add-opens=java.base/java.util.concurrent.atomic=ALL-UNNAMED --add-opens=java.xml/javax.xml.namespace=ALL-UNNAMED -XX:MaxMetaspaceSize=4G -XX:ReservedCodeCacheSize=512m -XX:+HeapDumpOnOutOfMemoryError -Xmx8G -Dfile.encoding=UTF-8 -Duser.country=FR -Duser.language=fr -Duser.variant -javaagent:C:\Users\badya\.gradle\wrapper\dists\gradle-8.12-all\ejduaidbjup3bmmkhw3rie4zb\gradle-8.12\lib\agents\gradle-instrumentation-agent-8.12.jar org.gradle.launcher.daemon.bootstrap.GradleDaemon 8.12

Host: 11th Gen Intel(R) Core(TM) i7-1165G7 @ 2.80GHz, 8 cores, 7G,  Windows 11 , 64 bit Build 26100 (10.0.26100.9444)
Time: Mon Sep 21 03:56:14 2026 Afr. centrale Ouest elapsed time: 849.002661 seconds (0d 0h 14m 9s)

---------------  T H R E A D  ---------------

Current thread (0x0000025573a5d900):  JavaThread "C2 CompilerThread0" daemon [_thread_in_native, id=23688, stack(0x000000e65f100000,0x000000e65f200000) (1024K)]


Current CompileTask:
C2:849002 18002       4       org.gradle.internal.execution.impl.DefaultInputFingerprinter::fingerprintInputProperties (41 bytes)

Stack: [0x000000e65f100000,0x000000e65f200000]
Native frames: (J=compiled Java code, j=interpreted, Vv=VM code, C=native code)
V  [jvm.dll+0x6d83e9]
V  [jvm.dll+0x8b5736]
V  [jvm.dll+0x8b7cee]
V  [jvm.dll+0x8b83d3]
V  [jvm.dll+0x284596]
V  [jvm.dll+0xc685d]
V  [jvm.dll+0xc6da1]
V  [jvm.dll+0x3bf18b]
V  [jvm.dll+0x1e4149]
V  [jvm.dll+0x24c853]
V  [jvm.dll+0x24bce0]
V  [jvm.dll+0x1cb4ae]
V  [jvm.dll+0x25baad]
V  [jvm.dll+0x25a03a]
V  [jvm.dll+0x3f8aae]
V  [jvm.dll+0x8600cd]
V  [jvm.dll+0x6d6c1d]
C  [ucrtbase.dll+0x2cd30]
C  [KERNEL32.DLL+0x2cd87]
C  [ntdll.dll+0xacaec]


---------------  P R O C E S S  ---------------

Threads class SMR info:
_java_thread_list=0x000002557e22ae20, length=110, elements={
0x0000025543871a90, 0x0000025573a45130, 0x0000025573a45b90, 0x0000025573a4d320,
0x0000025573a4e130, 0x0000025573a56fb0, 0x0000025573a57a60, 0x0000025573a5d900,
0x0000025573a69910, 0x0000025573a58780, 0x0000025573a580f0, 0x0000025573a58e10,
0x0000025573a5a850, 0x0000025573a594a0, 0x0000025573a5a1c0, 0x0000025579b22060,
0x0000025579b254e0, 0x0000025579b26200, 0x0000025579b24130, 0x0000025579b26f20,
0x0000025579b275b0, 0x0000025579b247c0, 0x0000025579b282d0, 0x0000025579b29680,
0x000002557a52c000, 0x000002557e9bf340, 0x000002557ce04d80, 0x000002557ce08890,
0x000002557ce05aa0, 0x000002557ce06e50, 0x000002557ce06130, 0x000002557ce074e0,
0x000002557ce067c0, 0x000002557ce07b70, 0x000002557ce046f0, 0x000002557ce08f20,
0x000002557ce0a2d0, 0x000002557ce095b0, 0x000002557ce09c40, 0x000002557ce0b680,
0x000002557ce08200, 0x000002557ce0a960, 0x000002557ce0aff0, 0x000002557e9c2e50,
0x000002557e9bf9d0, 0x000002557e9c0060, 0x000002557e9c2130, 0x000002557e9c3b70,
0x000002557e9c06f0, 0x000002557e9c4200, 0x000002557e9c1410, 0x000002557e9c4890,
0x000002557e9c4f20, 0x000002557e9c1aa0, 0x000002557e9c55b0, 0x000002557e9c6960,
0x000002557e9c5c40, 0x000002557e9c62d0, 0x000002557c8f7060, 0x000002557c8f69d0,
0x000002557c8f9130, 0x000002557c8f97c0, 0x000002557c8f7d80, 0x000002557c8f76f0,
0x000002557c8f6340, 0x000002557c8fa4e0, 0x000002557c8f8aa0, 0x000002557c8f9e50,
0x000002557c8fb200, 0x000002557c8fb890, 0x000002557c8fc5b0, 0x000002557a5284f0,
0x000002557a5277d0, 0x000002557a525700, 0x000002557a525d90, 0x000002557a527140,
0x000002557a526420, 0x000002557a525070, 0x000002557a527e60, 0x000002557a529210,
0x000002557a526ab0, 0x000002557a52b2e0, 0x000002557a528b80, 0x000002557a52a5c0,
0x000002557e712430, 0x000002557e711da0, 0x000002557e70efb0, 0x000002557e713e70,
0x000002557e712ac0, 0x000002557e714500, 0x000002557e715f40, 0x000002557e713150,
0x000002557e714b90, 0x000002557e715220, 0x000002557e7158b0, 0x000002557e7165d0,
0x000002557e7137e0, 0x000002557b4516b0, 0x000002557b451020, 0x000002557b455850,
0x000002557b4523d0, 0x000002557b455ee0, 0x000002557b452a60, 0x000002557b457290,
0x000002557b456570, 0x000002557b456c00, 0x000002557b458640, 0x000002557b457fb0,
0x000002557b457920, 0x0000025579b24e50
}

Java Threads: ( => current thread )
  0x0000025543871a90 JavaThread "main"                              [_thread_blocked, id=22088, stack(0x000000e65e300000,0x000000e65e400000) (1024K)]
  0x0000025573a45130 JavaThread "Reference Handler"          daemon [_thread_blocked, id=19772, stack(0x000000e65eb00000,0x000000e65ec00000) (1024K)]
  0x0000025573a45b90 JavaThread "Finalizer"                  daemon [_thread_blocked, id=27300, stack(0x000000e65ec00000,0x000000e65ed00000) (1024K)]
  0x0000025573a4d320 JavaThread "Signal Dispatcher"          daemon [_thread_blocked, id=15340, stack(0x000000e65ed00000,0x000000e65ee00000) (1024K)]
  0x0000025573a4e130 JavaThread "Attach Listener"            daemon [_thread_blocked, id=26840, stack(0x000000e65ee00000,0x000000e65ef00000) (1024K)]
  0x0000025573a56fb0 JavaThread "Service Thread"             daemon [_thread_blocked, id=24672, stack(0x000000e65ef00000,0x000000e65f000000) (1024K)]
  0x0000025573a57a60 JavaThread "Monitor Deflation Thread"   daemon [_thread_blocked, id=24032, stack(0x000000e65f000000,0x000000e65f100000) (1024K)]
=>0x0000025573a5d900 JavaThread "C2 CompilerThread0"         daemon [_thread_in_native, id=23688, stack(0x000000e65f100000,0x000000e65f200000) (1024K)]
  0x0000025573a69910 JavaThread "C1 CompilerThread0"         daemon [_thread_blocked, id=26868, stack(0x000000e65f200000,0x000000e65f300000) (1024K)]
  0x0000025573a58780 JavaThread "Common-Cleaner"             daemon [_thread_blocked, id=23780, stack(0x000000e65f300000,0x000000e65f400000) (1024K)]
  0x0000025573a580f0 JavaThread "Notification Thread"        daemon [_thread_blocked, id=25640, stack(0x000000e65f400000,0x000000e65f500000) (1024K)]
  0x0000025573a58e10 JavaThread "Daemon health stats"               [_thread_blocked, id=7728, stack(0x000000e65f900000,0x000000e65fa00000) (1024K)]
  0x0000025573a5a850 JavaThread "Incoming local TCP Connector on port 51117"        [_thread_in_native, id=23712, stack(0x000000e65fb00000,0x000000e65fc00000) (1024K)]
  0x0000025573a594a0 JavaThread "Daemon periodic checks"            [_thread_blocked, id=7548, stack(0x000000e65fa00000,0x000000e65fb00000) (1024K)]
  0x0000025573a5a1c0 JavaThread "Daemon"                            [_thread_blocked, id=3436, stack(0x000000e65fc00000,0x000000e65fd00000) (1024K)]
  0x0000025579b22060 JavaThread "Daemon worker"                     [_thread_in_native, id=8896, stack(0x000000e65ff00000,0x000000e660000000) (1024K)]
  0x0000025579b254e0 JavaThread "Cache worker for journal cache (C:\Users\badya\.gradle\caches\journal-1)"        [_thread_blocked, id=18568, stack(0x000000e660600000,0x000000e660700000) (1024K)]
  0x0000025579b26200 JavaThread "File lock request listener"        [_thread_in_native, id=28456, stack(0x000000e660700000,0x000000e660800000) (1024K)]
  0x0000025579b24130 JavaThread "Cache worker for file hash cache (C:\Users\badya\.gradle\caches\8.12\fileHashes)"        [_thread_blocked, id=8488, stack(0x000000e660800000,0x000000e660900000) (1024K)]
  0x0000025579b26f20 JavaThread "File watcher server"        daemon [_thread_in_native, id=11660, stack(0x000000e65e000000,0x000000e65e100000) (1024K)]
  0x0000025579b275b0 JavaThread "File watcher consumer"      daemon [_thread_blocked, id=27200, stack(0x000000e65e100000,0x000000e65e200000) (1024K)]
  0x0000025579b247c0 JavaThread "jar transforms"                    [_thread_blocked, id=12452, stack(0x000000e65e200000,0x000000e65e300000) (1024K)]
  0x0000025579b282d0 JavaThread "jar transforms Thread 2"           [_thread_blocked, id=12760, stack(0x000000e660d00000,0x000000e660e00000) (1024K)]
  0x0000025579b29680 JavaThread "Cache worker for file content cache (C:\Users\badya\.gradle\caches\8.12\fileContent)"        [_thread_blocked, id=27684, stack(0x000000e660f00000,0x000000e661000000) (1024K)]
  0x000002557a52c000 JavaThread "Memory manager"                    [_thread_blocked, id=15188, stack(0x000000e662800000,0x000000e662900000) (1024K)]
  0x000002557e9bf340 JavaThread "pool-3-thread-1"                   [_thread_blocked, id=26780, stack(0x000000e660900000,0x000000e660a00000) (1024K)]
  0x000002557ce04d80 JavaThread "pool-6-thread-1"                   [_thread_blocked, id=8252, stack(0x000000e665b00000,0x000000e665c00000) (1024K)]
  0x000002557ce08890 JavaThread "File lock release action executor Thread 3"        [_thread_blocked, id=23248, stack(0x000000e660000000,0x000000e660100000) (1024K)]
  0x000002557ce05aa0 JavaThread "Handler for socket connection from /127.0.0.1:51117 to /127.0.0.1:49364"        [_thread_in_native, id=20168, stack(0x000000e65fd00000,0x000000e65fe00000) (1024K)]
  0x000002557ce06e50 JavaThread "Cancel handler"                    [_thread_blocked, id=25100, stack(0x000000e65fe00000,0x000000e65ff00000) (1024K)]
  0x000002557ce06130 JavaThread "Asynchronous log dispatcher for DefaultDaemonConnection: socket connection from /127.0.0.1:51117 to /127.0.0.1:49364"        [_thread_blocked, id=14628, stack(0x000000e660200000,0x000000e660300000) (1024K)]
  0x000002557ce074e0 JavaThread "Stdin handler"                     [_thread_blocked, id=23976, stack(0x000000e660b00000,0x000000e660c00000) (1024K)]
  0x000002557ce067c0 JavaThread "Daemon client event forwarder"        [_thread_blocked, id=20776, stack(0x000000e660c00000,0x000000e660d00000) (1024K)]
  0x000002557ce07b70 JavaThread "Cache worker for file hash cache (C:\test2-final-adas-dms\couche4_mobile\android\.gradle\8.12\fileHashes)"        [_thread_blocked, id=22456, stack(0x000000e660e00000,0x000000e660f00000) (1024K)]
  0x000002557ce046f0 JavaThread "Cache worker for Build Output Cleanup Cache (C:\test2-final-adas-dms\couche4_mobile\android\.gradle\buildOutputCleanup)"        [_thread_blocked, id=7912, stack(0x000000e661000000,0x000000e661100000) (1024K)]
  0x000002557ce08f20 JavaThread "jar transforms Thread 3"           [_thread_blocked, id=29300, stack(0x000000e661100000,0x000000e661200000) (1024K)]
  0x000002557ce0a2d0 JavaThread "jar transforms Thread 4"           [_thread_blocked, id=20792, stack(0x000000e661200000,0x000000e661300000) (1024K)]
  0x000002557ce095b0 JavaThread "Cache worker for checksums cache (C:\test2-final-adas-dms\couche4_mobile\android\.gradle\8.12\checksums)"        [_thread_blocked, id=27240, stack(0x000000e661300000,0x000000e661400000) (1024K)]
  0x000002557ce09c40 JavaThread "Cache worker for cache directory md-rule (C:\Users\badya\.gradle\caches\8.12\md-rule)"        [_thread_blocked, id=12300, stack(0x000000e661400000,0x000000e661500000) (1024K)]
  0x000002557ce0b680 JavaThread "Cache worker for cache directory md-supplier (C:\Users\badya\.gradle\caches\8.12\md-supplier)"        [_thread_blocked, id=28264, stack(0x000000e661500000,0x000000e661600000) (1024K)]
  0x000002557ce08200 JavaThread "Cache worker for Build Output Cleanup Cache (C:\Flutter\flutter\packages\flutter_tools\gradle\.gradle\buildOutputCleanup)"        [_thread_blocked, id=24836, stack(0x000000e661600000,0x000000e661700000) (1024K)]
  0x000002557ce0a960 JavaThread "Unconstrained build operations"        [_thread_blocked, id=6440, stack(0x000000e661700000,0x000000e661800000) (1024K)]
  0x000002557ce0aff0 JavaThread "Unconstrained build operations Thread 2"        [_thread_blocked, id=16236, stack(0x000000e661800000,0x000000e661900000) (1024K)]
  0x000002557e9c2e50 JavaThread "Unconstrained build operations Thread 3"        [_thread_blocked, id=14512, stack(0x000000e661900000,0x000000e661a00000) (1024K)]
  0x000002557e9bf9d0 JavaThread "Unconstrained build operations Thread 4"        [_thread_blocked, id=28196, stack(0x000000e661a00000,0x000000e661b00000) (1024K)]
  0x000002557e9c0060 JavaThread "Unconstrained build operations Thread 5"        [_thread_blocked, id=22624, stack(0x000000e661b00000,0x000000e661c00000) (1024K)]
  0x000002557e9c2130 JavaThread "Unconstrained build operations Thread 6"        [_thread_blocked, id=16796, stack(0x000000e661c00000,0x000000e661d00000) (1024K)]
  0x000002557e9c3b70 JavaThread "Unconstrained build operations Thread 7"        [_thread_blocked, id=14112, stack(0x000000e661d00000,0x000000e661e00000) (1024K)]
  0x000002557e9c06f0 JavaThread "Unconstrained build operations Thread 8"        [_thread_blocked, id=22804, stack(0x000000e661e00000,0x000000e661f00000) (1024K)]
  0x000002557e9c4200 JavaThread "Unconstrained build operations Thread 9"        [_thread_blocked, id=23636, stack(0x000000e661f00000,0x000000e662000000) (1024K)]
  0x000002557e9c1410 JavaThread "Unconstrained build operations Thread 10"        [_thread_blocked, id=7444, stack(0x000000e662000000,0x000000e662100000) (1024K)]
  0x000002557e9c4890 JavaThread "Unconstrained build operations Thread 11"        [_thread_blocked, id=21728, stack(0x000000e662100000,0x000000e662200000) (1024K)]
  0x000002557e9c4f20 JavaThread "Unconstrained build operations Thread 12"        [_thread_blocked, id=29652, stack(0x000000e662200000,0x000000e662300000) (1024K)]
  0x000002557e9c1aa0 JavaThread "Unconstrained build operations Thread 13"        [_thread_blocked, id=27552, stack(0x000000e662300000,0x000000e662400000) (1024K)]
  0x000002557e9c55b0 JavaThread "Unconstrained build operations Thread 14"        [_thread_blocked, id=3580, stack(0x000000e662400000,0x000000e662500000) (1024K)]
  0x000002557e9c6960 JavaThread "build event listener"              [_thread_blocked, id=27080, stack(0x000000e662500000,0x000000e662600000) (1024K)]
  0x000002557e9c5c40 JavaThread "included builds"                   [_thread_blocked, id=20716, stack(0x000000e662600000,0x000000e662700000) (1024K)]
  0x000002557e9c62d0 JavaThread "Execution worker"                  [_thread_blocked, id=4124, stack(0x000000e662700000,0x000000e662800000) (1024K)]
  0x000002557c8f7060 JavaThread "Execution worker Thread 2"         [_thread_blocked, id=27488, stack(0x000000e662900000,0x000000e662a00000) (1024K)]
  0x000002557c8f69d0 JavaThread "Execution worker Thread 3"         [_thread_blocked, id=20412, stack(0x000000e662a00000,0x000000e662b00000) (1024K)]
  0x000002557c8f9130 JavaThread "Execution worker Thread 4"         [_thread_blocked, id=25480, stack(0x000000e662b00000,0x000000e662c00000) (1024K)]
  0x000002557c8f97c0 JavaThread "Execution worker Thread 5"         [_thread_blocked, id=5480, stack(0x000000e662c00000,0x000000e662d00000) (1024K)]
  0x000002557c8f7d80 JavaThread "Execution worker Thread 6"         [_thread_blocked, id=10684, stack(0x000000e662d00000,0x000000e662e00000) (1024K)]
  0x000002557c8f76f0 JavaThread "Execution worker Thread 7"         [_thread_blocked, id=26824, stack(0x000000e662e00000,0x000000e662f00000) (1024K)]
  0x000002557c8f6340 JavaThread "Cache worker for execution history cache (C:\Flutter\flutter\packages\flutter_tools\gradle\.gradle\8.12\executionHistory)"        [_thread_blocked, id=1980, stack(0x000000e662f00000,0x000000e663000000) (1024K)]
  0x000002557c8fa4e0 JavaThread "Unconstrained build operations Thread 15"        [_thread_blocked, id=14644, stack(0x000000e663000000,0x000000e663100000) (1024K)]
  0x000002557c8f8aa0 JavaThread "Unconstrained build operations Thread 16"        [_thread_blocked, id=28700, stack(0x000000e663100000,0x000000e663200000) (1024K)]
  0x000002557c8f9e50 JavaThread "Unconstrained build operations Thread 17"        [_thread_blocked, id=14436, stack(0x000000e663200000,0x000000e663300000) (1024K)]
  0x000002557c8fb200 JavaThread "Unconstrained build operations Thread 18"        [_thread_blocked, id=10912, stack(0x000000e663300000,0x000000e663400000) (1024K)]
  0x000002557c8fb890 JavaThread "Unconstrained build operations Thread 19"        [_thread_blocked, id=3820, stack(0x000000e663400000,0x000000e663500000) (1024K)]
  0x000002557c8fc5b0 JavaThread "Unconstrained build operations Thread 20"        [_thread_blocked, id=2384, stack(0x000000e663500000,0x000000e663600000) (1024K)]
  0x000002557a5284f0 JavaThread "Unconstrained build operations Thread 21"        [_thread_blocked, id=8620, stack(0x000000e663600000,0x000000e663700000) (1024K)]
  0x000002557a5277d0 JavaThread "Unconstrained build operations Thread 22"        [_thread_blocked, id=27280, stack(0x000000e660100000,0x000000e660200000) (1024K)]
  0x000002557a525700 JavaThread "Unconstrained build operations Thread 23"        [_thread_blocked, id=28492, stack(0x000000e663700000,0x000000e663800000) (1024K)]
  0x000002557a525d90 JavaThread "Unconstrained build operations Thread 24"        [_thread_blocked, id=6296, stack(0x000000e663800000,0x000000e663900000) (1024K)]
  0x000002557a527140 JavaThread "Unconstrained build operations Thread 25"        [_thread_blocked, id=100, stack(0x000000e663900000,0x000000e663a00000) (1024K)]
  0x000002557a526420 JavaThread "Unconstrained build operations Thread 26"        [_thread_blocked, id=23796, stack(0x000000e663a00000,0x000000e663b00000) (1024K)]
  0x000002557a525070 JavaThread "Unconstrained build operations Thread 27"        [_thread_blocked, id=23848, stack(0x000000e663b00000,0x000000e663c00000) (1024K)]
  0x000002557a527e60 JavaThread "Unconstrained build operations Thread 28"        [_thread_blocked, id=25840, stack(0x000000e663c00000,0x000000e663d00000) (1024K)]
  0x000002557a529210 JavaThread "Unconstrained build operations Thread 29"        [_thread_blocked, id=13752, stack(0x000000e663d00000,0x000000e663e00000) (1024K)]
  0x000002557a526ab0 JavaThread "Unconstrained build operations Thread 30"        [_thread_blocked, id=12828, stack(0x000000e663e00000,0x000000e663f00000) (1024K)]
  0x000002557a52b2e0 JavaThread "Unconstrained build operations Thread 31"        [_thread_blocked, id=8960, stack(0x000000e663f00000,0x000000e664000000) (1024K)]
  0x000002557a528b80 JavaThread "Unconstrained build operations Thread 32"        [_thread_blocked, id=19612, stack(0x000000e664000000,0x000000e664100000) (1024K)]
  0x000002557a52a5c0 JavaThread "Unconstrained build operations Thread 33"        [_thread_blocked, id=28824, stack(0x000000e664100000,0x000000e664200000) (1024K)]
  0x000002557e712430 JavaThread "Unconstrained build operations Thread 34"        [_thread_blocked, id=26680, stack(0x000000e664200000,0x000000e664300000) (1024K)]
  0x000002557e711da0 JavaThread "Unconstrained build operations Thread 35"        [_thread_blocked, id=18576, stack(0x000000e664300000,0x000000e664400000) (1024K)]
  0x000002557e70efb0 JavaThread "Unconstrained build operations Thread 36"        [_thread_blocked, id=26352, stack(0x000000e664400000,0x000000e664500000) (1024K)]
  0x000002557e713e70 JavaThread "Unconstrained build operations Thread 37"        [_thread_blocked, id=7320, stack(0x000000e664500000,0x000000e664600000) (1024K)]
  0x000002557e712ac0 JavaThread "Unconstrained build operations Thread 38"        [_thread_blocked, id=19924, stack(0x000000e664600000,0x000000e664700000) (1024K)]
  0x000002557e714500 JavaThread "Unconstrained build operations Thread 39"        [_thread_blocked, id=26148, stack(0x000000e664700000,0x000000e664800000) (1024K)]
  0x000002557e715f40 JavaThread "Unconstrained build operations Thread 40"        [_thread_blocked, id=3332, stack(0x000000e664800000,0x000000e664900000) (1024K)]
  0x000002557e713150 JavaThread "Unconstrained build operations Thread 41"        [_thread_blocked, id=25752, stack(0x000000e664900000,0x000000e664a00000) (1024K)]
  0x000002557e714b90 JavaThread "Unconstrained build operations Thread 42"        [_thread_blocked, id=15244, stack(0x000000e664a00000,0x000000e664b00000) (1024K)]
  0x000002557e715220 JavaThread "Unconstrained build operations Thread 43"        [_thread_blocked, id=25620, stack(0x000000e664b00000,0x000000e664c00000) (1024K)]
  0x000002557e7158b0 JavaThread "Unconstrained build operations Thread 44"        [_thread_blocked, id=27832, stack(0x000000e664c00000,0x000000e664d00000) (1024K)]
  0x000002557e7165d0 JavaThread "build event listener"              [_thread_blocked, id=11968, stack(0x000000e664d00000,0x000000e664e00000) (1024K)]
  0x000002557e7137e0 JavaThread "Unconstrained build operations Thread 45"        [_thread_blocked, id=19724, stack(0x000000e664e00000,0x000000e664f00000) (1024K)]
  0x000002557b4516b0 JavaThread "Unconstrained build operations Thread 46"        [_thread_blocked, id=24484, stack(0x000000e664f00000,0x000000e665000000) (1024K)]
  0x000002557b451020 JavaThread "Unconstrained build operations Thread 47"        [_thread_blocked, id=29656, stack(0x000000e665000000,0x000000e665100000) (1024K)]
  0x000002557b455850 JavaThread "Unconstrained build operations Thread 48"        [_thread_blocked, id=12612, stack(0x000000e665100000,0x000000e665200000) (1024K)]
  0x000002557b4523d0 JavaThread "Unconstrained build operations Thread 49"        [_thread_blocked, id=20348, stack(0x000000e665200000,0x000000e665300000) (1024K)]
  0x000002557b455ee0 JavaThread "Unconstrained build operations Thread 50"        [_thread_blocked, id=29424, stack(0x000000e665300000,0x000000e665400000) (1024K)]
  0x000002557b452a60 JavaThread "Unconstrained build operations Thread 51"        [_thread_blocked, id=18936, stack(0x000000e665400000,0x000000e665500000) (1024K)]
  0x000002557b457290 JavaThread "Unconstrained build operations Thread 52"        [_thread_blocked, id=29528, stack(0x000000e665500000,0x000000e665600000) (1024K)]
  0x000002557b456570 JavaThread "Unconstrained build operations Thread 53"        [_thread_blocked, id=3296, stack(0x000000e665600000,0x000000e665700000) (1024K)]
  0x000002557b456c00 JavaThread "Unconstrained build operations Thread 54"        [_thread_blocked, id=14772, stack(0x000000e665700000,0x000000e665800000) (1024K)]
  0x000002557b458640 JavaThread "Unconstrained build operations Thread 55"        [_thread_blocked, id=6112, stack(0x000000e665800000,0x000000e665900000) (1024K)]
  0x000002557b457fb0 JavaThread "Unconstrained build operations Thread 56"        [_thread_blocked, id=22240, stack(0x000000e665900000,0x000000e665a00000) (1024K)]
  0x000002557b457920 JavaThread "Unconstrained build operations Thread 57"        [_thread_blocked, id=28488, stack(0x000000e665a00000,0x000000e665b00000) (1024K)]
  0x0000025579b24e50 JavaThread "Unconstrained build operations Thread 58"        [_thread_blocked, id=28080, stack(0x000000e665c00000,0x000000e665d00000) (1024K)]
Total: 110

Other Threads:
  0x00000255711a8350 VMThread "VM Thread"                           [id=12904, stack(0x000000e65ea00000,0x000000e65eb00000) (1024K)]
  0x0000025571194da0 WatcherThread "VM Periodic Task Thread"        [id=21652, stack(0x000000e65e900000,0x000000e65ea00000) (1024K)]
  0x000002554391c9a0 WorkerThread "GC Thread#0"                     [id=9172, stack(0x000000e65e400000,0x000000e65e500000) (1024K)]
  0x0000025573d75200 WorkerThread "GC Thread#1"                     [id=18096, stack(0x000000e65f500000,0x000000e65f600000) (1024K)]
  0x0000025573d6fa00 WorkerThread "GC Thread#2"                     [id=24200, stack(0x000000e65f600000,0x000000e65f700000) (1024K)]
  0x000002557892bb30 WorkerThread "GC Thread#3"                     [id=19384, stack(0x000000e65f700000,0x000000e65f800000) (1024K)]
  0x0000025573df04f0 WorkerThread "GC Thread#4"                     [id=9308, stack(0x000000e65f800000,0x000000e65f900000) (1024K)]
  0x0000025579293f40 WorkerThread "GC Thread#5"                     [id=6812, stack(0x000000e660300000,0x000000e660400000) (1024K)]
  0x00000255792942f0 WorkerThread "GC Thread#6"                     [id=27592, stack(0x000000e660400000,0x000000e660500000) (1024K)]
  0x00000255792946a0 WorkerThread "GC Thread#7"                     [id=16356, stack(0x000000e660500000,0x000000e660600000) (1024K)]
  0x000002554392d8a0 ConcurrentGCThread "G1 Main Marker"            [id=25768, stack(0x000000e65e500000,0x000000e65e600000) (1024K)]
  0x000002554392e2c0 WorkerThread "G1 Conc#0"                       [id=23040, stack(0x000000e65e600000,0x000000e65e700000) (1024K)]
  0x0000025579d1a9d0 WorkerThread "G1 Conc#1"                       [id=22772, stack(0x000000e660a00000,0x000000e660b00000) (1024K)]
  0x000002557103d820 ConcurrentGCThread "G1 Refine#0"               [id=29416, stack(0x000000e65e700000,0x000000e65e800000) (1024K)]
  0x000002557103f160 ConcurrentGCThread "G1 Service"                [id=13288, stack(0x000000e65e800000,0x000000e65e900000) (1024K)]
Total: 15

Threads with active compile tasks:
C2 CompilerThread0  849287 18002       4       org.gradle.internal.execution.impl.DefaultInputFingerprinter::fingerprintInputProperties (41 bytes)
Total: 1

VM state: not at safepoint (normal execution)

VM Mutex/Monitor currently owned by a thread: None

Heap address: 0x0000000600000000, size: 8192 MB, Compressed Oops mode: Zero based, Oop shift amount: 3

CDS archive(s) mapped at: [0x0000025500000000-0x0000025500ba0000-0x0000025500ba0000), size 12189696, SharedBaseAddress: 0x0000025500000000, ArchiveRelocationMode: 1.
Compressed class space mapped at: 0x0000025501000000-0x0000025541000000, reserved size: 1073741824
Narrow klass base: 0x0000025500000000, Narrow klass shift: 0, Narrow klass range: 0x100000000

GC Precious Log:
 CardTable entry size: 512
 Card Set container configuration: InlinePtr #cards 4 size 8 Array Of Cards #cards 32 size 80 Howl #buckets 8 coarsen threshold 7372 Howl Bitmap #cards 1024 size 144 coarsen threshold 921 Card regions per heap region 1 cards per card region 8192
 CPUs: 8 total, 8 available
 Memory: 7886M
 Large Page Support: Disabled
 NUMA Support: Disabled
 Compressed Oops: Enabled (Zero based)
 Heap Region Size: 4M
 Heap Min Capacity: 8M
 Heap Initial Capacity: 124M
 Heap Max Capacity: 8G
 Pre-touch: Disabled
 Parallel Workers: 8
 Concurrent Workers: 2
 Concurrent Refinement Workers: 8
 Periodic GC: Disabled

Heap:
 garbage-first heap   total 303104K, used 180852K [0x0000000600000000, 0x0000000800000000)
  region size 4096K, 4 young (16384K), 2 survivors (8192K)
 Metaspace       used 124597K, committed 127040K, reserved 1179648K
  class space    used 17125K, committed 18304K, reserved 1048576K

Heap Regions: E=young(eden), S=young(survivor), O=old, HS=humongous(starts), HC=humongous(continues), CS=collection set, F=free, TAMS=top-at-mark-start, PB=parsable bottom
|   0|0x0000000600000000, 0x0000000600400000, 0x0000000600400000|100%|HS|  |TAMS 0x0000000600000000| PB 0x0000000600000000| Complete 
|   1|0x0000000600400000, 0x0000000600800000, 0x0000000600800000|100%| O|  |TAMS 0x0000000600400000| PB 0x0000000600400000| Untracked 
|   2|0x0000000600800000, 0x0000000600c00000, 0x0000000600c00000|100%| O|  |TAMS 0x0000000600800000| PB 0x0000000600800000| Untracked 
|   3|0x0000000600c00000, 0x0000000600fea950, 0x0000000601000000| 97%| O|  |TAMS 0x0000000600c00000| PB 0x0000000600c00000| Untracked 
|   4|0x0000000601000000, 0x0000000601400000, 0x0000000601400000|100%| O|  |TAMS 0x0000000601000000| PB 0x0000000601000000| Untracked 
|   5|0x0000000601400000, 0x0000000601800000, 0x0000000601800000|100%| O|  |TAMS 0x0000000601400000| PB 0x0000000601400000| Untracked 
|   6|0x0000000601800000, 0x0000000601c00000, 0x0000000601c00000|100%| O|  |TAMS 0x0000000601800000| PB 0x0000000601800000| Untracked 
|   7|0x0000000601c00000, 0x0000000602000000, 0x0000000602000000|100%| O|  |TAMS 0x0000000601c00000| PB 0x0000000601c00000| Untracked 
|   8|0x0000000602000000, 0x0000000602400000, 0x0000000602400000|100%|HS|  |TAMS 0x0000000602000000| PB 0x0000000602000000| Complete 
|   9|0x0000000602400000, 0x0000000602800000, 0x0000000602800000|100%| O|Cm|TAMS 0x0000000602400000| PB 0x0000000602400000| Complete 
|  10|0x0000000602800000, 0x0000000602c00000, 0x0000000602c00000|100%| O|  |TAMS 0x0000000602800000| PB 0x0000000602800000| Untracked 
|  11|0x0000000602c00000, 0x0000000603000000, 0x0000000603000000|100%| O|  |TAMS 0x0000000602c00000| PB 0x0000000602c00000| Untracked 
|  12|0x0000000603000000, 0x0000000603400000, 0x0000000603400000|100%|HS|  |TAMS 0x0000000603000000| PB 0x0000000603000000| Complete 
|  13|0x0000000603400000, 0x0000000603800000, 0x0000000603800000|100%| O|  |TAMS 0x0000000603400000| PB 0x0000000603400000| Untracked 
|  14|0x0000000603800000, 0x0000000603c00000, 0x0000000603c00000|100%| O|  |TAMS 0x0000000603800000| PB 0x0000000603800000| Untracked 
|  15|0x0000000603c00000, 0x0000000604000000, 0x0000000604000000|100%| O|  |TAMS 0x0000000603c00000| PB 0x0000000603c00000| Untracked 
|  16|0x0000000604000000, 0x0000000604400000, 0x0000000604400000|100%| O|  |TAMS 0x0000000604000000| PB 0x0000000604000000| Untracked 
|  17|0x0000000604400000, 0x0000000604800000, 0x0000000604800000|100%| O|  |TAMS 0x0000000604400000| PB 0x0000000604400000| Untracked 
|  18|0x0000000604800000, 0x0000000604c00000, 0x0000000604c00000|100%| O|  |TAMS 0x0000000604800000| PB 0x0000000604800000| Untracked 
|  19|0x0000000604c00000, 0x0000000605000000, 0x0000000605000000|100%| O|  |TAMS 0x0000000604c00000| PB 0x0000000604c00000| Untracked 
|  20|0x0000000605000000, 0x0000000605400000, 0x0000000605400000|100%| O|  |TAMS 0x0000000605000000| PB 0x0000000605000000| Untracked 
|  21|0x0000000605400000, 0x0000000605800000, 0x0000000605800000|100%| O|  |TAMS 0x0000000605400000| PB 0x0000000605400000| Untracked 
|  22|0x0000000605800000, 0x0000000605c00000, 0x0000000605c00000|100%| O|Cm|TAMS 0x0000000605800000| PB 0x0000000605800000| Complete 
|  23|0x0000000605c00000, 0x0000000606000000, 0x0000000606000000|100%| O|  |TAMS 0x0000000605c00000| PB 0x0000000605c00000| Untracked 
|  24|0x0000000606000000, 0x0000000606400000, 0x0000000606400000|100%| O|  |TAMS 0x0000000606000000| PB 0x0000000606000000| Untracked 
|  25|0x0000000606400000, 0x0000000606800000, 0x0000000606800000|100%| O|Cm|TAMS 0x0000000606400000| PB 0x0000000606400000| Complete 
|  26|0x0000000606800000, 0x0000000606c00000, 0x0000000606c00000|100%| O|  |TAMS 0x0000000606800000| PB 0x0000000606800000| Untracked 
|  27|0x0000000606c00000, 0x0000000607000000, 0x0000000607000000|100%| O|Cm|TAMS 0x0000000606c00000| PB 0x0000000606c00000| Complete 
|  28|0x0000000607000000, 0x0000000607400000, 0x0000000607400000|100%| O|Cm|TAMS 0x0000000607000000| PB 0x0000000607000000| Complete 
|  29|0x0000000607400000, 0x0000000607800000, 0x0000000607800000|100%| O|  |TAMS 0x0000000607400000| PB 0x0000000607400000| Untracked 
|  30|0x0000000607800000, 0x0000000607c00000, 0x0000000607c00000|100%| O|  |TAMS 0x0000000607800000| PB 0x0000000607800000| Untracked 
|  31|0x0000000607c00000, 0x0000000608000000, 0x0000000608000000|100%| O|  |TAMS 0x0000000607c00000| PB 0x0000000607c00000| Untracked 
|  32|0x0000000608000000, 0x0000000608400000, 0x0000000608400000|100%| O|  |TAMS 0x0000000608000000| PB 0x0000000608000000| Untracked 
|  33|0x0000000608400000, 0x0000000608800000, 0x0000000608800000|100%| O|Cm|TAMS 0x0000000608400000| PB 0x0000000608400000| Complete 
|  34|0x0000000608800000, 0x0000000608c00000, 0x0000000608c00000|100%| O|Cm|TAMS 0x0000000608800000| PB 0x0000000608800000| Complete 
|  35|0x0000000608c00000, 0x0000000609000000, 0x0000000609000000|100%| O|Cm|TAMS 0x0000000608c00000| PB 0x0000000608c00000| Complete 
|  36|0x0000000609000000, 0x0000000609400000, 0x0000000609400000|100%| O|  |TAMS 0x0000000609000000| PB 0x0000000609000000| Untracked 
|  37|0x0000000609400000, 0x0000000609800000, 0x0000000609800000|100%| O|Cm|TAMS 0x0000000609400000| PB 0x0000000609400000| Complete 
|  38|0x0000000609800000, 0x0000000609c00000, 0x0000000609c00000|100%| O|Cm|TAMS 0x0000000609800000| PB 0x0000000609800000| Complete 
|  39|0x0000000609c00000, 0x0000000609c00000, 0x000000060a000000|  0%| F|  |TAMS 0x0000000609c00000| PB 0x0000000609c00000| Untracked 
|  40|0x000000060a000000, 0x000000060a000000, 0x000000060a400000|  0%| F|  |TAMS 0x000000060a000000| PB 0x000000060a000000| Untracked 
|  41|0x000000060a400000, 0x000000060a800000, 0x000000060a800000|100%| O|  |TAMS 0x000000060a400000| PB 0x000000060a400000| Untracked 
|  42|0x000000060a800000, 0x000000060a8b7138, 0x000000060ac00000| 17%| O|  |TAMS 0x000000060a800000| PB 0x000000060a800000| Untracked 
|  43|0x000000060ac00000, 0x000000060ac00000, 0x000000060b000000|  0%| F|  |TAMS 0x000000060ac00000| PB 0x000000060ac00000| Untracked 
|  44|0x000000060b000000, 0x000000060b000000, 0x000000060b400000|  0%| F|  |TAMS 0x000000060b000000| PB 0x000000060b000000| Untracked 
|  45|0x000000060b400000, 0x000000060b400000, 0x000000060b800000|  0%| F|  |TAMS 0x000000060b400000| PB 0x000000060b400000| Untracked 
|  46|0x000000060b800000, 0x000000060b800000, 0x000000060bc00000|  0%| F|  |TAMS 0x000000060b800000| PB 0x000000060b800000| Untracked 
|  47|0x000000060bc00000, 0x000000060bc00000, 0x000000060c000000|  0%| F|  |TAMS 0x000000060bc00000| PB 0x000000060bc00000| Untracked 
|  48|0x000000060c000000, 0x000000060c000000, 0x000000060c400000|  0%| F|  |TAMS 0x000000060c000000| PB 0x000000060c000000| Untracked 
|  49|0x000000060c400000, 0x000000060c400000, 0x000000060c800000|  0%| F|  |TAMS 0x000000060c400000| PB 0x000000060c400000| Untracked 
|  50|0x000000060c800000, 0x000000060c800000, 0x000000060cc00000|  0%| F|  |TAMS 0x000000060c800000| PB 0x000000060c800000| Untracked 
|  51|0x000000060cc00000, 0x000000060cc00000, 0x000000060d000000|  0%| F|  |TAMS 0x000000060cc00000| PB 0x000000060cc00000| Untracked 
|  52|0x000000060d000000, 0x000000060d000000, 0x000000060d400000|  0%| F|  |TAMS 0x000000060d000000| PB 0x000000060d000000| Untracked 
|  53|0x000000060d400000, 0x000000060d400000, 0x000000060d800000|  0%| F|  |TAMS 0x000000060d400000| PB 0x000000060d400000| Untracked 
|  54|0x000000060d800000, 0x000000060d800000, 0x000000060dc00000|  0%| F|  |TAMS 0x000000060d800000| PB 0x000000060d800000| Untracked 
|  55|0x000000060dc00000, 0x000000060dc00000, 0x000000060e000000|  0%| F|  |TAMS 0x000000060dc00000| PB 0x000000060dc00000| Untracked 
|  56|0x000000060e000000, 0x000000060e000000, 0x000000060e400000|  0%| F|  |TAMS 0x000000060e000000| PB 0x000000060e000000| Untracked 
|  57|0x000000060e400000, 0x000000060e400000, 0x000000060e800000|  0%| F|  |TAMS 0x000000060e400000| PB 0x000000060e400000| Untracked 
|  58|0x000000060e800000, 0x000000060e800000, 0x000000060ec00000|  0%| F|  |TAMS 0x000000060e800000| PB 0x000000060e800000| Untracked 
|  59|0x000000060ec00000, 0x000000060ec00000, 0x000000060f000000|  0%| F|  |TAMS 0x000000060ec00000| PB 0x000000060ec00000| Untracked 
|  60|0x000000060f000000, 0x000000060f000000, 0x000000060f400000|  0%| F|  |TAMS 0x000000060f000000| PB 0x000000060f000000| Untracked 
|  61|0x000000060f400000, 0x000000060f7fb910, 0x000000060f800000| 99%| S|CS|TAMS 0x000000060f400000| PB 0x000000060f400000| Complete 
|  62|0x000000060f800000, 0x000000060fc00000, 0x000000060fc00000|100%| S|CS|TAMS 0x000000060f800000| PB 0x000000060f800000| Complete 
|  63|0x000000060fc00000, 0x000000060fc00000, 0x0000000610000000|  0%| F|  |TAMS 0x000000060fc00000| PB 0x000000060fc00000| Untracked 
|  64|0x0000000610000000, 0x0000000610000000, 0x0000000610400000|  0%| F|  |TAMS 0x0000000610000000| PB 0x0000000610000000| Untracked 
|  65|0x0000000610400000, 0x0000000610400000, 0x0000000610800000|  0%| F|  |TAMS 0x0000000610400000| PB 0x0000000610400000| Untracked 
|  66|0x0000000610800000, 0x0000000610800000, 0x0000000610c00000|  0%| F|  |TAMS 0x0000000610800000| PB 0x0000000610800000| Untracked 
|  67|0x0000000610c00000, 0x0000000610c00000, 0x0000000611000000|  0%| F|  |TAMS 0x0000000610c00000| PB 0x0000000610c00000| Untracked 
|  68|0x0000000611000000, 0x0000000611000000, 0x0000000611400000|  0%| F|  |TAMS 0x0000000611000000| PB 0x0000000611000000| Untracked 
|  69|0x0000000611400000, 0x0000000611400000, 0x0000000611800000|  0%| F|  |TAMS 0x0000000611400000| PB 0x0000000611400000| Untracked 
|  70|0x0000000611800000, 0x0000000611800000, 0x0000000611c00000|  0%| F|  |TAMS 0x0000000611800000| PB 0x0000000611800000| Untracked 
|  71|0x0000000611c00000, 0x0000000611f3a888, 0x0000000612000000| 80%| E|  |TAMS 0x0000000611c00000| PB 0x0000000611c00000| Complete 
|2046|0x00000007ff800000, 0x00000007ffc00000, 0x00000007ffc00000|100%| E|CS|TAMS 0x00000007ff800000| PB 0x00000007ff800000| Complete 
|2047|0x00000007ffc00000, 0x0000000800000000, 0x0000000800000000|100%| O|  |TAMS 0x00000007ffc00000| PB 0x00000007ffc00000| Untracked 

Card table byte_map: [0x0000025567fc0000,0x0000025568fc0000] _byte_map_base: 0x0000025564fc0000

Marking Bits: (CMBitMap*) 0x000002554391cfc0
 Bits: [0x0000025568fc0000, 0x0000025570fc0000)

Polling page: 0x0000025541640000

Metaspace:

Usage:
  Non-class:    104.95 MB used.
      Class:     16.72 MB used.
       Both:    121.68 MB used.

Virtual space:
  Non-class space:      128.00 MB reserved,     106.19 MB ( 83%) committed,  2 nodes.
      Class space:        1.00 GB reserved,      17.88 MB (  2%) committed,  1 nodes.
             Both:        1.12 GB reserved,     124.06 MB ( 11%) committed. 

Chunk freelists:
   Non-Class:  5.79 MB
       Class:  14.06 MB
        Both:  19.86 MB

MaxMetaspaceSize: 4.00 GB
CompressedClassSpaceSize: 1.00 GB
Initial GC threshold: 21.00 MB
Current GC threshold: 206.69 MB
CDS: on
 - commit_granule_bytes: 65536.
 - commit_granule_words: 8192.
 - virtual_space_node_default_size: 8388608.
 - enlarge_chunks_in_place: 1.
 - use_allocation_guard: 0.


Internal statistics:

num_allocs_failed_limit: 12.
num_arena_births: 4510.
num_arena_deaths: 0.
num_vsnodes_births: 3.
num_vsnodes_deaths: 0.
num_space_committed: 1983.
num_space_uncommitted: 0.
num_chunks_returned_to_freelist: 12.
num_chunks_taken_from_freelist: 10328.
num_chunk_merges: 9.
num_chunk_splits: 6758.
num_chunks_enlarged: 4328.
num_inconsistent_stats: 0.

CodeHeap 'non-profiled nmethods': size=259264Kb used=10435Kb max_used=10569Kb free=248828Kb
 bounds [0x0000025556d40000, 0x00000255577a0000, 0x0000025566a70000]
CodeHeap 'profiled nmethods': size=259264Kb used=29637Kb max_used=29844Kb free=229626Kb
 bounds [0x0000025546a70000, 0x00000255487a0000, 0x00000255567a0000]
CodeHeap 'non-nmethods': size=5760Kb used=3039Kb max_used=3080Kb free=2720Kb
 bounds [0x00000255567a0000, 0x0000025556ab0000, 0x0000025556d40000]
CodeCache: size=524288Kb, used=43111Kb, max_used=43493Kb, free=481174Kb
 total_blobs=16234, nmethods=15198, adapters=939, full_count=0
Compilation: enabled, stopped_count=0, restarted_count=0

Compilation events (20 events):
Event: 847.173 Thread 0x0000025573a69910 nmethod 17992 0x00000255573e3490 code [0x00000255573e3620, 0x00000255573e36f0]
Event: 847.174 Thread 0x0000025573a69910 17993       3       org.gradle.internal.action.InstantiatingAction::equals (41 bytes)
Event: 847.175 Thread 0x0000025573a69910 nmethod 17993 0x0000025547100e10 code [0x0000025547100fe0, 0x0000025547101408]
Event: 847.177 Thread 0x0000025573a69910 17994       3       org.gradle.internal.action.DefaultConfigurableRules::equals (43 bytes)
Event: 847.177 Thread 0x0000025573a69910 nmethod 17994 0x0000025547556a90 code [0x0000025547556c60, 0x0000025547557088]
Event: 847.179 Thread 0x0000025573a69910 17995       3       org.gradle.internal.action.DefaultConfigurableRule::equals (63 bytes)
Event: 847.180 Thread 0x0000025573a69910 nmethod 17995 0x000002554815e610 code [0x000002554815e800, 0x000002554815ede0]
Event: 847.180 Thread 0x0000025573a69910 17996       3       org.gradle.internal.snapshot.impl.IsolatedArray::equals (6 bytes)
Event: 847.180 Thread 0x0000025573a69910 nmethod 17996 0x0000025546fe8a90 code [0x0000025546fe8c40, 0x0000025546fe8d80]
Event: 847.187 Thread 0x0000025573a5d900 17997       4       org.gradle.internal.component.external.model.AbstractLazyModuleComponentResolveMetadata::getSources (5 bytes)
Event: 847.189 Thread 0x0000025573a5d900 nmethod 17997 0x000002555734ec90 code [0x000002555734ee20, 0x000002555734eeb0]
Event: 847.191 Thread 0x0000025573a69910 17998       3       java.util.BitSet::or (105 bytes)
Event: 847.193 Thread 0x0000025573a69910 nmethod 17998 0x0000025547b14590 code [0x0000025547b147a0, 0x0000025547b14ca0]
Event: 847.203 Thread 0x0000025573a69910 17999       3       java.util.IdentityHashMap::<init> (11 bytes)
Event: 847.203 Thread 0x0000025573a69910 nmethod 17999 0x0000025546f60910 code [0x0000025546f60ac0, 0x0000025546f60de8]
Event: 847.586 Thread 0x0000025573a5d900 18000       4       org.gradle.api.internal.attributes.matching.DefaultAttributeMatcher::isMatchingCandidate (27 bytes)
Event: 847.601 Thread 0x0000025573a5d900 nmethod 18000 0x000002555732a410 code [0x000002555732a640, 0x000002555732ac30]
Event: 848.233 Thread 0x0000025573a5d900 18001       4       org.gradle.internal.fingerprint.impl.DefaultCurrentFileCollectionFingerprint::from (96 bytes)
Event: 848.269 Thread 0x0000025573a5d900 nmethod 18001 0x0000025557329310 code [0x0000025557329560, 0x0000025557329e98]
Event: 848.269 Thread 0x0000025573a5d900 18002       4       org.gradle.internal.execution.impl.DefaultInputFingerprinter::fingerprintInputProperties (41 bytes)

GC Heap History (20 events):
Event: 610.372 GC heap before
{Heap before GC invocations=51 (full 0):
 garbage-first heap   total 245760K, used 201623K [0x0000000600000000, 0x0000000800000000)
  region size 4096K, 16 young (65536K), 2 survivors (8192K)
 Metaspace       used 114435K, committed 116864K, reserved 1179648K
  class space    used 15813K, committed 17024K, reserved 1048576K
}
Event: 610.420 GC heap after
{Heap after GC invocations=52 (full 0):
 garbage-first heap   total 245760K, used 146845K [0x0000000600000000, 0x0000000800000000)
  region size 4096K, 1 young (4096K), 1 survivors (4096K)
 Metaspace       used 114435K, committed 116864K, reserved 1179648K
  class space    used 15813K, committed 17024K, reserved 1048576K
}
Event: 618.706 GC heap before
{Heap before GC invocations=52 (full 0):
 garbage-first heap   total 245760K, used 167325K [0x0000000600000000, 0x0000000800000000)
  region size 4096K, 6 young (24576K), 1 survivors (4096K)
 Metaspace       used 114547K, committed 116992K, reserved 1179648K
  class space    used 15814K, committed 17024K, reserved 1048576K
}
Event: 618.756 GC heap after
{Heap after GC invocations=53 (full 0):
 garbage-first heap   total 245760K, used 147624K [0x0000000600000000, 0x0000000800000000)
  region size 4096K, 1 young (4096K), 1 survivors (4096K)
 Metaspace       used 114547K, committed 116992K, reserved 1179648K
  class space    used 15814K, committed 17024K, reserved 1048576K
}
Event: 624.402 GC heap before
{Heap before GC invocations=53 (full 0):
 garbage-first heap   total 245760K, used 168104K [0x0000000600000000, 0x0000000800000000)
  region size 4096K, 6 young (24576K), 1 survivors (4096K)
 Metaspace       used 114599K, committed 117056K, reserved 1179648K
  class space    used 15816K, committed 17024K, reserved 1048576K
}
Event: 624.437 GC heap after
{Heap after GC invocations=54 (full 0):
 garbage-first heap   total 245760K, used 147465K [0x0000000600000000, 0x0000000800000000)
  region size 4096K, 1 young (4096K), 1 survivors (4096K)
 Metaspace       used 114599K, committed 117056K, reserved 1179648K
  class space    used 15816K, committed 17024K, reserved 1048576K
}
Event: 639.005 GC heap before
{Heap before GC invocations=54 (full 0):
 garbage-first heap   total 245760K, used 184329K [0x0000000600000000, 0x0000000800000000)
  region size 4096K, 10 young (40960K), 1 survivors (4096K)
 Metaspace       used 115959K, committed 118464K, reserved 1179648K
  class space    used 15992K, committed 17216K, reserved 1048576K
}
Event: 639.060 GC heap after
{Heap after GC invocations=55 (full 0):
 garbage-first heap   total 245760K, used 150286K [0x0000000600000000, 0x0000000800000000)
  region size 4096K, 2 young (8192K), 2 survivors (8192K)
 Metaspace       used 115959K, committed 118464K, reserved 1179648K
  class space    used 15992K, committed 17216K, reserved 1048576K
}
Event: 659.866 GC heap before
{Heap before GC invocations=55 (full 0):
 garbage-first heap   total 245760K, used 195342K [0x0000000600000000, 0x0000000800000000)
  region size 4096K, 13 young (53248K), 2 survivors (8192K)
 Metaspace       used 118137K, committed 120576K, reserved 1179648K
  class space    used 16291K, committed 17472K, reserved 1048576K
}
Event: 659.951 GC heap after
{Heap after GC invocations=56 (full 0):
 garbage-first heap   total 245760K, used 152761K [0x0000000600000000, 0x0000000800000000)
  region size 4096K, 1 young (4096K), 1 survivors (4096K)
 Metaspace       used 118137K, committed 120576K, reserved 1179648K
  class space    used 16291K, committed 17472K, reserved 1048576K
}
Event: 691.532 GC heap before
{Heap before GC invocations=56 (full 0):
 garbage-first heap   total 245760K, used 222393K [0x0000000600000000, 0x0000000800000000)
  region size 4096K, 18 young (73728K), 1 survivors (4096K)
 Metaspace       used 122688K, committed 125120K, reserved 1179648K
  class space    used 16908K, committed 18112K, reserved 1048576K
}
Event: 691.737 GC heap after
{Heap after GC invocations=57 (full 0):
 garbage-first heap   total 245760K, used 154739K [0x0000000600000000, 0x0000000800000000)
  region size 4096K, 3 young (12288K), 3 survivors (12288K)
 Metaspace       used 122688K, committed 125120K, reserved 1179648K
  class space    used 16908K, committed 18112K, reserved 1048576K
}
Event: 737.047 GC heap before
{Heap before GC invocations=57 (full 0):
 garbage-first heap   total 245760K, used 216179K [0x0000000600000000, 0x0000000800000000)
  region size 4096K, 18 young (73728K), 3 survivors (12288K)
 Metaspace       used 124292K, committed 126720K, reserved 1179648K
  class space    used 17121K, committed 18304K, reserved 1048576K
}
Event: 737.143 GC heap after
{Heap after GC invocations=58 (full 0):
 garbage-first heap   total 245760K, used 162398K [0x0000000600000000, 0x0000000800000000)
  region size 4096K, 3 young (12288K), 3 survivors (12288K)
 Metaspace       used 124292K, committed 126720K, reserved 1179648K
  class space    used 17121K, committed 18304K, reserved 1048576K
}
Event: 802.993 GC heap before
{Heap before GC invocations=58 (full 0):
 garbage-first heap   total 245760K, used 223838K [0x0000000600000000, 0x0000000800000000)
  region size 4096K, 18 young (73728K), 3 survivors (12288K)
 Metaspace       used 124470K, committed 126912K, reserved 1179648K
  class space    used 17123K, committed 18304K, reserved 1048576K
}
Event: 803.226 GC heap after
{Heap after GC invocations=59 (full 0):
 garbage-first heap   total 245760K, used 169046K [0x0000000600000000, 0x0000000800000000)
  region size 4096K, 2 young (8192K), 2 survivors (8192K)
 Metaspace       used 124470K, committed 126912K, reserved 1179648K
  class space    used 17123K, committed 18304K, reserved 1048576K
}
Event: 828.622 GC heap before
{Heap before GC invocations=59 (full 0):
 garbage-first heap   total 245760K, used 222294K [0x0000000600000000, 0x0000000800000000)
  region size 4096K, 15 young (61440K), 2 survivors (8192K)
 Metaspace       used 124545K, committed 126976K, reserved 1179648K
  class space    used 17124K, committed 18304K, reserved 1048576K
}
Event: 828.692 GC heap after
{Heap after GC invocations=60 (full 0):
 garbage-first heap   total 245760K, used 172830K [0x0000000600000000, 0x0000000800000000)
  region size 4096K, 2 young (8192K), 2 survivors (8192K)
 Metaspace       used 124545K, committed 126976K, reserved 1179648K
  class space    used 17124K, committed 18304K, reserved 1048576K
}
Event: 848.319 GC heap before
{Heap before GC invocations=61 (full 0):
 garbage-first heap   total 303104K, used 217886K [0x0000000600000000, 0x0000000800000000)
  region size 4096K, 13 young (53248K), 2 survivors (8192K)
 Metaspace       used 124596K, committed 127040K, reserved 1179648K
  class space    used 17125K, committed 18304K, reserved 1048576K
}
Event: 848.369 GC heap after
{Heap after GC invocations=62 (full 0):
 garbage-first heap   total 303104K, used 176756K [0x0000000600000000, 0x0000000800000000)
  region size 4096K, 2 young (8192K), 2 survivors (8192K)
 Metaspace       used 124596K, committed 127040K, reserved 1179648K
  class space    used 17125K, committed 18304K, reserved 1048576K
}

Dll operation events (20 events):
Event: 0.269 Attempting to load shared library C:\Users\badya\.vscode\extensions\redhat.java-1.56.0-win32-x64\jre\21.0.12.1-win32-x86_64\bin\zip.dll
Event: 0.269 Loaded shared library C:\Users\badya\.vscode\extensions\redhat.java-1.56.0-win32-x64\jre\21.0.12.1-win32-x86_64\bin\zip.dll
Event: 1.768 Attempting to load shared library C:\Users\badya\.vscode\extensions\redhat.java-1.56.0-win32-x64\jre\21.0.12.1-win32-x86_64\bin\jimage.dll
Event: 1.768 Loaded shared library C:\Users\badya\.vscode\extensions\redhat.java-1.56.0-win32-x64\jre\21.0.12.1-win32-x86_64\bin\jimage.dll
Event: 3.291 Attempting to load shared library C:\Users\badya\.vscode\extensions\redhat.java-1.56.0-win32-x64\jre\21.0.12.1-win32-x86_64\bin\verify.dll
Event: 3.313 Loaded shared library C:\Users\badya\.vscode\extensions\redhat.java-1.56.0-win32-x64\jre\21.0.12.1-win32-x86_64\bin\verify.dll
Event: 5.313 Attempting to load shared library C:\Users\badya\.gradle\native\1def1411415f61bf3af743bc5b6707747c0891f09f0c88961ee8f79bc544acac\windows-amd64\native-platform.dll
Event: 5.319 Loaded shared library C:\Users\badya\.gradle\native\1def1411415f61bf3af743bc5b6707747c0891f09f0c88961ee8f79bc544acac\windows-amd64\native-platform.dll
Event: 5.354 Attempting to load shared library C:\Users\badya\.gradle\native\0.2.5\x86_64-windows-gnu\gradle-fileevents.dll
Event: 5.358 Loaded shared library C:\Users\badya\.gradle\native\0.2.5\x86_64-windows-gnu\gradle-fileevents.dll
Event: 25.500 Attempting to load shared library C:\Users\badya\.vscode\extensions\redhat.java-1.56.0-win32-x64\jre\21.0.12.1-win32-x86_64\bin\management.dll
Event: 25.646 Loaded shared library C:\Users\badya\.vscode\extensions\redhat.java-1.56.0-win32-x64\jre\21.0.12.1-win32-x86_64\bin\management.dll
Event: 25.648 Attempting to load shared library C:\Users\badya\.vscode\extensions\redhat.java-1.56.0-win32-x64\jre\21.0.12.1-win32-x86_64\bin\management_ext.dll
Event: 25.975 Loaded shared library C:\Users\badya\.vscode\extensions\redhat.java-1.56.0-win32-x64\jre\21.0.12.1-win32-x86_64\bin\management_ext.dll
Event: 27.257 Attempting to load shared library C:\Users\badya\.vscode\extensions\redhat.java-1.56.0-win32-x64\jre\21.0.12.1-win32-x86_64\bin\extnet.dll
Event: 27.436 Loaded shared library C:\Users\badya\.vscode\extensions\redhat.java-1.56.0-win32-x64\jre\21.0.12.1-win32-x86_64\bin\extnet.dll
Event: 28.094 Attempting to load shared library C:\Users\badya\.vscode\extensions\redhat.java-1.56.0-win32-x64\jre\21.0.12.1-win32-x86_64\bin\sunmscapi.dll
Event: 29.110 Loaded shared library C:\Users\badya\.vscode\extensions\redhat.java-1.56.0-win32-x64\jre\21.0.12.1-win32-x86_64\bin\sunmscapi.dll
Event: 44.669 Attempting to load shared library C:\Users\badya\AppData\Local\Temp\native-platform4058952816840503111dir\gradle-fileevents.dll
Event: 44.837 Loaded shared library C:\Users\badya\AppData\Local\Temp\native-platform4058952816840503111dir\gradle-fileevents.dll

Deoptimization events (20 events):
Event: 794.758 Thread 0x000002557c8f7060 DEOPT PACKING pc=0x0000025557073c54 sp=0x000000e6629fd4d0
Event: 794.759 Thread 0x000002557c8f7060 DEOPT UNPACKING pc=0x00000255567f7ba2 sp=0x000000e6629fd478 mode 2
Event: 811.619 Thread 0x0000025579b22060 Uncommon trap: trap_request=0xffffffbe fr.pc=0x0000025557783ddc relative=0x000000000000067c
Event: 811.619 Thread 0x0000025579b22060 Uncommon trap: reason=profile_predicate action=maybe_recompile pc=0x0000025557783ddc method=org.gradle.internal.service.DefaultServiceRegistry.validateImplementationForServiceTypes(Ljava/util/List;Ljava/lang/reflect/Type;)V @ 18 c2
Event: 811.619 Thread 0x0000025579b22060 DEOPT PACKING pc=0x0000025557783ddc sp=0x000000e65fff9fc0
Event: 811.619 Thread 0x0000025579b22060 DEOPT UNPACKING pc=0x00000255567f7ba2 sp=0x000000e65fff9f40 mode 2
Event: 811.708 Thread 0x0000025579b22060 Uncommon trap: trap_request=0xffffffbe fr.pc=0x0000025557783ddc relative=0x000000000000067c
Event: 811.708 Thread 0x0000025579b22060 Uncommon trap: reason=profile_predicate action=maybe_recompile pc=0x0000025557783ddc method=org.gradle.internal.service.DefaultServiceRegistry.validateImplementationForServiceTypes(Ljava/util/List;Ljava/lang/reflect/Type;)V @ 18 c2
Event: 811.708 Thread 0x0000025579b22060 DEOPT PACKING pc=0x0000025557783ddc sp=0x000000e65fff9fc0
Event: 811.755 Thread 0x0000025579b22060 DEOPT UNPACKING pc=0x00000255567f7ba2 sp=0x000000e65fff9f40 mode 2
Event: 830.285 Thread 0x0000025579b22060 Uncommon trap: trap_request=0xfffffff4 fr.pc=0x00000255572c6308 relative=0x0000000000000708
Event: 830.285 Thread 0x0000025579b22060 Uncommon trap: reason=null_check action=make_not_entrant pc=0x00000255572c6308 method=java.lang.ThreadLocal$ThreadLocalMap.expungeStaleEntry(I)I @ 51 c2
Event: 830.285 Thread 0x0000025579b22060 DEOPT PACKING pc=0x00000255572c6308 sp=0x000000e65fff6a30
Event: 830.286 Thread 0x0000025579b22060 DEOPT UNPACKING pc=0x00000255567f7ba2 sp=0x000000e65fff6868 mode 2
Event: 833.911 Thread 0x0000025579b22060 DEOPT PACKING pc=0x0000025547ecd4be sp=0x000000e65fff6230
Event: 833.911 Thread 0x0000025579b22060 DEOPT UNPACKING pc=0x00000255567f86e2 sp=0x000000e65fff5740 mode 0
Event: 834.119 Thread 0x0000025579b22060 DEOPT PACKING pc=0x0000025547ecd4be sp=0x000000e65fff6230
Event: 834.119 Thread 0x0000025579b22060 DEOPT UNPACKING pc=0x00000255567f86e2 sp=0x000000e65fff5740 mode 0
Event: 834.756 Thread 0x0000025579b22060 DEOPT PACKING pc=0x0000025547ecd4be sp=0x000000e65fff6230
Event: 834.756 Thread 0x0000025579b22060 DEOPT UNPACKING pc=0x00000255567f86e2 sp=0x000000e65fff5740 mode 0

Classes loaded (20 events):
Event: 683.011 Loading class java/net/URL$1
Event: 683.045 Loading class java/net/URL$1 done
Event: 683.045 Loading class java/net/spi/URLStreamHandlerProvider
Event: 683.046 Loading class java/net/spi/URLStreamHandlerProvider done
Event: 683.238 Loading class sun/net/www/protocol/http/Handler
Event: 683.241 Loading class sun/net/www/protocol/http/Handler done
Event: 683.425 Loading class javax/crypto/JceSecurity$WeakIdentityWrapper
Event: 683.426 Loading class javax/crypto/JceSecurity$WeakIdentityWrapper done
Event: 683.436 Loading class javax/crypto/JceSecurity$2
Event: 683.437 Loading class javax/crypto/JceSecurity$2 done
Event: 683.438 Loading class javax/crypto/JceSecurity$3
Event: 683.438 Loading class javax/crypto/JceSecurity$3 done
Event: 683.439 Loading class javax/crypto/ProviderVerifier
Event: 683.440 Loading class javax/crypto/ProviderVerifier done
Event: 686.679 Loading class java/security/cert/CertificateEncodingException
Event: 686.679 Loading class java/security/cert/CertificateEncodingException done
Event: 725.184 Loading class java/lang/Short$ShortCache
Event: 725.187 Loading class java/lang/Short$ShortCache done
Event: 727.484 Loading class java/net/UrlDeserializedState
Event: 727.485 Loading class java/net/UrlDeserializedState done

Classes unloaded (0 events):
No events

Classes redefined (0 events):
No events

Internal exceptions (20 events):
Event: 733.813 Thread 0x0000025579b22060 Exception <a 'java/lang/ClassNotFoundException'{0x000000060b4d6880}: javals_7qunwt907n8njm8vz3iqvwpkwBeanInfo> (0x000000060b4d6880) 
thrown [s\src\hotspot\share\classfile\systemDictionary.cpp, line 313]
Event: 733.829 Thread 0x0000025579b22060 Exception <a 'java/lang/ClassNotFoundException'{0x000000060b4dc730}: javals_7qunwt907n8njm8vz3iqvwpkwCustomizer> (0x000000060b4dc730) 
thrown [s\src\hotspot\share\classfile\systemDictionary.cpp, line 313]
Event: 734.224 Thread 0x0000025579b22060 Exception <a 'sun/nio/fs/WindowsException'{0x000000060b5aa8b0}> (0x000000060b5aa8b0) 
thrown [s\src\hotspot\share\prims\jni.cpp, line 520]
Event: 734.226 Thread 0x0000025579b22060 Exception <a 'sun/nio/fs/WindowsException'{0x000000060b5abd80}> (0x000000060b5abd80) 
thrown [s\src\hotspot\share\prims\jni.cpp, line 520]
Event: 734.227 Thread 0x0000025579b22060 Exception <a 'sun/nio/fs/WindowsException'{0x000000060b5ad240}> (0x000000060b5ad240) 
thrown [s\src\hotspot\share\prims\jni.cpp, line 520]
Event: 734.228 Thread 0x0000025579b22060 Exception <a 'sun/nio/fs/WindowsException'{0x000000060b5ae2f8}> (0x000000060b5ae2f8) 
thrown [s\src\hotspot\share\prims\jni.cpp, line 520]
Event: 735.160 Thread 0x0000025579b22060 Exception <a 'sun/nio/fs/WindowsException'{0x000000060b690140}> (0x000000060b690140) 
thrown [s\src\hotspot\share\prims\jni.cpp, line 520]
Event: 735.161 Thread 0x0000025579b22060 Exception <a 'sun/nio/fs/WindowsException'{0x000000060b691e20}> (0x000000060b691e20) 
thrown [s\src\hotspot\share\prims\jni.cpp, line 520]
Event: 735.162 Thread 0x0000025579b22060 Exception <a 'sun/nio/fs/WindowsException'{0x000000060b693af0}> (0x000000060b693af0) 
thrown [s\src\hotspot\share\prims\jni.cpp, line 520]
Event: 735.163 Thread 0x0000025579b22060 Exception <a 'sun/nio/fs/WindowsException'{0x000000060b6953b8}> (0x000000060b6953b8) 
thrown [s\src\hotspot\share\prims\jni.cpp, line 520]
Event: 737.584 Thread 0x0000025579b22060 Implicit null exception at 0x000002555722a33d to 0x000002555722a3b1
Event: 741.091 Thread 0x0000025579b22060 Implicit null exception at 0x000002555763856d to 0x000002555763863c
Event: 794.913 Thread 0x000002557c8f7060 Exception <a 'sun/nio/fs/WindowsException'{0x000000060bd3c5b0}> (0x000000060bd3c5b0) 
thrown [s\src\hotspot\share\prims\jni.cpp, line 520]
Event: 794.920 Thread 0x000002557c8f7060 Exception <a 'sun/nio/fs/WindowsException'{0x000000060bd49e58}> (0x000000060bd49e58) 
thrown [s\src\hotspot\share\prims\jni.cpp, line 520]
Event: 794.922 Thread 0x000002557c8f7060 Exception <a 'sun/nio/fs/WindowsException'{0x000000060bd4be00}> (0x000000060bd4be00) 
thrown [s\src\hotspot\share\prims\jni.cpp, line 520]
Event: 794.966 Thread 0x000002557c8f7060 Exception <a 'sun/nio/fs/WindowsException'{0x000000060bd4dad0}> (0x000000060bd4dad0) 
thrown [s\src\hotspot\share\prims\jni.cpp, line 520]
Event: 795.126 Thread 0x000002557c8f76f0 Exception <a 'sun/nio/fs/WindowsException'{0x000000060cb846a0}> (0x000000060cb846a0) 
thrown [s\src\hotspot\share\prims\jni.cpp, line 520]
Event: 795.139 Thread 0x000002557c8f76f0 Exception <a 'sun/nio/fs/WindowsException'{0x000000060cb86620}> (0x000000060cb86620) 
thrown [s\src\hotspot\share\prims\jni.cpp, line 520]
Event: 795.141 Thread 0x000002557c8f76f0 Exception <a 'sun/nio/fs/WindowsException'{0x000000060cb88218}> (0x000000060cb88218) 
thrown [s\src\hotspot\share\prims\jni.cpp, line 520]
Event: 830.285 Thread 0x0000025579b22060 Implicit null exception at 0x00000255572c5d96 to 0x00000255572c62e7

ZGC Phase Switch (0 events):
No events

VM Operations (20 events):
Event: 839.677 Executing safepoint VM operation: Cleanup
Event: 839.694 Executing safepoint VM operation: Cleanup done
Event: 840.707 Executing safepoint VM operation: Cleanup
Event: 840.707 Executing safepoint VM operation: Cleanup done
Event: 841.708 Executing safepoint VM operation: Cleanup
Event: 841.723 Executing safepoint VM operation: Cleanup done
Event: 842.730 Executing safepoint VM operation: Cleanup
Event: 842.730 Executing safepoint VM operation: Cleanup done
Event: 843.738 Executing safepoint VM operation: Cleanup
Event: 843.739 Executing safepoint VM operation: Cleanup done
Event: 844.749 Executing safepoint VM operation: Cleanup
Event: 844.749 Executing safepoint VM operation: Cleanup done
Event: 845.760 Executing safepoint VM operation: Cleanup
Event: 845.967 Executing safepoint VM operation: Cleanup done
Event: 846.982 Executing safepoint VM operation: Cleanup
Event: 846.982 Executing safepoint VM operation: Cleanup done
Event: 847.991 Executing safepoint VM operation: Cleanup
Event: 848.053 Executing safepoint VM operation: Cleanup done
Event: 848.296 Executing safepoint VM operation: G1CollectForAllocation (G1 Evacuation Pause)
Event: 848.370 Executing safepoint VM operation: G1CollectForAllocation (G1 Evacuation Pause) done

Memory protections (0 events):
No events

Nmethod flushes (20 events):
Event: 829.849 Thread 0x00000255711a8350 flushing  nmethod 0x0000025546ef3790
Event: 829.849 Thread 0x00000255711a8350 flushing  nmethod 0x0000025546f40410
Event: 829.849 Thread 0x00000255711a8350 flushing  nmethod 0x0000025546f60910
Event: 829.849 Thread 0x00000255711a8350 flushing  nmethod 0x0000025547418b90
Event: 829.849 Thread 0x00000255711a8350 flushing  nmethod 0x0000025547451610
Event: 829.850 Thread 0x00000255711a8350 flushing  nmethod 0x00000255474bd810
Event: 829.850 Thread 0x00000255711a8350 flushing  nmethod 0x00000255474bf190
Event: 829.850 Thread 0x00000255711a8350 flushing  nmethod 0x0000025547568890
Event: 829.850 Thread 0x00000255711a8350 flushing  nmethod 0x0000025547569e10
Event: 829.850 Thread 0x00000255711a8350 flushing  nmethod 0x0000025547648610
Event: 829.850 Thread 0x00000255711a8350 flushing  nmethod 0x000002554764c410
Event: 829.851 Thread 0x00000255711a8350 flushing  nmethod 0x000002554764d690
Event: 829.851 Thread 0x00000255711a8350 flushing  nmethod 0x00000255476a7c10
Event: 829.851 Thread 0x00000255711a8350 flushing  nmethod 0x00000255476c1e90
Event: 829.851 Thread 0x00000255711a8350 flushing  nmethod 0x0000025547a2cb90
Event: 829.851 Thread 0x00000255711a8350 flushing  nmethod 0x0000025547b33b10
Event: 829.851 Thread 0x00000255711a8350 flushing  nmethod 0x0000025547bafa10
Event: 829.851 Thread 0x00000255711a8350 flushing  nmethod 0x0000025547d8b210
Event: 829.851 Thread 0x00000255711a8350 flushing  nmethod 0x0000025548130a90
Event: 829.851 Thread 0x00000255711a8350 flushing  nmethod 0x0000025548134790

Events (20 events):
Event: 801.787 Thread 0x0000025579b22060 Thread added: 0x000002557a52a5c0
Event: 801.789 Thread 0x0000025579b22060 Thread added: 0x000002557e712430
Event: 801.789 Thread 0x0000025579b22060 Thread added: 0x000002557e711da0
Event: 801.791 Thread 0x0000025579b22060 Thread added: 0x000002557e70efb0
Event: 801.791 Thread 0x0000025579b22060 Thread added: 0x000002557e713e70
Event: 804.025 Thread 0x0000025579b22060 Thread added: 0x000002557e712ac0
Event: 804.026 Thread 0x0000025579b22060 Thread added: 0x000002557e714500
Event: 804.118 Thread 0x0000025579b22060 Thread added: 0x000002557e715f40
Event: 804.124 Thread 0x0000025579b22060 Thread added: 0x000002557e713150
Event: 804.126 Thread 0x0000025579b22060 Thread added: 0x000002557e714b90
Event: 804.212 Thread 0x0000025579b22060 Thread added: 0x000002557e715220
Event: 804.213 Thread 0x0000025579b22060 Thread added: 0x000002557e7158b0
Event: 818.234 Thread 0x0000025579b22060 Thread added: 0x000002557e7165d0
Event: 846.065 Thread 0x0000025579b22060 Thread added: 0x000002557e7137e0
Event: 846.066 Thread 0x0000025579b22060 Thread added: 0x000002557b4516b0
Event: 846.067 Thread 0x0000025579b22060 Thread added: 0x000002557b451020
Event: 846.067 Thread 0x0000025579b22060 Thread added: 0x000002557b455850
Event: 846.068 Thread 0x0000025579b22060 Thread added: 0x000002557b4523d0
Event: 846.068 Thread 0x0000025579b22060 Thread added: 0x000002557b455ee0
Event: 846.069 Thread 0x0000025579b22060 Thread added: 0x000002557b452a60


Dynamic libraries:
0x00007ff789510000 - 0x00007ff78951e000 	C:\Users\badya\.vscode\extensions\redhat.java-1.56.0-win32-x64\jre\21.0.12.1-win32-x86_64\bin\java.exe
0x00007ffdee340000 - 0x00007ffdee5a7000 	C:\WINDOWS\SYSTEM32\ntdll.dll
0x00007ffdecda0000 - 0x00007ffdece6b000 	C:\WINDOWS\System32\KERNEL32.DLL
0x00007ffdebb20000 - 0x00007ffdebf22000 	C:\WINDOWS\System32\KERNELBASE.dll
0x00007ffdeb740000 - 0x00007ffdeb88c000 	C:\WINDOWS\System32\ucrtbase.dll
0x00007ffdc1590000 - 0x00007ffdc15a8000 	C:\Users\badya\.vscode\extensions\redhat.java-1.56.0-win32-x64\jre\21.0.12.1-win32-x86_64\bin\jli.dll
0x00007ffdc49f0000 - 0x00007ffdc4a0e000 	C:\Users\badya\.vscode\extensions\redhat.java-1.56.0-win32-x64\jre\21.0.12.1-win32-x86_64\bin\VCRUNTIME140.dll
0x00007ffdec0f0000 - 0x00007ffdec2bf000 	C:\WINDOWS\System32\USER32.dll
0x00007ffdd11d0000 - 0x00007ffdd1460000 	C:\WINDOWS\WinSxS\amd64_microsoft.windows.common-controls_6595b64144ccf1df_6.0.26100.9278_none_3e0d1ba8e3303201\COMCTL32.dll
0x00007ffded3a0000 - 0x00007ffded449000 	C:\WINDOWS\System32\msvcrt.dll
0x00007ffdeb8a0000 - 0x00007ffdeb8c7000 	C:\WINDOWS\System32\win32u.dll
0x00007ffded360000 - 0x00007ffded38b000 	C:\WINDOWS\System32\GDI32.dll
0x00007ffdebf30000 - 0x00007ffdec059000 	C:\WINDOWS\System32\gdi32full.dll
0x00007ffdeb690000 - 0x00007ffdeb733000 	C:\WINDOWS\System32\msvcp_win.dll
0x00007ffdec0b0000 - 0x00007ffdec0e1000 	C:\WINDOWS\System32\IMM32.DLL
0x00007ffdd6850000 - 0x00007ffdd685c000 	C:\Users\badya\.vscode\extensions\redhat.java-1.56.0-win32-x64\jre\21.0.12.1-win32-x86_64\bin\vcruntime140_1.dll
0x00007ffd85180000 - 0x00007ffd8520d000 	C:\Users\badya\.vscode\extensions\redhat.java-1.56.0-win32-x64\jre\21.0.12.1-win32-x86_64\bin\msvcp140.dll
0x00007ffd269e0000 - 0x00007ffd27782000 	C:\Users\badya\.vscode\extensions\redhat.java-1.56.0-win32-x64\jre\21.0.12.1-win32-x86_64\bin\server\jvm.dll
0x00007ffdec2d0000 - 0x00007ffdec38c000 	C:\WINDOWS\System32\ADVAPI32.dll
0x00007ffded0e0000 - 0x00007ffded189000 	C:\WINDOWS\System32\sechost.dll
0x00007ffdec9a0000 - 0x00007ffdecab8000 	C:\WINDOWS\System32\RPCRT4.dll
0x00007ffdec580000 - 0x00007ffdec600000 	C:\WINDOWS\System32\WS2_32.dll
0x00007ffdeb3a0000 - 0x00007ffdeb3fe000 	C:\WINDOWS\SYSTEM32\POWRPROF.dll
0x00007ffdd1db0000 - 0x00007ffdd1de6000 	C:\WINDOWS\SYSTEM32\WINMM.dll
0x00007ffdd9690000 - 0x00007ffdd969b000 	C:\WINDOWS\SYSTEM32\VERSION.dll
0x00007ffdeb380000 - 0x00007ffdeb395000 	C:\WINDOWS\SYSTEM32\UMPDC.dll
0x00007ffdea210000 - 0x00007ffdea22b000 	C:\WINDOWS\SYSTEM32\kernel.appcore.dll
0x00007ffdd67e0000 - 0x00007ffdd67ea000 	C:\Users\badya\.vscode\extensions\redhat.java-1.56.0-win32-x64\jre\21.0.12.1-win32-x86_64\bin\jimage.dll
0x00007ffde8a30000 - 0x00007ffde8c7c000 	C:\WINDOWS\SYSTEM32\DBGHELP.DLL
0x00007ffdec610000 - 0x00007ffdec995000 	C:\WINDOWS\System32\combase.dll
0x00007ffded190000 - 0x00007ffded269000 	C:\WINDOWS\System32\OLEAUT32.dll
0x00007ffdd2e80000 - 0x00007ffdd2ebb000 	C:\WINDOWS\SYSTEM32\dbgcore.DLL
0x00007ffdeba60000 - 0x00007ffdebb0c000 	C:\WINDOWS\System32\bcryptPrimitives.dll
0x00007ffdc8ed0000 - 0x00007ffdc8edf000 	C:\Users\badya\.vscode\extensions\redhat.java-1.56.0-win32-x64\jre\21.0.12.1-win32-x86_64\bin\instrument.dll
0x00007ffdc1570000 - 0x00007ffdc1590000 	C:\Users\badya\.vscode\extensions\redhat.java-1.56.0-win32-x64\jre\21.0.12.1-win32-x86_64\bin\java.dll
0x00007ffdedab0000 - 0x00007ffdee248000 	C:\WINDOWS\System32\SHELL32.dll
0x00007ffde8f70000 - 0x00007ffde981e000 	C:\WINDOWS\SYSTEM32\windows.storage.dll
0x00007ffdece70000 - 0x00007ffdecf6b000 	C:\WINDOWS\System32\SHCORE.dll
0x00007ffded900000 - 0x00007ffded966000 	C:\WINDOWS\System32\shlwapi.dll
0x00007ffdeb460000 - 0x00007ffdeb489000 	C:\WINDOWS\SYSTEM32\profapi.dll
0x00007ffdc0f80000 - 0x00007ffdc0f98000 	C:\Users\badya\.vscode\extensions\redhat.java-1.56.0-win32-x64\jre\21.0.12.1-win32-x86_64\bin\zip.dll
0x00007ffdd4ab0000 - 0x00007ffdd4ac0000 	C:\Users\badya\.vscode\extensions\redhat.java-1.56.0-win32-x64\jre\21.0.12.1-win32-x86_64\bin\net.dll
0x00007ffddbbf0000 - 0x00007ffddbd1a000 	C:\WINDOWS\SYSTEM32\WINHTTP.dll
0x00007ffdea7d0000 - 0x00007ffdea83c000 	C:\WINDOWS\system32\mswsock.dll
0x00007ffdbcf80000 - 0x00007ffdbcf96000 	C:\Users\badya\.vscode\extensions\redhat.java-1.56.0-win32-x64\jre\21.0.12.1-win32-x86_64\bin\nio.dll
0x00007ffdd3590000 - 0x00007ffdd35a0000 	C:\Users\badya\.vscode\extensions\redhat.java-1.56.0-win32-x64\jre\21.0.12.1-win32-x86_64\bin\verify.dll
0x00007ffdb3bd0000 - 0x00007ffdb3bf7000 	C:\Users\badya\.gradle\native\1def1411415f61bf3af743bc5b6707747c0891f09f0c88961ee8f79bc544acac\windows-amd64\native-platform.dll
0x00000000529b0000 - 0x0000000052a23000 	C:\Users\badya\.gradle\native\0.2.5\x86_64-windows-gnu\gradle-fileevents.dll
0x00007ffdd1970000 - 0x00007ffdd197a000 	C:\Users\badya\.vscode\extensions\redhat.java-1.56.0-win32-x64\jre\21.0.12.1-win32-x86_64\bin\management.dll
0x00007ffdd18b0000 - 0x00007ffdd18bc000 	C:\Users\badya\.vscode\extensions\redhat.java-1.56.0-win32-x64\jre\21.0.12.1-win32-x86_64\bin\management_ext.dll
0x00007ffded390000 - 0x00007ffded398000 	C:\WINDOWS\System32\PSAPI.DLL
0x00007ffdeaac0000 - 0x00007ffdeaadb000 	C:\WINDOWS\SYSTEM32\CRYPTSP.dll
0x00007ffdea170000 - 0x00007ffdea1a9000 	C:\WINDOWS\system32\rsaenh.dll
0x00007ffdea880000 - 0x00007ffdea8b4000 	C:\WINDOWS\SYSTEM32\USERENV.dll
0x00007ffdeb430000 - 0x00007ffdeb45a000 	C:\WINDOWS\SYSTEM32\bcrypt.dll
0x00007ffdeaae0000 - 0x00007ffdeaaec000 	C:\WINDOWS\SYSTEM32\CRYPTBASE.dll
0x00007ffde9be0000 - 0x00007ffde9c13000 	C:\WINDOWS\SYSTEM32\IPHLPAPI.DLL
0x00007ffdedaa0000 - 0x00007ffdedaaa000 	C:\WINDOWS\System32\NSI.dll
0x00007ffdcb340000 - 0x00007ffdcb349000 	C:\Users\badya\.vscode\extensions\redhat.java-1.56.0-win32-x64\jre\21.0.12.1-win32-x86_64\bin\extnet.dll
0x00007ffdc8dc0000 - 0x00007ffdc8dce000 	C:\Users\badya\.vscode\extensions\redhat.java-1.56.0-win32-x64\jre\21.0.12.1-win32-x86_64\bin\sunmscapi.dll
0x00007ffdeb8d0000 - 0x00007ffdeba4e000 	C:\WINDOWS\System32\CRYPT32.dll
0x00007ffdead00000 - 0x00007ffdead30000 	C:\WINDOWS\SYSTEM32\ncrypt.dll
0x00007ffdeacb0000 - 0x00007ffdeacef000 	C:\WINDOWS\SYSTEM32\NTASN1.dll
0x00007ffdd1e00000 - 0x00007ffdd1e08000 	C:\WINDOWS\system32\wshunix.dll
0x00000000523b0000 - 0x0000000052423000 	C:\Users\badya\AppData\Local\Temp\native-platform4058952816840503111dir\gradle-fileevents.dll
0x00007ffdbdc60000 - 0x00007ffdbdc78000 	C:\WINDOWS\system32\napinsp.dll
0x00007ffde9c80000 - 0x00007ffde9dd8000 	C:\WINDOWS\SYSTEM32\DNSAPI.dll
0x00007ffdea5d0000 - 0x00007ffdea5dd000 	C:\WINDOWS\SYSTEM32\DSPARSE.dll
0x00007ffdbc8d0000 - 0x00007ffdbc8e3000 	C:\WINDOWS\System32\winrnr.dll
0x00007ffdb3610000 - 0x00007ffdb3637000 	C:\WINDOWS\system32\nlansp_c.dll
0x00007ffdb35f0000 - 0x00007ffdb3606000 	C:\WINDOWS\system32\wshbth.dll
0x00007ffddbdf0000 - 0x00007ffddbdfb000 	C:\Windows\System32\rasadhlp.dll
0x00007ffde2a80000 - 0x00007ffde2b06000 	C:\WINDOWS\System32\fwpuclnt.dll

JVMTI agents:
C:\Users\badya\.gradle\wrapper\dists\gradle-8.12-all\ejduaidbjup3bmmkhw3rie4zb\gradle-8.12\lib\agents\gradle-instrumentation-agent-8.12.jar path:C:\Users\badya\.vscode\extensions\redhat.java-1.56.0-win32-x64\jre\21.0.12.1-win32-x86_64\bin\instrument.dll, loaded, initialized, instrumentlib options:none

dbghelp: loaded successfully - version: 4.0.5 - missing functions: none
symbol engine: initialized successfully - sym options: 0x614 - pdb path: .;C:\Users\badya\.vscode\extensions\redhat.java-1.56.0-win32-x64\jre\21.0.12.1-win32-x86_64\bin;C:\WINDOWS\SYSTEM32;C:\WINDOWS\WinSxS\amd64_microsoft.windows.common-controls_6595b64144ccf1df_6.0.26100.9278_none_3e0d1ba8e3303201;C:\Users\badya\.vscode\extensions\redhat.java-1.56.0-win32-x64\jre\21.0.12.1-win32-x86_64\bin\server;C:\Users\badya\.gradle\native\1def1411415f61bf3af743bc5b6707747c0891f09f0c88961ee8f79bc544acac\windows-amd64;C:\Users\badya\.gradle\native\0.2.5\x86_64-windows-gnu;C:\Users\badya\AppData\Local\Temp\native-platform4058952816840503111dir

VM Arguments:
jvm_args: --add-opens=java.base/java.lang=ALL-UNNAMED --add-opens=java.base/java.lang.invoke=ALL-UNNAMED --add-opens=java.base/java.util=ALL-UNNAMED --add-opens=java.prefs/java.util.prefs=ALL-UNNAMED --add-exports=jdk.compiler/com.sun.tools.javac.api=ALL-UNNAMED --add-exports=jdk.compiler/com.sun.tools.javac.util=ALL-UNNAMED --add-opens=java.base/java.util=ALL-UNNAMED --add-opens=java.prefs/java.util.prefs=ALL-UNNAMED --add-opens=java.base/java.nio.charset=ALL-UNNAMED --add-opens=java.base/java.net=ALL-UNNAMED --add-opens=java.base/java.util.concurrent.atomic=ALL-UNNAMED --add-opens=java.xml/javax.xml.namespace=ALL-UNNAMED -XX:MaxMetaspaceSize=4G -XX:ReservedCodeCacheSize=512m -XX:+HeapDumpOnOutOfMemoryError -Xmx8G -Dfile.encoding=UTF-8 -Duser.country=FR -Duser.language=fr -Duser.variant -javaagent:C:\Users\badya\.gradle\wrapper\dists\gradle-8.12-all\ejduaidbjup3bmmkhw3rie4zb\gradle-8.12\lib\agents\gradle-instrumentation-agent-8.12.jar 
java_command: org.gradle.launcher.daemon.bootstrap.GradleDaemon 8.12
java_class_path (initial): C:\Users\badya\.gradle\wrapper\dists\gradle-8.12-all\ejduaidbjup3bmmkhw3rie4zb\gradle-8.12\lib\gradle-daemon-main-8.12.jar
Launcher Type: SUN_STANDARD

[Global flags]
     intx CICompilerCount                          = 4                                         {product} {ergonomic}
     uint ConcGCThreads                            = 2                                         {product} {ergonomic}
     uint G1ConcRefinementThreads                  = 8                                         {product} {ergonomic}
   size_t G1HeapRegionSize                         = 4194304                                   {product} {ergonomic}
    uintx GCDrainStackTargetSize                   = 64                                        {product} {ergonomic}
     bool HeapDumpOnOutOfMemoryError               = true                                   {manageable} {command line}
   size_t InitialHeapSize                          = 130023424                                 {product} {ergonomic}
   size_t MarkStackSize                            = 4194304                                   {product} {ergonomic}
   size_t MaxHeapSize                              = 8589934592                                {product} {command line}
   size_t MaxMetaspaceSize                         = 4294967296                                {product} {command line}
   size_t MaxNewSize                               = 5150605312                                {product} {ergonomic}
   size_t MinHeapDeltaBytes                        = 4194304                                   {product} {ergonomic}
   size_t MinHeapSize                              = 8388608                                   {product} {ergonomic}
    uintx NonNMethodCodeHeapSize                   = 5839372                                {pd product} {ergonomic}
    uintx NonProfiledCodeHeapSize                  = 265515770                              {pd product} {ergonomic}
    uintx ProfiledCodeHeapSize                     = 265515770                              {pd product} {ergonomic}
    uintx ReservedCodeCacheSize                    = 536870912                              {pd product} {command line}
     bool SegmentedCodeCache                       = true                                      {product} {ergonomic}
   size_t SoftMaxHeapSize                          = 8589934592                             {manageable} {ergonomic}
     bool UseCompressedOops                        = true                           {product lp64_product} {ergonomic}
     bool UseG1GC                                  = true                                      {product} {ergonomic}
     bool UseLargePagesIndividualAllocation        = false                                  {pd product} {ergonomic}

Logging:
Log output configuration:
 #0: stdout all=warning uptime,level,tags foldmultilines=false
 #1: stderr all=off uptime,level,tags foldmultilines=false

Release file:
JAVA_VERSION="21.0.12.1" 
MODULES="java.base java.compiler java.datatransfer java.xml java.prefs java.desktop java.instrument java.logging java.management java.security.sasl java.naming java.rmi java.management.rmi java.net.http java.scripting java.security.jgss java.transaction.xa java.sql java.sql.rowset java.xml.crypto java.se java.smartcardio jdk.accessibility jdk.internal.jvmstat jdk.attach jdk.charsets jdk.internal.opt jdk.zipfs jdk.compiler jdk.crypto.ec jdk.crypto.cryptoki jdk.crypto.mscapi jdk.dynalink jdk.internal.ed jdk.editpad jdk.hotspot.agent jdk.httpserver jdk.internal.le jdk.internal.vm.ci jdk.internal.vm.compiler jdk.internal.vm.compiler.management jdk.jartool jdk.javadoc jdk.jcmd jdk.management jdk.management.agent jdk.jconsole jdk.jdeps jdk.jdwp.agent jdk.jdi jdk.jfr jdk.jshell jdk.jsobject jdk.jstatd jdk.localedata jdk.management.jfr jdk.naming.dns jdk.naming.rmi jdk.net jdk.nio.mapmode jdk.random jdk.sctp jdk.security.auth jdk.security.jgss jdk.unsupported jdk.unsupported.desktop jdk.xml.dom" 

Environment Variables:
JAVA_HOME=C:\Users\badya\.jdk\jdk-21.0.8
PATH=C:\Program Files\Python310\Scripts\;C:\Program Files\Python310\;C:\Program Files\Eclipse Adoptium\jdk-25.0.2.10-hotspot\bin;C:\Program Files\Eclipse Adoptium\jdk-8.0.472.8-hotspot\bin;C:\Program Files\Common Files\Oracle\Java\javapath;C:\Program Files\Eclipse Adoptium\jdk-17.0.13.11-hotspot\bin;C:\app\badya\product\21c\dbhomeXE\bin;C:\Windows\system32;C:\Windows;C:\Windows\System32\Wbem;C:\Windows\System32\WindowsPowerShell\v1.0\;C:\Windows\System32\OpenSSH\;C:\Program Files (x86)\NVIDIA Corporation\PhysX\Common;C:\Program Files\NVIDIA Corporation\NVIDIA NvDLISR;C:\WINDOWS\system32;C:\WINDOWS;C:\WINDOWS\System32\Wbem;C:\WINDOWS\System32\WindowsPowerShell\v1.0\;C:\WINDOWS\System32\OpenSSH\;C:\Program Files\Git\cmd;C:\Program Files\nodejs\;C:\ProgramData\chocolatey\bin;C:\Program Files\Docker\Docker\resources\bin;C:\Program Files\CMake\bin;C:\Program Files (x86)\Windows Kits\10\Windows Performance Toolkit\;C:\Program Files\Eclipse Adoptium\jdk-8.0.472.8-hotspot\bin;C:\Program Files\Common Files\Oracle\Java\javapath;C:\Program Files\Eclipse Adoptium\jdk-17.0.13.11-hotspot\bin;C:\app\badya\product\21c\dbhomeXE\bin;C:\Windows\system32;C:\Windows;C:\Windows\System32\Wbem;C:\Windows\System32\WindowsPowerShell\v1.0\;C:\Windows\System32\OpenSSH\;C:\Program Files (x86)\NVIDIA Corporation\PhysX\Common;C:\Program Files\NVIDIA Corporation\NVIDIA NvDLISR;C:\WINDOWS\system32;C:\WINDOWS;C:\WINDOWS\System32\Wbem;C:\WINDOWS\System32\WindowsPowerShell\v1.0\;C:\WINDOWS\System32\OpenSSH\;C:\Program Files\Git\cmd;C:\Program Files\nodejs\;C:\ProgramData\chocolatey\bin;C:\Program Files (x86)\Windows Kits\10\Windows Performance Toolkit\;C:\Program Files\Docker\Docker\resources\bin;C:\Program Files\Eclipse Adoptium\jdk-8.0.472.8-hotspot\bin;C:\Program Files\Common Files\Oracle\Java\javapath;C:\Program Files\Eclipse Adoptium\jdk-17.0.13.11-hotspot\bin;C:\app\badya\product\21c\dbhomeXE\bin;C:\Windows\system32;C:\Windows;C:\Windows\Syste;C:\Program Files\apache-maven-3.9.11\bin;C:\Flutter\flutter\bin;C:\Users\badya\AppData\Local\Programs\Antigravity\bin;C:\Users\badya\.local\bin;C:\Users\badya\AppData\Local\Programs\Microsoft VS Code\bin;C:\Users\badya\AppData\Local\Programs\MiKTeX\miktex\bin\x64\
USERNAME=badya
OS=Windows_NT
PROCESSOR_IDENTIFIER=Intel64 Family 6 Model 140 Stepping 1, GenuineIntel
TMP=C:\Users\badya\AppData\Local\Temp
TEMP=C:\Users\badya\AppData\Local\Temp




Periodic native trim disabled

---------------  S Y S T E M  ---------------

OS:
 Windows 11 , 64 bit Build 26100 (10.0.26100.9444)
OS uptime: 2 days 9:14 hours
Hyper-V role detected

CPU: total 8 (initial active 8) (4 cores per cpu, 2 threads per core) family 6 model 140 stepping 1 microcode 0xa6, cx8, cmov, fxsr, ht, mmx, 3dnowpref, sse, sse2, sse3, ssse3, sse4.1, sse4.2, popcnt, lzcnt, tsc, tscinvbit, avx, avx2, aes, erms, clmul, bmi1, bmi2, adx, avx512f, avx512dq, avx512cd, avx512bw, avx512vl, sha, fma, vzeroupper, avx512_vpopcntdq, avx512_vpclmulqdq, avx512_vaes, avx512_vnni, clflush, clflushopt, clwb, avx512_vbmi2, avx512_vbmi, hv, rdtscp, rdpid, fsrm, gfni, avx512_bitalg, f16c, cet_ibt, cet_ss, avx512_ifma
Processor Information for the first 8 processors :
  Max Mhz: 2803, Current Mhz: 2803, Mhz Limit: 2803

Memory: 4k page, system-wide physical 7886M (96M free)
TotalPageFile size 32461M (AvailPageFile size 11M)
current process WorkingSet (physical memory assigned to process): 222M, peak: 377M
current process commit charge ("private bytes"): 665M, peak: 673M

vm_info: OpenJDK 64-Bit Server VM (21.0.12.1+1-LTS) for windows-amd64 JRE (21.0.12.1+1-LTS), built on 2026-08-18T00:00:00Z by "admin" with MS VC++ 17.12 (VS2022)

END.
